Archive member included to satisfy reference by file (symbol)

/usr/lib/gcc/arm-none-eabi/4.9.3/../../../arm-none-eabi/lib/armv7e-m/fpu/libm.a(lib_a-sf_fpclassify.o)
                              build/obj/attitude.o (symbol from plugin) (__fpclassifyf)
/usr/lib/gcc/arm-none-eabi/4.9.3/../../../arm-none-eabi/lib/armv7e-m/fpu/libm.a(lib_a-sf_cos.o)
                              /tmp/cc0IPsVg.ltrans1.ltrans.o (cosf)
/usr/lib/gcc/arm-none-eabi/4.9.3/../../../arm-none-eabi/lib/armv7e-m/fpu/libm.a(lib_a-sf_sin.o)
                              /tmp/cc0IPsVg.ltrans1.ltrans.o (sinf)
/usr/lib/gcc/arm-none-eabi/4.9.3/../../../arm-none-eabi/lib/armv7e-m/fpu/libm.a(lib_a-sf_tan.o)
                              /tmp/cc0IPsVg.ltrans12.ltrans.o (tanf)
/usr/lib/gcc/arm-none-eabi/4.9.3/../../../arm-none-eabi/lib/armv7e-m/fpu/libm.a(lib_a-wf_asin.o)
                              /tmp/cc0IPsVg.ltrans1.ltrans.o (asinf)
/usr/lib/gcc/arm-none-eabi/4.9.3/../../../arm-none-eabi/lib/armv7e-m/fpu/libm.a(lib_a-wf_atan2.o)
                              /tmp/cc0IPsVg.ltrans1.ltrans.o (atan2f)
/usr/lib/gcc/arm-none-eabi/4.9.3/../../../arm-none-eabi/lib/armv7e-m/fpu/libm.a(lib_a-wf_sqrt.o)
                              /tmp/cc0IPsVg.ltrans1.ltrans.o (sqrtf)
/usr/lib/gcc/arm-none-eabi/4.9.3/../../../arm-none-eabi/lib/armv7e-m/fpu/libm.a(lib_a-ef_asin.o)
                              /usr/lib/gcc/arm-none-eabi/4.9.3/../../../arm-none-eabi/lib/armv7e-m/fpu/libm.a(lib_a-wf_asin.o) (__ieee754_asinf)
/usr/lib/gcc/arm-none-eabi/4.9.3/../../../arm-none-eabi/lib/armv7e-m/fpu/libm.a(lib_a-ef_atan2.o)
                              /usr/lib/gcc/arm-none-eabi/4.9.3/../../../arm-none-eabi/lib/armv7e-m/fpu/libm.a(lib_a-wf_atan2.o) (__ieee754_atan2f)
/usr/lib/gcc/arm-none-eabi/4.9.3/../../../arm-none-eabi/lib/armv7e-m/fpu/libm.a(lib_a-ef_rem_pio2.o)
                              /usr/lib/gcc/arm-none-eabi/4.9.3/../../../arm-none-eabi/lib/armv7e-m/fpu/libm.a(lib_a-sf_cos.o) (__ieee754_rem_pio2f)
/usr/lib/gcc/arm-none-eabi/4.9.3/../../../arm-none-eabi/lib/armv7e-m/fpu/libm.a(lib_a-ef_sqrt.o)
                              /usr/lib/gcc/arm-none-eabi/4.9.3/../../../arm-none-eabi/lib/armv7e-m/fpu/libm.a(lib_a-wf_sqrt.o) (__ieee754_sqrtf)
/usr/lib/gcc/arm-none-eabi/4.9.3/../../../arm-none-eabi/lib/armv7e-m/fpu/libm.a(lib_a-kf_cos.o)
                              /usr/lib/gcc/arm-none-eabi/4.9.3/../../../arm-none-eabi/lib/armv7e-m/fpu/libm.a(lib_a-sf_cos.o) (__kernel_cosf)
/usr/lib/gcc/arm-none-eabi/4.9.3/../../../arm-none-eabi/lib/armv7e-m/fpu/libm.a(lib_a-kf_rem_pio2.o)
                              /usr/lib/gcc/arm-none-eabi/4.9.3/../../../arm-none-eabi/lib/armv7e-m/fpu/libm.a(lib_a-ef_rem_pio2.o) (__kernel_rem_pio2f)
/usr/lib/gcc/arm-none-eabi/4.9.3/../../../arm-none-eabi/lib/armv7e-m/fpu/libm.a(lib_a-kf_sin.o)
                              /usr/lib/gcc/arm-none-eabi/4.9.3/../../../arm-none-eabi/lib/armv7e-m/fpu/libm.a(lib_a-sf_cos.o) (__kernel_sinf)
/usr/lib/gcc/arm-none-eabi/4.9.3/../../../arm-none-eabi/lib/armv7e-m/fpu/libm.a(lib_a-kf_tan.o)
                              /usr/lib/gcc/arm-none-eabi/4.9.3/../../../arm-none-eabi/lib/armv7e-m/fpu/libm.a(lib_a-sf_tan.o) (__kernel_tanf)
/usr/lib/gcc/arm-none-eabi/4.9.3/../../../arm-none-eabi/lib/armv7e-m/fpu/libm.a(lib_a-s_lib_ver.o)
                              /usr/lib/gcc/arm-none-eabi/4.9.3/../../../arm-none-eabi/lib/armv7e-m/fpu/libm.a(lib_a-wf_asin.o) (__fdlib_version)
/usr/lib/gcc/arm-none-eabi/4.9.3/../../../arm-none-eabi/lib/armv7e-m/fpu/libm.a(lib_a-s_matherr.o)
                              /usr/lib/gcc/arm-none-eabi/4.9.3/../../../arm-none-eabi/lib/armv7e-m/fpu/libm.a(lib_a-wf_asin.o) (matherr)
/usr/lib/gcc/arm-none-eabi/4.9.3/../../../arm-none-eabi/lib/armv7e-m/fpu/libm.a(lib_a-s_nan.o)
                              /usr/lib/gcc/arm-none-eabi/4.9.3/../../../arm-none-eabi/lib/armv7e-m/fpu/libm.a(lib_a-wf_asin.o) (nan)
/usr/lib/gcc/arm-none-eabi/4.9.3/../../../arm-none-eabi/lib/armv7e-m/fpu/libm.a(lib_a-sf_atan.o)
                              /usr/lib/gcc/arm-none-eabi/4.9.3/../../../arm-none-eabi/lib/armv7e-m/fpu/libm.a(lib_a-ef_atan2.o) (atanf)
/usr/lib/gcc/arm-none-eabi/4.9.3/../../../arm-none-eabi/lib/armv7e-m/fpu/libm.a(lib_a-sf_fabs.o)
                              /usr/lib/gcc/arm-none-eabi/4.9.3/../../../arm-none-eabi/lib/armv7e-m/fpu/libm.a(lib_a-wf_asin.o) (fabsf)
/usr/lib/gcc/arm-none-eabi/4.9.3/../../../arm-none-eabi/lib/armv7e-m/fpu/libm.a(lib_a-sf_floor.o)
                              /usr/lib/gcc/arm-none-eabi/4.9.3/../../../arm-none-eabi/lib/armv7e-m/fpu/libm.a(lib_a-kf_rem_pio2.o) (floorf)
/usr/lib/gcc/arm-none-eabi/4.9.3/../../../arm-none-eabi/lib/armv7e-m/fpu/libm.a(lib_a-sf_scalbn.o)
                              /usr/lib/gcc/arm-none-eabi/4.9.3/../../../arm-none-eabi/lib/armv7e-m/fpu/libm.a(lib_a-kf_rem_pio2.o) (scalbnf)
/usr/lib/gcc/arm-none-eabi/4.9.3/../../../arm-none-eabi/lib/armv7e-m/fpu/libm.a(lib_a-sf_copysign.o)
[...]
Memory Configuration

Name             Origin             Length             Attributes
flash            0x0000000008000000 0x0000000000200000
ram0             0x0000000020000000 0x0000000000030000
ram1             0x0000000020000000 0x000000000001c000
ram2             0x000000002001c000 0x0000000000004000
ram3             0x0000000020020000 0x0000000000010000
ram4             0x0000000010000000 0x0000000000010000
ram5             0x0000000040024000 0x0000000000001000
ram6             0x0000000000000000 0x0000000000000000
ram7             0x0000000000000000 0x0000000000000000
*default*        0x0000000000000000 0xffffffffffffffff

Linker script and memory map

LOAD build/obj/crt0_v7m.o
LOAD build/obj/chcoreasm_v7m.o
LOAD build/obj/crt1.o
LOAD /tmp/cc0IPsVg.ltrans0.ltrans.o
LOAD /tmp/cc0IPsVg.ltrans1.ltrans.o
LOAD /tmp/cc0IPsVg.ltrans2.ltrans.o
LOAD /tmp/cc0IPsVg.ltrans3.ltrans.o
LOAD /tmp/cc0IPsVg.ltrans4.ltrans.o
LOAD /tmp/cc0IPsVg.ltrans5.ltrans.o
LOAD /tmp/cc0IPsVg.ltrans6.ltrans.o
LOAD /tmp/cc0IPsVg.ltrans7.ltrans.o
LOAD /tmp/cc0IPsVg.ltrans8.ltrans.o
LOAD /tmp/cc0IPsVg.ltrans9.ltrans.o
LOAD /tmp/cc0IPsVg.ltrans10.ltrans.o
LOAD /tmp/cc0IPsVg.ltrans11.ltrans.o
LOAD /tmp/cc0IPsVg.ltrans12.ltrans.o
LOAD /tmp/cc0IPsVg.ltrans13.ltrans.o
LOAD /tmp/cc0IPsVg.ltrans14.ltrans.o
LOAD build/obj/vectors.o
LOAD build/obj/chsys.o
LOAD build/obj/chdebug.o
LOAD build/obj/chvt.o
LOAD build/obj/chschd.o
LOAD build/obj/chthreads.o
LOAD build/obj/chtm.o
LOAD build/obj/chstats.o
LOAD build/obj/chdynamic.o
LOAD build/obj/chregistry.o
LOAD build/obj/chsem.o
LOAD build/obj/chmtx.o
LOAD build/obj/chcond.o
LOAD build/obj/chevents.o
LOAD build/obj/chmsg.o
LOAD build/obj/chmboxes.o
LOAD build/obj/chqueues.o
LOAD build/obj/chmemcore.o
LOAD build/obj/chheap.o
LOAD build/obj/chmempools.o
LOAD build/obj/chcore.o
LOAD build/obj/chcore_v7m.o
LOAD build/obj/osal.o
LOAD build/obj/hal.o
LOAD build/obj/st.o
LOAD build/obj/hal_buffers.o
LOAD build/obj/hal_queues.o
LOAD build/obj/hal_mmcsd.o
LOAD build/obj/can.o
LOAD build/obj/ext.o
LOAD build/obj/pal.o
LOAD build/obj/pwm.o
LOAD build/obj/sdc.o
LOAD build/obj/serial_usb.o
LOAD build/obj/spi.o
LOAD build/obj/uart.o
LOAD build/obj/usb.o
LOAD build/obj/wdg.o
LOAD build/obj/nvic.o
LOAD build/obj/hal_lld.o
LOAD build/obj/stm32_dma.o
LOAD build/obj/st_lld.o
LOAD build/obj/can_lld.o
LOAD build/obj/ext_lld.o
LOAD build/obj/ext_lld_isr.o
LOAD build/obj/pal_lld.o
LOAD build/obj/usb_lld.o
LOAD build/obj/sdc_lld.o
LOAD build/obj/spi_lld.o
LOAD build/obj/pwm_lld.o
LOAD build/obj/uart_lld.o
LOAD build/obj/wdg_lld.o
LOAD build/obj/board.o
LOAD build/obj/fatfs_diskio.o
LOAD build/obj/fatfs_syscall.o
LOAD build/obj/ff.o
LOAD build/obj/unicode.o
LOAD build/obj/shell.o
LOAD build/obj/evtimer.o
LOAD build/obj/syscalls.o
LOAD build/obj/memstreams.o
LOAD build/obj/chprintf.o
LOAD build/obj/flash.o
LOAD build/obj/sdlog.o
LOAD build/obj/shellcfg.o
LOAD build/obj/mpu6500.o
LOAD build/obj/attitude.o
LOAD build/obj/ist8310.o
LOAD build/obj/math_misc.o
LOAD build/obj/canBusProcess.o
LOAD build/obj/dbus.o
LOAD build/obj/gimbal.o
LOAD build/obj/params.o
LOAD build/obj/usbcfg.o
LOAD build/obj/calibrate_sensor.o
LOAD build/obj/shoot_pwm.o
LOAD build/obj/feeder.o
LOAD build/obj/exti.o
LOAD build/obj/imu_temp.o
LOAD build/obj/main.o
LOAD build/obj/dji_receiver.o
                0x0000000020000000                __ram0_start__ = ORIGIN (ram0)
                0x0000000000030000                __ram0_size__ = LENGTH (ram0)
                0x0000000020030000                __ram0_end__ = (__ram0_start__ + __ram0_size__)
                0x0000000020000000                __ram1_start__ = ORIGIN (ram1)
                0x000000000001c000                __ram1_size__ = LENGTH (ram1)
                0x000000002001c000                __ram1_end__ = (__ram1_start__ + __ram1_size__)
                0x000000002001c000                __ram2_start__ = ORIGIN (ram2)
                0x0000000000004000                __ram2_size__ = LENGTH (ram2)
                0x0000000020020000                __ram2_end__ = (__ram2_start__ + __ram2_size__)
                0x0000000020020000                __ram3_start__ = ORIGIN (ram3)
                0x0000000000010000                __ram3_size__ = LENGTH (ram3)
                0x0000000020030000                __ram3_end__ = (__ram3_start__ + __ram3_size__)
                0x0000000010000000                __ram4_start__ = ORIGIN (ram4)
                0x0000000000010000                __ram4_size__ = LENGTH (ram4)
                0x0000000010010000                __ram4_end__ = (__ram4_start__ + __ram4_size__)
                0x0000000040024000                __ram5_start__ = ORIGIN (ram5)
                0x0000000000001000                __ram5_size__ = LENGTH (ram5)
                0x0000000040025000                __ram5_end__ = (__ram5_start__ + __ram5_size__)
                0x0000000000000000                __ram6_start__ = ORIGIN (ram6)
                0x0000000000000000                __ram6_size__ = LENGTH (ram6)
                0x0000000000000000                __ram6_end__ = (__ram6_start__ + __ram6_size__)
                0x0000000000000000                __ram7_start__ = ORIGIN (ram7)
                0x0000000000000000                __ram7_size__ = LENGTH (ram7)
                0x0000000000000000                __ram7_end__ = (__ram7_start__ + __ram7_size__)
                0x0000000000000000                . = 0x0
                0x0000000000000000                _text = .

startup         0x0000000008000000      0x1c0
 *(.vectors)
 .vectors       0x0000000008000000      0x1c0 /tmp/cc0IPsVg.ltrans6.ltrans.o
                0x0000000008000000                _vectors

constructors    0x00000000080001c0        0x0
                0x00000000080001c0                __init_array_start = .
 *(SORT(.init_array.*))
 *(.init_array)
                0x00000000080001c0                __init_array_end = .

destructors     0x00000000080001c0        0x0
                0x00000000080001c0                __fini_array_start = .
 *(.fini_array)
 *(SORT(.fini_array.*))
                0x00000000080001c0                __fini_array_end = .

.text           0x00000000080001c0     0xf5b4
 *(.text)
 .text          0x00000000080001c0      0x108 build/obj/crt0_v7m.o
                0x00000000080001c0                Reset_Handler
 *fill*         0x00000000080002c8        0x8 
 .text          0x00000000080002d0       0x48 build/obj/chcoreasm_v7m.o
                0x00000000080002d0                _port_switch
                0x00000000080002e8                _port_thread_start
                0x0000000008000300                _port_switch_from_isr
                0x0000000008000314                _port_exit_from_isr
 *fill*         0x0000000008000318        0x8 
 .text          0x0000000008000320      0x370 /usr/lib/gcc/arm-none-eabi/4.9.3/armv7e-m/fpu/libgcc.a(_arm_addsubdf3.o)
                0x0000000008000320                __aeabi_drsub
                0x0000000008000328                __aeabi_dsub
                0x0000000008000328                __subdf3
                0x000000000800032c                __adddf3
                0x000000000800032c                __aeabi_dadd
                0x00000000080005a4                __aeabi_ui2d
                0x00000000080005a4                __floatunsidf
                0x00000000080005c4                __floatsidf
                0x00000000080005c4                __aeabi_i2d
                0x00000000080005e8                __extendsfdf2
                0x00000000080005e8                __aeabi_f2d
                0x0000000008000624                __aeabi_ul2d
                0x0000000008000624                __floatundidf
                0x0000000008000634                __floatdidf
                0x0000000008000634                __aeabi_l2d
 .text          0x0000000008000690      0x424 /usr/lib/gcc/arm-none-eabi/4.9.3/armv7e-m/fpu/libgcc.a(_arm_muldivdf3.o)
                0x0000000008000690                __aeabi_dmul
                0x0000000008000690                __muldf3
                0x00000000080008e4                __aeabi_ddiv
                0x00000000080008e4                __divdf3
 *fill*         0x0000000008000ab4        0xc 
 .text          0x0000000008000ac0       0x50 /usr/lib/gcc/arm-none-eabi/4.9.3/armv7e-m/fpu/libgcc.a(_arm_fixdfsi.o)
                0x0000000008000ac0                __fixdfsi
                0x0000000008000ac0                __aeabi_d2iz
 .text          0x0000000008000b10       0xa0 /usr/lib/gcc/arm-none-eabi/4.9.3/armv7e-m/fpu/libgcc.a(_arm_truncdfsf2.o)
                0x0000000008000b10                __aeabi_d2f
                0x0000000008000b10                __truncdfsf2
 .text          0x0000000008000bb0      0x134 /usr/lib/gcc/arm-none-eabi/4.9.3/../../../arm-none-eabi/lib/armv7e-m/fpu/libg.a(lib_a-memcpy.o)
                0x0000000008000bb0                memcpy
 *fill*         0x0000000008000ce4        0xc 
 .text          0x0000000008000cf0      0x2e0 /usr/lib/gcc/arm-none-eabi/4.9.3/../../../arm-none-eabi/lib/armv7e-m/fpu/libg.a(lib_a-strcmp.o)
                0x0000000008000cf8                strcmp
 *(.text.*)
 .text.startup.main
                0x0000000008000fd0     0x11f4 /tmp/cc0IPsVg.ltrans0.ltrans.o
                0x0000000008000fd0                main
 *fill*         0x00000000080021c4        0xc 
 .text._ZL15Attitude_threadPv.lto_priv.83
                0x00000000080021d0      0xfc0 /tmp/cc0IPsVg.ltrans1.ltrans.o
                0x00000000080021d0                Attitude_thread(void*) [clone .lto_priv.83]
 .text.SVC_Handler
                0x0000000008003190       0x20 /tmp/cc0IPsVg.ltrans2.ltrans.o
                0x0000000008003190                SVC_Handler
 .text._idle_thread.lto_priv.99
                0x00000000080031b0        0x4 /tmp/cc0IPsVg.ltrans2.ltrans.o
                0x00000000080031b0                _idle_thread.lto_priv.99
 *fill*         0x00000000080031b4        0xc 
 .text.stSetAlarm
                0x00000000080031c0       0x20 /tmp/cc0IPsVg.ltrans2.ltrans.o
                0x00000000080031c0                stSetAlarm
 .text._port_irq_epilogue
                0x00000000080031e0       0x64 /tmp/cc0IPsVg.ltrans2.ltrans.o
                0x00000000080031e0                _port_irq_epilogue
 *fill*         0x0000000008003244        0xc 
 .text._stats_increase_irq
                0x0000000008003250       0x20 /tmp/cc0IPsVg.ltrans2.ltrans.o
                0x0000000008003250                _stats_increase_irq
 .text.chTMChainMeasurementToX
                0x0000000008003270       0x3c /tmp/cc0IPsVg.ltrans2.ltrans.o
                0x0000000008003270                chTMChainMeasurementToX
 *fill*         0x00000000080032ac        0x4 
 .text.chTMStopMeasurementX
                0x00000000080032b0       0x48 /tmp/cc0IPsVg.ltrans2.ltrans.o
                0x00000000080032b0                chTMStopMeasurementX
 *fill*         0x00000000080032f8        0x8 
 .text._stats_stop_measure_crit_isr
                0x0000000008003300        0xc /tmp/cc0IPsVg.ltrans2.ltrans.o
                0x0000000008003300                _stats_stop_measure_crit_isr
 *fill*         0x000000000800330c        0x4 
 .text._stats_stop_measure_crit_thd
                0x0000000008003310        0xc /tmp/cc0IPsVg.ltrans2.ltrans.o
                0x0000000008003310                _stats_stop_measure_crit_thd
 *fill*         0x000000000800331c        0x4 
 .text.chTMStartMeasurementX
                0x0000000008003320        0xc /tmp/cc0IPsVg.ltrans2.ltrans.o
                0x0000000008003320                chTMStartMeasurementX
 *fill*         0x000000000800332c        0x4 
 .text._stats_start_measure_crit_isr
                0x0000000008003330        0xc /tmp/cc0IPsVg.ltrans2.ltrans.o
                0x0000000008003330                _stats_start_measure_crit_isr
 *fill*         0x000000000800333c        0x4 
 .text._stats_start_measure_crit_thd
                0x0000000008003340        0xc /tmp/cc0IPsVg.ltrans2.ltrans.o
                0x0000000008003340                _stats_start_measure_crit_thd
 *fill*         0x000000000800334c        0x4 
 .text._dbg_trace
                0x0000000008003350       0x38 /tmp/cc0IPsVg.ltrans2.ltrans.o
                0x0000000008003350                _dbg_trace
 *fill*         0x0000000008003388        0x8 
 .text.chSchDoRescheduleAhead
                0x0000000008003390       0x78 /tmp/cc0IPsVg.ltrans2.ltrans.o
 *fill*         0x0000000008003408        0x8 
 .text.chSchDoReschedule
                0x0000000008003410        0x4 /tmp/cc0IPsVg.ltrans2.ltrans.o
                0x0000000008003410                chSchDoReschedule
 *fill*         0x0000000008003414        0xc 
 .text.chDbgCheckClassS
                0x0000000008003420       0x20 /tmp/cc0IPsVg.ltrans2.ltrans.o
                0x0000000008003420                chDbgCheckClassS
 .text.ibqReleaseEmptyBufferS
                0x0000000008003440       0x48 /tmp/cc0IPsVg.ltrans2.ltrans.o
                0x0000000008003440                ibqReleaseEmptyBufferS
 *fill*         0x0000000008003488        0x8 
 .text.chSchGoSleepS
                0x0000000008003490       0x64 /tmp/cc0IPsVg.ltrans2.ltrans.o
                0x0000000008003490                chSchGoSleepS
 *fill*         0x00000000080034f4        0xc 
 .text.chThdSuspendS
                0x0000000008003500       0x2c /tmp/cc0IPsVg.ltrans2.ltrans.o
                0x0000000008003500                chThdSuspendS
 *fill*         0x000000000800352c        0x4 
 .text.chDbgCheckClassI
                0x0000000008003530       0x20 /tmp/cc0IPsVg.ltrans2.ltrans.o
                0x0000000008003530                chDbgCheckClassI
 .text.chThdCreateI
                0x0000000008003550       0xb8 /tmp/cc0IPsVg.ltrans2.ltrans.o
                0x0000000008003550                chThdCreateI
 *fill*         0x0000000008003608        0x8 
 .text.chSchRescheduleS
                0x0000000008003610       0x28 /tmp/cc0IPsVg.ltrans2.ltrans.o
                0x0000000008003610                chSchRescheduleS
 *fill*         0x0000000008003638        0x8 
 .text.chSchGoSleepTimeoutS
                0x0000000008003640      0x170 /tmp/cc0IPsVg.ltrans2.ltrans.o
                0x0000000008003640                chSchGoSleepTimeoutS
 .text.chThdEnqueueTimeoutS
                0x00000000080037b0       0x28 /tmp/cc0IPsVg.ltrans2.ltrans.o
                0x00000000080037b0                chThdEnqueueTimeoutS
 *fill*         0x00000000080037d8        0x8 
 .text.ibqGetFullBufferTimeoutS
                0x00000000080037e0       0x44 /tmp/cc0IPsVg.ltrans2.ltrans.o
                0x00000000080037e0                ibqGetFullBufferTimeoutS
 *fill*         0x0000000008003824        0xc 
 .text.chSchReadyI
                0x0000000008003830       0x50 /tmp/cc0IPsVg.ltrans2.ltrans.o
                0x0000000008003830                chSchReadyI
 .text.chEvtBroadcastFlagsI
                0x0000000008003880       0x9c /tmp/cc0IPsVg.ltrans2.ltrans.o
                0x0000000008003880                chEvtBroadcastFlagsI
 *fill*         0x000000000800391c        0x4 
 .text.chThdDequeueAllI
                0x0000000008003920       0x3c /tmp/cc0IPsVg.ltrans2.ltrans.o
                0x0000000008003920                chThdDequeueAllI
 *fill*         0x000000000800395c        0x4 
 .text.chThdResumeI
                0x0000000008003960       0x2c /tmp/cc0IPsVg.ltrans2.ltrans.o
                0x0000000008003960                chThdResumeI
 *fill*         0x000000000800398c        0x4 
 .text.chThdExitS
                0x0000000008003990       0x4c /tmp/cc0IPsVg.ltrans2.ltrans.o
                0x0000000008003990                chThdExitS
 *fill*         0x00000000080039dc        0x4 
 .text._dbg_check_leave_isr
                0x00000000080039e0       0x2c /tmp/cc0IPsVg.ltrans2.ltrans.o
                0x00000000080039e0                _dbg_check_leave_isr
 *fill*         0x0000000008003a0c        0x4 
 .text._dbg_check_enter_isr
                0x0000000008003a10       0x2c /tmp/cc0IPsVg.ltrans2.ltrans.o
                0x0000000008003a10                _dbg_check_enter_isr
 *fill*         0x0000000008003a3c        0x4 
 .text._dbg_check_unlock_from_isr
                0x0000000008003a40       0x24 /tmp/cc0IPsVg.ltrans2.ltrans.o
                0x0000000008003a40                _dbg_check_unlock_from_isr
 *fill*         0x0000000008003a64        0xc 
 .text._dbg_check_lock_from_isr
                0x0000000008003a70       0x24 /tmp/cc0IPsVg.ltrans2.ltrans.o
                0x0000000008003a70                _dbg_check_lock_from_isr
 *fill*         0x0000000008003a94        0xc 
 .text.wakeup   0x0000000008003aa0       0x6c /tmp/cc0IPsVg.ltrans2.ltrans.o
 *fill*         0x0000000008003b0c        0x4 
 .text._dbg_check_unlock
                0x0000000008003b10       0x20 /tmp/cc0IPsVg.ltrans2.ltrans.o
                0x0000000008003b10                _dbg_check_unlock
 .text._dbg_check_lock
                0x0000000008003b30       0x20 /tmp/cc0IPsVg.ltrans2.ltrans.o
                0x0000000008003b30                _dbg_check_lock
 .text.ibqGetTimeout
                0x0000000008003b50       0x90 /tmp/cc0IPsVg.ltrans2.ltrans.o
                0x0000000008003b50                ibqGetTimeout
 .text.chCoreAlloc
                0x0000000008003be0       0x70 /tmp/cc0IPsVg.ltrans2.ltrans.o
                0x0000000008003be0                chCoreAlloc
 .text.chThdExit
                0x0000000008003c50       0x18 /tmp/cc0IPsVg.ltrans2.ltrans.o
                0x0000000008003c50                chThdExit
 *fill*         0x0000000008003c68        0x8 
 .text.chThdSleepUntil
                0x0000000008003c70       0x54 /tmp/cc0IPsVg.ltrans2.ltrans.o
                0x0000000008003c70                chThdSleepUntil
 *fill*         0x0000000008003cc4        0xc 
 .text.chThdSleep
                0x0000000008003cd0       0x5c /tmp/cc0IPsVg.ltrans2.ltrans.o
                0x0000000008003cd0                chThdSleep
 *fill*         0x0000000008003d2c        0x4 
 .text.chThdCreateStatic
                0x0000000008003d30       0x90 /tmp/cc0IPsVg.ltrans2.ltrans.o
                0x0000000008003d30                chThdCreateStatic
 .text.chSysPolledDelayX
                0x0000000008003dc0       0x14 /tmp/cc0IPsVg.ltrans2.ltrans.o
                0x0000000008003dc0                chSysPolledDelayX
 *fill*         0x0000000008003dd4        0xc 
 .text._unhandled_exception
                0x0000000008003de0        0x4 /tmp/cc0IPsVg.ltrans2.ltrans.o
                0x0000000008003de0                DebugMon_Handler
                0x0000000008003de0                Vector1A0
                0x0000000008003de0                Vector11C
                0x0000000008003de0                HardFault_Handler
                0x0000000008003de0                Vector1B8
                0x0000000008003de0                Vector19C
                0x0000000008003de0                SysTick_Handler
                0x0000000008003de0                VectorDC
                0x0000000008003de0                PendSV_Handler
                0x0000000008003de0                Vector168
                0x0000000008003de0                NMI_Handler
                0x0000000008003de0                VectorC8
                0x0000000008003de0                VectorA8
                0x0000000008003de0                Vector160
                0x0000000008003de0                Vector1B0
                0x0000000008003de0                UsageFault_Handler
                0x0000000008003de0                VectorEC
                0x0000000008003de0                Vector40
                0x0000000008003de0                Vector108
                0x0000000008003de0                VectorBC
                0x0000000008003de0                Vector190
                0x0000000008003de0                Vector188
                0x0000000008003de0                Vector198
                0x0000000008003de0                Vector118
                0x0000000008003de0                VectorCC
                0x0000000008003de0                Vector54
                0x0000000008003de0                VectorD8
                0x0000000008003de0                Vector24
                0x0000000008003de0                Vector1AC
                0x0000000008003de0                Vector178
                0x0000000008003de0                Vector1A4
                0x0000000008003de0                VectorD0
                0x0000000008003de0                Vector1B4
                0x0000000008003de0                VectorC0
                0x0000000008003de0                Vector134
                0x0000000008003de0                Vector100
                0x0000000008003de0                VectorF4
                0x0000000008003de0                MemManage_Handler
                0x0000000008003de0                VectorA0
                0x0000000008003de0                VectorC4
                0x0000000008003de0                Vector180
                0x0000000008003de0                Vector114
                0x0000000008003de0                Vector164
                0x0000000008003de0                Vector1C
                0x0000000008003de0                Vector1BC
                0x0000000008003de0                Vector17C
                0x0000000008003de0                Vector1A8
                0x0000000008003de0                Vector16C
                0x0000000008003de0                Vector15C
                0x0000000008003de0                Vector88
                0x0000000008003de0                Vector184
                0x0000000008003de0                Vector10C
                0x0000000008003de0                BusFault_Handler
                0x0000000008003de0                Vector50
                0x0000000008003de0                Vector194
                0x0000000008003de0                Vector28
                0x0000000008003de0                Vector34
                0x0000000008003de0                Vector20
                0x0000000008003de0                Vector18C
 *fill*         0x0000000008003de4        0xc 
 .text.__init_ram_areas
                0x0000000008003df0       0x4c /tmp/cc0IPsVg.ltrans2.ltrans.o
                0x0000000008003df0                __init_ram_areas
 *fill*         0x0000000008003e3c        0x4 
 .text.__default_exit
                0x0000000008003e40        0x4 /tmp/cc0IPsVg.ltrans2.ltrans.o
                0x0000000008003e40                __default_exit
 *fill*         0x0000000008003e44        0xc 
 .text.__late_init
                0x0000000008003e50        0x4 /tmp/cc0IPsVg.ltrans2.ltrans.o
                0x0000000008003e50                __late_init
 *fill*         0x0000000008003e54        0xc 
 .text.__core_init
                0x0000000008003e60        0x4 /tmp/cc0IPsVg.ltrans2.ltrans.o
                0x0000000008003e60                __core_init
 *fill*         0x0000000008003e64        0xc 
 .text.sduInterruptTransmitted
                0x0000000008003e70        0x4 /tmp/cc0IPsVg.ltrans3.ltrans.o
                0x0000000008003e70                sduInterruptTransmitted
 *fill*         0x0000000008003e74        0xc 
 .text.usbStartTransmitI
                0x0000000008003e80       0x64 /tmp/cc0IPsVg.ltrans3.ltrans.o
                0x0000000008003e80                usbStartTransmitI
 *fill*         0x0000000008003ee4        0xc 
 .text.usbStartReceiveI
                0x0000000008003ef0       0x64 /tmp/cc0IPsVg.ltrans3.ltrans.o
                0x0000000008003ef0                usbStartReceiveI
 *fill*         0x0000000008003f54        0xc 
 .text._usb_ep0setup
                0x0000000008003f60      0x434 /tmp/cc0IPsVg.ltrans3.ltrans.o
                0x0000000008003f60                _usb_ep0setup
 *fill*         0x0000000008004394        0xc 
 .text.usbInitEndpointI
                0x00000000080043a0      0x1c4 /tmp/cc0IPsVg.ltrans3.ltrans.o
                0x00000000080043a0                usbInitEndpointI
 *fill*         0x0000000008004564        0xc 
 .text.spiReleaseBus
                0x0000000008004570       0xe4 /tmp/cc0IPsVg.ltrans3.ltrans.o
                0x0000000008004570                spiReleaseBus
 *fill*         0x0000000008004654        0xc 
 .text.spiAcquireBus
                0x0000000008004660      0x144 /tmp/cc0IPsVg.ltrans3.ltrans.o
                0x0000000008004660                spiAcquireBus
 *fill*         0x00000000080047a4        0xc 
 .text.spiReceive
                0x00000000080047b0       0xc0 /tmp/cc0IPsVg.ltrans3.ltrans.o
                0x00000000080047b0                spiReceive
 .text.spiSend  0x0000000008004870       0xc0 /tmp/cc0IPsVg.ltrans3.ltrans.o
                0x0000000008004870                spiSend
 .text.spiUnselect
                0x0000000008004930       0x74 /tmp/cc0IPsVg.ltrans3.ltrans.o
                0x0000000008004930                spiUnselect
 *fill*         0x00000000080049a4        0xc 
 .text.spiSelect
                0x00000000080049b0       0x74 /tmp/cc0IPsVg.ltrans3.ltrans.o
                0x00000000080049b0                spiSelect
 *fill*         0x0000000008004a24        0xc 
 .text._mmcsd_get_slice
                0x0000000008004a30       0x60 /tmp/cc0IPsVg.ltrans4.ltrans.o
 .text.unlikely._mmcsd_get_capacity
                0x0000000008004a90       0x6c /tmp/cc0IPsVg.ltrans4.ltrans.o
 *fill*         0x0000000008004afc        0x4 
 .text.sdcConnect
                0x0000000008004b00      0x3f8 /tmp/cc0IPsVg.ltrans4.ltrans.o
                0x0000000008004b00                sdcConnect
 *fill*         0x0000000008004ef8        0x8 
 .text.obqPostFullBufferS
                0x0000000008004f00       0x60 /tmp/cc0IPsVg.ltrans4.ltrans.o
 .text.obqGetEmptyBufferTimeoutS
                0x0000000008004f60       0x44 /tmp/cc0IPsVg.ltrans4.ltrans.o
 *fill*         0x0000000008004fa4        0xc 
 .text._sdc_wait_for_transfer_state
                0x0000000008004fb0       0x40 /tmp/cc0IPsVg.ltrans4.ltrans.o
                0x0000000008004fb0                _sdc_wait_for_transfer_state
 .text.obqGetFullBufferI
                0x0000000008004ff0       0x28 /tmp/cc0IPsVg.ltrans4.ltrans.o
                0x0000000008004ff0                obqGetFullBufferI
 *fill*         0x0000000008005018        0x8 
 .text.obqWriteTimeout
                0x0000000008005020      0x17c /tmp/cc0IPsVg.ltrans4.ltrans.o
                0x0000000008005020                obqWriteTimeout
 *fill*         0x000000000800519c        0x4 
 .text.obqPutTimeout
                0x00000000080051a0       0xa0 /tmp/cc0IPsVg.ltrans4.ltrans.o
                0x00000000080051a0                obqPutTimeout
 .text.ibqReadTimeout
                0x0000000008005240      0x168 /tmp/cc0IPsVg.ltrans4.ltrans.o
                0x0000000008005240                ibqReadTimeout
 *fill*         0x00000000080053a8        0x8 
 .text.matlab_thread
                0x00000000080053b0       0xa0 /tmp/cc0IPsVg.ltrans5.ltrans.o
 .text.flashWrite.part.5.lto_priv.124
                0x0000000008005450       0xa8 /tmp/cc0IPsVg.ltrans5.ltrans.o
                0x0000000008005450                flashWrite.part.5.lto_priv.124
 *fill*         0x00000000080054f8        0x8 
 .text.flashUnlock.part.1.lto_priv.125
                0x0000000008005500       0x20 /tmp/cc0IPsVg.ltrans5.ltrans.o
                0x0000000008005500                flashUnlock.part.1.lto_priv.125
 .text.flashRead
                0x0000000008005520       0x58 /tmp/cc0IPsVg.ltrans5.ltrans.o
                0x0000000008005520                flashRead
 *fill*         0x0000000008005578        0x8 
 .text.chprintf
                0x0000000008005580      0x414 /tmp/cc0IPsVg.ltrans5.ltrans.o
                0x0000000008005580                chprintf
 *fill*         0x0000000008005994        0xc 
 .text.cmd_test
                0x00000000080059a0       0x50 /tmp/cc0IPsVg.ltrans5.ltrans.o
                0x00000000080059a0                cmd_test
 .text.cmd_calibrate
                0x00000000080059f0      0x9a4 /tmp/cc0IPsVg.ltrans5.ltrans.o
                0x00000000080059f0                cmd_calibrate
 *fill*         0x0000000008006394        0xc 
 .text.cmd_data
                0x00000000080063a0       0xd8 /tmp/cc0IPsVg.ltrans5.ltrans.o
                0x00000000080063a0                cmd_data
 *fill*         0x0000000008006478        0x8 
 .text.sdc_lld_is_write_protected
                0x0000000008006480        0x4 /tmp/cc0IPsVg.ltrans6.ltrans.o
                0x0000000008006480                sdc_lld_is_write_protected
 *fill*         0x0000000008006484        0xc 
 .text.sdc_lld_is_card_inserted
                0x0000000008006490        0x4 /tmp/cc0IPsVg.ltrans6.ltrans.o
                0x0000000008006490                sdc_lld_is_card_inserted
 *fill*         0x0000000008006494        0xc 
 .text.pwm_lld_serve_interrupt
                0x00000000080064a0       0x5c /tmp/cc0IPsVg.ltrans6.ltrans.o
 *fill*         0x00000000080064fc        0x4 
 .text.spi_lld_serve_tx_interrupt.lto_priv.118
                0x0000000008006500       0x1c /tmp/cc0IPsVg.ltrans6.ltrans.o
                0x0000000008006500                spi_lld_serve_tx_interrupt.lto_priv.118
 *fill*         0x000000000800651c        0x4 
 .text.cmd_info
                0x0000000008006520       0xbc /tmp/cc0IPsVg.ltrans6.ltrans.o
 *fill*         0x00000000080065dc        0x4 
 .text.VectorF8
                0x00000000080065e0       0x20 /tmp/cc0IPsVg.ltrans6.ltrans.o
 .text.VectorF0
                0x0000000008006600       0x20 /tmp/cc0IPsVg.ltrans6.ltrans.o
 .text.VectorB8
                0x0000000008006620       0x20 /tmp/cc0IPsVg.ltrans6.ltrans.o
 .text.VectorB4
                0x0000000008006640       0x20 /tmp/cc0IPsVg.ltrans6.ltrans.o
 .text.VectorAC
                0x0000000008006660       0x20 /tmp/cc0IPsVg.ltrans6.ltrans.o
 .text.VectorA4
                0x0000000008006680       0x20 /tmp/cc0IPsVg.ltrans6.ltrans.o
 .text.serve_usart_irq
                0x00000000080066a0       0xc4 /tmp/cc0IPsVg.ltrans6.ltrans.o
 *fill*         0x0000000008006764        0xc 
 .text.Vector110
                0x0000000008006770       0x20 /tmp/cc0IPsVg.ltrans6.ltrans.o
 .text.VectorD4
                0x0000000008006790       0x20 /tmp/cc0IPsVg.ltrans6.ltrans.o
 .text.uart_lld_serve_tx_end_irq.lto_priv.151
                0x00000000080067b0       0x80 /tmp/cc0IPsVg.ltrans6.ltrans.o
                0x00000000080067b0                uart_lld_serve_tx_end_irq.lto_priv.151
 .text.uart_lld_serve_rx_end_irq.lto_priv.150
                0x0000000008006830       0xbc /tmp/cc0IPsVg.ltrans6.ltrans.o
                0x0000000008006830                uart_lld_serve_rx_end_irq.lto_priv.150
 *fill*         0x00000000080068ec        0x4 
 .text.spi_lld_serve_rx_interrupt.lto_priv.117
                0x00000000080068f0       0x98 /tmp/cc0IPsVg.ltrans6.ltrans.o
                0x00000000080068f0                spi_lld_serve_rx_interrupt.lto_priv.117
 *fill*         0x0000000008006988        0x8 
 .text.Vector104
                0x0000000008006990       0x48 /tmp/cc0IPsVg.ltrans6.ltrans.o
 *fill*         0x00000000080069d8        0x8 
 .text.long_to_string_with_divisor.lto_priv.158
                0x00000000080069e0       0x48 /tmp/cc0IPsVg.ltrans6.ltrans.o
                0x00000000080069e0                long_to_string_with_divisor.lto_priv.158
 *fill*         0x0000000008006a28        0x8 
 .text.__early_init
                0x0000000008006a30       0xc8 /tmp/cc0IPsVg.ltrans6.ltrans.o
                0x0000000008006a30                __early_init
 *fill*         0x0000000008006af8        0x8 
 .text.sdc_lld_collect_errors.isra.0.lto_priv.165
                0x0000000008006b00       0x3c /tmp/cc0IPsVg.ltrans6.ltrans.o
                0x0000000008006b00                sdc_lld_collect_errors.isra.0.lto_priv.165
 *fill*         0x0000000008006b3c        0x4 
 .text.sdc_lld_send_cmd_long_crc
                0x0000000008006b40       0x3c /tmp/cc0IPsVg.ltrans6.ltrans.o
                0x0000000008006b40                sdc_lld_send_cmd_long_crc
 *fill*         0x0000000008006b7c        0x4 
 .text.sdc_lld_send_cmd_short_crc
                0x0000000008006b80       0x30 /tmp/cc0IPsVg.ltrans6.ltrans.o
                0x0000000008006b80                sdc_lld_send_cmd_short_crc
 .text.sdc_lld_write_aligned.part.5.lto_priv.173
                0x0000000008006bb0       0xa8 /tmp/cc0IPsVg.ltrans6.ltrans.o
                0x0000000008006bb0                sdc_lld_write_aligned.part.5.lto_priv.173
 *fill*         0x0000000008006c58        0x8 
 .text.sdc_lld_read_aligned.part.4.lto_priv.174
                0x0000000008006c60       0xa4 /tmp/cc0IPsVg.ltrans6.ltrans.o
                0x0000000008006c60                sdc_lld_read_aligned.part.4.lto_priv.174
 *fill*         0x0000000008006d04        0xc 
 .text.sdc_lld_read_special
                0x0000000008006d10       0xb4 /tmp/cc0IPsVg.ltrans6.ltrans.o
                0x0000000008006d10                sdc_lld_read_special
 *fill*         0x0000000008006dc4        0xc 
 .text.shell_thread.lto_priv.96
                0x0000000008006dd0      0x224 /tmp/cc0IPsVg.ltrans6.ltrans.o
                0x0000000008006dd0                shell_thread.lto_priv.96
 *fill*         0x0000000008006ff4        0xc 
 .text.cmd_systime
                0x0000000008007000       0x70 /tmp/cc0IPsVg.ltrans6.ltrans.o
 .text.Vector4C
                0x0000000008007070       0x3c /tmp/cc0IPsVg.ltrans7.ltrans.o
                0x0000000008007070                Vector4C
 *fill*         0x00000000080070ac        0x4 
 .text.Vector48
                0x00000000080070b0       0x3c /tmp/cc0IPsVg.ltrans7.ltrans.o
                0x00000000080070b0                Vector48
 *fill*         0x00000000080070ec        0x4 
 .text.Vector170
                0x00000000080070f0       0x3c /tmp/cc0IPsVg.ltrans7.ltrans.o
                0x00000000080070f0                Vector170
 *fill*         0x000000000800712c        0x4 
 .text.Vector138
                0x0000000008007130       0x3c /tmp/cc0IPsVg.ltrans7.ltrans.o
                0x0000000008007130                Vector138
 *fill*         0x000000000800716c        0x4 
 .text.VectorE8
                0x0000000008007170       0x3c /tmp/cc0IPsVg.ltrans7.ltrans.o
                0x0000000008007170                VectorE8
 *fill*         0x00000000080071ac        0x4 
 .text.VectorE4
                0x00000000080071b0       0x3c /tmp/cc0IPsVg.ltrans7.ltrans.o
                0x00000000080071b0                VectorE4
 *fill*         0x00000000080071ec        0x4 
 .text.Vector44
                0x00000000080071f0       0x3c /tmp/cc0IPsVg.ltrans7.ltrans.o
                0x00000000080071f0                Vector44
 *fill*         0x000000000800722c        0x4 
 .text.VectorE0
                0x0000000008007230       0x8c /tmp/cc0IPsVg.ltrans7.ltrans.o
                0x0000000008007230                VectorE0
 *fill*         0x00000000080072bc        0x4 
 .text.sdc_lld_error_cleanup.lto_priv.160
                0x00000000080072c0       0x6c /tmp/cc0IPsVg.ltrans7.ltrans.o
                0x00000000080072c0                sdc_lld_error_cleanup.lto_priv.160
 *fill*         0x000000000800732c        0x4 
 .text.usb_lld_start_in
                0x0000000008007330       0xac /tmp/cc0IPsVg.ltrans7.ltrans.o
                0x0000000008007330                usb_lld_start_in
 *fill*         0x00000000080073dc        0x4 
 .text.otg_epin_handler
                0x00000000080073e0       0xd4 /tmp/cc0IPsVg.ltrans7.ltrans.o
 *fill*         0x00000000080074b4        0xc 
 .text.usb_lld_start_out
                0x00000000080074c0       0x84 /tmp/cc0IPsVg.ltrans7.ltrans.o
                0x00000000080074c0                usb_lld_start_out
 *fill*         0x0000000008007544        0xc 
 .text.otg_epout_handler
                0x0000000008007550       0xac /tmp/cc0IPsVg.ltrans7.ltrans.o
 *fill*         0x00000000080075fc        0x4 
 .text.usb_lld_serve_interrupt
                0x0000000008007600      0x408 /tmp/cc0IPsVg.ltrans7.ltrans.o
 *fill*         0x0000000008007a08        0x8 
 .text.Vector174
                0x0000000008007a10       0x20 /tmp/cc0IPsVg.ltrans7.ltrans.o
                0x0000000008007a10                Vector174
 .text.Vector14C
                0x0000000008007a30       0x20 /tmp/cc0IPsVg.ltrans7.ltrans.o
                0x0000000008007a30                Vector14C
 .text.sdc_lld_wait_transaction_end.lto_priv.159
                0x0000000008007a50       0xcc /tmp/cc0IPsVg.ltrans7.ltrans.o
                0x0000000008007a50                sdc_lld_wait_transaction_end.lto_priv.159
 *fill*         0x0000000008007b1c        0x4 
 .text.usb_lld_pump
                0x0000000008007b20      0x298 /tmp/cc0IPsVg.ltrans7.ltrans.o
                0x0000000008007b20                usb_lld_pump
 *fill*         0x0000000008007db8        0x8 
 .text.PID_VEL  0x0000000008007dc0       0xcc /tmp/cc0IPsVg.ltrans8.ltrans.o
 *fill*         0x0000000008007e8c        0x4 
 .text.turn_angle
                0x0000000008007e90       0xd4 /tmp/cc0IPsVg.ltrans8.ltrans.o
 *fill*         0x0000000008007f64        0xc 
 .text.get_descriptor.lto_priv.101
                0x0000000008007f70       0x30 /tmp/cc0IPsVg.ltrans8.ltrans.o
                0x0000000008007f70                get_descriptor.lto_priv.101
 .text.pwm_thd.lto_priv.91
                0x0000000008007fa0       0xf0 /tmp/cc0IPsVg.ltrans8.ltrans.o
                0x0000000008007fa0                pwm_thd.lto_priv.91
 .text.sof_handler.lto_priv.102
                0x0000000008008090       0xb8 /tmp/cc0IPsVg.ltrans8.ltrans.o
                0x0000000008008090                sof_handler.lto_priv.102
 *fill*         0x0000000008008148        0x8 
 .text.usb_event.lto_priv.100
                0x0000000008008150      0x100 /tmp/cc0IPsVg.ltrans8.ltrans.o
                0x0000000008008150                usb_event.lto_priv.100
 .text.params_set.part.0.lto_priv.111
                0x0000000008008250      0x158 /tmp/cc0IPsVg.ltrans8.ltrans.o
                0x0000000008008250                params_set.part.0.lto_priv.111
 *fill*         0x00000000080083a8        0x8 
 .text.param_save_flash
                0x00000000080083b0      0x160 /tmp/cc0IPsVg.ltrans8.ltrans.o
                0x00000000080083b0                param_save_flash
 .text.Temperature_thread.lto_priv.114
                0x0000000008008510      0x154 /tmp/cc0IPsVg.ltrans8.ltrans.o
                0x0000000008008510                Temperature_thread.lto_priv.114
 *fill*         0x0000000008008664        0xc 
 .text.feeder_control.lto_priv.89
                0x0000000008008670      0x5d4 /tmp/cc0IPsVg.ltrans8.ltrans.o
                0x0000000008008670                feeder_control.lto_priv.89
 *fill*         0x0000000008008c44        0xc 
 .text.Vector9C
                0x0000000008008c50       0x7c /tmp/cc0IPsVg.ltrans9.ltrans.o
                0x0000000008008c50                Vector9C
 *fill*         0x0000000008008ccc        0x4 
 .text.Vector68
                0x0000000008008cd0       0x38 /tmp/cc0IPsVg.ltrans9.ltrans.o
                0x0000000008008cd0                Vector68
 *fill*         0x0000000008008d08        0x8 
 .text.Vector64
                0x0000000008008d10       0x38 /tmp/cc0IPsVg.ltrans9.ltrans.o
                0x0000000008008d10                Vector64
 *fill*         0x0000000008008d48        0x8 
 .text.Vector60
                0x0000000008008d50       0x38 /tmp/cc0IPsVg.ltrans9.ltrans.o
                0x0000000008008d50                Vector60
 *fill*         0x0000000008008d88        0x8 
 .text.Vector5C
                0x0000000008008d90       0x38 /tmp/cc0IPsVg.ltrans9.ltrans.o
                0x0000000008008d90                Vector5C
 *fill*         0x0000000008008dc8        0x8 
 .text.Vector58
                0x0000000008008dd0       0x38 /tmp/cc0IPsVg.ltrans9.ltrans.o
                0x0000000008008dd0                Vector58
 *fill*         0x0000000008008e08        0x8 
 .text.Vector158
                0x0000000008008e10       0x38 /tmp/cc0IPsVg.ltrans9.ltrans.o
                0x0000000008008e10                Vector158
 *fill*         0x0000000008008e48        0x8 
 .text.Vector154
                0x0000000008008e50       0x38 /tmp/cc0IPsVg.ltrans9.ltrans.o
                0x0000000008008e50                Vector154
 *fill*         0x0000000008008e88        0x8 
 .text.Vector150
                0x0000000008008e90       0x38 /tmp/cc0IPsVg.ltrans9.ltrans.o
                0x0000000008008e90                Vector150
 *fill*         0x0000000008008ec8        0x8 
 .text.Vector130
                0x0000000008008ed0       0x34 /tmp/cc0IPsVg.ltrans9.ltrans.o
                0x0000000008008ed0                Vector130
 *fill*         0x0000000008008f04        0xc 
 .text.Vector12C
                0x0000000008008f10       0x38 /tmp/cc0IPsVg.ltrans9.ltrans.o
                0x0000000008008f10                Vector12C
 *fill*         0x0000000008008f48        0x8 
 .text.Vector128
                0x0000000008008f50       0x38 /tmp/cc0IPsVg.ltrans9.ltrans.o
                0x0000000008008f50                Vector128
 *fill*         0x0000000008008f88        0x8 
 .text.Vector124
                0x0000000008008f90       0x38 /tmp/cc0IPsVg.ltrans9.ltrans.o
                0x0000000008008f90                Vector124
 *fill*         0x0000000008008fc8        0x8 
 .text.Vector120
                0x0000000008008fd0       0x34 /tmp/cc0IPsVg.ltrans9.ltrans.o
                0x0000000008008fd0                Vector120
 *fill*         0x0000000008009004        0xc 
 .text.VectorFC
                0x0000000008009010       0x38 /tmp/cc0IPsVg.ltrans9.ltrans.o
                0x0000000008009010                VectorFC
 *fill*         0x0000000008009048        0x8 
 .text.Vector84
                0x0000000008009050       0x38 /tmp/cc0IPsVg.ltrans9.ltrans.o
                0x0000000008009050                Vector84
 *fill*         0x0000000008009088        0x8 
 .text.Vector80
                0x0000000008009090       0x38 /tmp/cc0IPsVg.ltrans9.ltrans.o
                0x0000000008009090                Vector80
 *fill*         0x00000000080090c8        0x8 
 .text.Vector7C
                0x00000000080090d0       0x34 /tmp/cc0IPsVg.ltrans9.ltrans.o
                0x00000000080090d0                Vector7C
 *fill*         0x0000000008009104        0xc 
 .text.Vector78
                0x0000000008009110       0x38 /tmp/cc0IPsVg.ltrans9.ltrans.o
                0x0000000008009110                Vector78
 *fill*         0x0000000008009148        0x8 
 .text.Vector74
                0x0000000008009150       0x38 /tmp/cc0IPsVg.ltrans9.ltrans.o
                0x0000000008009150                Vector74
 *fill*         0x0000000008009188        0x8 
 .text.Vector70
                0x0000000008009190       0x38 /tmp/cc0IPsVg.ltrans9.ltrans.o
                0x0000000008009190                Vector70
 *fill*         0x00000000080091c8        0x8 
 .text.Vector6C
                0x00000000080091d0       0x34 /tmp/cc0IPsVg.ltrans9.ltrans.o
                0x00000000080091d0                Vector6C
 *fill*         0x0000000008009204        0xc 
 .text.can_lld_sce_handler
                0x0000000008009210       0x74 /tmp/cc0IPsVg.ltrans9.ltrans.o
 *fill*         0x0000000008009284        0xc 
 .text.Vector148
                0x0000000008009290       0x20 /tmp/cc0IPsVg.ltrans9.ltrans.o
                0x0000000008009290                Vector148
 .text.Vector98
                0x00000000080092b0       0x20 /tmp/cc0IPsVg.ltrans9.ltrans.o
                0x00000000080092b0                Vector98
 .text.can_lld_rx1_handler
                0x00000000080092d0       0x78 /tmp/cc0IPsVg.ltrans9.ltrans.o
 *fill*         0x0000000008009348        0x8 
 .text.Vector144
                0x0000000008009350       0x20 /tmp/cc0IPsVg.ltrans9.ltrans.o
                0x0000000008009350                Vector144
 .text.Vector94
                0x0000000008009370       0x20 /tmp/cc0IPsVg.ltrans9.ltrans.o
                0x0000000008009370                Vector94
 .text.can_lld_rx0_handler
                0x0000000008009390       0x78 /tmp/cc0IPsVg.ltrans9.ltrans.o
 *fill*         0x0000000008009408        0x8 
 .text.Vector140
                0x0000000008009410       0x20 /tmp/cc0IPsVg.ltrans9.ltrans.o
                0x0000000008009410                Vector140
 .text.Vector90
                0x0000000008009430       0x20 /tmp/cc0IPsVg.ltrans9.ltrans.o
                0x0000000008009430                Vector90
 .text.can_lld_tx_handler
                0x0000000008009450       0x74 /tmp/cc0IPsVg.ltrans9.ltrans.o
 *fill*         0x00000000080094c4        0xc 
 .text.Vector13C
                0x00000000080094d0       0x20 /tmp/cc0IPsVg.ltrans9.ltrans.o
                0x00000000080094d0                Vector13C
 .text.Vector8C
                0x00000000080094f0       0x20 /tmp/cc0IPsVg.ltrans9.ltrans.o
                0x00000000080094f0                Vector8C
 .text.VectorB0
                0x0000000008009510       0xf4 /tmp/cc0IPsVg.ltrans9.ltrans.o
                0x0000000008009510                VectorB0
 *fill*         0x0000000008009604        0xc 
 .text._usb_ep0out
                0x0000000008009610       0xa8 /tmp/cc0IPsVg.ltrans9.ltrans.o
                0x0000000008009610                _usb_ep0out
 *fill*         0x00000000080096b8        0x8 
 .text._usb_ep0in
                0x00000000080096c0       0xf0 /tmp/cc0IPsVg.ltrans9.ltrans.o
                0x00000000080096c0                _usb_ep0in
 .text.dmaStreamAllocate
                0x00000000080097b0       0xd0 /tmp/cc0IPsVg.ltrans9.ltrans.o
                0x00000000080097b0                dmaStreamAllocate
 .text.rxend.lto_priv.152
                0x0000000008009880       0x3c /tmp/cc0IPsVg.ltrans10.ltrans.o
                0x0000000008009880                rxend.lto_priv.152
 *fill*         0x00000000080098bc        0x4 
 .text.cmd_temp
                0x00000000080098c0       0x40 /tmp/cc0IPsVg.ltrans10.ltrans.o
                0x00000000080098c0                cmd_temp
 .text.RC_reset.lto_priv.113
                0x0000000008009900       0x30 /tmp/cc0IPsVg.ltrans10.ltrans.o
                0x0000000008009900                RC_reset.lto_priv.113
 .text.lpfilter_apply
                0x0000000008009930       0x68 /tmp/cc0IPsVg.ltrans10.ltrans.o
                0x0000000008009930                lpfilter_apply
 *fill*         0x0000000008009998        0x8 
 .text.imuGetDataRaw
                0x00000000080099a0      0x190 /tmp/cc0IPsVg.ltrans10.ltrans.o
                0x00000000080099a0                imuGetDataRaw
 .text.imuGetData
                0x0000000008009b30      0x20c /tmp/cc0IPsVg.ltrans10.ltrans.o
                0x0000000008009b30                imuGetData
 *fill*         0x0000000008009d3c        0x4 
 .text.can_rx.lto_priv.95
                0x0000000008009d40      0x534 /tmp/cc0IPsVg.ltrans10.ltrans.o
                0x0000000008009d40                can_rx.lto_priv.95
 *fill*         0x000000000800a274        0xc 
 .text.gimbal_encoderUpdate.lto_priv.112
                0x000000000800a280      0x1d8 /tmp/cc0IPsVg.ltrans11.ltrans.o
                0x000000000800a280                gimbal_encoderUpdate.lto_priv.112
 *fill*         0x000000000800a458        0x8 
 .text.gimbal_kill
                0x000000000800a460       0x24 /tmp/cc0IPsVg.ltrans11.ltrans.o
                0x000000000800a460                gimbal_kill
 *fill*         0x000000000800a484        0xc 
 .text.uart_dbus_thread.lto_priv.94
                0x000000000800a490      0x6bc /tmp/cc0IPsVg.ltrans11.ltrans.o
                0x000000000800a490                uart_dbus_thread.lto_priv.94
 *fill*         0x000000000800ab4c        0x4 
 .text.cmd_param_scale
                0x000000000800ab50       0x40 /tmp/cc0IPsVg.ltrans12.ltrans.o
                0x000000000800ab50                cmd_param_scale
 .text.cmd_param_update
                0x000000000800ab90       0x1c /tmp/cc0IPsVg.ltrans12.ltrans.o
                0x000000000800ab90                cmd_param_update
 *fill*         0x000000000800abac        0x4 
 .text.sendLine
                0x000000000800abb0       0x4c /tmp/cc0IPsVg.ltrans12.ltrans.o
 *fill*         0x000000000800abfc        0x4 
 .text.cmd_param_tx
                0x000000000800ac00      0x1a4 /tmp/cc0IPsVg.ltrans12.ltrans.o
                0x000000000800ac00                cmd_param_tx
 *fill*         0x000000000800ada4        0xc 
 .text.cmd_param_rx
                0x000000000800adb0       0xbc /tmp/cc0IPsVg.ltrans12.ltrans.o
                0x000000000800adb0                cmd_param_rx
 *fill*         0x000000000800ae6c        0x4 
 .text.gimbal_init_thread.lto_priv.92
                0x000000000800ae70      0x388 /tmp/cc0IPsVg.ltrans12.ltrans.o
                0x000000000800ae70                gimbal_init_thread.lto_priv.92
 *fill*         0x000000000800b1f8        0x8 
 .text.gimbal_thread.lto_priv.93
                0x000000000800b200      0x758 /tmp/cc0IPsVg.ltrans12.ltrans.o
                0x000000000800b200                gimbal_thread.lto_priv.93
 *fill*         0x000000000800b958        0x8 
 .text.sduRequestsHook
                0x000000000800b960       0x40 /tmp/cc0IPsVg.ltrans13.ltrans.o
                0x000000000800b960                sduRequestsHook
 .text.sdcGetInfo
                0x000000000800b9a0       0x30 /tmp/cc0IPsVg.ltrans13.ltrans.o
                0x000000000800b9a0                sdcGetInfo
 .text.sdcSync  0x000000000800b9d0       0x20 /tmp/cc0IPsVg.ltrans13.ltrans.o
                0x000000000800b9d0                sdcSync
 .text.sduDataTransmitted
                0x000000000800b9f0       0xf0 /tmp/cc0IPsVg.ltrans13.ltrans.o
                0x000000000800b9f0                sduDataTransmitted
 .text.obnotify.lto_priv.98
                0x000000000800bae0       0x48 /tmp/cc0IPsVg.ltrans13.ltrans.o
                0x000000000800bae0                obnotify.lto_priv.98
 *fill*         0x000000000800bb28        0x8 
 .text.readt.lto_priv.110
                0x000000000800bb30       0x20 /tmp/cc0IPsVg.ltrans13.ltrans.o
                0x000000000800bb30                readt.lto_priv.110
 .text.read.lto_priv.104
                0x000000000800bb50       0x1c /tmp/cc0IPsVg.ltrans13.ltrans.o
                0x000000000800bb50                read.lto_priv.104
 *fill*         0x000000000800bb6c        0x4 
 .text.writet.lto_priv.109
                0x000000000800bb70       0x20 /tmp/cc0IPsVg.ltrans13.ltrans.o
                0x000000000800bb70                writet.lto_priv.109
 .text.write.lto_priv.103
                0x000000000800bb90       0x1c /tmp/cc0IPsVg.ltrans13.ltrans.o
                0x000000000800bb90                write.lto_priv.103
 *fill*         0x000000000800bbac        0x4 
 .text.gett.lto_priv.108
                0x000000000800bbb0       0x18 /tmp/cc0IPsVg.ltrans13.ltrans.o
                0x000000000800bbb0                gett.lto_priv.108
 *fill*         0x000000000800bbc8        0x8 
 .text.get.lto_priv.106
                0x000000000800bbd0       0x1c /tmp/cc0IPsVg.ltrans13.ltrans.o
                0x000000000800bbd0                get.lto_priv.106
 *fill*         0x000000000800bbec        0x4 
 .text.putt.lto_priv.107
                0x000000000800bbf0       0x18 /tmp/cc0IPsVg.ltrans13.ltrans.o
                0x000000000800bbf0                putt.lto_priv.107
 *fill*         0x000000000800bc08        0x8 
 .text.put.lto_priv.105
                0x000000000800bc10       0x1c /tmp/cc0IPsVg.ltrans13.ltrans.o
                0x000000000800bc10                put.lto_priv.105
 *fill*         0x000000000800bc2c        0x4 
 .text.sdcWrite
                0x000000000800bc30       0xd4 /tmp/cc0IPsVg.ltrans13.ltrans.o
                0x000000000800bc30                sdcWrite
 *fill*         0x000000000800bd04        0xc 
 .text.sdcRead  0x000000000800bd10       0xdc /tmp/cc0IPsVg.ltrans13.ltrans.o
                0x000000000800bd10                sdcRead
 *fill*         0x000000000800bdec        0x4 
 .text.sdu_start_receive.lto_priv.123
                0x000000000800bdf0       0x50 /tmp/cc0IPsVg.ltrans13.ltrans.o
                0x000000000800bdf0                sdu_start_receive.lto_priv.123
 .text.sduDataReceived
                0x000000000800be40       0xc8 /tmp/cc0IPsVg.ltrans13.ltrans.o
                0x000000000800be40                sduDataReceived
 *fill*         0x000000000800bf08        0x8 
 .text.ibnotify.lto_priv.97
                0x000000000800bf10        0x8 /tmp/cc0IPsVg.ltrans13.ltrans.o
                0x000000000800bf10                ibnotify.lto_priv.97
 *fill*         0x000000000800bf18        0x8 
 .text.sdcDisconnect
                0x000000000800bf20       0xb4 /tmp/cc0IPsVg.ltrans13.ltrans.o
                0x000000000800bf20                sdcDisconnect
 *fill*         0x000000000800bfd4        0xc 
 .text.chSchWakeupS.constprop.76
                0x000000000800bfe0       0x90 /tmp/cc0IPsVg.ltrans14.ltrans.o
                0x000000000800bfe0                chSchWakeupS.constprop.76
 .text.chThdResumeS.constprop.73
                0x000000000800c070       0x2c /tmp/cc0IPsVg.ltrans14.ltrans.o
                0x000000000800c070                chThdResumeS.constprop.73
 *fill*         0x000000000800c09c        0x4 
 .text.can_lld_set_filters.constprop.66
                0x000000000800c0a0      0x114 /tmp/cc0IPsVg.ltrans14.ltrans.o
                0x000000000800c0a0                can_lld_set_filters.constprop.66
 *fill*         0x000000000800c1b4        0xc 
 .text._strtok.constprop.21
                0x000000000800c1c0       0x40 /tmp/cc0IPsVg.ltrans14.ltrans.o
                0x000000000800c1c0                _strtok.constprop.21
 .text.lpfilter_init.constprop.11
                0x000000000800c200       0x7c /tmp/cc0IPsVg.ltrans14.ltrans.o
                0x000000000800c200                lpfilter_init.constprop.11
 *fill*         0x000000000800c27c        0x4 
 .text.pwmEnableChannel.constprop.46
                0x000000000800c280       0x7c /tmp/cc0IPsVg.ltrans14.ltrans.o
                0x000000000800c280                pwmEnableChannel.constprop.46
 *fill*         0x000000000800c2fc        0x4 
 .text.can_motorSetCurrent.constprop.4
                0x000000000800c300      0x164 /tmp/cc0IPsVg.ltrans14.ltrans.o
                0x000000000800c300                can_motorSetCurrent.constprop.4
 *fill*         0x000000000800c464        0xc 
 .text.__fpclassifyf
                0x000000000800c470       0x38 /usr/lib/gcc/arm-none-eabi/4.9.3/../../../arm-none-eabi/lib/armv7e-m/fpu/libm.a(lib_a-sf_fpclassify.o)
                0x000000000800c470                __fpclassifyf
 *fill*         0x000000000800c4a8        0x8 
 .text.cosf     0x000000000800c4b0       0x78 /usr/lib/gcc/arm-none-eabi/4.9.3/../../../arm-none-eabi/lib/armv7e-m/fpu/libm.a(lib_a-sf_cos.o)
                0x000000000800c4b0                cosf
 *fill*         0x000000000800c528        0x8 
 .text.sinf     0x000000000800c530       0x7c /usr/lib/gcc/arm-none-eabi/4.9.3/../../../arm-none-eabi/lib/armv7e-m/fpu/libm.a(lib_a-sf_sin.o)
                0x000000000800c530                sinf
 *fill*         0x000000000800c5ac        0x4 
 .text.tanf     0x000000000800c5b0       0x5c /usr/lib/gcc/arm-none-eabi/4.9.3/../../../arm-none-eabi/lib/armv7e-m/fpu/libm.a(lib_a-sf_tan.o)
                0x000000000800c5b0                tanf
 *fill*         0x000000000800c60c        0x4 
 .text.asinf    0x000000000800c610       0xbc /usr/lib/gcc/arm-none-eabi/4.9.3/../../../arm-none-eabi/lib/armv7e-m/fpu/libm.a(lib_a-wf_asin.o)
                0x000000000800c610                asinf
 *fill*         0x000000000800c6cc        0x4 
 .text.atan2f   0x000000000800c6d0        0x4 /usr/lib/gcc/arm-none-eabi/4.9.3/../../../arm-none-eabi/lib/armv7e-m/fpu/libm.a(lib_a-wf_atan2.o)
                0x000000000800c6d0                atan2f
 *fill*         0x000000000800c6d4        0xc 
 .text.sqrtf    0x000000000800c6e0       0xb8 /usr/lib/gcc/arm-none-eabi/4.9.3/../../../arm-none-eabi/lib/armv7e-m/fpu/libm.a(lib_a-wf_sqrt.o)
                0x000000000800c6e0                sqrtf
 *fill*         0x000000000800c798        0x8 
 .text.__ieee754_asinf
                0x000000000800c7a0      0x1f8 /usr/lib/gcc/arm-none-eabi/4.9.3/../../../arm-none-eabi/lib/armv7e-m/fpu/libm.a(lib_a-ef_asin.o)
                0x000000000800c7a0                __ieee754_asinf
 *fill*         0x000000000800c998        0x8 
 .text.__ieee754_atan2f
                0x000000000800c9a0      0x16c /usr/lib/gcc/arm-none-eabi/4.9.3/../../../arm-none-eabi/lib/armv7e-m/fpu/libm.a(lib_a-ef_atan2.o)
                0x000000000800c9a0                __ieee754_atan2f
 *fill*         0x000000000800cb0c        0x4 
 .text.__ieee754_rem_pio2f
                0x000000000800cb10      0x290 /usr/lib/gcc/arm-none-eabi/4.9.3/../../../arm-none-eabi/lib/armv7e-m/fpu/libm.a(lib_a-ef_rem_pio2.o)
                0x000000000800cb10                __ieee754_rem_pio2f
 .text.__ieee754_sqrtf
                0x000000000800cda0       0xa4 /usr/lib/gcc/arm-none-eabi/4.9.3/../../../arm-none-eabi/lib/armv7e-m/fpu/libm.a(lib_a-ef_sqrt.o)
                0x000000000800cda0                __ieee754_sqrtf
 *fill*         0x000000000800ce44        0xc 
 .text.__kernel_cosf
                0x000000000800ce50      0x104 /usr/lib/gcc/arm-none-eabi/4.9.3/../../../arm-none-eabi/lib/armv7e-m/fpu/libm.a(lib_a-kf_cos.o)
                0x000000000800ce50                __kernel_cosf
 *fill*         0x000000000800cf54        0xc 
 .text.__kernel_rem_pio2f
                0x000000000800cf60      0x5e4 /usr/lib/gcc/arm-none-eabi/4.9.3/../../../arm-none-eabi/lib/armv7e-m/fpu/libm.a(lib_a-kf_rem_pio2.o)
                0x000000000800cf60                __kernel_rem_pio2f
 *fill*         0x000000000800d544        0xc 
 .text.__kernel_sinf
                0x000000000800d550       0x90 /usr/lib/gcc/arm-none-eabi/4.9.3/../../../arm-none-eabi/lib/armv7e-m/fpu/libm.a(lib_a-kf_sin.o)
                0x000000000800d550                __kernel_sinf
 .text.__kernel_tanf
                0x000000000800d5e0      0x1d0 /usr/lib/gcc/arm-none-eabi/4.9.3/../../../arm-none-eabi/lib/armv7e-m/fpu/libm.a(lib_a-kf_tan.o)
                0x000000000800d5e0                __kernel_tanf
 .text.matherr  0x000000000800d7b0        0x4 /usr/lib/gcc/arm-none-eabi/4.9.3/../../../arm-none-eabi/lib/armv7e-m/fpu/libm.a(lib_a-s_matherr.o)
                0x000000000800d7b0                matherr
 *fill*         0x000000000800d7b4        0xc 
 .text.nan      0x000000000800d7c0       0x10 /usr/lib/gcc/arm-none-eabi/4.9.3/../../../arm-none-eabi/lib/armv7e-m/fpu/libm.a(lib_a-s_nan.o)
                0x000000000800d7c0                nan
 .text.atanf    0x000000000800d7d0      0x1b8 /usr/lib/gcc/arm-none-eabi/4.9.3/../../../arm-none-eabi/lib/armv7e-m/fpu/libm.a(lib_a-sf_atan.o)
                0x000000000800d7d0                atanf
 *fill*         0x000000000800d988        0x8 
 .text.fabsf    0x000000000800d990       0x10 /usr/lib/gcc/arm-none-eabi/4.9.3/../../../arm-none-eabi/lib/armv7e-m/fpu/libm.a(lib_a-sf_fabs.o)
                0x000000000800d990                fabsf
 .text.floorf   0x000000000800d9a0       0x90 /usr/lib/gcc/arm-none-eabi/4.9.3/../../../arm-none-eabi/lib/armv7e-m/fpu/libm.a(lib_a-sf_floor.o)
                0x000000000800d9a0                floorf
 .text.scalbnf  0x000000000800da30       0xd0 /usr/lib/gcc/arm-none-eabi/4.9.3/../../../arm-none-eabi/lib/armv7e-m/fpu/libm.a(lib_a-sf_scalbn.o)
                0x000000000800da30                scalbnf
 .text.copysignf
                0x000000000800db00       0x18 /usr/lib/gcc/arm-none-eabi/4.9.3/../../../arm-none-eabi/lib/armv7e-m/fpu/libm.a(lib_a-sf_copysign.o)
                0x000000000800db00                copysignf
 *fill*         0x000000000800db18        0x8 
 .text.__errno  0x000000000800db20        0xc /usr/lib/gcc/arm-none-eabi/4.9.3/../../../arm-none-eabi/lib/armv7e-m/fpu/libg.a(lib_a-errno.o)
                0x000000000800db20                __errno
 *fill*         0x000000000800db2c        0x4 
 .text.memset   0x000000000800db30       0x9c /usr/lib/gcc/arm-none-eabi/4.9.3/../../../arm-none-eabi/lib/armv7e-m/fpu/libg.a(lib_a-memset.o)
                0x000000000800db30                memset
 *fill*         0x000000000800dbcc        0x4 
 .text.strlen   0x000000000800dbd0       0x5c /usr/lib/gcc/arm-none-eabi/4.9.3/../../../arm-none-eabi/lib/armv7e-m/fpu/libg.a(lib_a-strlen.o)
                0x000000000800dbd0                strlen
 *fill*         0x000000000800dc2c        0x4 
 .text.strpbrk  0x000000000800dc30       0x48 /usr/lib/gcc/arm-none-eabi/4.9.3/../../../arm-none-eabi/lib/armv7e-m/fpu/libg.a(lib_a-strpbrk.o)
                0x000000000800dc30                strpbrk
 *fill*         0x000000000800dc78        0x8 
 .text.strspn   0x000000000800dc80       0x34 /usr/lib/gcc/arm-none-eabi/4.9.3/../../../arm-none-eabi/lib/armv7e-m/fpu/libg.a(lib_a-strspn.o)
                0x000000000800dc80                strspn
 *(.rodata)
 *(.rodata.*)
 *fill*         0x000000000800dcb4        0xc 
 .rodata.vmt    0x000000000800dcc0       0x20 /tmp/cc0IPsVg.ltrans0.ltrans.o
 .rodata.__func__.8460
                0x000000000800dce0        0x9 /tmp/cc0IPsVg.ltrans0.ltrans.o
 *fill*         0x000000000800dce9        0x7 
 .rodata._stm32_dma_streams
                0x000000000800dcf0       0xc0 /tmp/cc0IPsVg.ltrans0.ltrans.o
 .rodata.shell_cfg1
                0x000000000800ddb0        0x8 /tmp/cc0IPsVg.ltrans0.ltrans.o
 *fill*         0x000000000800ddb8        0x8 
 .rodata.__func__.8410
                0x000000000800ddc0        0x9 /tmp/cc0IPsVg.ltrans0.ltrans.o
 *fill*         0x000000000800ddc9        0x7 
 .rodata.__func__.8764
                0x000000000800ddd0        0x9 /tmp/cc0IPsVg.ltrans0.ltrans.o
 *fill*         0x000000000800ddd9        0x7 
 .rodata._yaw_atti_name
                0x000000000800dde0       0x10 /tmp/cc0IPsVg.ltrans0.ltrans.o
 .rodata.axis_ff_name
                0x000000000800ddf0        0xf /tmp/cc0IPsVg.ltrans0.ltrans.o
 *fill*         0x000000000800ddff        0x1 
 .rodata.FEEDER_VEL
                0x000000000800de00        0x4 /tmp/cc0IPsVg.ltrans0.ltrans.o
 *fill*         0x000000000800de04        0xc 
 .rodata.limit_subname
                0x000000000800de10       0x24 /tmp/cc0IPsVg.ltrans0.ltrans.o
 *fill*         0x000000000800de34        0xc 
 .rodata.commands
                0x000000000800de40       0x48 /tmp/cc0IPsVg.ltrans0.ltrans.o
 *fill*         0x000000000800de88        0x8 
 .rodata.__func__.6506
                0x000000000800de90        0xc /tmp/cc0IPsVg.ltrans0.ltrans.o
 *fill*         0x000000000800de9c        0x4 
 .rodata.subname_axis
                0x000000000800dea0        0xa /tmp/cc0IPsVg.ltrans0.ltrans.o
 *fill*         0x000000000800deaa        0x6 
 .rodata.__func__.6336
                0x000000000800deb0        0xc /tmp/cc0IPsVg.ltrans0.ltrans.o
 *fill*         0x000000000800debc        0x4 
 .rodata._pitch_vel_name
                0x000000000800dec0       0x11 /tmp/cc0IPsVg.ltrans0.ltrans.o
 *fill*         0x000000000800ded1        0xf 
 .rodata.str1.4
                0x000000000800dee0       0x4f /tmp/cc0IPsVg.ltrans0.ltrans.o
 *fill*         0x000000000800df2f        0x1 
 .rodata.usbcfg
                0x000000000800df30       0x10 /tmp/cc0IPsVg.ltrans0.ltrans.o
 .rodata.__func__.8519
                0x000000000800df40       0x13 /tmp/cc0IPsVg.ltrans0.ltrans.o
 *fill*         0x000000000800df53        0xd 
 .rodata.subname_PI
                0x000000000800df60        0x6 /tmp/cc0IPsVg.ltrans0.ltrans.o
 *fill*         0x000000000800df66        0xa 
 .rodata.subname_feeder_PID
                0x000000000800df70        0x9 /tmp/cc0IPsVg.ltrans0.ltrans.o
 *fill*         0x000000000800df79        0x7 
 .rodata.__func__.6022.lto_priv.87
                0x000000000800df80        0xc /tmp/cc0IPsVg.ltrans0.ltrans.o
 *fill*         0x000000000800df8c        0x4 
 .rodata.serusbcfg
                0x000000000800df90        0x8 /tmp/cc0IPsVg.ltrans0.ltrans.o
 *fill*         0x000000000800df98        0x8 
 .rodata.__func__.6022.lto_priv.88
                0x000000000800dfa0        0xc /tmp/cc0IPsVg.ltrans0.ltrans.o
 *fill*         0x000000000800dfac        0x4 
 .rodata.hsparams
                0x000000000800dfb0        0xc /tmp/cc0IPsVg.ltrans0.ltrans.o
 *fill*         0x000000000800dfbc        0x4 
 .rodata._yaw_vel_name
                0x000000000800dfc0        0xf /tmp/cc0IPsVg.ltrans0.ltrans.o
 *fill*         0x000000000800dfcf        0x1 
 .rodata.sdc_vmt
                0x000000000800dfd0       0x20 /tmp/cc0IPsVg.ltrans0.ltrans.o
 .rodata.limit_name
                0x000000000800dff0       0x12 /tmp/cc0IPsVg.ltrans0.ltrans.o
 *fill*         0x000000000800e002        0xe 
 .rodata.fsparams
                0x000000000800e010        0xc /tmp/cc0IPsVg.ltrans0.ltrans.o
 *fill*         0x000000000800e01c        0x4 
 .rodata._ZL6wdgcfg
                0x000000000800e020        0x8 /tmp/cc0IPsVg.ltrans0.ltrans.o
 *fill*         0x000000000800e028        0x8 
 .rodata.ff_int_name
                0x000000000800e030        0xe /tmp/cc0IPsVg.ltrans0.ltrans.o
 *fill*         0x000000000800e03e        0x2 
 .rodata.accl_name
                0x000000000800e040        0xf /tmp/cc0IPsVg.ltrans0.ltrans.o
 *fill*         0x000000000800e04f        0x1 
 .rodata._pitch_atti_name
                0x000000000800e050       0x12 /tmp/cc0IPsVg.ltrans0.ltrans.o
 *fill*         0x000000000800e062        0xe 
 .rodata.yaw_pos_name
                0x000000000800e070        0xf /tmp/cc0IPsVg.ltrans0.ltrans.o
 *fill*         0x000000000800e07f        0x1 
 .rodata.init_pos_name
                0x000000000800e080       0x10 /tmp/cc0IPsVg.ltrans0.ltrans.o
 .rodata.subname_accl
                0x000000000800e090       0x24 /tmp/cc0IPsVg.ltrans0.ltrans.o
 *fill*         0x000000000800e0b4        0xc 
 .rodata.__func__.8402
                0x000000000800e0c0        0x9 /tmp/cc0IPsVg.ltrans0.ltrans.o
 *fill*         0x000000000800e0c9        0x7 
 .rodata.subname_ff
                0x000000000800e0d0       0x2c /tmp/cc0IPsVg.ltrans0.ltrans.o
 *fill*         0x000000000800e0fc        0x4 
 .rodata.pitch_pos_name
                0x000000000800e100       0x11 /tmp/cc0IPsVg.ltrans0.ltrans.o
 *fill*         0x000000000800e111        0xf 
 .rodata.__func__.8405
                0x000000000800e120        0x9 /tmp/cc0IPsVg.ltrans0.ltrans.o
 *fill*         0x000000000800e129        0x7 
 .rodata.cancfg
                0x000000000800e130        0x8 /tmp/cc0IPsVg.ltrans0.ltrans.o
 *fill*         0x000000000800e138        0x8 
 .rodata.ch_debug
                0x000000000800e140       0x16 /tmp/cc0IPsVg.ltrans0.ltrans.o
 *fill*         0x000000000800e156        0xa 
 .rodata.FEEDER_POS
                0x000000000800e160        0x4 /tmp/cc0IPsVg.ltrans0.ltrans.o
 *fill*         0x000000000800e164        0xc 
 .rodata.subname_PID
                0x000000000800e170        0x9 /tmp/cc0IPsVg.ltrans0.ltrans.o
 *fill*         0x000000000800e179        0x7 
 .rodata.MPU6500_SPI_cfg
                0x000000000800e180        0xc /tmp/cc0IPsVg.ltrans1.ltrans.o
 *fill*         0x000000000800e18c        0x4 
 .rodata.axisName
                0x000000000800e190        0x6 /tmp/cc0IPsVg.ltrans1.ltrans.o
 *fill*         0x000000000800e196        0xa 
 .rodata.accelBiasName
                0x000000000800e1a0        0xa /tmp/cc0IPsVg.ltrans1.ltrans.o
 *fill*         0x000000000800e1aa        0x6 
 .rodata._ZZL11chSysUnlockvE8__func__
                0x000000000800e1b0        0xc /tmp/cc0IPsVg.ltrans1.ltrans.o
 *fill*         0x000000000800e1bc        0x4 
 .rodata.__func__.6022.lto_priv.171
                0x000000000800e1c0        0xc /tmp/cc0IPsVg.ltrans1.ltrans.o
                0x000000000800e1c0                __func__.6022.lto_priv.171
 *fill*         0x000000000800e1cc        0x4 
 .rodata.__func__.8405.lto_priv.115
                0x000000000800e1d0        0x9 /tmp/cc0IPsVg.ltrans1.ltrans.o
 *fill*         0x000000000800e1d9        0x7 
 .rodata.accelTNameSub1
                0x000000000800e1e0        0xc /tmp/cc0IPsVg.ltrans1.ltrans.o
 *fill*         0x000000000800e1ec        0x4 
 .rodata.accelTNameSub2
                0x000000000800e1f0        0x6 /tmp/cc0IPsVg.ltrans1.ltrans.o
 *fill*         0x000000000800e1f6        0xa 
 .rodata.str1.4
                0x000000000800e200       0x17 /tmp/cc0IPsVg.ltrans1.ltrans.o
 *fill*         0x000000000800e217        0x9 
 .rodata.accelTName1
                0x000000000800e220        0x8 /tmp/cc0IPsVg.ltrans1.ltrans.o
 *fill*         0x000000000800e228        0x8 
 .rodata.accelTName2
                0x000000000800e230        0x8 /tmp/cc0IPsVg.ltrans1.ltrans.o
 *fill*         0x000000000800e238        0x8 
 .rodata.__func__.8425
                0x000000000800e240        0xe /tmp/cc0IPsVg.ltrans1.ltrans.o
 *fill*         0x000000000800e24e        0x2 
 .rodata.__func__.8405.lto_priv.116
                0x000000000800e250        0x9 /tmp/cc0IPsVg.ltrans1.ltrans.o
 *fill*         0x000000000800e259        0x7 
 .rodata.__func__.8420
                0x000000000800e260        0xe /tmp/cc0IPsVg.ltrans1.ltrans.o
 *fill*         0x000000000800e26e        0x2 
 .rodata.gyroBiasName
                0x000000000800e270        0x9 /tmp/cc0IPsVg.ltrans1.ltrans.o
 *fill*         0x000000000800e279        0x7 
 .rodata.__func__.6196
                0x000000000800e280        0xc /tmp/cc0IPsVg.ltrans2.ltrans.o
 *fill*         0x000000000800e28c        0x4 
 .rodata.__func__.6022.lto_priv.180
                0x000000000800e290        0xc /tmp/cc0IPsVg.ltrans2.ltrans.o
 *fill*         0x000000000800e29c        0x4 
 .rodata.__func__.6725
                0x000000000800e2a0        0xc /tmp/cc0IPsVg.ltrans2.ltrans.o
 *fill*         0x000000000800e2ac        0x4 
 .rodata.__func__.6803
                0x000000000800e2b0        0xd /tmp/cc0IPsVg.ltrans2.ltrans.o
 *fill*         0x000000000800e2bd        0x3 
 .rodata.__func__.6791
                0x000000000800e2c0        0xe /tmp/cc0IPsVg.ltrans2.ltrans.o
 *fill*         0x000000000800e2ce        0x2 
 .rodata.__func__.6728
                0x000000000800e2d0        0xb /tmp/cc0IPsVg.ltrans2.ltrans.o
 *fill*         0x000000000800e2db        0x5 
 .rodata.str1.4
                0x000000000800e2e0       0x4d /tmp/cc0IPsVg.ltrans2.ltrans.o
 *fill*         0x000000000800e32d        0x3 
 .rodata.__func__.8401
                0x000000000800e330        0xd /tmp/cc0IPsVg.ltrans2.ltrans.o
 *fill*         0x000000000800e33d        0x3 
 .rodata.__func__.6737
                0x000000000800e340        0xd /tmp/cc0IPsVg.ltrans2.ltrans.o
 *fill*         0x000000000800e34d        0x3 
 .rodata.ram_areas
                0x000000000800e350       0x80 /tmp/cc0IPsVg.ltrans2.ltrans.o
 .rodata.__func__.8742
                0x000000000800e3d0       0x19 /tmp/cc0IPsVg.ltrans2.ltrans.o
 *fill*         0x000000000800e3e9        0x7 
 .rodata.__func__.6745
                0x000000000800e3f0       0x15 /tmp/cc0IPsVg.ltrans2.ltrans.o
 *fill*         0x000000000800e405        0xb 
 .rodata.__func__.8408
                0x000000000800e410        0xb /tmp/cc0IPsVg.ltrans2.ltrans.o
 *fill*         0x000000000800e41b        0x5 
 .rodata.__func__.6781
                0x000000000800e420        0xb /tmp/cc0IPsVg.ltrans2.ltrans.o
 *fill*         0x000000000800e42b        0x5 
 .rodata.__func__.8749
                0x000000000800e430       0x17 /tmp/cc0IPsVg.ltrans2.ltrans.o
 *fill*         0x000000000800e447        0x9 
 .rodata.__func__.6762
                0x000000000800e450        0xd /tmp/cc0IPsVg.ltrans2.ltrans.o
 *fill*         0x000000000800e45d        0x3 
 .rodata.__func__.8459
                0x000000000800e460        0x8 /tmp/cc0IPsVg.ltrans3.ltrans.o
 *fill*         0x000000000800e468        0x8 
 .rodata.__func__.8417
                0x000000000800e470        0xc /tmp/cc0IPsVg.ltrans3.ltrans.o
 *fill*         0x000000000800e47c        0x4 
 .rodata.__func__.6022.lto_priv.170
                0x000000000800e480        0xc /tmp/cc0IPsVg.ltrans3.ltrans.o
 *fill*         0x000000000800e48c        0x4 
 .rodata.__func__.8781
                0x000000000800e490       0x11 /tmp/cc0IPsVg.ltrans3.ltrans.o
 *fill*         0x000000000800e4a1        0xf 
 .rodata.zero_status
                0x000000000800e4b0        0x2 /tmp/cc0IPsVg.ltrans3.ltrans.o
 *fill*         0x000000000800e4b2        0xe 
 .rodata.__func__.8786
                0x000000000800e4c0       0x15 /tmp/cc0IPsVg.ltrans3.ltrans.o
 *fill*         0x000000000800e4d5        0xb 
 .rodata.__func__.6728
                0x000000000800e4e0        0xb /tmp/cc0IPsVg.ltrans3.ltrans.o
 *fill*         0x000000000800e4eb        0x5 
 .rodata.__func__.8473
                0x000000000800e4f0        0xe /tmp/cc0IPsVg.ltrans3.ltrans.o
 *fill*         0x000000000800e4fe        0x2 
 .rodata.__func__.8797
                0x000000000800e500       0x11 /tmp/cc0IPsVg.ltrans3.ltrans.o
 *fill*         0x000000000800e511        0xf 
 .rodata.__func__.8465
                0x000000000800e520        0xb /tmp/cc0IPsVg.ltrans3.ltrans.o
 *fill*         0x000000000800e52b        0x5 
 .rodata.__func__.8413
                0x000000000800e530        0xa /tmp/cc0IPsVg.ltrans3.ltrans.o
 *fill*         0x000000000800e53a        0x6 
 .rodata.__func__.6751
                0x000000000800e540        0xc /tmp/cc0IPsVg.ltrans3.ltrans.o
 *fill*         0x000000000800e54c        0x4 
 .rodata.active_status
                0x000000000800e550        0x2 /tmp/cc0IPsVg.ltrans3.ltrans.o
 *fill*         0x000000000800e552        0xe 
 .rodata.__func__.8469
                0x000000000800e560        0xe /tmp/cc0IPsVg.ltrans3.ltrans.o
 *fill*         0x000000000800e56e        0x2 
 .rodata.halted_status
                0x000000000800e570        0x2 /tmp/cc0IPsVg.ltrans3.ltrans.o
 *fill*         0x000000000800e572        0xe 
 .rodata.__func__.8805
                0x000000000800e580       0x12 /tmp/cc0IPsVg.ltrans3.ltrans.o
 *fill*         0x000000000800e592        0xe 
 .rodata.__func__.8809
                0x000000000800e5a0       0x13 /tmp/cc0IPsVg.ltrans4.ltrans.o
 *fill*         0x000000000800e5b3        0xd 
 .rodata.__func__.8818
                0x000000000800e5c0       0x12 /tmp/cc0IPsVg.ltrans4.ltrans.o
 *fill*         0x000000000800e5d2        0xe 
 .rodata.__func__.6336.lto_priv.178
                0x000000000800e5e0        0xc /tmp/cc0IPsVg.ltrans4.ltrans.o
                0x000000000800e5e0                __func__.6336.lto_priv.178
 *fill*         0x000000000800e5ec        0x4 
 .rodata.__func__.8850
                0x000000000800e5f0        0xb /tmp/cc0IPsVg.ltrans4.ltrans.o
 *fill*         0x000000000800e5fb        0x5 
 .rodata.__func__.8404
                0x000000000800e600       0x11 /tmp/cc0IPsVg.ltrans4.ltrans.o
 *fill*         0x000000000800e611        0xf 
 .rodata.__func__.8411
                0x000000000800e620       0x14 /tmp/cc0IPsVg.ltrans4.ltrans.o
 *fill*         0x000000000800e634        0xc 
 .rodata.__func__.8800
                0x000000000800e640       0x1a /tmp/cc0IPsVg.ltrans4.ltrans.o
 *fill*         0x000000000800e65a        0x6 
 .rodata.__func__.6022.lto_priv.179
                0x000000000800e660        0xc /tmp/cc0IPsVg.ltrans5.ltrans.o
                0x000000000800e660                __func__.6022.lto_priv.179
 *fill*         0x000000000800e66c        0x4 
 .rodata.str1.4
                0x000000000800e670      0x43b /tmp/cc0IPsVg.ltrans5.ltrans.o
 *fill*         0x000000000800eaab        0x5 
 .rodata.pow10  0x000000000800eab0       0x24 /tmp/cc0IPsVg.ltrans5.ltrans.o
 *fill*         0x000000000800ead4        0xc 
 .rodata.__func__.8720
                0x000000000800eae0       0x1b /tmp/cc0IPsVg.ltrans6.ltrans.o
 *fill*         0x000000000800eafb        0x5 
 .rodata.__func__.6336
                0x000000000800eb00        0xc /tmp/cc0IPsVg.ltrans6.ltrans.o
 *fill*         0x000000000800eb0c        0x4 
 .rodata.str1.4
                0x000000000800eb10      0x206 /tmp/cc0IPsVg.ltrans6.ltrans.o
                                        0x20a (size before relaxing)
 *fill*         0x000000000800ed16        0xa 
 .rodata.local_commands
                0x000000000800ed20       0x18 /tmp/cc0IPsVg.ltrans6.ltrans.o
 *fill*         0x000000000800ed38        0x8 
 .rodata.__func__.8766
                0x000000000800ed40       0x1b /tmp/cc0IPsVg.ltrans7.ltrans.o
 *fill*         0x000000000800ed5b        0x5 
 .rodata.__func__.6336.lto_priv.163
                0x000000000800ed60        0xc /tmp/cc0IPsVg.ltrans7.ltrans.o
 *fill*         0x000000000800ed6c        0x4 
 .rodata.__func__.6336.lto_priv.164
                0x000000000800ed70        0xc /tmp/cc0IPsVg.ltrans7.ltrans.o
 *fill*         0x000000000800ed7c        0x4 
 .rodata.__func__.8760.lto_priv.167
                0x000000000800ed80        0xe /tmp/cc0IPsVg.ltrans7.ltrans.o
                0x000000000800ed80                __func__.8760.lto_priv.167
 *fill*         0x000000000800ed8e        0x2 
 .rodata.str1.4
                0x000000000800ed90        0xd /tmp/cc0IPsVg.ltrans7.ltrans.o
 *fill*         0x000000000800ed9d        0x3 
 .rodata.ep0config
                0x000000000800eda0       0x24 /tmp/cc0IPsVg.ltrans7.ltrans.o
 *fill*         0x000000000800edc4        0xc 
 .rodata.vcom_configuration_descriptor_data
                0x000000000800edd0       0x43 /tmp/cc0IPsVg.ltrans8.ltrans.o
 *fill*         0x000000000800ee13        0xd 
 .rodata.vcom_string0
                0x000000000800ee20        0x4 /tmp/cc0IPsVg.ltrans8.ltrans.o
 *fill*         0x000000000800ee24        0xc 
 .rodata.ep2config
                0x000000000800ee30       0x24 /tmp/cc0IPsVg.ltrans8.ltrans.o
 *fill*         0x000000000800ee54        0xc 
 .rodata.vcom_string1
                0x000000000800ee60       0x26 /tmp/cc0IPsVg.ltrans8.ltrans.o
 *fill*         0x000000000800ee86        0xa 
 .rodata.vcom_strings
                0x000000000800ee90       0x20 /tmp/cc0IPsVg.ltrans8.ltrans.o
 .rodata.vcom_string3
                0x000000000800eeb0        0x8 /tmp/cc0IPsVg.ltrans8.ltrans.o
 *fill*         0x000000000800eeb8        0x8 
 .rodata.vcom_string2
                0x000000000800eec0       0x38 /tmp/cc0IPsVg.ltrans8.ltrans.o
 *fill*         0x000000000800eef8        0x8 
 .rodata.__func__.6022
                0x000000000800ef00        0xc /tmp/cc0IPsVg.ltrans8.ltrans.o
 *fill*         0x000000000800ef0c        0x4 
 .rodata.vcom_device_descriptor
                0x000000000800ef10        0x8 /tmp/cc0IPsVg.ltrans8.ltrans.o
 *fill*         0x000000000800ef18        0x8 
 .rodata.__func__.8484
                0x000000000800ef20        0xc /tmp/cc0IPsVg.ltrans8.ltrans.o
 *fill*         0x000000000800ef2c        0x4 
 .rodata.vcom_device_descriptor_data
                0x000000000800ef30       0x12 /tmp/cc0IPsVg.ltrans8.ltrans.o
 *fill*         0x000000000800ef42        0xe 
 .rodata.vcom_configuration_descriptor
                0x000000000800ef50        0x8 /tmp/cc0IPsVg.ltrans8.ltrans.o
 *fill*         0x000000000800ef58        0x8 
 .rodata.str1.4
                0x000000000800ef60       0x2a /tmp/cc0IPsVg.ltrans8.ltrans.o
 *fill*         0x000000000800ef8a        0x6 
 .rodata.ep1config
                0x000000000800ef90       0x24 /tmp/cc0IPsVg.ltrans8.ltrans.o
 *fill*         0x000000000800efb4        0xc 
 .rodata.__func__.6111
                0x000000000800efc0        0xc /tmp/cc0IPsVg.ltrans9.ltrans.o
 *fill*         0x000000000800efcc        0x4 
 .rodata.__func__.8845
                0x000000000800efd0        0xb /tmp/cc0IPsVg.ltrans9.ltrans.o
 *fill*         0x000000000800efdb        0x5 
 .rodata.__func__.8859
                0x000000000800efe0        0xc /tmp/cc0IPsVg.ltrans9.ltrans.o
 *fill*         0x000000000800efec        0x4 
 .rodata.__func__.8479
                0x000000000800eff0       0x12 /tmp/cc0IPsVg.ltrans9.ltrans.o
 *fill*         0x000000000800f002        0xe 
 .rodata.__func__.6723
                0x000000000800f010       0x1b /tmp/cc0IPsVg.ltrans10.ltrans.o
 *fill*         0x000000000800f02b        0x5 
 .rodata.str1.4
                0x000000000800f030       0x31 /tmp/cc0IPsVg.ltrans10.ltrans.o
 *fill*         0x000000000800f061        0xf 
 .rodata.__func__.6022
                0x000000000800f070        0xc /tmp/cc0IPsVg.ltrans10.ltrans.o
 *fill*         0x000000000800f07c        0x4 
 .rodata.__func__.8439
                0x000000000800f080        0xb /tmp/cc0IPsVg.ltrans10.ltrans.o
 *fill*         0x000000000800f08b        0x5 
 .rodata.__func__.8486
                0x000000000800f090       0x11 /tmp/cc0IPsVg.ltrans11.ltrans.o
 *fill*         0x000000000800f0a1        0xf 
 .rodata.__func__.6797
                0x000000000800f0b0       0x15 /tmp/cc0IPsVg.ltrans11.ltrans.o
 *fill*         0x000000000800f0c5        0xb 
 .rodata.__func__.8437
                0x000000000800f0d0       0x11 /tmp/cc0IPsVg.ltrans11.ltrans.o
 *fill*         0x000000000800f0e1        0xf 
 .rodata.__func__.8448
                0x000000000800f0f0       0x10 /tmp/cc0IPsVg.ltrans11.ltrans.o
 .rodata.__func__.8454
                0x000000000800f100        0xf /tmp/cc0IPsVg.ltrans11.ltrans.o
 *fill*         0x000000000800f10f        0x1 
 .rodata.str1.4
                0x000000000800f110       0x13 /tmp/cc0IPsVg.ltrans11.ltrans.o
 *fill*         0x000000000800f123        0xd 
 .rodata.__func__.8405
                0x000000000800f130        0xa /tmp/cc0IPsVg.ltrans11.ltrans.o
 *fill*         0x000000000800f13a        0x6 
 .rodata.__func__.6022.lto_priv.148
                0x000000000800f140        0xc /tmp/cc0IPsVg.ltrans11.ltrans.o
 *fill*         0x000000000800f14c        0x4 
 .rodata.__func__.6022.lto_priv.147
                0x000000000800f150        0xc /tmp/cc0IPsVg.ltrans11.ltrans.o
 *fill*         0x000000000800f15c        0x4 
 .rodata.str1.4
                0x000000000800f160       0x3a /tmp/cc0IPsVg.ltrans12.ltrans.o
 *fill*         0x000000000800f19a        0x6 
 .rodata.__func__.6022.lto_priv.134
                0x000000000800f1a0        0xc /tmp/cc0IPsVg.ltrans12.ltrans.o
 *fill*         0x000000000800f1ac        0x4 
 .rodata.__func__.6022.lto_priv.135
                0x000000000800f1b0        0xc /tmp/cc0IPsVg.ltrans12.ltrans.o
 *fill*         0x000000000800f1bc        0x4 
 .rodata.__func__.8869
                0x000000000800f1c0        0x8 /tmp/cc0IPsVg.ltrans13.ltrans.o
 *fill*         0x000000000800f1c8        0x8 
 .rodata.__func__.8877
                0x000000000800f1d0        0x9 /tmp/cc0IPsVg.ltrans13.ltrans.o
 *fill*         0x000000000800f1d9        0x7 
 .rodata.__func__.8892
                0x000000000800f1e0        0xb /tmp/cc0IPsVg.ltrans13.ltrans.o
 *fill*         0x000000000800f1eb        0x5 
 .rodata.__func__.6336
                0x000000000800f1f0        0xc /tmp/cc0IPsVg.ltrans13.ltrans.o
 *fill*         0x000000000800f1fc        0x4 
 .rodata.__func__.8786
                0x000000000800f200       0x17 /tmp/cc0IPsVg.ltrans13.ltrans.o
 *fill*         0x000000000800f217        0x9 
 .rodata.__func__.8842
                0x000000000800f220       0x15 /tmp/cc0IPsVg.ltrans13.ltrans.o
 *fill*         0x000000000800f235        0xb 
 .rodata.__func__.8728
                0x000000000800f240       0x13 /tmp/cc0IPsVg.ltrans13.ltrans.o
 *fill*         0x000000000800f253        0xd 
 .rodata.__func__.8851
                0x000000000800f260       0x16 /tmp/cc0IPsVg.ltrans13.ltrans.o
 *fill*         0x000000000800f276        0xa 
 .rodata.__func__.8887
                0x000000000800f280        0x8 /tmp/cc0IPsVg.ltrans13.ltrans.o
 *fill*         0x000000000800f288        0x8 
 .rodata.__func__.8861
                0x000000000800f290        0xe /tmp/cc0IPsVg.ltrans13.ltrans.o
 *fill*         0x000000000800f29e        0x2 
 .rodata.__func__.6208.lto_priv.183
                0x000000000800f2a0       0x14 /tmp/cc0IPsVg.ltrans13.ltrans.o
                0x000000000800f2a0                __func__.6208.lto_priv.183
 *fill*         0x000000000800f2b4        0xc 
 .rodata.__func__.6809
                0x000000000800f2c0        0xd /tmp/cc0IPsVg.ltrans14.ltrans.o
 *fill*         0x000000000800f2cd        0x3 
 .rodata.__func__.8428
                0x000000000800f2d0        0xc /tmp/cc0IPsVg.ltrans14.ltrans.o
 *fill*         0x000000000800f2dc        0x4 
 .rodata.__func__.6022.lto_priv.80
                0x000000000800f2e0        0xc /tmp/cc0IPsVg.ltrans14.ltrans.o
                0x000000000800f2e0                __func__.6022.lto_priv.80
 *fill*         0x000000000800f2ec        0x4 
 .rodata.__func__.6022.lto_priv.81
                0x000000000800f2f0        0xc /tmp/cc0IPsVg.ltrans14.ltrans.o
                0x000000000800f2f0                __func__.6022.lto_priv.81
 *fill*         0x000000000800f2fc        0x4 
 .rodata.str1.4
                0x000000000800f300        0x3 /tmp/cc0IPsVg.ltrans14.ltrans.o
                                         0x13 (size before relaxing)
 *fill*         0x000000000800f303        0xd 
 .rodata.__func__.6022.lto_priv.82
                0x000000000800f310        0xc /tmp/cc0IPsVg.ltrans14.ltrans.o
                0x000000000800f310                __func__.6022.lto_priv.82
 *fill*         0x000000000800f31c        0x4 
 .rodata.__func__.6753
                0x000000000800f320        0xd /tmp/cc0IPsVg.ltrans14.ltrans.o
 *fill*         0x000000000800f32d        0x3 
 .rodata.__func__.8420
                0x000000000800f330       0x11 /tmp/cc0IPsVg.ltrans14.ltrans.o
 *fill*         0x000000000800f341        0xf 
 .rodata.str1.4
                0x000000000800f350        0x6 /usr/lib/gcc/arm-none-eabi/4.9.3/../../../arm-none-eabi/lib/armv7e-m/fpu/libm.a(lib_a-wf_asin.o)
                                          0xc (size before relaxing)
 *fill*         0x000000000800f356        0xa 
 .rodata.str1.4
                0x000000000800f360        0x6 /usr/lib/gcc/arm-none-eabi/4.9.3/../../../arm-none-eabi/lib/armv7e-m/fpu/libm.a(lib_a-wf_sqrt.o)
                                          0x8 (size before relaxing)
 *fill*         0x000000000800f366        0xa 
 .rodata.npio2_hw
                0x000000000800f370       0x80 /usr/lib/gcc/arm-none-eabi/4.9.3/../../../arm-none-eabi/lib/armv7e-m/fpu/libm.a(lib_a-ef_rem_pio2.o)
 .rodata.two_over_pi
                0x000000000800f3f0      0x318 /usr/lib/gcc/arm-none-eabi/4.9.3/../../../arm-none-eabi/lib/armv7e-m/fpu/libm.a(lib_a-ef_rem_pio2.o)
 *fill*         0x000000000800f708        0x8 
 .rodata.init_jk
                0x000000000800f710        0xc /usr/lib/gcc/arm-none-eabi/4.9.3/../../../arm-none-eabi/lib/armv7e-m/fpu/libm.a(lib_a-kf_rem_pio2.o)
 *fill*         0x000000000800f71c        0x4 
 .rodata.PIo2   0x000000000800f720       0x2c /usr/lib/gcc/arm-none-eabi/4.9.3/../../../arm-none-eabi/lib/armv7e-m/fpu/libm.a(lib_a-kf_rem_pio2.o)
 *fill*         0x000000000800f74c        0x4 
 .rodata.atanlo
                0x000000000800f750       0x10 /usr/lib/gcc/arm-none-eabi/4.9.3/../../../arm-none-eabi/lib/armv7e-m/fpu/libm.a(lib_a-sf_atan.o)
 .rodata.atanhi
                0x000000000800f760       0x10 /usr/lib/gcc/arm-none-eabi/4.9.3/../../../arm-none-eabi/lib/armv7e-m/fpu/libm.a(lib_a-sf_atan.o)
 .rodata.str1.4
                0x000000000800f770        0x4 /usr/lib/gcc/arm-none-eabi/4.9.3/../../../arm-none-eabi/lib/armv7e-m/fpu/libg.a(lib_a-impure.o)
 *(.glue_7t)
 .glue_7t       0x000000000800f774        0x0 linker stubs
 *(.glue_7)
 .glue_7        0x000000000800f774        0x0 linker stubs
 *(.gcc*)

.vfp11_veneer   0x000000000800f774        0x0
 .vfp11_veneer  0x000000000800f774        0x0 linker stubs

.v4_bx          0x000000000800f774        0x0
 .v4_bx         0x000000000800f774        0x0 linker stubs

.iplt           0x000000000800f774        0x0
 .iplt          0x000000000800f774        0x0 build/obj/crt0_v7m.o

.ARM.extab
 *(.ARM.extab* .gnu.linkonce.armextab.*)

.ARM.exidx      0x000000000800f774        0x8
                0x000000000800f774                __exidx_start = .
 *(.ARM.exidx* .gnu.linkonce.armexidx.*)
 .ARM.exidx.text.startup.main
                0x000000000800f774        0x8 /tmp/cc0IPsVg.ltrans0.ltrans.o
 .ARM.exidx.text._ZL15Attitude_threadPv.lto_priv.83
                0x000000000800f77c        0x0 /tmp/cc0IPsVg.ltrans1.ltrans.o
                                          0x8 (size before relaxing)
 .ARM.exidx.text.SVC_Handler
                0x000000000800f77c        0x0 /tmp/cc0IPsVg.ltrans2.ltrans.o
                                          0x8 (size before relaxing)
 .ARM.exidx.text._idle_thread.lto_priv.99
                0x000000000800f77c        0x0 /tmp/cc0IPsVg.ltrans2.ltrans.o
                                          0x8 (size before relaxing)
 .ARM.exidx.text.stSetAlarm
                0x000000000800f77c        0x0 /tmp/cc0IPsVg.ltrans2.ltrans.o
                                          0x8 (size before relaxing)
 .ARM.exidx.text._port_irq_epilogue
                0x000000000800f77c        0x0 /tmp/cc0IPsVg.ltrans2.ltrans.o
                                          0x8 (size before relaxing)
 .ARM.exidx.text._stats_increase_irq
                0x000000000800f77c        0x0 /tmp/cc0IPsVg.ltrans2.ltrans.o
                                          0x8 (size before relaxing)
 .ARM.exidx.text.chTMChainMeasurementToX
                0x000000000800f77c        0x0 /tmp/cc0IPsVg.ltrans2.ltrans.o
                                          0x8 (size before relaxing)
 .ARM.exidx.text.chTMStopMeasurementX
                0x000000000800f77c        0x0 /tmp/cc0IPsVg.ltrans2.ltrans.o
                                          0x8 (size before relaxing)
 .ARM.exidx.text._stats_stop_measure_crit_isr
                0x000000000800f77c        0x0 /tmp/cc0IPsVg.ltrans2.ltrans.o
                                          0x8 (size before relaxing)
 .ARM.exidx.text._stats_stop_measure_crit_thd
                0x000000000800f77c        0x0 /tmp/cc0IPsVg.ltrans2.ltrans.o
                                          0x8 (size before relaxing)
 .ARM.exidx.text.chTMStartMeasurementX
                0x000000000800f77c        0x0 /tmp/cc0IPsVg.ltrans2.ltrans.o
                                          0x8 (size before relaxing)
 .ARM.exidx.text._stats_start_measure_crit_isr
                0x000000000800f77c        0x0 /tmp/cc0IPsVg.ltrans2.ltrans.o
                                          0x8 (size before relaxing)
 .ARM.exidx.text._stats_start_measure_crit_thd
                0x000000000800f77c        0x0 /tmp/cc0IPsVg.ltrans2.ltrans.o
                                          0x8 (size before relaxing)
 .ARM.exidx.text._dbg_trace
                0x000000000800f77c        0x0 /tmp/cc0IPsVg.ltrans2.ltrans.o
                                          0x8 (size before relaxing)
 .ARM.exidx.text.chSchDoRescheduleAhead
                0x000000000800f77c        0x0 /tmp/cc0IPsVg.ltrans2.ltrans.o
                                          0x8 (size before relaxing)
 .ARM.exidx.text.chSchDoReschedule
                0x000000000800f77c        0x0 /tmp/cc0IPsVg.ltrans2.ltrans.o
                                          0x8 (size before relaxing)
 .ARM.exidx.text.chDbgCheckClassS
                0x000000000800f77c        0x0 /tmp/cc0IPsVg.ltrans2.ltrans.o
                                          0x8 (size before relaxing)
 .ARM.exidx.text.ibqReleaseEmptyBufferS
                0x000000000800f77c        0x0 /tmp/cc0IPsVg.ltrans2.ltrans.o
                                          0x8 (size before relaxing)
 .ARM.exidx.text.chSchGoSleepS
                0x000000000800f77c        0x0 /tmp/cc0IPsVg.ltrans2.ltrans.o
                                          0x8 (size before relaxing)
 .ARM.exidx.text.chThdSuspendS
                0x000000000800f77c        0x0 /tmp/cc0IPsVg.ltrans2.ltrans.o
                                          0x8 (size before relaxing)
 .ARM.exidx.text.chDbgCheckClassI
                0x000000000800f77c        0x0 /tmp/cc0IPsVg.ltrans2.ltrans.o
                                          0x8 (size before relaxing)
 .ARM.exidx.text.chThdCreateI
                0x000000000800f77c        0x0 /tmp/cc0IPsVg.ltrans2.ltrans.o
                                          0x8 (size before relaxing)
 .ARM.exidx.text.chSchRescheduleS
                0x000000000800f77c        0x0 /tmp/cc0IPsVg.ltrans2.ltrans.o
                                          0x8 (size before relaxing)
 .ARM.exidx.text.chSchGoSleepTimeoutS
                0x000000000800f77c        0x0 /tmp/cc0IPsVg.ltrans2.ltrans.o
                                          0x8 (size before relaxing)
 .ARM.exidx.text.chThdEnqueueTimeoutS
                0x000000000800f77c        0x0 /tmp/cc0IPsVg.ltrans2.ltrans.o
                                          0x8 (size before relaxing)
 .ARM.exidx.text.ibqGetFullBufferTimeoutS
                0x000000000800f77c        0x0 /tmp/cc0IPsVg.ltrans2.ltrans.o
                                          0x8 (size before relaxing)
 .ARM.exidx.text.chSchReadyI
                0x000000000800f77c        0x0 /tmp/cc0IPsVg.ltrans2.ltrans.o
                                          0x8 (size before relaxing)
 .ARM.exidx.text.chEvtBroadcastFlagsI
                0x000000000800f77c        0x0 /tmp/cc0IPsVg.ltrans2.ltrans.o
                                          0x8 (size before relaxing)
 .ARM.exidx.text.chThdDequeueAllI
                0x000000000800f77c        0x0 /tmp/cc0IPsVg.ltrans2.ltrans.o
                                          0x8 (size before relaxing)
 .ARM.exidx.text.chThdResumeI
                0x000000000800f77c        0x0 /tmp/cc0IPsVg.ltrans2.ltrans.o
                                          0x8 (size before relaxing)
 .ARM.exidx.text.chThdExitS
                0x000000000800f77c        0x0 /tmp/cc0IPsVg.ltrans2.ltrans.o
                                          0x8 (size before relaxing)
 .ARM.exidx.text._dbg_check_leave_isr
                0x000000000800f77c        0x0 /tmp/cc0IPsVg.ltrans2.ltrans.o
                                          0x8 (size before relaxing)
 .ARM.exidx.text._dbg_check_enter_isr
                0x000000000800f77c        0x0 /tmp/cc0IPsVg.ltrans2.ltrans.o
                                          0x8 (size before relaxing)
 .ARM.exidx.text._dbg_check_unlock_from_isr
                0x000000000800f77c        0x0 /tmp/cc0IPsVg.ltrans2.ltrans.o
                                          0x8 (size before relaxing)
 .ARM.exidx.text._dbg_check_lock_from_isr
                0x000000000800f77c        0x0 /tmp/cc0IPsVg.ltrans2.ltrans.o
                                          0x8 (size before relaxing)
 .ARM.exidx.text.wakeup
                0x000000000800f77c        0x0 /tmp/cc0IPsVg.ltrans2.ltrans.o
                                          0x8 (size before relaxing)
 .ARM.exidx.text._dbg_check_unlock