Archive member included to satisfy reference by file (symbol)

/usr/lib/gcc/arm-none-eabi/4.9.3/../../../arm-none-eabi/lib/armv7e-m/fpu/libm.a(lib_a-sf_fpclassify.o)
                              build/obj/attitude.o (symbol from plugin) (__fpclassifyf)
/usr/lib/gcc/arm-none-eabi/4.9.3/../../../arm-none-eabi/lib/armv7e-m/fpu/libm.a(lib_a-sf_cos.o)
                              /tmp/ccfdcxk4.ltrans1.ltrans.o (cosf)
/usr/lib/gcc/arm-none-eabi/4.9.3/../../../arm-none-eabi/lib/armv7e-m/fpu/libm.a(lib_a-sf_sin.o)
                              /tmp/ccfdcxk4.ltrans1.ltrans.o (sinf)
/usr/lib/gcc/arm-none-eabi/4.9.3/../../../arm-none-eabi/lib/armv7e-m/fpu/libm.a(lib_a-sf_tan.o)
                              /tmp/ccfdcxk4.ltrans13.ltrans.o (tanf)
/usr/lib/gcc/arm-none-eabi/4.9.3/../../../arm-none-eabi/lib/armv7e-m/fpu/libm.a(lib_a-wf_asin.o)
                              /tmp/ccfdcxk4.ltrans1.ltrans.o (asinf)
/usr/lib/gcc/arm-none-eabi/4.9.3/../../../arm-none-eabi/lib/armv7e-m/fpu/libm.a(lib_a-wf_atan2.o)
                              /tmp/ccfdcxk4.ltrans1.ltrans.o (atan2f)
/usr/lib/gcc/arm-none-eabi/4.9.3/../../../arm-none-eabi/lib/armv7e-m/fpu/libm.a(lib_a-wf_sqrt.o)
                              /tmp/ccfdcxk4.ltrans1.ltrans.o (sqrtf)
/usr/lib/gcc/arm-none-eabi/4.9.3/../../../arm-none-eabi/lib/armv7e-m/fpu/libm.a(lib_a-ef_asin.o)
                              /usr/lib/gcc/arm-none-eabi/4.9.3/../../../arm-none-eabi/lib/armv7e-m/fpu/libm.a(lib_a-wf_asin.o) (__ieee754_asinf)
/usr/lib/gcc/arm-none-eabi/4.9.3/../../../arm-none-eabi/lib/armv7e-m/fpu/libm.a(lib_a-ef_atan2.o)
                              /usr/lib/gcc/arm-none-eabi/4.9.3/../../../arm-none-eabi/lib/armv7e-m/fpu/libm.a(lib_a-wf_atan2.o) (__ieee754_atan2f)
/usr/lib/gcc/arm-none-eabi/4.9.3/../../../arm-none-eabi/lib/armv7e-m/fpu/libm.a(lib_a-ef_rem_pio2.o)
                              /usr/lib/gcc/arm-none-eabi/4.9.3/../../../arm-none-eabi/lib/armv7e-m/fpu/libm.a(lib_a-sf_cos.o) (__ieee754_rem_pio2f)
/usr/lib/gcc/arm-none-eabi/4.9.3/../../../arm-none-eabi/lib/armv7e-m/fpu/libm.a(lib_a-ef_sqrt.o)
                              /usr/lib/gcc/arm-none-eabi/4.9.3/../../../arm-none-eabi/lib/armv7e-m/fpu/libm.a(lib_a-wf_sqrt.o) (__ieee754_sqrtf)
/usr/lib/gcc/arm-none-eabi/4.9.3/../../../arm-none-eabi/lib/armv7e-m/fpu/libm.a(lib_a-kf_cos.o)
                              /usr/lib/gcc/arm-none-eabi/4.9.3/../../../arm-none-eabi/lib/armv7e-m/fpu/libm.a(lib_a-sf_cos.o) (__kernel_cosf)
/usr/lib/gcc/arm-none-eabi/4.9.3/../../../arm-none-eabi/lib/armv7e-m/fpu/libm.a(lib_a-kf_rem_pio2.o)
                              /usr/lib/gcc/arm-none-eabi/4.9.3/../../../arm-none-eabi/lib/armv7e-m/fpu/libm.a(lib_a-ef_rem_pio2.o) (__kernel_rem_pio2f)
/usr/lib/gcc/arm-none-eabi/4.9.3/../../../arm-none-eabi/lib/armv7e-m/fpu/libm.a(lib_a-kf_sin.o)
                              /usr/lib/gcc/arm-none-eabi/4.9.3/../../../arm-none-eabi/lib/armv7e-m/fpu/libm.a(lib_a-sf_cos.o) (__kernel_sinf)
/usr/lib/gcc/arm-none-eabi/4.9.3/../../../arm-none-eabi/lib/armv7e-m/fpu/libm.a(lib_a-kf_tan.o)
                              /usr/lib/gcc/arm-none-eabi/4.9.3/../../../arm-none-eabi/lib/armv7e-m/fpu/libm.a(lib_a-sf_tan.o) (__kernel_tanf)
/usr/lib/gcc/arm-none-eabi/4.9.3/../../../arm-none-eabi/lib/armv7e-m/fpu/libm.a(lib_a-s_lib_ver.o)
                              /usr/lib/gcc/arm-none-eabi/4.9.3/../../../arm-none-eabi/lib/armv7e-m/fpu/libm.a(lib_a-wf_asin.o) (__fdlib_version)
/usr/lib/gcc/arm-none-eabi/4.9.3/../../../arm-none-eabi/lib/armv7e-m/fpu/libm.a(lib_a-s_matherr.o)
                              /usr/lib/gcc/arm-none-eabi/4.9.3/../../../arm-none-eabi/lib/armv7e-m/fpu/libm.a(lib_a-wf_asin.o) (matherr)
/usr/lib/gcc/arm-none-eabi/4.9.3/../../../arm-none-eabi/lib/armv7e-m/fpu/libm.a(lib_a-s_nan.o)
                              /usr/lib/gcc/arm-none-eabi/4.9.3/../../../arm-none-eabi/lib/armv7e-m/fpu/libm.a(lib_a-wf_asin.o) (nan)
/usr/lib/gcc/arm-none-eabi/4.9.3/../../../arm-none-eabi/lib/armv7e-m/fpu/libm.a(lib_a-sf_atan.o)
                              /usr/lib/gcc/arm-none-eabi/4.9.3/../../../arm-none-eabi/lib/armv7e-m/fpu/libm.a(lib_a-ef_atan2.o) (atanf)
/usr/lib/gcc/arm-none-eabi/4.9.3/../../../arm-none-eabi/lib/armv7e-m/fpu/libm.a(lib_a-sf_fabs.o)
                              /usr/lib/gcc/arm-none-eabi/4.9.3/../../../arm-none-eabi/lib/armv7e-m/fpu/libm.a(lib_a-wf_asin.o) (fabsf)
/usr/lib/gcc/arm-none-eabi/4.9.3/../../../arm-none-eabi/lib/armv7e-m/fpu/libm.a(lib_a-sf_floor.o)
                              /usr/lib/gcc/arm-none-eabi/4.9.3/../../../arm-none-eabi/lib/armv7e-m/fpu/libm.a(lib_a-kf_rem_pio2.o) (floorf)
/usr/lib/gcc/arm-none-eabi/4.9.3/../../../arm-none-eabi/lib/armv7e-m/fpu/libm.a(lib_a-sf_scalbn.o)
                              /usr/lib/gcc/arm-none-eabi/4.9.3/../../../arm-none-eabi/lib/armv7e-m/fpu/libm.a(lib_a-kf_rem_pio2.o) (scalbnf)
/usr/lib/gcc/arm-none-eabi/4.9.3/../../../arm-none-eabi/lib/armv7e-m/fpu/libm.a(lib_a-sf_copysign.o)
[...]
Memory Configuration

Name             Origin             Length             Attributes
flash            0x0000000008000000 0x0000000000200000
ram0             0x0000000020000000 0x0000000000030000
ram1             0x0000000020000000 0x000000000001c000
ram2             0x000000002001c000 0x0000000000004000
ram3             0x0000000020020000 0x0000000000010000
ram4             0x0000000010000000 0x0000000000010000
ram5             0x0000000040024000 0x0000000000001000
ram6             0x0000000000000000 0x0000000000000000
ram7             0x0000000000000000 0x0000000000000000
*default*        0x0000000000000000 0xffffffffffffffff

Linker script and memory map

LOAD build/obj/crt0_v7m.o
LOAD build/obj/chcoreasm_v7m.o
LOAD build/obj/crt1.o
LOAD /tmp/ccfdcxk4.ltrans0.ltrans.o
LOAD /tmp/ccfdcxk4.ltrans1.ltrans.o
LOAD /tmp/ccfdcxk4.ltrans2.ltrans.o
LOAD /tmp/ccfdcxk4.ltrans3.ltrans.o
LOAD /tmp/ccfdcxk4.ltrans4.ltrans.o
LOAD /tmp/ccfdcxk4.ltrans5.ltrans.o
LOAD /tmp/ccfdcxk4.ltrans6.ltrans.o
LOAD /tmp/ccfdcxk4.ltrans7.ltrans.o
LOAD /tmp/ccfdcxk4.ltrans8.ltrans.o
LOAD /tmp/ccfdcxk4.ltrans9.ltrans.o
LOAD /tmp/ccfdcxk4.ltrans10.ltrans.o
LOAD /tmp/ccfdcxk4.ltrans11.ltrans.o
LOAD /tmp/ccfdcxk4.ltrans12.ltrans.o
LOAD /tmp/ccfdcxk4.ltrans13.ltrans.o
LOAD /tmp/ccfdcxk4.ltrans14.ltrans.o
LOAD /tmp/ccfdcxk4.ltrans15.ltrans.o
LOAD build/obj/vectors.o
LOAD build/obj/chsys.o
LOAD build/obj/chdebug.o
LOAD build/obj/chvt.o
LOAD build/obj/chschd.o
LOAD build/obj/chthreads.o
LOAD build/obj/chtm.o
LOAD build/obj/chstats.o
LOAD build/obj/chdynamic.o
LOAD build/obj/chregistry.o
LOAD build/obj/chsem.o
LOAD build/obj/chmtx.o
LOAD build/obj/chcond.o
LOAD build/obj/chevents.o
LOAD build/obj/chmsg.o
LOAD build/obj/chmboxes.o
LOAD build/obj/chqueues.o
LOAD build/obj/chmemcore.o
LOAD build/obj/chheap.o
LOAD build/obj/chmempools.o
LOAD build/obj/chcore.o
LOAD build/obj/chcore_v7m.o
LOAD build/obj/osal.o
LOAD build/obj/hal.o
LOAD build/obj/st.o
LOAD build/obj/hal_buffers.o
LOAD build/obj/hal_queues.o
LOAD build/obj/hal_mmcsd.o
LOAD build/obj/can.o
LOAD build/obj/ext.o
LOAD build/obj/pal.o
LOAD build/obj/pwm.o
LOAD build/obj/sdc.o
LOAD build/obj/serial_usb.o
LOAD build/obj/spi.o
LOAD build/obj/uart.o
LOAD build/obj/usb.o
LOAD build/obj/wdg.o
LOAD build/obj/nvic.o
LOAD build/obj/hal_lld.o
LOAD build/obj/stm32_dma.o
LOAD build/obj/st_lld.o
LOAD build/obj/can_lld.o
LOAD build/obj/ext_lld.o
LOAD build/obj/ext_lld_isr.o
LOAD build/obj/pal_lld.o
LOAD build/obj/usb_lld.o
LOAD build/obj/sdc_lld.o
LOAD build/obj/spi_lld.o
LOAD build/obj/pwm_lld.o
LOAD build/obj/uart_lld.o
LOAD build/obj/wdg_lld.o
LOAD build/obj/board.o
LOAD build/obj/fatfs_diskio.o
LOAD build/obj/fatfs_syscall.o
LOAD build/obj/ff.o
LOAD build/obj/unicode.o
LOAD build/obj/shell.o
LOAD build/obj/evtimer.o
LOAD build/obj/syscalls.o
LOAD build/obj/memstreams.o
LOAD build/obj/chprintf.o
LOAD build/obj/shellcfg.o
LOAD build/obj/flash.o
LOAD build/obj/sdlog.o
LOAD build/obj/mpu6500.o
LOAD build/obj/attitude.o
LOAD build/obj/ist8310.o
LOAD build/obj/math_misc.o
LOAD build/obj/canBusProcess.o
LOAD build/obj/dbus.o
LOAD build/obj/gimbal.o
LOAD build/obj/params.o
LOAD build/obj/usbcfg.o
LOAD build/obj/calibrate_sensor.o
LOAD build/obj/shoot_pwm.o
LOAD build/obj/feeder.o
LOAD build/obj/exti.o
LOAD build/obj/imu_temp.o
LOAD build/obj/main.o
LOAD build/obj/dji_bridge.o
LOAD build/obj/cppforstm32.o
LOAD build/obj/Activate.o
LOAD build/obj/dji_ack.o
LOAD build/obj/dji_broadcast.o
LOAD build/obj/dji_command.o
LOAD build/obj/dji_error.o
LOAD build/obj/dji_hardware_sync.o
LOAD build/obj/dji_mfio.o
LOAD build/obj/dji_subscription.o
LOAD build/obj/dji_vehicle.o
LOAD build/obj/dji_version.o
LOAD build/obj/dji_virtual_rc.o
LOAD build/obj/dji_hard_driver.o
LOAD build/obj/dji_memory.o
LOAD build/obj/dji_platform_manager.o
LOAD build/obj/dji_thread_manager.o
LOAD build/obj/dji_aes.o
LOAD build/obj/dji_open_protocol.o
LOAD build/obj/dji_protocol_base.o
LOAD build/obj/dji_circular_buffer.o
LOAD build/obj/dji_singleton.o
                0x0000000020000000                __ram0_start__ = ORIGIN (ram0)
                0x0000000000030000                __ram0_size__ = LENGTH (ram0)
                0x0000000020030000                __ram0_end__ = (__ram0_start__ + __ram0_size__)
                0x0000000020000000                __ram1_start__ = ORIGIN (ram1)
                0x000000000001c000                __ram1_size__ = LENGTH (ram1)
                0x000000002001c000                __ram1_end__ = (__ram1_start__ + __ram1_size__)
                0x000000002001c000                __ram2_start__ = ORIGIN (ram2)
                0x0000000000004000                __ram2_size__ = LENGTH (ram2)
                0x0000000020020000                __ram2_end__ = (__ram2_start__ + __ram2_size__)
                0x0000000020020000                __ram3_start__ = ORIGIN (ram3)
                0x0000000000010000                __ram3_size__ = LENGTH (ram3)
                0x0000000020030000                __ram3_end__ = (__ram3_start__ + __ram3_size__)
                0x0000000010000000                __ram4_start__ = ORIGIN (ram4)
                0x0000000000010000                __ram4_size__ = LENGTH (ram4)
                0x0000000010010000                __ram4_end__ = (__ram4_start__ + __ram4_size__)
                0x0000000040024000                __ram5_start__ = ORIGIN (ram5)
                0x0000000000001000                __ram5_size__ = LENGTH (ram5)
                0x0000000040025000                __ram5_end__ = (__ram5_start__ + __ram5_size__)
                0x0000000000000000                __ram6_start__ = ORIGIN (ram6)
                0x0000000000000000                __ram6_size__ = LENGTH (ram6)
                0x0000000000000000                __ram6_end__ = (__ram6_start__ + __ram6_size__)
                0x0000000000000000                __ram7_start__ = ORIGIN (ram7)
                0x0000000000000000                __ram7_size__ = LENGTH (ram7)
                0x0000000000000000                __ram7_end__ = (__ram7_start__ + __ram7_size__)
                0x0000000000000000                . = 0x0
                0x0000000000000000                _text = .

startup         0x0000000008000000      0x1c0
 *(.vectors)
 .vectors       0x0000000008000000      0x1c0 /tmp/ccfdcxk4.ltrans5.ltrans.o
                0x0000000008000000                _vectors

constructors    0x00000000080001c0        0x4
                0x00000000080001c0                __init_array_start = .
 *(SORT(.init_array.*))
 *(.init_array)
 .init_array    0x00000000080001c0        0x4 /tmp/ccfdcxk4.ltrans9.ltrans.o
                0x00000000080001c4                __init_array_end = .

destructors     0x00000000080001c4        0x0
                0x00000000080001c4                __fini_array_start = .
 *(.fini_array)
 *(SORT(.fini_array.*))
                0x00000000080001c4                __fini_array_end = .

.text           0x00000000080001e0    0x10fa4
 *(.text)
 .text          0x00000000080001e0      0x108 build/obj/crt0_v7m.o
                0x00000000080001e0                Reset_Handler
 *fill*         0x00000000080002e8        0x8 
 .text          0x00000000080002f0       0x48 build/obj/chcoreasm_v7m.o
                0x00000000080002f0                _port_switch
                0x0000000008000308                _port_thread_start
                0x0000000008000320                _port_switch_from_isr
                0x0000000008000334                _port_exit_from_isr
 *fill*         0x0000000008000338        0x8 
 .text          0x0000000008000340      0x370 /usr/lib/gcc/arm-none-eabi/4.9.3/armv7e-m/fpu/libgcc.a(_arm_addsubdf3.o)
                0x0000000008000340                __aeabi_drsub
                0x0000000008000348                __aeabi_dsub
                0x0000000008000348                __subdf3
                0x000000000800034c                __adddf3
                0x000000000800034c                __aeabi_dadd
                0x00000000080005c4                __aeabi_ui2d
                0x00000000080005c4                __floatunsidf
                0x00000000080005e4                __floatsidf
                0x00000000080005e4                __aeabi_i2d
                0x0000000008000608                __extendsfdf2
                0x0000000008000608                __aeabi_f2d
                0x0000000008000644                __aeabi_ul2d
                0x0000000008000644                __floatundidf
                0x0000000008000654                __floatdidf
                0x0000000008000654                __aeabi_l2d
 .text          0x00000000080006b0      0x424 /usr/lib/gcc/arm-none-eabi/4.9.3/armv7e-m/fpu/libgcc.a(_arm_muldivdf3.o)
                0x00000000080006b0                __aeabi_dmul
                0x00000000080006b0                __muldf3
                0x0000000008000904                __aeabi_ddiv
                0x0000000008000904                __divdf3
 *fill*         0x0000000008000ad4        0xc 
 .text          0x0000000008000ae0       0x50 /usr/lib/gcc/arm-none-eabi/4.9.3/armv7e-m/fpu/libgcc.a(_arm_fixdfsi.o)
                0x0000000008000ae0                __fixdfsi
                0x0000000008000ae0                __aeabi_d2iz
 .text          0x0000000008000b30       0xa0 /usr/lib/gcc/arm-none-eabi/4.9.3/armv7e-m/fpu/libgcc.a(_arm_truncdfsf2.o)
                0x0000000008000b30                __aeabi_d2f
                0x0000000008000b30                __truncdfsf2
 .text          0x0000000008000bd0      0x134 /usr/lib/gcc/arm-none-eabi/4.9.3/../../../arm-none-eabi/lib/armv7e-m/fpu/libg.a(lib_a-memcpy.o)
                0x0000000008000bd0                memcpy
 *fill*         0x0000000008000d04        0xc 
 .text          0x0000000008000d10      0x2e0 /usr/lib/gcc/arm-none-eabi/4.9.3/../../../arm-none-eabi/lib/armv7e-m/fpu/libg.a(lib_a-strcmp.o)
                0x0000000008000d18                strcmp
 *(.text.*)
 .text.startup.main
                0x0000000008000ff0     0x11f4 /tmp/ccfdcxk4.ltrans0.ltrans.o
                0x0000000008000ff0                main
 *fill*         0x00000000080021e4        0xc 
 .text.Attitude_thread.lto_priv.138
                0x00000000080021f0      0xfc0 /tmp/ccfdcxk4.ltrans1.ltrans.o
                0x00000000080021f0                Attitude_thread.lto_priv.138
 .text.SVC_Handler
                0x00000000080031b0       0x20 /tmp/ccfdcxk4.ltrans2.ltrans.o
                0x00000000080031b0                SVC_Handler
 .text._idle_thread.lto_priv.154
                0x00000000080031d0        0x4 /tmp/ccfdcxk4.ltrans2.ltrans.o
                0x00000000080031d0                _idle_thread.lto_priv.154
 *fill*         0x00000000080031d4        0xc 
 .text.stSetAlarm
                0x00000000080031e0       0x20 /tmp/ccfdcxk4.ltrans2.ltrans.o
                0x00000000080031e0                stSetAlarm
 .text._port_irq_epilogue
                0x0000000008003200       0x64 /tmp/ccfdcxk4.ltrans2.ltrans.o
                0x0000000008003200                _port_irq_epilogue
 *fill*         0x0000000008003264        0xc 
 .text._stats_increase_irq
                0x0000000008003270       0x20 /tmp/ccfdcxk4.ltrans2.ltrans.o
                0x0000000008003270                _stats_increase_irq
 .text.chTMChainMeasurementToX
                0x0000000008003290       0x3c /tmp/ccfdcxk4.ltrans2.ltrans.o
                0x0000000008003290                chTMChainMeasurementToX
 *fill*         0x00000000080032cc        0x4 
 .text.chTMStopMeasurementX
                0x00000000080032d0       0x48 /tmp/ccfdcxk4.ltrans2.ltrans.o
                0x00000000080032d0                chTMStopMeasurementX
 *fill*         0x0000000008003318        0x8 
 .text._stats_stop_measure_crit_isr
                0x0000000008003320        0xc /tmp/ccfdcxk4.ltrans2.ltrans.o
                0x0000000008003320                _stats_stop_measure_crit_isr
 *fill*         0x000000000800332c        0x4 
 .text._stats_stop_measure_crit_thd
                0x0000000008003330        0xc /tmp/ccfdcxk4.ltrans2.ltrans.o
                0x0000000008003330                _stats_stop_measure_crit_thd
 *fill*         0x000000000800333c        0x4 
 .text.chTMStartMeasurementX
                0x0000000008003340        0xc /tmp/ccfdcxk4.ltrans2.ltrans.o
                0x0000000008003340                chTMStartMeasurementX
 *fill*         0x000000000800334c        0x4 
 .text._stats_start_measure_crit_isr
                0x0000000008003350        0xc /tmp/ccfdcxk4.ltrans2.ltrans.o
                0x0000000008003350                _stats_start_measure_crit_isr
 *fill*         0x000000000800335c        0x4 
 .text._stats_start_measure_crit_thd
                0x0000000008003360        0xc /tmp/ccfdcxk4.ltrans2.ltrans.o
                0x0000000008003360                _stats_start_measure_crit_thd
 *fill*         0x000000000800336c        0x4 
 .text._dbg_trace
                0x0000000008003370       0x38 /tmp/ccfdcxk4.ltrans2.ltrans.o
                0x0000000008003370                _dbg_trace
 *fill*         0x00000000080033a8        0x8 
 .text.chSchDoRescheduleAhead
                0x00000000080033b0       0x78 /tmp/ccfdcxk4.ltrans2.ltrans.o
 *fill*         0x0000000008003428        0x8 
 .text.chSchDoReschedule
                0x0000000008003430        0x4 /tmp/ccfdcxk4.ltrans2.ltrans.o
                0x0000000008003430                chSchDoReschedule
 *fill*         0x0000000008003434        0xc 
 .text.chDbgCheckClassS
                0x0000000008003440       0x20 /tmp/ccfdcxk4.ltrans2.ltrans.o
                0x0000000008003440                chDbgCheckClassS
 .text.ibqReleaseEmptyBufferS
                0x0000000008003460       0x48 /tmp/ccfdcxk4.ltrans2.ltrans.o
                0x0000000008003460                ibqReleaseEmptyBufferS
 *fill*         0x00000000080034a8        0x8 
 .text.chSchGoSleepS
                0x00000000080034b0       0x64 /tmp/ccfdcxk4.ltrans2.ltrans.o
                0x00000000080034b0                chSchGoSleepS
 *fill*         0x0000000008003514        0xc 
 .text.chThdSuspendS
                0x0000000008003520       0x2c /tmp/ccfdcxk4.ltrans2.ltrans.o
                0x0000000008003520                chThdSuspendS
 *fill*         0x000000000800354c        0x4 
 .text.chDbgCheckClassI
                0x0000000008003550       0x20 /tmp/ccfdcxk4.ltrans2.ltrans.o
                0x0000000008003550                chDbgCheckClassI
 .text.chThdCreateI
                0x0000000008003570       0xb8 /tmp/ccfdcxk4.ltrans2.ltrans.o
                0x0000000008003570                chThdCreateI
 *fill*         0x0000000008003628        0x8 
 .text.chSchRescheduleS
                0x0000000008003630       0x28 /tmp/ccfdcxk4.ltrans2.ltrans.o
                0x0000000008003630                chSchRescheduleS
 *fill*         0x0000000008003658        0x8 
 .text.chSchGoSleepTimeoutS
                0x0000000008003660      0x170 /tmp/ccfdcxk4.ltrans2.ltrans.o
                0x0000000008003660                chSchGoSleepTimeoutS
 .text.chThdEnqueueTimeoutS
                0x00000000080037d0       0x28 /tmp/ccfdcxk4.ltrans2.ltrans.o
                0x00000000080037d0                chThdEnqueueTimeoutS
 *fill*         0x00000000080037f8        0x8 
 .text.ibqGetFullBufferTimeoutS
                0x0000000008003800       0x44 /tmp/ccfdcxk4.ltrans2.ltrans.o
                0x0000000008003800                ibqGetFullBufferTimeoutS
 *fill*         0x0000000008003844        0xc 
 .text.chSchReadyI
                0x0000000008003850       0x50 /tmp/ccfdcxk4.ltrans2.ltrans.o
                0x0000000008003850                chSchReadyI
 .text.chEvtBroadcastFlagsI
                0x00000000080038a0       0x9c /tmp/ccfdcxk4.ltrans2.ltrans.o
                0x00000000080038a0                chEvtBroadcastFlagsI
 *fill*         0x000000000800393c        0x4 
 .text.chThdDequeueAllI
                0x0000000008003940       0x3c /tmp/ccfdcxk4.ltrans2.ltrans.o
                0x0000000008003940                chThdDequeueAllI
 *fill*         0x000000000800397c        0x4 
 .text.chThdResumeI
                0x0000000008003980       0x2c /tmp/ccfdcxk4.ltrans2.ltrans.o
                0x0000000008003980                chThdResumeI
 *fill*         0x00000000080039ac        0x4 
 .text.chThdExitS
                0x00000000080039b0       0x4c /tmp/ccfdcxk4.ltrans2.ltrans.o
                0x00000000080039b0                chThdExitS
 *fill*         0x00000000080039fc        0x4 
 .text._dbg_check_leave_isr
                0x0000000008003a00       0x2c /tmp/ccfdcxk4.ltrans2.ltrans.o
                0x0000000008003a00                _dbg_check_leave_isr
 *fill*         0x0000000008003a2c        0x4 
 .text._dbg_check_enter_isr
                0x0000000008003a30       0x2c /tmp/ccfdcxk4.ltrans2.ltrans.o
                0x0000000008003a30                _dbg_check_enter_isr
 *fill*         0x0000000008003a5c        0x4 
 .text._dbg_check_unlock_from_isr
                0x0000000008003a60       0x24 /tmp/ccfdcxk4.ltrans2.ltrans.o
                0x0000000008003a60                _dbg_check_unlock_from_isr
 *fill*         0x0000000008003a84        0xc 
 .text._dbg_check_lock_from_isr
                0x0000000008003a90       0x24 /tmp/ccfdcxk4.ltrans2.ltrans.o
                0x0000000008003a90                _dbg_check_lock_from_isr
 *fill*         0x0000000008003ab4        0xc 
 .text.wakeup   0x0000000008003ac0       0x6c /tmp/ccfdcxk4.ltrans2.ltrans.o
 *fill*         0x0000000008003b2c        0x4 
 .text._dbg_check_unlock
                0x0000000008003b30       0x20 /tmp/ccfdcxk4.ltrans2.ltrans.o
                0x0000000008003b30                _dbg_check_unlock
 .text._dbg_check_lock
                0x0000000008003b50       0x20 /tmp/ccfdcxk4.ltrans2.ltrans.o
                0x0000000008003b50                _dbg_check_lock
 .text.ibqGetTimeout
                0x0000000008003b70       0x90 /tmp/ccfdcxk4.ltrans2.ltrans.o
                0x0000000008003b70                ibqGetTimeout
 .text.chCoreAlloc
                0x0000000008003c00       0x70 /tmp/ccfdcxk4.ltrans2.ltrans.o
                0x0000000008003c00                chCoreAlloc
 .text.chThdExit
                0x0000000008003c70       0x18 /tmp/ccfdcxk4.ltrans2.ltrans.o
                0x0000000008003c70                chThdExit
 *fill*         0x0000000008003c88        0x8 
 .text.chThdSleepUntil
                0x0000000008003c90       0x54 /tmp/ccfdcxk4.ltrans2.ltrans.o
                0x0000000008003c90                chThdSleepUntil
 *fill*         0x0000000008003ce4        0xc 
 .text.chThdSleep
                0x0000000008003cf0       0x5c /tmp/ccfdcxk4.ltrans2.ltrans.o
                0x0000000008003cf0                chThdSleep
 *fill*         0x0000000008003d4c        0x4 
 .text.chThdCreateStatic
                0x0000000008003d50       0x90 /tmp/ccfdcxk4.ltrans2.ltrans.o
                0x0000000008003d50                chThdCreateStatic
 .text.chSysPolledDelayX
                0x0000000008003de0       0x14 /tmp/ccfdcxk4.ltrans2.ltrans.o
                0x0000000008003de0                chSysPolledDelayX
 *fill*         0x0000000008003df4        0xc 
 .text._unhandled_exception
                0x0000000008003e00        0x4 /tmp/ccfdcxk4.ltrans2.ltrans.o
                0x0000000008003e00                DebugMon_Handler
                0x0000000008003e00                Vector1A0
                0x0000000008003e00                Vector11C
                0x0000000008003e00                HardFault_Handler
                0x0000000008003e00                Vector1B8
                0x0000000008003e00                Vector19C
                0x0000000008003e00                SysTick_Handler
                0x0000000008003e00                VectorDC
                0x0000000008003e00                PendSV_Handler
                0x0000000008003e00                Vector168
                0x0000000008003e00                NMI_Handler
                0x0000000008003e00                VectorC8
                0x0000000008003e00                VectorA8
                0x0000000008003e00                Vector160
                0x0000000008003e00                Vector1B0
                0x0000000008003e00                UsageFault_Handler
                0x0000000008003e00                VectorEC
                0x0000000008003e00                Vector40
                0x0000000008003e00                Vector108
                0x0000000008003e00                VectorBC
                0x0000000008003e00                Vector190
                0x0000000008003e00                Vector188
                0x0000000008003e00                Vector198
                0x0000000008003e00                Vector118
                0x0000000008003e00                VectorCC
                0x0000000008003e00                Vector54
                0x0000000008003e00                VectorD8
                0x0000000008003e00                Vector24
                0x0000000008003e00                Vector1AC
                0x0000000008003e00                Vector178
                0x0000000008003e00                Vector1A4
                0x0000000008003e00                VectorD0
                0x0000000008003e00                Vector1B4
                0x0000000008003e00                VectorC0
                0x0000000008003e00                Vector134
                0x0000000008003e00                Vector100
                0x0000000008003e00                VectorF4
                0x0000000008003e00                MemManage_Handler
                0x0000000008003e00                VectorA0
                0x0000000008003e00                VectorC4
                0x0000000008003e00                Vector180
                0x0000000008003e00                Vector114
                0x0000000008003e00                Vector164
                0x0000000008003e00                Vector1C
                0x0000000008003e00                Vector1BC
                0x0000000008003e00                Vector17C
                0x0000000008003e00                Vector1A8
                0x0000000008003e00                Vector16C
                0x0000000008003e00                Vector15C
                0x0000000008003e00                Vector88
                0x0000000008003e00                Vector184
                0x0000000008003e00                Vector10C
                0x0000000008003e00                BusFault_Handler
                0x0000000008003e00                Vector50
                0x0000000008003e00                Vector194
                0x0000000008003e00                Vector28
                0x0000000008003e00                Vector34
                0x0000000008003e00                Vector20
                0x0000000008003e00                Vector18C
 *fill*         0x0000000008003e04        0xc 
 .text.__init_ram_areas
                0x0000000008003e10       0x4c /tmp/ccfdcxk4.ltrans2.ltrans.o
                0x0000000008003e10                __init_ram_areas
 *fill*         0x0000000008003e5c        0x4 
 .text.__default_exit
                0x0000000008003e60        0x4 /tmp/ccfdcxk4.ltrans2.ltrans.o
                0x0000000008003e60                __default_exit
 *fill*         0x0000000008003e64        0xc 
 .text.__late_init
                0x0000000008003e70        0x4 /tmp/ccfdcxk4.ltrans2.ltrans.o
                0x0000000008003e70                __late_init
 *fill*         0x0000000008003e74        0xc 
 .text.__core_init
                0x0000000008003e80        0x4 /tmp/ccfdcxk4.ltrans2.ltrans.o
                0x0000000008003e80                __core_init
 *fill*         0x0000000008003e84        0xc 
 .text.sduInterruptTransmitted
                0x0000000008003e90        0x4 /tmp/ccfdcxk4.ltrans3.ltrans.o
                0x0000000008003e90                sduInterruptTransmitted
 *fill*         0x0000000008003e94        0xc 
 .text.usbStartTransmitI
                0x0000000008003ea0       0x64 /tmp/ccfdcxk4.ltrans3.ltrans.o
                0x0000000008003ea0                usbStartTransmitI
 *fill*         0x0000000008003f04        0xc 
 .text.usbStartReceiveI
                0x0000000008003f10       0x64 /tmp/ccfdcxk4.ltrans3.ltrans.o
                0x0000000008003f10                usbStartReceiveI
 *fill*         0x0000000008003f74        0xc 
 .text._usb_ep0setup
                0x0000000008003f80      0x434 /tmp/ccfdcxk4.ltrans3.ltrans.o
                0x0000000008003f80                _usb_ep0setup
 *fill*         0x00000000080043b4        0xc 
 .text.usbInitEndpointI
                0x00000000080043c0      0x1c4 /tmp/ccfdcxk4.ltrans3.ltrans.o
                0x00000000080043c0                usbInitEndpointI
 *fill*         0x0000000008004584        0xc 
 .text.spiReleaseBus
                0x0000000008004590       0xe4 /tmp/ccfdcxk4.ltrans3.ltrans.o
                0x0000000008004590                spiReleaseBus
 *fill*         0x0000000008004674        0xc 
 .text.spiAcquireBus
                0x0000000008004680      0x144 /tmp/ccfdcxk4.ltrans3.ltrans.o
                0x0000000008004680                spiAcquireBus
 *fill*         0x00000000080047c4        0xc 
 .text.spiReceive
                0x00000000080047d0       0xc0 /tmp/ccfdcxk4.ltrans3.ltrans.o
                0x00000000080047d0                spiReceive
 .text.spiSend  0x0000000008004890       0xc0 /tmp/ccfdcxk4.ltrans3.ltrans.o
                0x0000000008004890                spiSend
 .text.spiUnselect
                0x0000000008004950       0x74 /tmp/ccfdcxk4.ltrans3.ltrans.o
                0x0000000008004950                spiUnselect
 *fill*         0x00000000080049c4        0xc 
 .text.spiSelect
                0x00000000080049d0       0x74 /tmp/ccfdcxk4.ltrans3.ltrans.o
                0x00000000080049d0                spiSelect
 *fill*         0x0000000008004a44        0xc 
 .text._mmcsd_get_slice
                0x0000000008004a50       0x60 /tmp/ccfdcxk4.ltrans4.ltrans.o
 .text.unlikely._mmcsd_get_capacity
                0x0000000008004ab0       0x6c /tmp/ccfdcxk4.ltrans4.ltrans.o
 *fill*         0x0000000008004b1c        0x4 
 .text.sdcConnect
                0x0000000008004b20      0x3f8 /tmp/ccfdcxk4.ltrans4.ltrans.o
                0x0000000008004b20                sdcConnect
 *fill*         0x0000000008004f18        0x8 
 .text.obqPostFullBufferS
                0x0000000008004f20       0x60 /tmp/ccfdcxk4.ltrans4.ltrans.o
 .text.obqGetEmptyBufferTimeoutS
                0x0000000008004f80       0x44 /tmp/ccfdcxk4.ltrans4.ltrans.o
 *fill*         0x0000000008004fc4        0xc 
 .text._sdc_wait_for_transfer_state
                0x0000000008004fd0       0x40 /tmp/ccfdcxk4.ltrans4.ltrans.o
                0x0000000008004fd0                _sdc_wait_for_transfer_state
 .text.obqGetFullBufferI
                0x0000000008005010       0x28 /tmp/ccfdcxk4.ltrans4.ltrans.o
                0x0000000008005010                obqGetFullBufferI
 *fill*         0x0000000008005038        0x8 
 .text.obqWriteTimeout
                0x0000000008005040      0x17c /tmp/ccfdcxk4.ltrans4.ltrans.o
                0x0000000008005040                obqWriteTimeout
 *fill*         0x00000000080051bc        0x4 
 .text.obqPutTimeout
                0x00000000080051c0       0xa0 /tmp/ccfdcxk4.ltrans4.ltrans.o
                0x00000000080051c0                obqPutTimeout
 .text.ibqReadTimeout
                0x0000000008005260      0x168 /tmp/ccfdcxk4.ltrans4.ltrans.o
                0x0000000008005260                ibqReadTimeout
 *fill*         0x00000000080053c8        0x8 
 .text.sdc_lld_is_write_protected
                0x00000000080053d0        0x4 /tmp/ccfdcxk4.ltrans5.ltrans.o
                0x00000000080053d0                sdc_lld_is_write_protected
 *fill*         0x00000000080053d4        0xc 
 .text.sdc_lld_is_card_inserted
                0x00000000080053e0        0x4 /tmp/ccfdcxk4.ltrans5.ltrans.o
                0x00000000080053e0                sdc_lld_is_card_inserted
 *fill*         0x00000000080053e4        0xc 
 .text.pwm_lld_serve_interrupt
                0x00000000080053f0       0x5c /tmp/ccfdcxk4.ltrans5.ltrans.o
 *fill*         0x000000000800544c        0x4 
 .text.spi_lld_serve_tx_interrupt.lto_priv.173
                0x0000000008005450       0x1c /tmp/ccfdcxk4.ltrans5.ltrans.o
                0x0000000008005450                spi_lld_serve_tx_interrupt.lto_priv.173
 *fill*         0x000000000800546c        0x4 
 .text.cmd_info
                0x0000000008005470       0xbc /tmp/ccfdcxk4.ltrans5.ltrans.o
 *fill*         0x000000000800552c        0x4 
 .text.VectorF8
                0x0000000008005530       0x20 /tmp/ccfdcxk4.ltrans5.ltrans.o
 .text.VectorF0
                0x0000000008005550       0x20 /tmp/ccfdcxk4.ltrans5.ltrans.o
 .text.VectorB8
                0x0000000008005570       0x20 /tmp/ccfdcxk4.ltrans5.ltrans.o
 .text.VectorB4
                0x0000000008005590       0x20 /tmp/ccfdcxk4.ltrans5.ltrans.o
 .text.VectorAC
                0x00000000080055b0       0x20 /tmp/ccfdcxk4.ltrans5.ltrans.o
 .text.VectorA4
                0x00000000080055d0       0x20 /tmp/ccfdcxk4.ltrans5.ltrans.o
 .text.serve_usart_irq
                0x00000000080055f0       0xc4 /tmp/ccfdcxk4.ltrans5.ltrans.o
 *fill*         0x00000000080056b4        0xc 
 .text.Vector110
                0x00000000080056c0       0x20 /tmp/ccfdcxk4.ltrans5.ltrans.o
 .text.VectorD4
                0x00000000080056e0       0x20 /tmp/ccfdcxk4.ltrans5.ltrans.o
 .text.uart_lld_serve_tx_end_irq.lto_priv.206
                0x0000000008005700       0x80 /tmp/ccfdcxk4.ltrans5.ltrans.o
                0x0000000008005700                uart_lld_serve_tx_end_irq.lto_priv.206
 .text.uart_lld_serve_rx_end_irq.lto_priv.205
                0x0000000008005780       0xbc /tmp/ccfdcxk4.ltrans5.ltrans.o
                0x0000000008005780                uart_lld_serve_rx_end_irq.lto_priv.205
 *fill*         0x000000000800583c        0x4 
 .text.spi_lld_serve_rx_interrupt.lto_priv.172
                0x0000000008005840       0x98 /tmp/ccfdcxk4.ltrans5.ltrans.o
                0x0000000008005840                spi_lld_serve_rx_interrupt.lto_priv.172
 *fill*         0x00000000080058d8        0x8 
 .text.Vector104
                0x00000000080058e0       0x48 /tmp/ccfdcxk4.ltrans5.ltrans.o
 *fill*         0x0000000008005928        0x8 
 .text.long_to_string_with_divisor.lto_priv.213
                0x0000000008005930       0x48 /tmp/ccfdcxk4.ltrans5.ltrans.o
                0x0000000008005930                long_to_string_with_divisor.lto_priv.213
 *fill*         0x0000000008005978        0x8 
 .text.__early_init
                0x0000000008005980       0xc8 /tmp/ccfdcxk4.ltrans5.ltrans.o
                0x0000000008005980                __early_init
 *fill*         0x0000000008005a48        0x8 
 .text.sdc_lld_collect_errors.isra.0.lto_priv.220
                0x0000000008005a50       0x3c /tmp/ccfdcxk4.ltrans5.ltrans.o
                0x0000000008005a50                sdc_lld_collect_errors.isra.0.lto_priv.220
 *fill*         0x0000000008005a8c        0x4 
 .text.sdc_lld_send_cmd_long_crc
                0x0000000008005a90       0x3c /tmp/ccfdcxk4.ltrans5.ltrans.o
                0x0000000008005a90                sdc_lld_send_cmd_long_crc
 *fill*         0x0000000008005acc        0x4 
 .text.sdc_lld_send_cmd_short_crc
                0x0000000008005ad0       0x30 /tmp/ccfdcxk4.ltrans5.ltrans.o
                0x0000000008005ad0                sdc_lld_send_cmd_short_crc
 .text.sdc_lld_write_aligned.part.5.lto_priv.228
                0x0000000008005b00       0xa8 /tmp/ccfdcxk4.ltrans5.ltrans.o
                0x0000000008005b00                sdc_lld_write_aligned.part.5.lto_priv.228
 *fill*         0x0000000008005ba8        0x8 
 .text.sdc_lld_read_aligned.part.4.lto_priv.229
                0x0000000008005bb0       0xa4 /tmp/ccfdcxk4.ltrans5.ltrans.o
                0x0000000008005bb0                sdc_lld_read_aligned.part.4.lto_priv.229
 *fill*         0x0000000008005c54        0xc 
 .text.sdc_lld_read_special
                0x0000000008005c60       0xb4 /tmp/ccfdcxk4.ltrans5.ltrans.o
                0x0000000008005c60                sdc_lld_read_special
 *fill*         0x0000000008005d14        0xc 
 .text.shell_thread.lto_priv.151
                0x0000000008005d20      0x224 /tmp/ccfdcxk4.ltrans5.ltrans.o
                0x0000000008005d20                shell_thread.lto_priv.151
 *fill*         0x0000000008005f44        0xc 
 .text.cmd_systime
                0x0000000008005f50       0x70 /tmp/ccfdcxk4.ltrans5.ltrans.o
 .text.Vector4C
                0x0000000008005fc0       0x3c /tmp/ccfdcxk4.ltrans6.ltrans.o
                0x0000000008005fc0                Vector4C
 *fill*         0x0000000008005ffc        0x4 
 .text.Vector48
                0x0000000008006000       0x3c /tmp/ccfdcxk4.ltrans6.ltrans.o
                0x0000000008006000                Vector48
 *fill*         0x000000000800603c        0x4 
 .text.Vector170
                0x0000000008006040       0x3c /tmp/ccfdcxk4.ltrans6.ltrans.o
                0x0000000008006040                Vector170
 *fill*         0x000000000800607c        0x4 
 .text.Vector138
                0x0000000008006080       0x3c /tmp/ccfdcxk4.ltrans6.ltrans.o
                0x0000000008006080                Vector138
 *fill*         0x00000000080060bc        0x4 
 .text.VectorE8
                0x00000000080060c0       0x3c /tmp/ccfdcxk4.ltrans6.ltrans.o
                0x00000000080060c0                VectorE8
 *fill*         0x00000000080060fc        0x4 
 .text.VectorE4
                0x0000000008006100       0x3c /tmp/ccfdcxk4.ltrans6.ltrans.o
                0x0000000008006100                VectorE4
 *fill*         0x000000000800613c        0x4 
 .text.Vector44
                0x0000000008006140       0x3c /tmp/ccfdcxk4.ltrans6.ltrans.o
                0x0000000008006140                Vector44
 *fill*         0x000000000800617c        0x4 
 .text.VectorE0
                0x0000000008006180       0x8c /tmp/ccfdcxk4.ltrans6.ltrans.o
                0x0000000008006180                VectorE0
 *fill*         0x000000000800620c        0x4 
 .text.sdc_lld_error_cleanup.lto_priv.215
                0x0000000008006210       0x6c /tmp/ccfdcxk4.ltrans6.ltrans.o
                0x0000000008006210                sdc_lld_error_cleanup.lto_priv.215
 *fill*         0x000000000800627c        0x4 
 .text.usb_lld_start_in
                0x0000000008006280       0xac /tmp/ccfdcxk4.ltrans6.ltrans.o
                0x0000000008006280                usb_lld_start_in
 *fill*         0x000000000800632c        0x4 
 .text.otg_epin_handler
                0x0000000008006330       0xd4 /tmp/ccfdcxk4.ltrans6.ltrans.o
 *fill*         0x0000000008006404        0xc 
 .text.usb_lld_start_out
                0x0000000008006410       0x84 /tmp/ccfdcxk4.ltrans6.ltrans.o
                0x0000000008006410                usb_lld_start_out
 *fill*         0x0000000008006494        0xc 
 .text.otg_epout_handler
                0x00000000080064a0       0xac /tmp/ccfdcxk4.ltrans6.ltrans.o
 *fill*         0x000000000800654c        0x4 
 .text.usb_lld_serve_interrupt
                0x0000000008006550      0x408 /tmp/ccfdcxk4.ltrans6.ltrans.o
 *fill*         0x0000000008006958        0x8 
 .text.Vector174
                0x0000000008006960       0x20 /tmp/ccfdcxk4.ltrans6.ltrans.o
                0x0000000008006960                Vector174
 .text.Vector14C
                0x0000000008006980       0x20 /tmp/ccfdcxk4.ltrans6.ltrans.o
                0x0000000008006980                Vector14C
 .text.sdc_lld_wait_transaction_end.lto_priv.214
                0x00000000080069a0       0xcc /tmp/ccfdcxk4.ltrans6.ltrans.o
                0x00000000080069a0                sdc_lld_wait_transaction_end.lto_priv.214
 *fill*         0x0000000008006a6c        0x4 
 .text.usb_lld_pump
                0x0000000008006a70      0x298 /tmp/ccfdcxk4.ltrans6.ltrans.o
                0x0000000008006a70                usb_lld_pump
 *fill*         0x0000000008006d08        0x8 
 .text.matlab_thread
                0x0000000008006d10       0xa0 /tmp/ccfdcxk4.ltrans7.ltrans.o
 .text.chprintf
                0x0000000008006db0      0x414 /tmp/ccfdcxk4.ltrans7.ltrans.o
                0x0000000008006db0                chprintf
 *fill*         0x00000000080071c4        0xc 
 .text.cmd_test
                0x00000000080071d0       0x50 /tmp/ccfdcxk4.ltrans7.ltrans.o
                0x00000000080071d0                cmd_test
 .text.cmd_calibrate
                0x0000000008007220      0x9a4 /tmp/ccfdcxk4.ltrans7.ltrans.o
                0x0000000008007220                cmd_calibrate
 *fill*         0x0000000008007bc4        0xc 
 .text.cmd_data
                0x0000000008007bd0       0xd8 /tmp/ccfdcxk4.ltrans7.ltrans.o
                0x0000000008007bd0                cmd_data
 *fill*         0x0000000008007ca8        0x8 
 .text.PID_VEL  0x0000000008007cb0       0xcc /tmp/ccfdcxk4.ltrans8.ltrans.o
 *fill*         0x0000000008007d7c        0x4 
 .text.turn_angle
                0x0000000008007d80       0xd4 /tmp/ccfdcxk4.ltrans8.ltrans.o
 *fill*         0x0000000008007e54        0xc 
 .text.get_descriptor.lto_priv.156
                0x0000000008007e60       0x30 /tmp/ccfdcxk4.ltrans8.ltrans.o
                0x0000000008007e60                get_descriptor.lto_priv.156
 .text.pwm_thd.lto_priv.146
                0x0000000008007e90       0xf0 /tmp/ccfdcxk4.ltrans8.ltrans.o
                0x0000000008007e90                pwm_thd.lto_priv.146
 .text.sof_handler.lto_priv.157
                0x0000000008007f80       0xb8 /tmp/ccfdcxk4.ltrans8.ltrans.o
                0x0000000008007f80                sof_handler.lto_priv.157
 *fill*         0x0000000008008038        0x8 
 .text.usb_event.lto_priv.155
                0x0000000008008040      0x100 /tmp/ccfdcxk4.ltrans8.ltrans.o
                0x0000000008008040                usb_event.lto_priv.155
 .text.params_set.part.0.lto_priv.166
                0x0000000008008140      0x158 /tmp/ccfdcxk4.ltrans8.ltrans.o
                0x0000000008008140                params_set.part.0.lto_priv.166
 *fill*         0x0000000008008298        0x8 
 .text.param_save_flash
                0x00000000080082a0      0x160 /tmp/ccfdcxk4.ltrans8.ltrans.o
                0x00000000080082a0                param_save_flash
 .text.Temperature_thread.lto_priv.169
                0x0000000008008400      0x154 /tmp/ccfdcxk4.ltrans8.ltrans.o
                0x0000000008008400                Temperature_thread.lto_priv.169
 *fill*         0x0000000008008554        0xc 
 .text.feeder_control.lto_priv.144
                0x0000000008008560      0x5d4 /tmp/ccfdcxk4.ltrans8.ltrans.o
                0x0000000008008560                feeder_control.lto_priv.144
 *fill*         0x0000000008008b34        0xc 
 .text.startup._GLOBAL__I_65535_0_crt1.o.31713
                0x0000000008008b40      0x9b0 /tmp/ccfdcxk4.ltrans9.ltrans.o
 .text.Vector9C
                0x00000000080094f0       0x7c /tmp/ccfdcxk4.ltrans10.ltrans.o
                0x00000000080094f0                Vector9C
 *fill*         0x000000000800956c        0x4 
 .text.Vector68
                0x0000000008009570       0x38 /tmp/ccfdcxk4.ltrans10.ltrans.o
                0x0000000008009570                Vector68
 *fill*         0x00000000080095a8        0x8 
 .text.Vector64
                0x00000000080095b0       0x38 /tmp/ccfdcxk4.ltrans10.ltrans.o
                0x00000000080095b0                Vector64
 *fill*         0x00000000080095e8        0x8 
 .text.Vector60
                0x00000000080095f0       0x38 /tmp/ccfdcxk4.ltrans10.ltrans.o
                0x00000000080095f0                Vector60
 *fill*         0x0000000008009628        0x8 
 .text.Vector5C
                0x0000000008009630       0x38 /tmp/ccfdcxk4.ltrans10.ltrans.o
                0x0000000008009630                Vector5C
 *fill*         0x0000000008009668        0x8 
 .text.Vector58
                0x0000000008009670       0x38 /tmp/ccfdcxk4.ltrans10.ltrans.o
                0x0000000008009670                Vector58
 *fill*         0x00000000080096a8        0x8 
 .text.Vector158
                0x00000000080096b0       0x38 /tmp/ccfdcxk4.ltrans10.ltrans.o
                0x00000000080096b0                Vector158
 *fill*         0x00000000080096e8        0x8 
 .text.Vector154
                0x00000000080096f0       0x38 /tmp/ccfdcxk4.ltrans10.ltrans.o
                0x00000000080096f0                Vector154
 *fill*         0x0000000008009728        0x8 
 .text.Vector150
                0x0000000008009730       0x38 /tmp/ccfdcxk4.ltrans10.ltrans.o
                0x0000000008009730                Vector150
 *fill*         0x0000000008009768        0x8 
 .text.Vector130
                0x0000000008009770       0x34 /tmp/ccfdcxk4.ltrans10.ltrans.o
                0x0000000008009770                Vector130
 *fill*         0x00000000080097a4        0xc 
 .text.Vector12C
                0x00000000080097b0       0x38 /tmp/ccfdcxk4.ltrans10.ltrans.o
                0x00000000080097b0                Vector12C
 *fill*         0x00000000080097e8        0x8 
 .text.Vector128
                0x00000000080097f0       0x38 /tmp/ccfdcxk4.ltrans10.ltrans.o
                0x00000000080097f0                Vector128
 *fill*         0x0000000008009828        0x8 
 .text.Vector124
                0x0000000008009830       0x38 /tmp/ccfdcxk4.ltrans10.ltrans.o
                0x0000000008009830                Vector124
 *fill*         0x0000000008009868        0x8 
 .text.Vector120
                0x0000000008009870       0x34 /tmp/ccfdcxk4.ltrans10.ltrans.o
                0x0000000008009870                Vector120
 *fill*         0x00000000080098a4        0xc 
 .text.VectorFC
                0x00000000080098b0       0x38 /tmp/ccfdcxk4.ltrans10.ltrans.o
                0x00000000080098b0                VectorFC
 *fill*         0x00000000080098e8        0x8 
 .text.Vector84
                0x00000000080098f0       0x38 /tmp/ccfdcxk4.ltrans10.ltrans.o
                0x00000000080098f0                Vector84
 *fill*         0x0000000008009928        0x8 
 .text.Vector80
                0x0000000008009930       0x38 /tmp/ccfdcxk4.ltrans10.ltrans.o
                0x0000000008009930                Vector80
 *fill*         0x0000000008009968        0x8 
 .text.Vector7C
                0x0000000008009970       0x34 /tmp/ccfdcxk4.ltrans10.ltrans.o
                0x0000000008009970                Vector7C
 *fill*         0x00000000080099a4        0xc 
 .text.Vector78
                0x00000000080099b0       0x38 /tmp/ccfdcxk4.ltrans10.ltrans.o
                0x00000000080099b0                Vector78
 *fill*         0x00000000080099e8        0x8 
 .text.Vector74
                0x00000000080099f0       0x38 /tmp/ccfdcxk4.ltrans10.ltrans.o
                0x00000000080099f0                Vector74
 *fill*         0x0000000008009a28        0x8 
 .text.Vector70
                0x0000000008009a30       0x38 /tmp/ccfdcxk4.ltrans10.ltrans.o
                0x0000000008009a30                Vector70
 *fill*         0x0000000008009a68        0x8 
 .text.Vector6C
                0x0000000008009a70       0x34 /tmp/ccfdcxk4.ltrans10.ltrans.o
                0x0000000008009a70                Vector6C
 *fill*         0x0000000008009aa4        0xc 
 .text.can_lld_sce_handler
                0x0000000008009ab0       0x74 /tmp/ccfdcxk4.ltrans10.ltrans.o
 *fill*         0x0000000008009b24        0xc 
 .text.Vector148
                0x0000000008009b30       0x20 /tmp/ccfdcxk4.ltrans10.ltrans.o
                0x0000000008009b30                Vector148
 .text.Vector98
                0x0000000008009b50       0x20 /tmp/ccfdcxk4.ltrans10.ltrans.o
                0x0000000008009b50                Vector98
 .text.can_lld_rx1_handler
                0x0000000008009b70       0x78 /tmp/ccfdcxk4.ltrans10.ltrans.o
 *fill*         0x0000000008009be8        0x8 
 .text.Vector144
                0x0000000008009bf0       0x20 /tmp/ccfdcxk4.ltrans10.ltrans.o
                0x0000000008009bf0                Vector144
 .text.Vector94
                0x0000000008009c10       0x20 /tmp/ccfdcxk4.ltrans10.ltrans.o
                0x0000000008009c10                Vector94
 .text.can_lld_rx0_handler
                0x0000000008009c30       0x78 /tmp/ccfdcxk4.ltrans10.ltrans.o
 *fill*         0x0000000008009ca8        0x8 
 .text.Vector140
                0x0000000008009cb0       0x20 /tmp/ccfdcxk4.ltrans10.ltrans.o
                0x0000000008009cb0                Vector140
 .text.Vector90
                0x0000000008009cd0       0x20 /tmp/ccfdcxk4.ltrans10.ltrans.o
                0x0000000008009cd0                Vector90
 .text.can_lld_tx_handler
                0x0000000008009cf0       0x74 /tmp/ccfdcxk4.ltrans10.ltrans.o
 *fill*         0x0000000008009d64        0xc 
 .text.Vector13C
                0x0000000008009d70       0x20 /tmp/ccfdcxk4.ltrans10.ltrans.o
                0x0000000008009d70                Vector13C
 .text.Vector8C
                0x0000000008009d90       0x20 /tmp/ccfdcxk4.ltrans10.ltrans.o
                0x0000000008009d90                Vector8C
 .text.VectorB0
                0x0000000008009db0       0xf4 /tmp/ccfdcxk4.ltrans10.ltrans.o
                0x0000000008009db0                VectorB0
 *fill*         0x0000000008009ea4        0xc 
 .text._usb_ep0out
                0x0000000008009eb0       0xa8 /tmp/ccfdcxk4.ltrans10.ltrans.o
                0x0000000008009eb0                _usb_ep0out
 *fill*         0x0000000008009f58        0x8 
 .text._usb_ep0in
                0x0000000008009f60       0xf0 /tmp/ccfdcxk4.ltrans10.ltrans.o
                0x0000000008009f60                _usb_ep0in
 .text.dmaStreamAllocate
                0x000000000800a050       0xd0 /tmp/ccfdcxk4.ltrans10.ltrans.o
                0x000000000800a050                dmaStreamAllocate
 .text.rxend.lto_priv.207
                0x000000000800a120       0x3c /tmp/ccfdcxk4.ltrans11.ltrans.o
                0x000000000800a120                rxend.lto_priv.207
 *fill*         0x000000000800a15c        0x4 
 .text.cmd_temp
                0x000000000800a160       0x40 /tmp/ccfdcxk4.ltrans11.ltrans.o
                0x000000000800a160                cmd_temp
 .text.RC_reset.lto_priv.168
                0x000000000800a1a0       0x30 /tmp/ccfdcxk4.ltrans11.ltrans.o
                0x000000000800a1a0                RC_reset.lto_priv.168
 .text.lpfilter_apply
                0x000000000800a1d0       0x68 /tmp/ccfdcxk4.ltrans11.ltrans.o
                0x000000000800a1d0                lpfilter_apply
 *fill*         0x000000000800a238        0x8 
 .text.imuGetDataRaw
                0x000000000800a240      0x190 /tmp/ccfdcxk4.ltrans11.ltrans.o
                0x000000000800a240                imuGetDataRaw
 .text.imuGetData
                0x000000000800a3d0      0x20c /tmp/ccfdcxk4.ltrans11.ltrans.o
                0x000000000800a3d0                imuGetData
 *fill*         0x000000000800a5dc        0x4 
 .text.flashWrite.part.5.lto_priv.179
                0x000000000800a5e0       0xa8 /tmp/ccfdcxk4.ltrans11.ltrans.o
                0x000000000800a5e0                flashWrite.part.5.lto_priv.179
 *fill*         0x000000000800a688        0x8 
 .text.flashUnlock.part.1.lto_priv.180
                0x000000000800a690       0x20 /tmp/ccfdcxk4.ltrans11.ltrans.o
                0x000000000800a690                flashUnlock.part.1.lto_priv.180
 .text.flashRead
                0x000000000800a6b0       0x58 /tmp/ccfdcxk4.ltrans11.ltrans.o
                0x000000000800a6b0                flashRead
 *fill*         0x000000000800a708        0x8 
 .text.can_rx.lto_priv.150
                0x000000000800a710      0x534 /tmp/ccfdcxk4.ltrans11.ltrans.o
                0x000000000800a710                can_rx.lto_priv.150
 *fill*         0x000000000800ac44        0xc 
 .text.gimbal_encoderUpdate.lto_priv.167
                0x000000000800ac50      0x1d8 /tmp/ccfdcxk4.ltrans12.ltrans.o
                0x000000000800ac50                gimbal_encoderUpdate.lto_priv.167
 *fill*         0x000000000800ae28        0x8 
 .text.gimbal_kill
                0x000000000800ae30       0x24 /tmp/ccfdcxk4.ltrans12.ltrans.o
                0x000000000800ae30                gimbal_kill
 *fill*         0x000000000800ae54        0xc 
 .text.uart_dbus_thread.lto_priv.149
                0x000000000800ae60      0x6bc /tmp/ccfdcxk4.ltrans12.ltrans.o
                0x000000000800ae60                uart_dbus_thread.lto_priv.149
 *fill*         0x000000000800b51c        0x4 
 .text.cmd_param_scale
                0x000000000800b520       0x40 /tmp/ccfdcxk4.ltrans13.ltrans.o
                0x000000000800b520                cmd_param_scale
 .text.cmd_param_update
                0x000000000800b560       0x1c /tmp/ccfdcxk4.ltrans13.ltrans.o
                0x000000000800b560                cmd_param_update
 *fill*         0x000000000800b57c        0x4 
 .text.sendLine
                0x000000000800b580       0x4c /tmp/ccfdcxk4.ltrans13.ltrans.o
 *fill*         0x000000000800b5cc        0x4 
 .text.cmd_param_tx
                0x000000000800b5d0      0x1a4 /tmp/ccfdcxk4.ltrans13.ltrans.o
                0x000000000800b5d0                cmd_param_tx
 *fill*         0x000000000800b774        0xc 
 .text.cmd_param_rx
                0x000000000800b780       0xbc /tmp/ccfdcxk4.ltrans13.ltrans.o
                0x000000000800b780                cmd_param_rx
 *fill*         0x000000000800b83c        0x4 
 .text.gimbal_init_thread.lto_priv.147
                0x000000000800b840      0x388 /tmp/ccfdcxk4.ltrans13.ltrans.o
                0x000000000800b840                gimbal_init_thread.lto_priv.147
 *fill*         0x000000000800bbc8        0x8 
 .text.gimbal_thread.lto_priv.148
                0x000000000800bbd0      0x758 /tmp/ccfdcxk4.ltrans13.ltrans.o
                0x000000000800bbd0                gimbal_thread.lto_priv.148
 *fill*         0x000000000800c328        0x8 
 .text.sduRequestsHook
                0x000000000800c330       0x40 /tmp/ccfdcxk4.ltrans14.ltrans.o
                0x000000000800c330                sduRequestsHook
 .text.sdcGetInfo
                0x000000000800c370       0x30 /tmp/ccfdcxk4.ltrans14.ltrans.o
                0x000000000800c370                sdcGetInfo
 .text.sdcSync  0x000000000800c3a0       0x20 /tmp/ccfdcxk4.ltrans14.ltrans.o
                0x000000000800c3a0                sdcSync
 .text.sduDataTransmitted
                0x000000000800c3c0       0xf0 /tmp/ccfdcxk4.ltrans14.ltrans.o
                0x000000000800c3c0                sduDataTransmitted
 .text.obnotify.lto_priv.153
                0x000000000800c4b0       0x48 /tmp/ccfdcxk4.ltrans14.ltrans.o
                0x000000000800c4b0                obnotify.lto_priv.153
 *fill*         0x000000000800c4f8        0x8 
 .text.readt.lto_priv.165
                0x000000000800c500       0x20 /tmp/ccfdcxk4.ltrans14.ltrans.o
                0x000000000800c500                readt.lto_priv.165
 .text.read.lto_priv.159
                0x000000000800c520       0x1c /tmp/ccfdcxk4.ltrans14.ltrans.o
                0x000000000800c520                read.lto_priv.159
 *fill*         0x000000000800c53c        0x4 
 .text.writet.lto_priv.164
                0x000000000800c540       0x20 /tmp/ccfdcxk4.ltrans14.ltrans.o
                0x000000000800c540                writet.lto_priv.164
 .text.write.lto_priv.158
                0x000000000800c560       0x1c /tmp/ccfdcxk4.ltrans14.ltrans.o
                0x000000000800c560                write.lto_priv.158
 *fill*         0x000000000800c57c        0x4 
 .text.gett.lto_priv.163
                0x000000000800c580       0x18 /tmp/ccfdcxk4.ltrans14.ltrans.o
                0x000000000800c580                gett.lto_priv.163
 *fill*         0x000000000800c598        0x8 
 .text.get.lto_priv.161
                0x000000000800c5a0       0x1c /tmp/ccfdcxk4.ltrans14.ltrans.o
                0x000000000800c5a0                get.lto_priv.161
 *fill*         0x000000000800c5bc        0x4 
 .text.putt.lto_priv.162
                0x000000000800c5c0       0x18 /tmp/ccfdcxk4.ltrans14.ltrans.o
                0x000000000800c5c0                putt.lto_priv.162
 *fill*         0x000000000800c5d8        0x8 
 .text.put.lto_priv.160
                0x000000000800c5e0       0x1c /tmp/ccfdcxk4.ltrans14.ltrans.o
                0x000000000800c5e0                put.lto_priv.160
 *fill*         0x000000000800c5fc        0x4 
 .text.sdcWrite
                0x000000000800c600       0xd4 /tmp/ccfdcxk4.ltrans14.ltrans.o
                0x000000000800c600                sdcWrite
 *fill*         0x000000000800c6d4        0xc 
 .text.sdcRead  0x000000000800c6e0       0xdc /tmp/ccfdcxk4.ltrans14.ltrans.o
                0x000000000800c6e0                sdcRead
 *fill*         0x000000000800c7bc        0x4 
 .text.sdu_start_receive.lto_priv.178
                0x000000000800c7c0       0x50 /tmp/ccfdcxk4.ltrans14.ltrans.o
                0x000000000800c7c0                sdu_start_receive.lto_priv.178
 .text.sduDataReceived
                0x000000000800c810       0xc8 /tmp/ccfdcxk4.ltrans14.ltrans.o
                0x000000000800c810                sduDataReceived
 *fill*         0x000000000800c8d8        0x8 
 .text.ibnotify.lto_priv.152
                0x000000000800c8e0        0x8 /tmp/ccfdcxk4.ltrans14.ltrans.o
                0x000000000800c8e0                ibnotify.lto_priv.152
 *fill*         0x000000000800c8e8        0x8 
 .text.sdcDisconnect
                0x000000000800c8f0       0xb4 /tmp/ccfdcxk4.ltrans14.ltrans.o
                0x000000000800c8f0                sdcDisconnect
 *fill*         0x000000000800c9a4        0xc 
 .text.chSchWakeupS.constprop.90
                0x000000000800c9b0       0x90 /tmp/ccfdcxk4.ltrans15.ltrans.o
                0x000000000800c9b0                chSchWakeupS.constprop.90
 .text.chThdResumeS.constprop.87
                0x000000000800ca40       0x2c /tmp/ccfdcxk4.ltrans15.ltrans.o
                0x000000000800ca40                chThdResumeS.constprop.87
 *fill*         0x000000000800ca6c        0x4 
 .text.can_lld_set_filters.constprop.80
                0x000000000800ca70      0x114 /tmp/ccfdcxk4.ltrans15.ltrans.o
                0x000000000800ca70                can_lld_set_filters.constprop.80
 *fill*         0x000000000800cb84        0xc 
 .text._strtok.constprop.35
                0x000000000800cb90       0x40 /tmp/ccfdcxk4.ltrans15.ltrans.o
                0x000000000800cb90                _strtok.constprop.35
 .text.lpfilter_init.constprop.25
                0x000000000800cbd0       0x7c /tmp/ccfdcxk4.ltrans15.ltrans.o
                0x000000000800cbd0                lpfilter_init.constprop.25
 *fill*         0x000000000800cc4c        0x4 
 .text.pwmEnableChannel.constprop.60
                0x000000000800cc50       0x7c /tmp/ccfdcxk4.ltrans15.ltrans.o
                0x000000000800cc50                pwmEnableChannel.constprop.60
 *fill*         0x000000000800cccc        0x4 
 .text.can_motorSetCurrent.constprop.18
                0x000000000800ccd0      0x164 /tmp/ccfdcxk4.ltrans15.ltrans.o
                0x000000000800ccd0                can_motorSetCurrent.constprop.18
 *fill*         0x000000000800ce34        0xc 
 .text.__fpclassifyf
                0x000000000800ce40       0x38 /usr/lib/gcc/arm-none-eabi/4.9.3/../../../arm-none-eabi/lib/armv7e-m/fpu/libm.a(lib_a-sf_fpclassify.o)
                0x000000000800ce40                __fpclassifyf
 *fill*         0x000000000800ce78        0x8 
 .text.cosf     0x000000000800ce80       0x78 /usr/lib/gcc/arm-none-eabi/4.9.3/../../../arm-none-eabi/lib/armv7e-m/fpu/libm.a(lib_a-sf_cos.o)
                0x000000000800ce80                cosf
 *fill*         0x000000000800cef8        0x8 
 .text.sinf     0x000000000800cf00       0x7c /usr/lib/gcc/arm-none-eabi/4.9.3/../../../arm-none-eabi/lib/armv7e-m/fpu/libm.a(lib_a-sf_sin.o)
                0x000000000800cf00                sinf
 *fill*         0x000000000800cf7c        0x4 
 .text.tanf     0x000000000800cf80       0x5c /usr/lib/gcc/arm-none-eabi/4.9.3/../../../arm-none-eabi/lib/armv7e-m/fpu/libm.a(lib_a-sf_tan.o)
                0x000000000800cf80                tanf
 *fill*         0x000000000800cfdc        0x4 
 .text.asinf    0x000000000800cfe0       0xbc /usr/lib/gcc/arm-none-eabi/4.9.3/../../../arm-none-eabi/lib/armv7e-m/fpu/libm.a(lib_a-wf_asin.o)
                0x000000000800cfe0                asinf
 *fill*         0x000000000800d09c        0x4 
 .text.atan2f   0x000000000800d0a0        0x4 /usr/lib/gcc/arm-none-eabi/4.9.3/../../../arm-none-eabi/lib/armv7e-m/fpu/libm.a(lib_a-wf_atan2.o)
                0x000000000800d0a0                atan2f
 *fill*         0x000000000800d0a4        0xc 
 .text.sqrtf    0x000000000800d0b0       0xb8 /usr/lib/gcc/arm-none-eabi/4.9.3/../../../arm-none-eabi/lib/armv7e-m/fpu/libm.a(lib_a-wf_sqrt.o)
                0x000000000800d0b0                sqrtf
 *fill*         0x000000000800d168        0x8 
 .text.__ieee754_asinf
                0x000000000800d170      0x1f8 /usr/lib/gcc/arm-none-eabi/4.9.3/../../../arm-none-eabi/lib/armv7e-m/fpu/libm.a(lib_a-ef_asin.o)
                0x000000000800d170                __ieee754_asinf
 *fill*         0x000000000800d368        0x8 
 .text.__ieee754_atan2f
                0x000000000800d370      0x16c /usr/lib/gcc/arm-none-eabi/4.9.3/../../../arm-none-eabi/lib/armv7e-m/fpu/libm.a(lib_a-ef_atan2.o)
                0x000000000800d370                __ieee754_atan2f
 *fill*         0x000000000800d4dc        0x4 
 .text.__ieee754_rem_pio2f
                0x000000000800d4e0      0x290 /usr/lib/gcc/arm-none-eabi/4.9.3/../../../arm-none-eabi/lib/armv7e-m/fpu/libm.a(lib_a-ef_rem_pio2.o)
                0x000000000800d4e0                __ieee754_rem_pio2f
 .text.__ieee754_sqrtf
                0x000000000800d770       0xa4 /usr/lib/gcc/arm-none-eabi/4.9.3/../../../arm-none-eabi/lib/armv7e-m/fpu/libm.a(lib_a-ef_sqrt.o)
                0x000000000800d770                __ieee754_sqrtf
 *fill*         0x000000000800d814        0xc 
 .text.__kernel_cosf
                0x000000000800d820      0x104 /usr/lib/gcc/arm-none-eabi/4.9.3/../../../arm-none-eabi/lib/armv7e-m/fpu/libm.a(lib_a-kf_cos.o)
                0x000000000800d820                __kernel_cosf
 *fill*         0x000000000800d924        0xc 
 .text.__kernel_rem_pio2f
                0x000000000800d930      0x5e4 /usr/lib/gcc/arm-none-eabi/4.9.3/../../../arm-none-eabi/lib/armv7e-m/fpu/libm.a(lib_a-kf_rem_pio2.o)
                0x000000000800d930                __kernel_rem_pio2f
 *fill*         0x000000000800df14        0xc 
 .text.__kernel_sinf
                0x000000000800df20       0x90 /usr/lib/gcc/arm-none-eabi/4.9.3/../../../arm-none-eabi/lib/armv7e-m/fpu/libm.a(lib_a-kf_sin.o)
                0x000000000800df20                __kernel_sinf
 .text.__kernel_tanf
                0x000000000800dfb0      0x1d0 /usr/lib/gcc/arm-none-eabi/4.9.3/../../../arm-none-eabi/lib/armv7e-m/fpu/libm.a(lib_a-kf_tan.o)
                0x000000000800dfb0                __kernel_tanf
 .text.matherr  0x000000000800e180        0x4 /usr/lib/gcc/arm-none-eabi/4.9.3/../../../arm-none-eabi/lib/armv7e-m/fpu/libm.a(lib_a-s_matherr.o)
                0x000000000800e180                matherr
 *fill*         0x000000000800e184        0xc 
 .text.nan      0x000000000800e190       0x10 /usr/lib/gcc/arm-none-eabi/4.9.3/../../../arm-none-eabi/lib/armv7e-m/fpu/libm.a(lib_a-s_nan.o)
                0x000000000800e190                nan
 .text.atanf    0x000000000800e1a0      0x1b8 /usr/lib/gcc/arm-none-eabi/4.9.3/../../../arm-none-eabi/lib/armv7e-m/fpu/libm.a(lib_a-sf_atan.o)
                0x000000000800e1a0                atanf
 *fill*         0x000000000800e358        0x8 
 .text.fabsf    0x000000000800e360       0x10 /usr/lib/gcc/arm-none-eabi/4.9.3/../../../arm-none-eabi/lib/armv7e-m/fpu/libm.a(lib_a-sf_fabs.o)
                0x000000000800e360                fabsf
 .text.floorf   0x000000000800e370       0x90 /usr/lib/gcc/arm-none-eabi/4.9.3/../../../arm-none-eabi/lib/armv7e-m/fpu/libm.a(lib_a-sf_floor.o)
                0x000000000800e370                floorf
 .text.scalbnf  0x000000000800e400       0xd0 /usr/lib/gcc/arm-none-eabi/4.9.3/../../../arm-none-eabi/lib/armv7e-m/fpu/libm.a(lib_a-sf_scalbn.o)
                0x000000000800e400                scalbnf
 .text.copysignf
                0x000000000800e4d0       0x18 /usr/lib/gcc/arm-none-eabi/4.9.3/../../../arm-none-eabi/lib/armv7e-m/fpu/libm.a(lib_a-sf_copysign.o)
                0x000000000800e4d0                copysignf
 *fill*         0x000000000800e4e8        0x8 
 .text.__errno  0x000000000800e4f0        0xc /usr/lib/gcc/arm-none-eabi/4.9.3/../../../arm-none-eabi/lib/armv7e-m/fpu/libg.a(lib_a-errno.o)
                0x000000000800e4f0                __errno
 *fill*         0x000000000800e4fc        0x4 
 .text.memset   0x000000000800e500       0x9c /usr/lib/gcc/arm-none-eabi/4.9.3/../../../arm-none-eabi/lib/armv7e-m/fpu/libg.a(lib_a-memset.o)
                0x000000000800e500                memset
 *fill*         0x000000000800e59c        0x4 
 .text.strlen   0x000000000800e5a0       0x5c /usr/lib/gcc/arm-none-eabi/4.9.3/../../../arm-none-eabi/lib/armv7e-m/fpu/libg.a(lib_a-strlen.o)
                0x000000000800e5a0                strlen
 *fill*         0x000000000800e5fc        0x4 
 .text.strpbrk  0x000000000800e600       0x48 /usr/lib/gcc/arm-none-eabi/4.9.3/../../../arm-none-eabi/lib/armv7e-m/fpu/libg.a(lib_a-strpbrk.o)
                0x000000000800e600                strpbrk
 *fill*         0x000000000800e648        0x8 
 .text.strspn   0x000000000800e650       0x34 /usr/lib/gcc/arm-none-eabi/4.9.3/../../../arm-none-eabi/lib/armv7e-m/fpu/libg.a(lib_a-strspn.o)
                0x000000000800e650                strspn
 *(.rodata)
 *(.rodata.*)
 *fill*         0x000000000800e684        0xc 
 .rodata.vmt    0x000000000800e690       0x20 /tmp/ccfdcxk4.ltrans0.ltrans.o
 .rodata.subname_axis
                0x000000000800e6b0        0xa /tmp/ccfdcxk4.ltrans0.ltrans.o
 *fill*         0x000000000800e6ba        0x6 
 .rodata.__func__.8460
                0x000000000800e6c0        0x9 /tmp/ccfdcxk4.ltrans0.ltrans.o
 *fill*         0x000000000800e6c9        0x7 
 .rodata.cancfg
                0x000000000800e6d0        0x8 /tmp/ccfdcxk4.ltrans0.ltrans.o
 *fill*         0x000000000800e6d8        0x8 
 .rodata.shell_cfg1
                0x000000000800e6e0        0x8 /tmp/ccfdcxk4.ltrans0.ltrans.o
 *fill*         0x000000000800e6e8        0x8 
 .rodata.limit_subname
                0x000000000800e6f0       0x24 /tmp/ccfdcxk4.ltrans0.ltrans.o
 *fill*         0x000000000800e714        0xc 
 .rodata.__func__.8410
                0x000000000800e720        0x9 /tmp/ccfdcxk4.ltrans0.ltrans.o
 *fill*         0x000000000800e729        0x7 
 .rodata.__func__.8764
                0x000000000800e730        0x9 /tmp/ccfdcxk4.ltrans0.ltrans.o
 *fill*         0x000000000800e739        0x7 
 .rodata._yaw_atti_name
                0x000000000800e740       0x10 /tmp/ccfdcxk4.ltrans0.ltrans.o
 .rodata.__func__.6022.lto_priv.142
                0x000000000800e750        0xc /tmp/ccfdcxk4.ltrans0.ltrans.o
 *fill*         0x000000000800e75c        0x4 
 .rodata.axis_ff_name
                0x000000000800e760        0xf /tmp/ccfdcxk4.ltrans0.ltrans.o
 *fill*         0x000000000800e76f        0x1 
 .rodata.FEEDER_VEL
                0x000000000800e770        0x4 /tmp/ccfdcxk4.ltrans0.ltrans.o
 *fill*         0x000000000800e774        0xc 
 .rodata.commands
                0x000000000800e780       0x48 /tmp/ccfdcxk4.ltrans0.ltrans.o
 *fill*         0x000000000800e7c8        0x8 
 .rodata.__func__.6506
                0x000000000800e7d0        0xc /tmp/ccfdcxk4.ltrans0.ltrans.o
 *fill*         0x000000000800e7dc        0x4 
 .rodata._stm32_dma_streams
                0x000000000800e7e0       0xc0 /tmp/ccfdcxk4.ltrans0.ltrans.o
 .rodata.__func__.6336
                0x000000000800e8a0        0xc /tmp/ccfdcxk4.ltrans0.ltrans.o
 *fill*         0x000000000800e8ac        0x4 
 .rodata._pitch_vel_name
                0x000000000800e8b0       0x11 /tmp/ccfdcxk4.ltrans0.ltrans.o
 *fill*         0x000000000800e8c1        0xf 
 .rodata.str1.4
                0x000000000800e8d0       0x4f /tmp/ccfdcxk4.ltrans0.ltrans.o
 *fill*         0x000000000800e91f        0x1 
 .rodata.usbcfg
                0x000000000800e920       0x10 /tmp/ccfdcxk4.ltrans0.ltrans.o
 .rodata.__func__.8519
                0x000000000800e930       0x13 /tmp/ccfdcxk4.ltrans0.ltrans.o
 *fill*         0x000000000800e943        0xd 
 .rodata.subname_PI
                0x000000000800e950        0x6 /tmp/ccfdcxk4.ltrans0.ltrans.o
 *fill*         0x000000000800e956        0xa 
 .rodata.subname_feeder_PID
                0x000000000800e960        0x9 /tmp/ccfdcxk4.ltrans0.ltrans.o
 *fill*         0x000000000800e969        0x7 
 .rodata.serusbcfg
                0x000000000800e970        0x8 /tmp/ccfdcxk4.ltrans0.ltrans.o
 *fill*         0x000000000800e978        0x8 
 .rodata._yaw_vel_name
                0x000000000800e980        0xf /tmp/ccfdcxk4.ltrans0.ltrans.o
 *fill*         0x000000000800e98f        0x1 
 .rodata.__func__.6022.lto_priv.143
                0x000000000800e990        0xc /tmp/ccfdcxk4.ltrans0.ltrans.o
 *fill*         0x000000000800e99c        0x4 
 .rodata.limit_name
                0x000000000800e9a0       0x12 /tmp/ccfdcxk4.ltrans0.ltrans.o
 *fill*         0x000000000800e9b2        0xe 
 .rodata.fsparams
                0x000000000800e9c0        0xc /tmp/ccfdcxk4.ltrans0.ltrans.o
 *fill*         0x000000000800e9cc        0x4 
 .rodata._ZL6wdgcfg
                0x000000000800e9d0        0x8 /tmp/ccfdcxk4.ltrans0.ltrans.o
 *fill*         0x000000000800e9d8        0x8 
 .rodata.ff_int_name
                0x000000000800e9e0        0xe /tmp/ccfdcxk4.ltrans0.ltrans.o
 *fill*         0x000000000800e9ee        0x2 
 .rodata.accl_name
                0x000000000800e9f0        0xf /tmp/ccfdcxk4.ltrans0.ltrans.o
 *fill*         0x000000000800e9ff        0x1 
 .rodata.sdc_vmt
                0x000000000800ea00       0x20 /tmp/ccfdcxk4.ltrans0.ltrans.o
 .rodata._pitch_atti_name
                0x000000000800ea20       0x12 /tmp/ccfdcxk4.ltrans0.ltrans.o
 *fill*         0x000000000800ea32        0xe 
 .rodata.yaw_pos_name
                0x000000000800ea40        0xf /tmp/ccfdcxk4.ltrans0.ltrans.o
 *fill*         0x000000000800ea4f        0x1 
 .rodata.init_pos_name
                0x000000000800ea50       0x10 /tmp/ccfdcxk4.ltrans0.ltrans.o
 .rodata.FEEDER_POS
                0x000000000800ea60        0x4 /tmp/ccfdcxk4.ltrans0.ltrans.o
 *fill*         0x000000000800ea64        0xc 
 .rodata.subname_accl
                0x000000000800ea70       0x24 /tmp/ccfdcxk4.ltrans0.ltrans.o
 *fill*         0x000000000800ea94        0xc 
 .rodata.hsparams
                0x000000000800eaa0        0xc /tmp/ccfdcxk4.ltrans0.ltrans.o
 *fill*         0x000000000800eaac        0x4 
 .rodata.subname_ff
                0x000000000800eab0       0x2c /tmp/ccfdcxk4.ltrans0.ltrans.o
 *fill*         0x000000000800eadc        0x4 
 .rodata.__func__.8402
                0x000000000800eae0        0x9 /tmp/ccfdcxk4.ltrans0.ltrans.o
 *fill*         0x000000000800eae9        0x7 
 .rodata.pitch_pos_name
                0x000000000800eaf0       0x11 /tmp/ccfdcxk4.ltrans0.ltrans.o
 *fill*         0x000000000800eb01        0xf 
 .rodata.__func__.8405
                0x000000000800eb10        0x9 /tmp/ccfdcxk4.ltrans0.ltrans.o
 *fill*         0x000000000800eb19        0x7 
 .rodata.ch_debug
                0x000000000800eb20       0x16 /tmp/ccfdcxk4.ltrans0.ltrans.o
 *fill*         0x000000000800eb36        0xa 
 .rodata.subname_PID
                0x000000000800eb40        0x9 /tmp/ccfdcxk4.ltrans0.ltrans.o
 *fill*         0x000000000800eb49        0x7 
 .rodata.MPU6500_SPI_cfg
                0x000000000800eb50        0xc /tmp/ccfdcxk4.ltrans1.ltrans.o
 *fill*         0x000000000800eb5c        0x4 
 .rodata.axisName
                0x000000000800eb60        0x6 /tmp/ccfdcxk4.ltrans1.ltrans.o
 *fill*         0x000000000800eb66        0xa 
 .rodata.accelBiasName
                0x000000000800eb70        0xa /tmp/ccfdcxk4.ltrans1.ltrans.o
 *fill*         0x000000000800eb7a        0x6 
 .rodata._ZZL11chSysUnlockvE8__func__
                0x000000000800eb80        0xc /tmp/ccfdcxk4.ltrans1.ltrans.o
 *fill*         0x000000000800eb8c        0x4 
 .rodata.__func__.6022.lto_priv.226
                0x000000000800eb90        0xc /tmp/ccfdcxk4.ltrans1.ltrans.o
                0x000000000800eb90                __func__.6022.lto_priv.226
 *fill*         0x000000000800eb9c        0x4 
 .rodata.__func__.8425
                0x000000000800eba0        0xe /tmp/ccfdcxk4.ltrans1.ltrans.o
 *fill*         0x000000000800ebae        0x2 
 .rodata.accelTNameSub1
                0x000000000800ebb0        0xc /tmp/ccfdcxk4.ltrans1.ltrans.o
 *fill*         0x000000000800ebbc        0x4 
 .rodata.accelTNameSub2
                0x000000000800ebc0        0x6 /tmp/ccfdcxk4.ltrans1.ltrans.o
 *fill*         0x000000000800ebc6        0xa 
 .rodata.str1.4
                0x000000000800ebd0       0x17 /tmp/ccfdcxk4.ltrans1.ltrans.o
 *fill*         0x000000000800ebe7        0x9 
 .rodata.accelTName1
                0x000000000800ebf0        0x8 /tmp/ccfdcxk4.ltrans1.ltrans.o
 *fill*         0x000000000800ebf8        0x8 
 .rodata.accelTName2
                0x000000000800ec00        0x8 /tmp/ccfdcxk4.ltrans1.ltrans.o
 *fill*         0x000000000800ec08        0x8 
 .rodata.__func__.8405.lto_priv.171
                0x000000000800ec10        0x9 /tmp/ccfdcxk4.ltrans1.ltrans.o
 *fill*         0x000000000800ec19        0x7 
 .rodata.__func__.8420
                0x000000000800ec20        0xe /tmp/ccfdcxk4.ltrans1.ltrans.o
 *fill*         0x000000000800ec2e        0x2 
 .rodata.gyroBiasName
                0x000000000800ec30        0x9 /tmp/ccfdcxk4.ltrans1.ltrans.o
 *fill*         0x000000000800ec39        0x7 
 .rodata.__func__.8405.lto_priv.170
                0x000000000800ec40        0x9 /tmp/ccfdcxk4.ltrans1.ltrans.o
 *fill*         0x000000000800ec49        0x7 
 .rodata.__func__.6022.lto_priv.235
                0x000000000800ec50        0xc /tmp/ccfdcxk4.ltrans2.ltrans.o
 *fill*         0x000000000800ec5c        0x4 
 .rodata.__func__.6196
                0x000000000800ec60        0xc /tmp/ccfdcxk4.ltrans2.ltrans.o
 *fill*         0x000000000800ec6c        0x4 
 .rodata.__func__.6725
                0x000000000800ec70        0xc /tmp/ccfdcxk4.ltrans2.ltrans.o
 *fill*         0x000000000800ec7c        0x4 
 .rodata.__func__.6803
                0x000000000800ec80        0xd /tmp/ccfdcxk4.ltrans2.ltrans.o
 *fill*         0x000000000800ec8d        0x3 
 .rodata.__func__.6791
                0x000000000800ec90        0xe /tmp/ccfdcxk4.ltrans2.ltrans.o
 *fill*         0x000000000800ec9e        0x2 
 .rodata.__func__.6728
                0x000000000800eca0        0xb /tmp/ccfdcxk4.ltrans2.ltrans.o
 *fill*         0x000000000800ecab        0x5 
 .rodata.str1.4
                0x000000000800ecb0       0x4d /tmp/ccfdcxk4.ltrans2.ltrans.o
 *fill*         0x000000000800ecfd        0x3 
 .rodata.__func__.8401
                0x000000000800ed00        0xd /tmp/ccfdcxk4.ltrans2.ltrans.o
 *fill*         0x000000000800ed0d        0x3 
 .rodata.__func__.6737
                0x000000000800ed10        0xd /tmp/ccfdcxk4.ltrans2.ltrans.o
 *fill*         0x000000000800ed1d        0x3 
 .rodata.ram_areas
                0x000000000800ed20       0x80 /tmp/ccfdcxk4.ltrans2.ltrans.o
 .rodata.__func__.8742
                0x000000000800eda0       0x19 /tmp/ccfdcxk4.ltrans2.ltrans.o
 *fill*         0x000000000800edb9        0x7 
 .rodata.__func__.6745
                0x000000000800edc0       0x15 /tmp/ccfdcxk4.ltrans2.ltrans.o
 *fill*         0x000000000800edd5        0xb 
 .rodata.__func__.8408
                0x000000000800ede0        0xb /tmp/ccfdcxk4.ltrans2.ltrans.o
 *fill*         0x000000000800edeb        0x5 
 .rodata.__func__.6781
                0x000000000800edf0        0xb /tmp/ccfdcxk4.ltrans2.ltrans.o
 *fill*         0x000000000800edfb        0x5 
 .rodata.__func__.8749
                0x000000000800ee00       0x17 /tmp/ccfdcxk4.ltrans2.ltrans.o
 *fill*         0x000000000800ee17        0x9 
 .rodata.__func__.6762
                0x000000000800ee20        0xd /tmp/ccfdcxk4.ltrans2.ltrans.o
 *fill*         0x000000000800ee2d        0x3 
 .rodata.__func__.8459
                0x000000000800ee30        0x8 /tmp/ccfdcxk4.ltrans3.ltrans.o
 *fill*         0x000000000800ee38        0x8 
 .rodata.__func__.8417
                0x000000000800ee40        0xc /tmp/ccfdcxk4.ltrans3.ltrans.o
 *fill*         0x000000000800ee4c        0x4 
 .rodata.__func__.8781
                0x000000000800ee50       0x11 /tmp/ccfdcxk4.ltrans3.ltrans.o
 *fill*         0x000000000800ee61        0xf 
 .rodata.__func__.6022.lto_priv.225
                0x000000000800ee70        0xc /tmp/ccfdcxk4.ltrans3.ltrans.o
 *fill*         0x000000000800ee7c        0x4 
 .rodata.zero_status
                0x000000000800ee80        0x2 /tmp/ccfdcxk4.ltrans3.ltrans.o
 *fill*         0x000000000800ee82        0xe 
 .rodata.__func__.8786
                0x000000000800ee90       0x15 /tmp/ccfdcxk4.ltrans3.ltrans.o
 *fill*         0x000000000800eea5        0xb 
 .rodata.__func__.6728
                0x000000000800eeb0        0xb /tmp/ccfdcxk4.ltrans3.ltrans.o
 *fill*         0x000000000800eebb        0x5 
 .rodata.__func__.8473
                0x000000000800eec0        0xe /tmp/ccfdcxk4.ltrans3.ltrans.o
 *fill*         0x000000000800eece        0x2 
 .rodata.__func__.8797
                0x000000000800eed0       0x11 /tmp/ccfdcxk4.ltrans3.ltrans.o
 *fill*         0x000000000800eee1        0xf 
 .rodata.__func__.8465
                0x000000000800eef0        0xb /tmp/ccfdcxk4.ltrans3.ltrans.o
 *fill*         0x000000000800eefb        0x5 
 .rodata.__func__.8413
                0x000000000800ef00        0xa /tmp/ccfdcxk4.ltrans3.ltrans.o
 *fill*         0x000000000800ef0a        0x6 
 .rodata.__func__.6751
                0x000000000800ef10        0xc /tmp/ccfdcxk4.ltrans3.ltrans.o
 *fill*         0x000000000800ef1c        0x4 
 .rodata.active_status
                0x000000000800ef20        0x2 /tmp/ccfdcxk4.ltrans3.ltrans.o
 *fill*         0x000000000800ef22        0xe 
 .rodata.__func__.8469
                0x000000000800ef30        0xe /tmp/ccfdcxk4.ltrans3.ltrans.o
 *fill*         0x000000000800ef3e        0x2 
 .rodata.halted_status
                0x000000000800ef40        0x2 /tmp/ccfdcxk4.ltrans3.ltrans.o
 *fill*         0x000000000800ef42        0xe 
 .rodata.__func__.8805
                0x000000000800ef50       0x12 /tmp/ccfdcxk4.ltrans3.ltrans.o
 *fill*         0x000000000800ef62        0xe 
 .rodata.__func__.8809
                0x000000000800ef70       0x13 /tmp/ccfdcxk4.ltrans4.ltrans.o
 *fill*         0x000000000800ef83        0xd 
 .rodata.__func__.8818
                0x000000000800ef90       0x12 /tmp/ccfdcxk4.ltrans4.ltrans.o
 *fill*         0x000000000800efa2        0xe 
 .rodata.__func__.6336.lto_priv.233
                0x000000000800efb0        0xc /tmp/ccfdcxk4.ltrans4.ltrans.o
                0x000000000800efb0                __func__.6336.lto_priv.233
 *fill*         0x000000000800efbc        0x4 
 .rodata.__func__.8850
                0x000000000800efc0        0xb /tmp/ccfdcxk4.ltrans4.ltrans.o
 *fill*         0x000000000800efcb        0x5 
 .rodata.__func__.8404
                0x000000000800efd0       0x11 /tmp/ccfdcxk4.ltrans4.ltrans.o
 *fill*         0x000000000800efe1        0xf 
 .rodata.__func__.8411
                0x000000000800eff0       0x14 /tmp/ccfdcxk4.ltrans4.ltrans.o
 *fill*         0x000000000800f004        0xc 
 .rodata.__func__.8800
                0x000000000800f010       0x1a /tmp/ccfdcxk4.ltrans4.ltrans.o
 *fill*         0x000000000800f02a        0x6 
 .rodata.__func__.8720
                0x000000000800f030       0x1b /tmp/ccfdcxk4.ltrans5.ltrans.o
 *fill*         0x000000000800f04b        0x5 
 .rodata.__func__.6336
                0x000000000800f050        0xc /tmp/ccfdcxk4.ltrans5.ltrans.o
 *fill*         0x000000000800f05c        0x4 
 .rodata.str1.4
                0x000000000800f060      0x206 /tmp/ccfdcxk4.ltrans5.ltrans.o
                                        0x20a (size before relaxing)
 *fill*         0x000000000800f266        0xa 
 .rodata.local_commands
                0x000000000800f270       0x18 /tmp/ccfdcxk4.ltrans5.ltrans.o
 *fill*         0x000000000800f288        0x8 
 .rodata.__func__.8766
                0x000000000800f290       0x1b /tmp/ccfdcxk4.ltrans6.ltrans.o
 *fill*         0x000000000800f2ab        0x5 
 .rodata.__func__.6336.lto_priv.218
                0x000000000800f2b0        0xc /tmp/ccfdcxk4.ltrans6.ltrans.o
 *fill*         0x000000000800f2bc        0x4 
 .rodata.__func__.6336.lto_priv.219
                0x000000000800f2c0        0xc /tmp/ccfdcxk4.ltrans6.ltrans.o
 *fill*         0x000000000800f2cc        0x4 
 .rodata.__func__.8760.lto_priv.222
                0x000000000800f2d0        0xe /tmp/ccfdcxk4.ltrans6.ltrans.o
                0x000000000800f2d0                __func__.8760.lto_priv.222
 *fill*         0x000000000800f2de        0x2 
 .rodata.str1.4
                0x000000000800f2e0        0xd /tmp/ccfdcxk4.ltrans6.ltrans.o
 *fill*         0x000000000800f2ed        0x3 
 .rodata.ep0config
                0x000000000800f2f0       0x24 /tmp/ccfdcxk4.ltrans6.ltrans.o
 *fill*         0x000000000800f314        0xc 
 .rodata.__func__.6022.lto_priv.234
                0x000000000800f320        0xc /tmp/ccfdcxk4.ltrans7.ltrans.o
                0x000000000800f320                __func__.6022.lto_priv.234
 *fill*         0x000000000800f32c        0x4 
 .rodata.str1.4
                0x000000000800f330      0x43b /tmp/ccfdcxk4.ltrans7.ltrans.o
 *fill*         0x000000000800f76b        0x5 
 .rodata.pow10  0x000000000800f770       0x24 /tmp/ccfdcxk4.ltrans7.ltrans.o
 *fill*         0x000000000800f794        0xc 
 .rodata.vcom_configuration_descriptor_data
                0x000000000800f7a0       0x43 /tmp/ccfdcxk4.ltrans8.ltrans.o
 *fill*         0x000000000800f7e3        0xd 
 .rodata.vcom_string0
                0x000000000800f7f0        0x4 /tmp/ccfdcxk4.ltrans8.ltrans.o
 *fill*         0x000000000800f7f4        0xc 
 .rodata.ep2config
                0x000000000800f800       0x24 /tmp/ccfdcxk4.ltrans8.ltrans.o
 *fill*         0x000000000800f824        0xc 
 .rodata.vcom_string2
                0x000000000800f830       0x38 /tmp/ccfdcxk4.ltrans8.ltrans.o
 *fill*         0x000000000800f868        0x8 
 .rodata.vcom_string3
                0x000000000800f870        0x8 /tmp/ccfdcxk4.ltrans8.ltrans.o
 *fill*         0x000000000800f878        0x8 
 .rodata.vcom_string1
                0x000000000800f880       0x26 /tmp/ccfdcxk4.ltrans8.ltrans.o
 *fill*         0x000000000800f8a6        0xa 
 .rodata.vcom_strings
                0x000000000800f8b0       0x20 /tmp/ccfdcxk4.ltrans8.ltrans.o
 .rodata.vcom_device_descriptor
                0x000000000800f8d0        0x8 /tmp/ccfdcxk4.ltrans8.ltrans.o
 *fill*         0x000000000800f8d8        0x8 
 .rodata.vcom_device_descriptor_data
                0x000000000800f8e0       0x12 /tmp/ccfdcxk4.ltrans8.ltrans.o
 *fill*         0x000000000800f8f2        0xe 
 .rodata.__func__.6022
                0x000000000800f900        0xc /tmp/ccfdcxk4.ltrans8.ltrans.o
 *fill*         0x000000000800f90c        0x4 
 .rodata.__func__.8484
                0x000000000800f910        0xc /tmp/ccfdcxk4.ltrans8.ltrans.o
 *fill*         0x000000000800f91c        0x4 
 .rodata.vcom_configuration_descriptor
                0x000000000800f920        0x8 /tmp/ccfdcxk4.ltrans8.ltrans.o
 *fill*         0x000000000800f928        0x8 
 .rodata.str1.4
                0x000000000800f930       0x2a /tmp/ccfdcxk4.ltrans8.ltrans.o
 *fill*         0x000000000800f95a        0x6 
 .rodata.ep1config
                0x000000000800f960       0x24 /tmp/ccfdcxk4.ltrans8.ltrans.o
 *fill*         0x000000000800f984        0xc 
 .rodata.str1.4
                0x000000000800f990     0x103e /tmp/ccfdcxk4.ltrans9.ltrans.o
 *fill*         0x00000000080109ce        0x2 
 .rodata.__func__.6111
                0x00000000080109d0        0xc /tmp/ccfdcxk4.ltrans10.ltrans.o
 *fill*         0x00000000080109dc        0x4 
 .rodata.__func__.8845
                0x00000000080109e0        0xb /tmp/ccfdcxk4.ltrans10.ltrans.o
 *fill*         0x00000000080109eb        0x5 
 .rodata.__func__.8859
                0x00000000080109f0        0xc /tmp/ccfdcxk4.ltrans10.ltrans.o
 *fill*         0x00000000080109fc        0x4 
 .rodata.__func__.8479
                0x0000000008010a00       0x12 /tmp/ccfdcxk4.ltrans10.ltrans.o
 *fill*         0x0000000008010a12        0xe 
 .rodata.__func__.6723
                0x0000000008010a20       0x1b /tmp/ccfdcxk4.ltrans11.ltrans.o
 *fill*         0x0000000008010a3b        0x5 
 .rodata.str1.4
                0x0000000008010a40       0x31 /tmp/ccfdcxk4.ltrans11.ltrans.o
 *fill*         0x0000000008010a71        0xf 
 .rodata.__func__.6022
                0x0000000008010a80        0xc /tmp/ccfdcxk4.ltrans11.ltrans.o
 *fill*         0x0000000008010a8c        0x4 
 .rodata.__func__.8439
                0x0000000008010a90        0xb /tmp/ccfdcxk4.ltrans11.ltrans.o
 *fill*         0x0000000008010a9b        0x5 
 .rodata.__func__.8486
                0x0000000008010aa0       0x11 /tmp/ccfdcxk4.ltrans12.ltrans.o
 *fill*         0x0000000008010ab1        0xf 
 .rodata.__func__.6022.lto_priv.203
                0x0000000008010ac0        0xc /tmp/ccfdcxk4.ltrans12.ltrans.o
 *fill*         0x0000000008010acc        0x4 
 .rodata.__func__.6797
                0x0000000008010ad0       0x15 /tmp/ccfdcxk4.ltrans12.ltrans.o
 *fill*         0x0000000008010ae5        0xb 
 .rodata.__func__.8437
                0x0000000008010af0       0x11 /tmp/ccfdcxk4.ltrans12.ltrans.o
 *fill*         0x0000000008010b01        0xf 
 .rodata.__func__.8448
                0x0000000008010b10       0x10 /tmp/ccfdcxk4.ltrans12.ltrans.o
 .rodata.__func__.8454
                0x0000000008010b20        0xf /tmp/ccfdcxk4.ltrans12.ltrans.o
 *fill*         0x0000000008010b2f        0x1 
 .rodata.str1.4
                0x0000000008010b30       0x13 /tmp/ccfdcxk4.ltrans12.ltrans.o
 *fill*         0x0000000008010b43        0xd 
 .rodata.__func__.8405
                0x0000000008010b50        0xa /tmp/ccfdcxk4.ltrans12.ltrans.o
 *fill*         0x0000000008010b5a        0x6 
 .rodata.__func__.6022.lto_priv.202
                0x0000000008010b60        0xc /tmp/ccfdcxk4.ltrans12.ltrans.o
 *fill*         0x0000000008010b6c        0x4 
 .rodata.str1.4
                0x0000000008010b70       0x3a /tmp/ccfdcxk4.ltrans13.ltrans.o
 *fill*         0x0000000008010baa        0x6 
 .rodata.__func__.6022.lto_priv.190
                0x0000000008010bb0        0xc /tmp/ccfdcxk4.ltrans13.ltrans.o
 *fill*         0x0000000008010bbc        0x4 
 .rodata.__func__.6022.lto_priv.189
                0x0000000008010bc0        0xc /tmp/ccfdcxk4.ltrans13.ltrans.o
 *fill*         0x0000000008010bcc        0x4 
 .rodata.__func__.8869
                0x0000000008010bd0        0x8 /tmp/ccfdcxk4.ltrans14.ltrans.o
 *fill*         0x0000000008010bd8        0x8 
 .rodata.__func__.6208.lto_priv.238
                0x0000000008010be0       0x14 /tmp/ccfdcxk4.ltrans14.ltrans.o
                0x0000000008010be0                __func__.6208.lto_priv.238
 *fill*         0x0000000008010bf4        0xc 
 .rodata.__func__.8877
                0x0000000008010c00        0x9 /tmp/ccfdcxk4.ltrans14.ltrans.o
 *fill*         0x0000000008010c09        0x7 
 .rodata.__func__.8892
                0x0000000008010c10        0xb /tmp/ccfdcxk4.ltrans14.ltrans.o
 *fill*         0x0000000008010c1b        0x5 
 .rodata.__func__.6336
                0x0000000008010c20        0xc /tmp/ccfdcxk4.ltrans14.ltrans.o
 *fill*         0x0000000008010c2c        0x4 
 .rodata.__func__.8786
                0x0000000008010c30       0x17 /tmp/ccfdcxk4.ltrans14.ltrans.o
 *fill*         0x0000000008010c47        0x9 
 .rodata.__func__.8842
                0x0000000008010c50       0x15 /tmp/ccfdcxk4.ltrans14.ltrans.o
 *fill*         0x0000000008010c65        0xb 
 .rodata.__func__.8728
                0x0000000008010c70       0x13 /tmp/ccfdcxk4.ltrans14.ltrans.o
 *fill*         0x0000000008010c83        0xd 
 .rodata.__func__.8851
                0x0000000008010c90       0x16 /tmp/ccfdcxk4.ltrans14.ltrans.o
 *fill*         0x0000000008010ca6        0xa 
 .rodata.__func__.8887
                0x0000000008010cb0        0x8 /tmp/ccfdcxk4.ltrans14.ltrans.o
 *fill*         0x0000000008010cb8        0x8 
 .rodata.__func__.8861
                0x0000000008010cc0        0xe /tmp/ccfdcxk4.ltrans14.ltrans.o
 *fill*         0x0000000008010cce        0x2 
 .rodata.__func__.6809
                0x0000000008010cd0        0xd /tmp/ccfdcxk4.ltrans15.ltrans.o
 *fill*         0x0000000008010cdd        0x3 
 .rodata.__func__.8428
                0x0000000008010ce0        0xc /tmp/ccfdcxk4.ltrans15.ltrans.o
 *fill*         0x0000000008010cec        0x4 
 .rodata.__func__.6022.lto_priv.137
                0x0000000008010cf0        0xc /tmp/ccfdcxk4.ltrans15.ltrans.o
                0x0000000008010cf0                __func__.6022.lto_priv.137
 *fill*         0x0000000008010cfc        0x4 
 .rodata.str1.4
                0x0000000008010d00        0x3 /tmp/ccfdcxk4.ltrans15.ltrans.o
                                         0x13 (size before relaxing)
 *fill*         0x0000000008010d03        0xd 
 .rodata.__func__.6022.lto_priv.135
                0x0000000008010d10        0xc /tmp/ccfdcxk4.ltrans15.ltrans.o
                0x0000000008010d10                __func__.6022.lto_priv.135
 *fill*         0x0000000008010d1c        0x4 
 .rodata.__func__.6022.lto_priv.136
                0x0000000008010d20        0xc /tmp/ccfdcxk4.ltrans15.ltrans.o
                0x0000000008010d20                __func__.6022.lto_priv.136
 *fill*         0x0000000008010d2c        0x4 
 .rodata.__func__.6753
                0x0000000008010d30        0xd /tmp/ccfdcxk4.ltrans15.ltrans.o
 *fill*         0x0000000008010d3d        0x3 
 .rodata.__func__.8420
                0x0000000008010d40       0x11 /tmp/ccfdcxk4.ltrans15.ltrans.o
 *fill*         0x0000000008010d51        0xf 
 .rodata.str1.4
                0x0000000008010d60        0x6 /usr/lib/gcc/arm-none-eabi/4.9.3/../../../arm-none-eabi/lib/armv7e-m/fpu/libm.a(lib_a-wf_asin.o)
                                          0xc (size before relaxing)
 *fill*         0x0000000008010d66        0xa 
 .rodata.str1.4
                0x0000000008010d70        0x6 /usr/lib/gcc/arm-none-eabi/4.9.3/../../../arm-none-eabi/lib/armv7e-m/fpu/libm.a(lib_a-wf_sqrt.o)
                                          0x8 (size before relaxing)
 *fill*         0x0000000008010d76        0xa 
 .rodata.npio2_hw
                0x0000000008010d80       0x80 /usr/lib/gcc/arm-none-eabi/4.9.3/../../../arm-none-eabi/lib/armv7e-m/fpu/libm.a(lib_a-ef_rem_pio2.o)
 .rodata.two_over_pi
                0x0000000008010e00      0x318 /usr/lib/gcc/arm-none-eabi/4.9.3/../../../arm-none-eabi/lib/armv7e-m/fpu/libm.a(lib_a-ef_rem_pio2.o)
 *fill*         0x0000000008011118        0x8 
 .rodata.init_jk
                0x0000000008011120        0xc /usr/lib/gcc/arm-none-eabi/4.9.3/../../../arm-none-eabi/lib/armv7e-m/fpu/libm.a(lib_a-kf_rem_pio2.o)
 *fill*         0x000000000801112c        0x4 
 .rodata.PIo2   0x0000000008011130       0x2c /usr/lib/gcc/arm-none-eabi/4.9.3/../../../arm-none-eabi/lib/armv7e-m/fpu/libm.a(lib_a-kf_rem_pio2.o)
 *fill*         0x000000000801115c        0x4 
 .rodata.atanlo
                0x0000000008011160       0x10 /usr/lib/gcc/arm-none-eabi/4.9.3/../../../arm-none-eabi/lib/armv7e-m/fpu/libm.a(lib_a-sf_atan.o)
 .rodata.atanhi
                0x0000000008011170       0x10 /usr/lib/gcc/arm-none-eabi/4.9.3/../../../arm-none-eabi/lib/armv7e-m/fpu/libm.a(lib_a-sf_atan.o)
 .rodata.str1.4
                0x0000000008011180        0x4 /usr/lib/gcc/arm-none-eabi/4.9.3/../../../arm-none-eabi/lib/armv7e-m/fpu/libg.a(lib_a-impure.o)
 *(.glue_7t)
 .glue_7t       0x0000000008011184        0x0 linker stubs
 *(.glue_7)
 .glue_7        0x0000000008011184        0x0 linker stubs
 *(.gcc*)

.vfp11_veneer   0x0000000008011184        0x0
 .vfp11_veneer  0x0000000008011184        0x0 linker stubs

.v4_bx          0x0000000008011184        0x0
 .v4_bx         0x0000000008011184        0x0 linker stubs

.iplt           0x0000000008011184        0x0
 .iplt          0x0000000008011184        0x0 build/obj/crt0_v7m.o

.ARM.extab
 *(.ARM.extab* .gnu.linkonce.armextab.*)

.ARM.exidx      0x0000000008011184        0x8
                0x0000000008011184                __exidx_start = .
 *(.ARM.exidx* .gnu.linkonce.armexidx.*)
 .ARM.exidx.text.startup.main
                0x0000000008011184        0x8 /tmp/ccfdcxk4.ltrans0.ltrans.o
 .ARM.exidx.text.Attitude_thread.lto_priv.138
                0x000000000801118c        0x0 /tmp/ccfdcxk4.ltrans1.ltrans.o
                                          0x8 (size before relaxing)
 .ARM.exidx.text.SVC_Handler
                0x000000000801118c        0x0 /tmp/ccfdcxk4.ltrans2.ltrans.o
                                          0x8 (size before relaxing)
 .ARM.exidx.text._idle_thread.lto_priv.154
                0x000000000801118c        0x0 /tmp/ccfdcxk4.ltrans2.ltrans.o
                                          0x8 (size before relaxing)
 .ARM.exidx.text.stSetAlarm
                0x000000000801118c        0x0 /tmp/ccfdcxk4.ltrans2.ltrans.o
                                          0x8 (size before relaxing)
 .ARM.exidx.text._port_irq_epilogue
                0x000000000801118c        0x0 /tmp/ccfdcxk4.ltrans2.ltrans.o
                                          0x8 (size before relaxing)
 .ARM.exidx.text._stats_increase_irq
                0x000000000801118c        0x0 /tmp/ccfdcxk4.ltrans2.ltrans.o
                                          0x8 (size before relaxing)
 .ARM.exidx.text.chTMChainMeasurementToX
                0x000000000801118c        0x0 /tmp/ccfdcxk4.ltrans2.ltrans.o
                                          0x8 (size before relaxing)
 .ARM.exidx.text.chTMStopMeasurementX
                0x000000000801118c        0x0 /tmp/ccfdcxk4.ltrans2.ltrans.o
                                          0x8 (size before relaxing)
 .ARM.exidx.text._stats_stop_measure_crit_isr
                0x000000000801118c        0x0 /tmp/ccfdcxk4.ltrans2.ltrans.o
                                          0x8 (size before relaxing)
 .ARM.exidx.text._stats_stop_measure_crit_thd
                0x000000000801118c        0x0 /tmp/ccfdcxk4.ltrans2.ltrans.o
                                          0x8 (size before relaxing)
 .ARM.exidx.text.chTMStartMeasurementX
                0x000000000801118c        0x0 /tmp/ccfdcxk4.ltrans2.ltrans.o
                                          0x8 (size before relaxing)
 .ARM.exidx.text._stats_start_measure_crit_isr
                0x000000000801118c        0x0 /tmp/ccfdcxk4.ltrans2.ltrans.o
                                          0x8 (size before relaxing)
 .ARM.exidx.text._stats_start_measure_crit_thd
                0x000000000801118c        0x0 /tmp/ccfdcxk4.ltrans2.ltrans.o
                                          0x8 (size before relaxing)
 .ARM.exidx.text._dbg_trace
                0x000000000801118c        0x0 /tmp/ccfdcxk4.ltrans2.ltrans.o
                                          0x8 (size before relaxing)
 .ARM.exidx.text.chSchDoRescheduleAhead
                0x000000000801118c        0x0 /tmp/ccfdcxk4.ltrans2.ltrans.o
                                          0x8 (size before relaxing)
 .ARM.exidx.text.chSchDoReschedule
                0x000000000801118c        0x0 /tmp/ccfdcxk4.ltrans2.ltrans.o
                                          0x8 (size before relaxing)
 .ARM.exidx.text.chDbgCheckClassS
                0x000000000801118c        0x0 /tmp/ccfdcxk4.ltrans2.ltrans.o
                                          0x8 (size before relaxing)
 .ARM.exidx.text.ibqReleaseEmptyBufferS
                0x000000000801118c        0x0 /tmp/ccfdcxk4.ltrans2.ltrans.o
                                          0x8 (size before relaxing)
 .ARM.exidx.text.chSchGoSleepS
                0x000000000801118c        0x0 /tmp/ccfdcxk4.ltrans2.ltrans.o
                                          0x8 (size before relaxing)
 .ARM.exidx.text.chThdSuspendS
                0x000000000801118c        0x0 /tmp/ccfdcxk4.ltrans2.ltrans.o
                                          0x8 (size before relaxing)
 .ARM.exidx.text.chDbgCheckClassI
                0x000000000801118c        0x0 /tmp/ccfdcxk4.ltrans2.ltrans.o
                                          0x8 (size before relaxing)
 .ARM.exidx.text.chThdCreateI
                0x000000000801118c        0x0 /tmp/ccfdcxk4.ltrans2.ltrans.o
                                          0x8 (size before relaxing)
 .ARM.exidx.text.chSchRescheduleS
                0x000000000801118c        0x0 /tmp/ccfdcxk4.ltrans2.ltrans.o
                                          0x8 (size before relaxing)
 .ARM.exidx.text.chSchGoSleepTimeoutS
                0x000000000801118c        0x0 /tmp/ccfdcxk4.ltrans2.ltrans.o
                                          0x8 (size before relaxing)
 .ARM.exidx.text.chThdEnqueueTimeoutS
                0x000000000801118c        0x0 /tmp/ccfdcxk4.ltrans2.ltrans.o
                                          0x8 (size before relaxing)
 .ARM.exidx.text.ibqGetFullBufferTimeoutS
                0x000000000801118c        0x0 /tmp/ccfdcxk4.ltrans2.ltrans.o
                                          0x8 (size before relaxing)
 .ARM.exidx.text.chSchReadyI
                0x000000000801118c        0x0 /tmp/ccfdcxk4.ltrans2.ltrans.o
                                          0x8 (size before relaxing)
 .ARM.exidx.text.chEvtBroadcastFlagsI
                0x000000000801118c        0x0 /tmp/ccfdcxk4.ltrans2.ltrans.o
                                          0x8 (size before relaxing)
 .ARM.exidx.text.chThdDequeueAllI
                0x000000000801118c        0x0 /tmp/ccfdcxk4.ltrans2.ltrans.o
                                          0x8 (size before relaxing)
 .ARM.exidx.text.chThdResumeI
                0x000000000801118c        0x0 /tmp/ccfdcxk4.ltrans2.ltrans.o
                                          0x8 (size before relaxing)
 .ARM.exidx.text.chThdExitS