Archive member included to satisfy reference by file (symbol)

/usr/lib/gcc/arm-none-eabi/4.9.3/../../../arm-none-eabi/lib/armv7e-m/fpu/libm.a(lib_a-sf_fpclassify.o)
                              build/obj/attitude.o (symbol from plugin) (__fpclassifyf)
/usr/lib/gcc/arm-none-eabi/4.9.3/../../../arm-none-eabi/lib/armv7e-m/fpu/libm.a(lib_a-sf_cos.o)
                              /tmp/ccIvFPVD.ltrans1.ltrans.o (cosf)
/usr/lib/gcc/arm-none-eabi/4.9.3/../../../arm-none-eabi/lib/armv7e-m/fpu/libm.a(lib_a-sf_sin.o)
                              /tmp/ccIvFPVD.ltrans1.ltrans.o (sinf)
/usr/lib/gcc/arm-none-eabi/4.9.3/../../../arm-none-eabi/lib/armv7e-m/fpu/libm.a(lib_a-sf_tan.o)
                              /tmp/ccIvFPVD.ltrans11.ltrans.o (tanf)
/usr/lib/gcc/arm-none-eabi/4.9.3/../../../arm-none-eabi/lib/armv7e-m/fpu/libm.a(lib_a-wf_asin.o)
                              /tmp/ccIvFPVD.ltrans1.ltrans.o (asinf)
/usr/lib/gcc/arm-none-eabi/4.9.3/../../../arm-none-eabi/lib/armv7e-m/fpu/libm.a(lib_a-wf_atan2.o)
                              /tmp/ccIvFPVD.ltrans1.ltrans.o (atan2f)
/usr/lib/gcc/arm-none-eabi/4.9.3/../../../arm-none-eabi/lib/armv7e-m/fpu/libm.a(lib_a-wf_sqrt.o)
                              /tmp/ccIvFPVD.ltrans1.ltrans.o (sqrtf)
/usr/lib/gcc/arm-none-eabi/4.9.3/../../../arm-none-eabi/lib/armv7e-m/fpu/libm.a(lib_a-ef_asin.o)
                              /usr/lib/gcc/arm-none-eabi/4.9.3/../../../arm-none-eabi/lib/armv7e-m/fpu/libm.a(lib_a-wf_asin.o) (__ieee754_asinf)
/usr/lib/gcc/arm-none-eabi/4.9.3/../../../arm-none-eabi/lib/armv7e-m/fpu/libm.a(lib_a-ef_atan2.o)
                              /usr/lib/gcc/arm-none-eabi/4.9.3/../../../arm-none-eabi/lib/armv7e-m/fpu/libm.a(lib_a-wf_atan2.o) (__ieee754_atan2f)
/usr/lib/gcc/arm-none-eabi/4.9.3/../../../arm-none-eabi/lib/armv7e-m/fpu/libm.a(lib_a-ef_rem_pio2.o)
                              /usr/lib/gcc/arm-none-eabi/4.9.3/../../../arm-none-eabi/lib/armv7e-m/fpu/libm.a(lib_a-sf_cos.o) (__ieee754_rem_pio2f)
/usr/lib/gcc/arm-none-eabi/4.9.3/../../../arm-none-eabi/lib/armv7e-m/fpu/libm.a(lib_a-ef_sqrt.o)
                              /usr/lib/gcc/arm-none-eabi/4.9.3/../../../arm-none-eabi/lib/armv7e-m/fpu/libm.a(lib_a-wf_sqrt.o) (__ieee754_sqrtf)
/usr/lib/gcc/arm-none-eabi/4.9.3/../../../arm-none-eabi/lib/armv7e-m/fpu/libm.a(lib_a-kf_cos.o)
                              /usr/lib/gcc/arm-none-eabi/4.9.3/../../../arm-none-eabi/lib/armv7e-m/fpu/libm.a(lib_a-sf_cos.o) (__kernel_cosf)
/usr/lib/gcc/arm-none-eabi/4.9.3/../../../arm-none-eabi/lib/armv7e-m/fpu/libm.a(lib_a-kf_rem_pio2.o)
                              /usr/lib/gcc/arm-none-eabi/4.9.3/../../../arm-none-eabi/lib/armv7e-m/fpu/libm.a(lib_a-ef_rem_pio2.o) (__kernel_rem_pio2f)
/usr/lib/gcc/arm-none-eabi/4.9.3/../../../arm-none-eabi/lib/armv7e-m/fpu/libm.a(lib_a-kf_sin.o)
                              /usr/lib/gcc/arm-none-eabi/4.9.3/../../../arm-none-eabi/lib/armv7e-m/fpu/libm.a(lib_a-sf_cos.o) (__kernel_sinf)
/usr/lib/gcc/arm-none-eabi/4.9.3/../../../arm-none-eabi/lib/armv7e-m/fpu/libm.a(lib_a-kf_tan.o)
                              /usr/lib/gcc/arm-none-eabi/4.9.3/../../../arm-none-eabi/lib/armv7e-m/fpu/libm.a(lib_a-sf_tan.o) (__kernel_tanf)
/usr/lib/gcc/arm-none-eabi/4.9.3/../../../arm-none-eabi/lib/armv7e-m/fpu/libm.a(lib_a-s_lib_ver.o)
                              /usr/lib/gcc/arm-none-eabi/4.9.3/../../../arm-none-eabi/lib/armv7e-m/fpu/libm.a(lib_a-wf_asin.o) (__fdlib_version)
/usr/lib/gcc/arm-none-eabi/4.9.3/../../../arm-none-eabi/lib/armv7e-m/fpu/libm.a(lib_a-s_matherr.o)
                              /usr/lib/gcc/arm-none-eabi/4.9.3/../../../arm-none-eabi/lib/armv7e-m/fpu/libm.a(lib_a-wf_asin.o) (matherr)
/usr/lib/gcc/arm-none-eabi/4.9.3/../../../arm-none-eabi/lib/armv7e-m/fpu/libm.a(lib_a-s_nan.o)
                              /usr/lib/gcc/arm-none-eabi/4.9.3/../../../arm-none-eabi/lib/armv7e-m/fpu/libm.a(lib_a-wf_asin.o) (nan)
/usr/lib/gcc/arm-none-eabi/4.9.3/../../../arm-none-eabi/lib/armv7e-m/fpu/libm.a(lib_a-sf_atan.o)
                              /usr/lib/gcc/arm-none-eabi/4.9.3/../../../arm-none-eabi/lib/armv7e-m/fpu/libm.a(lib_a-ef_atan2.o) (atanf)
/usr/lib/gcc/arm-none-eabi/4.9.3/../../../arm-none-eabi/lib/armv7e-m/fpu/libm.a(lib_a-sf_fabs.o)
                              /usr/lib/gcc/arm-none-eabi/4.9.3/../../../arm-none-eabi/lib/armv7e-m/fpu/libm.a(lib_a-wf_asin.o) (fabsf)
/usr/lib/gcc/arm-none-eabi/4.9.3/../../../arm-none-eabi/lib/armv7e-m/fpu/libm.a(lib_a-sf_floor.o)
                              /usr/lib/gcc/arm-none-eabi/4.9.3/../../../arm-none-eabi/lib/armv7e-m/fpu/libm.a(lib_a-kf_rem_pio2.o) (floorf)
/usr/lib/gcc/arm-none-eabi/4.9.3/../../../arm-none-eabi/lib/armv7e-m/fpu/libm.a(lib_a-sf_scalbn.o)
                              /usr/lib/gcc/arm-none-eabi/4.9.3/../../../arm-none-eabi/lib/armv7e-m/fpu/libm.a(lib_a-kf_rem_pio2.o) (scalbnf)
/usr/lib/gcc/arm-none-eabi/4.9.3/../../../arm-none-eabi/lib/armv7e-m/fpu/libm.a(lib_a-sf_copysign.o)
[...]
Memory Configuration

Name             Origin             Length             Attributes
flash            0x0000000008000000 0x0000000000200000
ram0             0x0000000020000000 0x0000000000030000
ram1             0x0000000020000000 0x000000000001c000
ram2             0x000000002001c000 0x0000000000004000
ram3             0x0000000020020000 0x0000000000010000
ram4             0x0000000010000000 0x0000000000010000
ram5             0x0000000040024000 0x0000000000001000
ram6             0x0000000000000000 0x0000000000000000
ram7             0x0000000000000000 0x0000000000000000
*default*        0x0000000000000000 0xffffffffffffffff

Linker script and memory map

LOAD build/obj/crt0_v7m.o
LOAD build/obj/chcoreasm_v7m.o
LOAD build/obj/crt1.o
LOAD /tmp/ccIvFPVD.ltrans0.ltrans.o
LOAD /tmp/ccIvFPVD.ltrans1.ltrans.o
LOAD /tmp/ccIvFPVD.ltrans2.ltrans.o
LOAD /tmp/ccIvFPVD.ltrans3.ltrans.o
LOAD /tmp/ccIvFPVD.ltrans4.ltrans.o
LOAD /tmp/ccIvFPVD.ltrans5.ltrans.o
LOAD /tmp/ccIvFPVD.ltrans6.ltrans.o
LOAD /tmp/ccIvFPVD.ltrans7.ltrans.o
LOAD /tmp/ccIvFPVD.ltrans8.ltrans.o
LOAD /tmp/ccIvFPVD.ltrans9.ltrans.o
LOAD /tmp/ccIvFPVD.ltrans10.ltrans.o
LOAD /tmp/ccIvFPVD.ltrans11.ltrans.o
LOAD /tmp/ccIvFPVD.ltrans12.ltrans.o
LOAD /tmp/ccIvFPVD.ltrans13.ltrans.o
LOAD /tmp/ccIvFPVD.ltrans14.ltrans.o
LOAD build/obj/vectors.o
LOAD build/obj/chsys.o
LOAD build/obj/chdebug.o
LOAD build/obj/chvt.o
LOAD build/obj/chschd.o
LOAD build/obj/chthreads.o
LOAD build/obj/chtm.o
LOAD build/obj/chstats.o
LOAD build/obj/chdynamic.o
LOAD build/obj/chregistry.o
LOAD build/obj/chsem.o
LOAD build/obj/chmtx.o
LOAD build/obj/chcond.o
LOAD build/obj/chevents.o
LOAD build/obj/chmsg.o
LOAD build/obj/chmboxes.o
LOAD build/obj/chqueues.o
LOAD build/obj/chmemcore.o
LOAD build/obj/chheap.o
LOAD build/obj/chmempools.o
LOAD build/obj/chcore.o
LOAD build/obj/chcore_v7m.o
LOAD build/obj/osal.o
LOAD build/obj/hal.o
LOAD build/obj/st.o
LOAD build/obj/hal_buffers.o
LOAD build/obj/hal_queues.o
LOAD build/obj/hal_mmcsd.o
LOAD build/obj/can.o
LOAD build/obj/ext.o
LOAD build/obj/pal.o
LOAD build/obj/pwm.o
LOAD build/obj/sdc.o
LOAD build/obj/serial_usb.o
LOAD build/obj/spi.o
LOAD build/obj/uart.o
LOAD build/obj/usb.o
LOAD build/obj/wdg.o
LOAD build/obj/nvic.o
LOAD build/obj/hal_lld.o
LOAD build/obj/stm32_dma.o
LOAD build/obj/st_lld.o
LOAD build/obj/can_lld.o
LOAD build/obj/ext_lld.o
LOAD build/obj/ext_lld_isr.o
LOAD build/obj/pal_lld.o
LOAD build/obj/usb_lld.o
LOAD build/obj/sdc_lld.o
LOAD build/obj/spi_lld.o
LOAD build/obj/pwm_lld.o
LOAD build/obj/uart_lld.o
LOAD build/obj/wdg_lld.o
LOAD build/obj/board.o
LOAD build/obj/fatfs_diskio.o
LOAD build/obj/fatfs_syscall.o
LOAD build/obj/ff.o
LOAD build/obj/unicode.o
LOAD build/obj/shell.o
LOAD build/obj/evtimer.o
LOAD build/obj/syscalls.o
LOAD build/obj/memstreams.o
LOAD build/obj/chprintf.o
LOAD build/obj/shellcfg.o
LOAD build/obj/flash.o
LOAD build/obj/sdlog.o
LOAD build/obj/mpu6500.o
LOAD build/obj/attitude.o
LOAD build/obj/ist8310.o
LOAD build/obj/math_misc.o
LOAD build/obj/canBusProcess.o
LOAD build/obj/dbus.o
LOAD build/obj/gimbal.o
LOAD build/obj/params.o
LOAD build/obj/usbcfg.o
LOAD build/obj/calibrate_sensor.o
LOAD build/obj/shoot_pwm.o
LOAD build/obj/feeder.o
LOAD build/obj/exti.o
LOAD build/obj/imu_temp.o
LOAD build/obj/main.o
                0x0000000020000000                __ram0_start__ = ORIGIN (ram0)
                0x0000000000030000                __ram0_size__ = LENGTH (ram0)
                0x0000000020030000                __ram0_end__ = (__ram0_start__ + __ram0_size__)
                0x0000000020000000                __ram1_start__ = ORIGIN (ram1)
                0x000000000001c000                __ram1_size__ = LENGTH (ram1)
                0x000000002001c000                __ram1_end__ = (__ram1_start__ + __ram1_size__)
                0x000000002001c000                __ram2_start__ = ORIGIN (ram2)
                0x0000000000004000                __ram2_size__ = LENGTH (ram2)
                0x0000000020020000                __ram2_end__ = (__ram2_start__ + __ram2_size__)
                0x0000000020020000                __ram3_start__ = ORIGIN (ram3)
                0x0000000000010000                __ram3_size__ = LENGTH (ram3)
                0x0000000020030000                __ram3_end__ = (__ram3_start__ + __ram3_size__)
                0x0000000010000000                __ram4_start__ = ORIGIN (ram4)
                0x0000000000010000                __ram4_size__ = LENGTH (ram4)
                0x0000000010010000                __ram4_end__ = (__ram4_start__ + __ram4_size__)
                0x0000000040024000                __ram5_start__ = ORIGIN (ram5)
                0x0000000000001000                __ram5_size__ = LENGTH (ram5)
                0x0000000040025000                __ram5_end__ = (__ram5_start__ + __ram5_size__)
                0x0000000000000000                __ram6_start__ = ORIGIN (ram6)
                0x0000000000000000                __ram6_size__ = LENGTH (ram6)
                0x0000000000000000                __ram6_end__ = (__ram6_start__ + __ram6_size__)
                0x0000000000000000                __ram7_start__ = ORIGIN (ram7)
                0x0000000000000000                __ram7_size__ = LENGTH (ram7)
                0x0000000000000000                __ram7_end__ = (__ram7_start__ + __ram7_size__)
                0x0000000000000000                . = 0x0
                0x0000000000000000                _text = .

startup         0x0000000008000000      0x1c0
 *(.vectors)
 .vectors       0x0000000008000000      0x1c0 /tmp/ccIvFPVD.ltrans6.ltrans.o
                0x0000000008000000                _vectors

constructors    0x00000000080001c0        0x0
                0x00000000080001c0                __init_array_start = .
 *(SORT(.init_array.*))
 *(.init_array)
                0x00000000080001c0                __init_array_end = .

destructors     0x00000000080001c0        0x0
                0x00000000080001c0                __fini_array_start = .
 *(.fini_array)
 *(SORT(.fini_array.*))
                0x00000000080001c0                __fini_array_end = .

.text           0x00000000080001c0     0xf564
 *(.text)
 .text          0x00000000080001c0      0x108 build/obj/crt0_v7m.o
                0x00000000080001c0                Reset_Handler
 *fill*         0x00000000080002c8        0x8 
 .text          0x00000000080002d0       0x48 build/obj/chcoreasm_v7m.o
                0x00000000080002d0                _port_switch
                0x00000000080002e8                _port_thread_start
                0x0000000008000300                _port_switch_from_isr
                0x0000000008000314                _port_exit_from_isr
 *fill*         0x0000000008000318        0x8 
 .text          0x0000000008000320      0x370 /usr/lib/gcc/arm-none-eabi/4.9.3/armv7e-m/fpu/libgcc.a(_arm_addsubdf3.o)
                0x0000000008000320                __aeabi_drsub
                0x0000000008000328                __aeabi_dsub
                0x0000000008000328                __subdf3
                0x000000000800032c                __adddf3
                0x000000000800032c                __aeabi_dadd
                0x00000000080005a4                __aeabi_ui2d
                0x00000000080005a4                __floatunsidf
                0x00000000080005c4                __floatsidf
                0x00000000080005c4                __aeabi_i2d
                0x00000000080005e8                __extendsfdf2
                0x00000000080005e8                __aeabi_f2d
                0x0000000008000624                __aeabi_ul2d
                0x0000000008000624                __floatundidf
                0x0000000008000634                __floatdidf
                0x0000000008000634                __aeabi_l2d
 .text          0x0000000008000690      0x424 /usr/lib/gcc/arm-none-eabi/4.9.3/armv7e-m/fpu/libgcc.a(_arm_muldivdf3.o)
                0x0000000008000690                __aeabi_dmul
                0x0000000008000690                __muldf3
                0x00000000080008e4                __aeabi_ddiv
                0x00000000080008e4                __divdf3
 *fill*         0x0000000008000ab4        0xc 
 .text          0x0000000008000ac0       0x50 /usr/lib/gcc/arm-none-eabi/4.9.3/armv7e-m/fpu/libgcc.a(_arm_fixdfsi.o)
                0x0000000008000ac0                __fixdfsi
                0x0000000008000ac0                __aeabi_d2iz
 .text          0x0000000008000b10       0xa0 /usr/lib/gcc/arm-none-eabi/4.9.3/armv7e-m/fpu/libgcc.a(_arm_truncdfsf2.o)
                0x0000000008000b10                __aeabi_d2f
                0x0000000008000b10                __truncdfsf2
 .text          0x0000000008000bb0      0x134 /usr/lib/gcc/arm-none-eabi/4.9.3/../../../arm-none-eabi/lib/armv7e-m/fpu/libg.a(lib_a-memcpy.o)
                0x0000000008000bb0                memcpy
 *fill*         0x0000000008000ce4        0xc 
 .text          0x0000000008000cf0      0x2e0 /usr/lib/gcc/arm-none-eabi/4.9.3/../../../arm-none-eabi/lib/armv7e-m/fpu/libg.a(lib_a-strcmp.o)
                0x0000000008000cf8                strcmp
 *(.text.*)
 .text.startup.main
                0x0000000008000fd0     0x11c4 /tmp/ccIvFPVD.ltrans0.ltrans.o
                0x0000000008000fd0                main
 *fill*         0x0000000008002194        0xc 
 .text.Attitude_thread.lto_priv.84
                0x00000000080021a0      0xfc0 /tmp/ccIvFPVD.ltrans1.ltrans.o
                0x00000000080021a0                Attitude_thread.lto_priv.84
 .text.SVC_Handler
                0x0000000008003160       0x20 /tmp/ccIvFPVD.ltrans2.ltrans.o
                0x0000000008003160                SVC_Handler
 .text._idle_thread.lto_priv.100
                0x0000000008003180        0x4 /tmp/ccIvFPVD.ltrans2.ltrans.o
                0x0000000008003180                _idle_thread.lto_priv.100
 *fill*         0x0000000008003184        0xc 
 .text.stSetAlarm
                0x0000000008003190       0x20 /tmp/ccIvFPVD.ltrans2.ltrans.o
                0x0000000008003190                stSetAlarm
 .text._port_irq_epilogue
                0x00000000080031b0       0x64 /tmp/ccIvFPVD.ltrans2.ltrans.o
                0x00000000080031b0                _port_irq_epilogue
 *fill*         0x0000000008003214        0xc 
 .text._stats_increase_irq
                0x0000000008003220       0x20 /tmp/ccIvFPVD.ltrans2.ltrans.o
                0x0000000008003220                _stats_increase_irq
 .text.chTMChainMeasurementToX
                0x0000000008003240       0x3c /tmp/ccIvFPVD.ltrans2.ltrans.o
                0x0000000008003240                chTMChainMeasurementToX
 *fill*         0x000000000800327c        0x4 
 .text.chTMStopMeasurementX
                0x0000000008003280       0x48 /tmp/ccIvFPVD.ltrans2.ltrans.o
                0x0000000008003280                chTMStopMeasurementX
 *fill*         0x00000000080032c8        0x8 
 .text._stats_stop_measure_crit_isr
                0x00000000080032d0        0xc /tmp/ccIvFPVD.ltrans2.ltrans.o
                0x00000000080032d0                _stats_stop_measure_crit_isr
 *fill*         0x00000000080032dc        0x4 
 .text._stats_stop_measure_crit_thd
                0x00000000080032e0        0xc /tmp/ccIvFPVD.ltrans2.ltrans.o
                0x00000000080032e0                _stats_stop_measure_crit_thd
 *fill*         0x00000000080032ec        0x4 
 .text.chTMStartMeasurementX
                0x00000000080032f0        0xc /tmp/ccIvFPVD.ltrans2.ltrans.o
                0x00000000080032f0                chTMStartMeasurementX
 *fill*         0x00000000080032fc        0x4 
 .text._stats_start_measure_crit_isr
                0x0000000008003300        0xc /tmp/ccIvFPVD.ltrans2.ltrans.o
                0x0000000008003300                _stats_start_measure_crit_isr
 *fill*         0x000000000800330c        0x4 
 .text._stats_start_measure_crit_thd
                0x0000000008003310        0xc /tmp/ccIvFPVD.ltrans2.ltrans.o
                0x0000000008003310                _stats_start_measure_crit_thd
 *fill*         0x000000000800331c        0x4 
 .text._dbg_trace
                0x0000000008003320       0x38 /tmp/ccIvFPVD.ltrans2.ltrans.o
                0x0000000008003320                _dbg_trace
 *fill*         0x0000000008003358        0x8 
 .text.chSchDoRescheduleAhead
                0x0000000008003360       0x78 /tmp/ccIvFPVD.ltrans2.ltrans.o
 *fill*         0x00000000080033d8        0x8 
 .text.chSchDoReschedule
                0x00000000080033e0        0x4 /tmp/ccIvFPVD.ltrans2.ltrans.o
                0x00000000080033e0                chSchDoReschedule
 *fill*         0x00000000080033e4        0xc 
 .text.chDbgCheckClassS
                0x00000000080033f0       0x20 /tmp/ccIvFPVD.ltrans2.ltrans.o
                0x00000000080033f0                chDbgCheckClassS
 .text.ibqReleaseEmptyBufferS
                0x0000000008003410       0x48 /tmp/ccIvFPVD.ltrans2.ltrans.o
                0x0000000008003410                ibqReleaseEmptyBufferS
 *fill*         0x0000000008003458        0x8 
 .text.chSchGoSleepS
                0x0000000008003460       0x64 /tmp/ccIvFPVD.ltrans2.ltrans.o
                0x0000000008003460                chSchGoSleepS
 *fill*         0x00000000080034c4        0xc 
 .text.chThdSuspendS
                0x00000000080034d0       0x2c /tmp/ccIvFPVD.ltrans2.ltrans.o
                0x00000000080034d0                chThdSuspendS
 *fill*         0x00000000080034fc        0x4 
 .text.chDbgCheckClassI
                0x0000000008003500       0x20 /tmp/ccIvFPVD.ltrans2.ltrans.o
                0x0000000008003500                chDbgCheckClassI
 .text.chThdCreateI
                0x0000000008003520       0xb8 /tmp/ccIvFPVD.ltrans2.ltrans.o
                0x0000000008003520                chThdCreateI
 *fill*         0x00000000080035d8        0x8 
 .text.chSchRescheduleS
                0x00000000080035e0       0x28 /tmp/ccIvFPVD.ltrans2.ltrans.o
                0x00000000080035e0                chSchRescheduleS
 *fill*         0x0000000008003608        0x8 
 .text.chSchGoSleepTimeoutS
                0x0000000008003610      0x170 /tmp/ccIvFPVD.ltrans2.ltrans.o
                0x0000000008003610                chSchGoSleepTimeoutS
 .text.chThdEnqueueTimeoutS
                0x0000000008003780       0x28 /tmp/ccIvFPVD.ltrans2.ltrans.o
                0x0000000008003780                chThdEnqueueTimeoutS
 *fill*         0x00000000080037a8        0x8 
 .text.ibqGetFullBufferTimeoutS
                0x00000000080037b0       0x44 /tmp/ccIvFPVD.ltrans2.ltrans.o
                0x00000000080037b0                ibqGetFullBufferTimeoutS
 *fill*         0x00000000080037f4        0xc 
 .text.chSchReadyI
                0x0000000008003800       0x50 /tmp/ccIvFPVD.ltrans2.ltrans.o
                0x0000000008003800                chSchReadyI
 .text.chEvtBroadcastFlagsI
                0x0000000008003850       0x9c /tmp/ccIvFPVD.ltrans2.ltrans.o
                0x0000000008003850                chEvtBroadcastFlagsI
 *fill*         0x00000000080038ec        0x4 
 .text.chThdDequeueAllI
                0x00000000080038f0       0x3c /tmp/ccIvFPVD.ltrans2.ltrans.o
                0x00000000080038f0                chThdDequeueAllI
 *fill*         0x000000000800392c        0x4 
 .text.chThdResumeI
                0x0000000008003930       0x2c /tmp/ccIvFPVD.ltrans2.ltrans.o
                0x0000000008003930                chThdResumeI
 *fill*         0x000000000800395c        0x4 
 .text.chThdExitS
                0x0000000008003960       0x4c /tmp/ccIvFPVD.ltrans2.ltrans.o
                0x0000000008003960                chThdExitS
 *fill*         0x00000000080039ac        0x4 
 .text._dbg_check_leave_isr
                0x00000000080039b0       0x2c /tmp/ccIvFPVD.ltrans2.ltrans.o
                0x00000000080039b0                _dbg_check_leave_isr
 *fill*         0x00000000080039dc        0x4 
 .text._dbg_check_enter_isr
                0x00000000080039e0       0x2c /tmp/ccIvFPVD.ltrans2.ltrans.o
                0x00000000080039e0                _dbg_check_enter_isr
 *fill*         0x0000000008003a0c        0x4 
 .text._dbg_check_unlock_from_isr
                0x0000000008003a10       0x24 /tmp/ccIvFPVD.ltrans2.ltrans.o
                0x0000000008003a10                _dbg_check_unlock_from_isr
 *fill*         0x0000000008003a34        0xc 
 .text._dbg_check_lock_from_isr
                0x0000000008003a40       0x24 /tmp/ccIvFPVD.ltrans2.ltrans.o
                0x0000000008003a40                _dbg_check_lock_from_isr
 *fill*         0x0000000008003a64        0xc 
 .text.wakeup   0x0000000008003a70       0x6c /tmp/ccIvFPVD.ltrans2.ltrans.o
 *fill*         0x0000000008003adc        0x4 
 .text._dbg_check_unlock
                0x0000000008003ae0       0x20 /tmp/ccIvFPVD.ltrans2.ltrans.o
                0x0000000008003ae0                _dbg_check_unlock
 .text._dbg_check_lock
                0x0000000008003b00       0x20 /tmp/ccIvFPVD.ltrans2.ltrans.o
                0x0000000008003b00                _dbg_check_lock
 .text.ibqGetTimeout
                0x0000000008003b20       0x90 /tmp/ccIvFPVD.ltrans2.ltrans.o
                0x0000000008003b20                ibqGetTimeout
 .text.chCoreAlloc
                0x0000000008003bb0       0x70 /tmp/ccIvFPVD.ltrans2.ltrans.o
                0x0000000008003bb0                chCoreAlloc
 .text.chThdExit
                0x0000000008003c20       0x18 /tmp/ccIvFPVD.ltrans2.ltrans.o
                0x0000000008003c20                chThdExit
 *fill*         0x0000000008003c38        0x8 
 .text.chThdSleepUntil
                0x0000000008003c40       0x54 /tmp/ccIvFPVD.ltrans2.ltrans.o
                0x0000000008003c40                chThdSleepUntil
 *fill*         0x0000000008003c94        0xc 
 .text.chThdSleep
                0x0000000008003ca0       0x5c /tmp/ccIvFPVD.ltrans2.ltrans.o
                0x0000000008003ca0                chThdSleep
 *fill*         0x0000000008003cfc        0x4 
 .text.chThdCreateStatic
                0x0000000008003d00       0x90 /tmp/ccIvFPVD.ltrans2.ltrans.o
                0x0000000008003d00                chThdCreateStatic
 .text.chSysPolledDelayX
                0x0000000008003d90       0x14 /tmp/ccIvFPVD.ltrans2.ltrans.o
                0x0000000008003d90                chSysPolledDelayX
 *fill*         0x0000000008003da4        0xc 
 .text._unhandled_exception
                0x0000000008003db0        0x4 /tmp/ccIvFPVD.ltrans2.ltrans.o
                0x0000000008003db0                DebugMon_Handler
                0x0000000008003db0                Vector1A0
                0x0000000008003db0                Vector11C
                0x0000000008003db0                HardFault_Handler
                0x0000000008003db0                Vector1B8
                0x0000000008003db0                Vector19C
                0x0000000008003db0                SysTick_Handler
                0x0000000008003db0                VectorDC
                0x0000000008003db0                PendSV_Handler
                0x0000000008003db0                Vector168
                0x0000000008003db0                NMI_Handler
                0x0000000008003db0                Vector110
                0x0000000008003db0                VectorC8
                0x0000000008003db0                VectorA8
                0x0000000008003db0                Vector160
                0x0000000008003db0                Vector1B0
                0x0000000008003db0                UsageFault_Handler
                0x0000000008003db0                VectorEC
                0x0000000008003db0                Vector40
                0x0000000008003db0                Vector108
                0x0000000008003db0                VectorBC
                0x0000000008003db0                Vector190
                0x0000000008003db0                Vector188
                0x0000000008003db0                Vector198
                0x0000000008003db0                Vector118
                0x0000000008003db0                VectorCC
                0x0000000008003db0                Vector54
                0x0000000008003db0                VectorD8
                0x0000000008003db0                Vector24
                0x0000000008003db0                Vector1AC
                0x0000000008003db0                Vector178
                0x0000000008003db0                Vector1A4
                0x0000000008003db0                VectorD0
                0x0000000008003db0                Vector1B4
                0x0000000008003db0                VectorC0
                0x0000000008003db0                Vector134
                0x0000000008003db0                Vector100
                0x0000000008003db0                VectorF4
                0x0000000008003db0                MemManage_Handler
                0x0000000008003db0                VectorA0
                0x0000000008003db0                VectorC4
                0x0000000008003db0                Vector180
                0x0000000008003db0                Vector114
                0x0000000008003db0                Vector164
                0x0000000008003db0                Vector1C
                0x0000000008003db0                Vector1BC
                0x0000000008003db0                Vector17C
                0x0000000008003db0                Vector1A8
                0x0000000008003db0                Vector16C
                0x0000000008003db0                Vector15C
                0x0000000008003db0                Vector88
                0x0000000008003db0                Vector184
                0x0000000008003db0                Vector10C
                0x0000000008003db0                BusFault_Handler
                0x0000000008003db0                Vector50
                0x0000000008003db0                Vector194
                0x0000000008003db0                Vector28
                0x0000000008003db0                Vector34
                0x0000000008003db0                Vector20
                0x0000000008003db0                Vector18C
 *fill*         0x0000000008003db4        0xc 
 .text.__init_ram_areas
                0x0000000008003dc0       0x4c /tmp/ccIvFPVD.ltrans2.ltrans.o
                0x0000000008003dc0                __init_ram_areas
 *fill*         0x0000000008003e0c        0x4 
 .text.__default_exit
                0x0000000008003e10        0x4 /tmp/ccIvFPVD.ltrans2.ltrans.o
                0x0000000008003e10                __default_exit
 *fill*         0x0000000008003e14        0xc 
 .text.__late_init
                0x0000000008003e20        0x4 /tmp/ccIvFPVD.ltrans2.ltrans.o
                0x0000000008003e20                __late_init
 *fill*         0x0000000008003e24        0xc 
 .text.__core_init
                0x0000000008003e30        0x4 /tmp/ccIvFPVD.ltrans2.ltrans.o
                0x0000000008003e30                __core_init
 *fill*         0x0000000008003e34        0xc 
 .text.sduInterruptTransmitted
                0x0000000008003e40        0x4 /tmp/ccIvFPVD.ltrans3.ltrans.o
                0x0000000008003e40                sduInterruptTransmitted
 *fill*         0x0000000008003e44        0xc 
 .text.usbStartTransmitI
                0x0000000008003e50       0x64 /tmp/ccIvFPVD.ltrans3.ltrans.o
                0x0000000008003e50                usbStartTransmitI
 *fill*         0x0000000008003eb4        0xc 
 .text.usbStartReceiveI
                0x0000000008003ec0       0x64 /tmp/ccIvFPVD.ltrans3.ltrans.o
                0x0000000008003ec0                usbStartReceiveI
 *fill*         0x0000000008003f24        0xc 
 .text._usb_ep0setup
                0x0000000008003f30      0x434 /tmp/ccIvFPVD.ltrans3.ltrans.o
                0x0000000008003f30                _usb_ep0setup
 *fill*         0x0000000008004364        0xc 
 .text.usbInitEndpointI
                0x0000000008004370      0x1c4 /tmp/ccIvFPVD.ltrans3.ltrans.o
                0x0000000008004370                usbInitEndpointI
 *fill*         0x0000000008004534        0xc 
 .text.spiReleaseBus
                0x0000000008004540       0xe4 /tmp/ccIvFPVD.ltrans3.ltrans.o
                0x0000000008004540                spiReleaseBus
 *fill*         0x0000000008004624        0xc 
 .text.spiAcquireBus
                0x0000000008004630      0x144 /tmp/ccIvFPVD.ltrans3.ltrans.o
                0x0000000008004630                spiAcquireBus
 *fill*         0x0000000008004774        0xc 
 .text.spiReceive
                0x0000000008004780       0xc0 /tmp/ccIvFPVD.ltrans3.ltrans.o
                0x0000000008004780                spiReceive
 .text.spiSend  0x0000000008004840       0xc0 /tmp/ccIvFPVD.ltrans3.ltrans.o
                0x0000000008004840                spiSend
 .text.spiUnselect
                0x0000000008004900       0x74 /tmp/ccIvFPVD.ltrans3.ltrans.o
                0x0000000008004900                spiUnselect
 *fill*         0x0000000008004974        0xc 
 .text.spiSelect
                0x0000000008004980       0x74 /tmp/ccIvFPVD.ltrans3.ltrans.o
                0x0000000008004980                spiSelect
 *fill*         0x00000000080049f4        0xc 
 .text._mmcsd_get_slice
                0x0000000008004a00       0x60 /tmp/ccIvFPVD.ltrans4.ltrans.o
 .text.unlikely._mmcsd_get_capacity
                0x0000000008004a60       0x6c /tmp/ccIvFPVD.ltrans4.ltrans.o
 *fill*         0x0000000008004acc        0x4 
 .text.sdcConnect
                0x0000000008004ad0      0x3f8 /tmp/ccIvFPVD.ltrans4.ltrans.o
                0x0000000008004ad0                sdcConnect
 *fill*         0x0000000008004ec8        0x8 
 .text.obqPostFullBufferS
                0x0000000008004ed0       0x60 /tmp/ccIvFPVD.ltrans4.ltrans.o
 .text.obqGetEmptyBufferTimeoutS
                0x0000000008004f30       0x44 /tmp/ccIvFPVD.ltrans4.ltrans.o
 *fill*         0x0000000008004f74        0xc 
 .text._sdc_wait_for_transfer_state
                0x0000000008004f80       0x40 /tmp/ccIvFPVD.ltrans4.ltrans.o
                0x0000000008004f80                _sdc_wait_for_transfer_state
 .text.obqGetFullBufferI
                0x0000000008004fc0       0x28 /tmp/ccIvFPVD.ltrans4.ltrans.o
                0x0000000008004fc0                obqGetFullBufferI
 *fill*         0x0000000008004fe8        0x8 
 .text.obqWriteTimeout
                0x0000000008004ff0      0x17c /tmp/ccIvFPVD.ltrans4.ltrans.o
                0x0000000008004ff0                obqWriteTimeout
 *fill*         0x000000000800516c        0x4 
 .text.obqPutTimeout
                0x0000000008005170       0xa0 /tmp/ccIvFPVD.ltrans4.ltrans.o
                0x0000000008005170                obqPutTimeout
 .text.ibqReadTimeout
                0x0000000008005210      0x168 /tmp/ccIvFPVD.ltrans4.ltrans.o
                0x0000000008005210                ibqReadTimeout
 *fill*         0x0000000008005378        0x8 
 .text.Vector4C
                0x0000000008005380       0x3c /tmp/ccIvFPVD.ltrans5.ltrans.o
                0x0000000008005380                Vector4C
 *fill*         0x00000000080053bc        0x4 
 .text.Vector48
                0x00000000080053c0       0x3c /tmp/ccIvFPVD.ltrans5.ltrans.o
                0x00000000080053c0                Vector48
 *fill*         0x00000000080053fc        0x4 
 .text.Vector170
                0x0000000008005400       0x3c /tmp/ccIvFPVD.ltrans5.ltrans.o
                0x0000000008005400                Vector170
 *fill*         0x000000000800543c        0x4 
 .text.Vector138
                0x0000000008005440       0x3c /tmp/ccIvFPVD.ltrans5.ltrans.o
                0x0000000008005440                Vector138
 *fill*         0x000000000800547c        0x4 
 .text.VectorE8
                0x0000000008005480       0x3c /tmp/ccIvFPVD.ltrans5.ltrans.o
                0x0000000008005480                VectorE8
 *fill*         0x00000000080054bc        0x4 
 .text.VectorE4
                0x00000000080054c0       0x3c /tmp/ccIvFPVD.ltrans5.ltrans.o
                0x00000000080054c0                VectorE4
 *fill*         0x00000000080054fc        0x4 
 .text.Vector44
                0x0000000008005500       0x3c /tmp/ccIvFPVD.ltrans5.ltrans.o
                0x0000000008005500                Vector44
 *fill*         0x000000000800553c        0x4 
 .text.VectorE0
                0x0000000008005540       0x8c /tmp/ccIvFPVD.ltrans5.ltrans.o
                0x0000000008005540                VectorE0
 *fill*         0x00000000080055cc        0x4 
 .text.sdc_lld_error_cleanup.lto_priv.161
                0x00000000080055d0       0x6c /tmp/ccIvFPVD.ltrans5.ltrans.o
                0x00000000080055d0                sdc_lld_error_cleanup.lto_priv.161
 *fill*         0x000000000800563c        0x4 
 .text.usb_lld_start_in
                0x0000000008005640       0xac /tmp/ccIvFPVD.ltrans5.ltrans.o
                0x0000000008005640                usb_lld_start_in
 *fill*         0x00000000080056ec        0x4 
 .text.otg_epin_handler
                0x00000000080056f0       0xd4 /tmp/ccIvFPVD.ltrans5.ltrans.o
 *fill*         0x00000000080057c4        0xc 
 .text.usb_lld_start_out
                0x00000000080057d0       0x84 /tmp/ccIvFPVD.ltrans5.ltrans.o
                0x00000000080057d0                usb_lld_start_out
 *fill*         0x0000000008005854        0xc 
 .text.otg_epout_handler
                0x0000000008005860       0xac /tmp/ccIvFPVD.ltrans5.ltrans.o
 *fill*         0x000000000800590c        0x4 
 .text.usb_lld_serve_interrupt
                0x0000000008005910      0x408 /tmp/ccIvFPVD.ltrans5.ltrans.o
 *fill*         0x0000000008005d18        0x8 
 .text.Vector174
                0x0000000008005d20       0x20 /tmp/ccIvFPVD.ltrans5.ltrans.o
                0x0000000008005d20                Vector174
 .text.Vector14C
                0x0000000008005d40       0x20 /tmp/ccIvFPVD.ltrans5.ltrans.o
                0x0000000008005d40                Vector14C
 .text.sdc_lld_wait_transaction_end.lto_priv.160
                0x0000000008005d60       0xcc /tmp/ccIvFPVD.ltrans5.ltrans.o
                0x0000000008005d60                sdc_lld_wait_transaction_end.lto_priv.160
 *fill*         0x0000000008005e2c        0x4 
 .text.usb_lld_pump
                0x0000000008005e30      0x298 /tmp/ccIvFPVD.ltrans5.ltrans.o
                0x0000000008005e30                usb_lld_pump
 *fill*         0x00000000080060c8        0x8 
 .text.sdc_lld_is_write_protected
                0x00000000080060d0        0x4 /tmp/ccIvFPVD.ltrans6.ltrans.o
                0x00000000080060d0                sdc_lld_is_write_protected
 *fill*         0x00000000080060d4        0xc 
 .text.sdc_lld_is_card_inserted
                0x00000000080060e0        0x4 /tmp/ccIvFPVD.ltrans6.ltrans.o
                0x00000000080060e0                sdc_lld_is_card_inserted
 *fill*         0x00000000080060e4        0xc 
 .text.pwm_lld_serve_interrupt
                0x00000000080060f0       0x5c /tmp/ccIvFPVD.ltrans6.ltrans.o
 *fill*         0x000000000800614c        0x4 
 .text.spi_lld_serve_tx_interrupt.lto_priv.119
                0x0000000008006150       0x1c /tmp/ccIvFPVD.ltrans6.ltrans.o
                0x0000000008006150                spi_lld_serve_tx_interrupt.lto_priv.119
 *fill*         0x000000000800616c        0x4 
 .text.cmd_info
                0x0000000008006170       0xbc /tmp/ccIvFPVD.ltrans6.ltrans.o
 *fill*         0x000000000800622c        0x4 
 .text.VectorF8
                0x0000000008006230       0x20 /tmp/ccIvFPVD.ltrans6.ltrans.o
 .text.VectorF0
                0x0000000008006250       0x20 /tmp/ccIvFPVD.ltrans6.ltrans.o
 .text.VectorB8
                0x0000000008006270       0x20 /tmp/ccIvFPVD.ltrans6.ltrans.o
 .text.VectorB4
                0x0000000008006290       0x20 /tmp/ccIvFPVD.ltrans6.ltrans.o
 .text.VectorAC
                0x00000000080062b0       0x20 /tmp/ccIvFPVD.ltrans6.ltrans.o
 .text.VectorA4
                0x00000000080062d0       0x20 /tmp/ccIvFPVD.ltrans6.ltrans.o
 .text.VectorD4
                0x00000000080062f0       0xe8 /tmp/ccIvFPVD.ltrans6.ltrans.o
 *fill*         0x00000000080063d8        0x8 
 .text.uart_lld_serve_tx_end_irq.lto_priv.152
                0x00000000080063e0       0x80 /tmp/ccIvFPVD.ltrans6.ltrans.o
                0x00000000080063e0                uart_lld_serve_tx_end_irq.lto_priv.152
 .text.uart_lld_serve_rx_end_irq.lto_priv.151
                0x0000000008006460       0xbc /tmp/ccIvFPVD.ltrans6.ltrans.o
                0x0000000008006460                uart_lld_serve_rx_end_irq.lto_priv.151
 *fill*         0x000000000800651c        0x4 
 .text.spi_lld_serve_rx_interrupt.lto_priv.118
                0x0000000008006520       0x98 /tmp/ccIvFPVD.ltrans6.ltrans.o
                0x0000000008006520                spi_lld_serve_rx_interrupt.lto_priv.118
 *fill*         0x00000000080065b8        0x8 
 .text.Vector104
                0x00000000080065c0       0x48 /tmp/ccIvFPVD.ltrans6.ltrans.o
 *fill*         0x0000000008006608        0x8 
 .text.long_to_string_with_divisor.lto_priv.159
                0x0000000008006610       0x48 /tmp/ccIvFPVD.ltrans6.ltrans.o
                0x0000000008006610                long_to_string_with_divisor.lto_priv.159
 *fill*         0x0000000008006658        0x8 
 .text.__early_init
                0x0000000008006660       0xc8 /tmp/ccIvFPVD.ltrans6.ltrans.o
                0x0000000008006660                __early_init
 *fill*         0x0000000008006728        0x8 
 .text.sdc_lld_collect_errors.isra.0.lto_priv.166
                0x0000000008006730       0x3c /tmp/ccIvFPVD.ltrans6.ltrans.o
                0x0000000008006730                sdc_lld_collect_errors.isra.0.lto_priv.166
 *fill*         0x000000000800676c        0x4 
 .text.sdc_lld_send_cmd_long_crc
                0x0000000008006770       0x3c /tmp/ccIvFPVD.ltrans6.ltrans.o
                0x0000000008006770                sdc_lld_send_cmd_long_crc
 *fill*         0x00000000080067ac        0x4 
 .text.sdc_lld_send_cmd_short_crc
                0x00000000080067b0       0x30 /tmp/ccIvFPVD.ltrans6.ltrans.o
                0x00000000080067b0                sdc_lld_send_cmd_short_crc
 .text.sdc_lld_write_aligned.part.5.lto_priv.174
                0x00000000080067e0       0xa8 /tmp/ccIvFPVD.ltrans6.ltrans.o
                0x00000000080067e0                sdc_lld_write_aligned.part.5.lto_priv.174
 *fill*         0x0000000008006888        0x8 
 .text.sdc_lld_read_aligned.part.4.lto_priv.175
                0x0000000008006890       0xa4 /tmp/ccIvFPVD.ltrans6.ltrans.o
                0x0000000008006890                sdc_lld_read_aligned.part.4.lto_priv.175
 *fill*         0x0000000008006934        0xc 
 .text.sdc_lld_read_special
                0x0000000008006940       0xb4 /tmp/ccIvFPVD.ltrans6.ltrans.o
                0x0000000008006940                sdc_lld_read_special
 *fill*         0x00000000080069f4        0xc 
 .text.shell_thread.lto_priv.97
                0x0000000008006a00      0x224 /tmp/ccIvFPVD.ltrans6.ltrans.o
                0x0000000008006a00                shell_thread.lto_priv.97
 *fill*         0x0000000008006c24        0xc 
 .text.cmd_systime
                0x0000000008006c30       0x70 /tmp/ccIvFPVD.ltrans6.ltrans.o
 .text.matlab_thread
                0x0000000008006ca0       0xa0 /tmp/ccIvFPVD.ltrans7.ltrans.o
 .text.chprintf
                0x0000000008006d40      0x414 /tmp/ccIvFPVD.ltrans7.ltrans.o
                0x0000000008006d40                chprintf
 *fill*         0x0000000008007154        0xc 
 .text.cmd_test
                0x0000000008007160       0x50 /tmp/ccIvFPVD.ltrans7.ltrans.o
                0x0000000008007160                cmd_test
 .text.cmd_calibrate
                0x00000000080071b0      0x9a4 /tmp/ccIvFPVD.ltrans7.ltrans.o
                0x00000000080071b0                cmd_calibrate
 *fill*         0x0000000008007b54        0xc 
 .text.cmd_data
                0x0000000008007b60       0xd8 /tmp/ccIvFPVD.ltrans7.ltrans.o
                0x0000000008007b60                cmd_data
 *fill*         0x0000000008007c38        0x8 
 .text.PID_VEL  0x0000000008007c40       0xcc /tmp/ccIvFPVD.ltrans8.ltrans.o
 *fill*         0x0000000008007d0c        0x4 
 .text.turn_angle
                0x0000000008007d10       0xd4 /tmp/ccIvFPVD.ltrans8.ltrans.o
 *fill*         0x0000000008007de4        0xc 
 .text.get_descriptor.lto_priv.102
                0x0000000008007df0       0x30 /tmp/ccIvFPVD.ltrans8.ltrans.o
                0x0000000008007df0                get_descriptor.lto_priv.102
 .text.pwm_thd.lto_priv.92
                0x0000000008007e20       0xf0 /tmp/ccIvFPVD.ltrans8.ltrans.o
                0x0000000008007e20                pwm_thd.lto_priv.92
 .text.sof_handler.lto_priv.103
                0x0000000008007f10       0xb8 /tmp/ccIvFPVD.ltrans8.ltrans.o
                0x0000000008007f10                sof_handler.lto_priv.103
 *fill*         0x0000000008007fc8        0x8 
 .text.usb_event.lto_priv.101
                0x0000000008007fd0      0x100 /tmp/ccIvFPVD.ltrans8.ltrans.o
                0x0000000008007fd0                usb_event.lto_priv.101
 .text.params_set.part.0.lto_priv.112
                0x00000000080080d0      0x158 /tmp/ccIvFPVD.ltrans8.ltrans.o
                0x00000000080080d0                params_set.part.0.lto_priv.112
 *fill*         0x0000000008008228        0x8 
 .text.param_save_flash
                0x0000000008008230      0x160 /tmp/ccIvFPVD.ltrans8.ltrans.o
                0x0000000008008230                param_save_flash
 .text.Temperature_thread.lto_priv.115
                0x0000000008008390      0x154 /tmp/ccIvFPVD.ltrans8.ltrans.o
                0x0000000008008390                Temperature_thread.lto_priv.115
 *fill*         0x00000000080084e4        0xc 
 .text.feeder_control.lto_priv.90
                0x00000000080084f0      0x5d4 /tmp/ccIvFPVD.ltrans8.ltrans.o
                0x00000000080084f0                feeder_control.lto_priv.90
 *fill*         0x0000000008008ac4        0xc 
 .text.Vector9C
                0x0000000008008ad0       0x7c /tmp/ccIvFPVD.ltrans9.ltrans.o
                0x0000000008008ad0                Vector9C
 *fill*         0x0000000008008b4c        0x4 
 .text.Vector68
                0x0000000008008b50       0x38 /tmp/ccIvFPVD.ltrans9.ltrans.o
                0x0000000008008b50                Vector68
 *fill*         0x0000000008008b88        0x8 
 .text.Vector64
                0x0000000008008b90       0x38 /tmp/ccIvFPVD.ltrans9.ltrans.o
                0x0000000008008b90                Vector64
 *fill*         0x0000000008008bc8        0x8 
 .text.Vector60
                0x0000000008008bd0       0x38 /tmp/ccIvFPVD.ltrans9.ltrans.o
                0x0000000008008bd0                Vector60
 *fill*         0x0000000008008c08        0x8 
 .text.Vector5C
                0x0000000008008c10       0x38 /tmp/ccIvFPVD.ltrans9.ltrans.o
                0x0000000008008c10                Vector5C
 *fill*         0x0000000008008c48        0x8 
 .text.Vector58
                0x0000000008008c50       0x38 /tmp/ccIvFPVD.ltrans9.ltrans.o
                0x0000000008008c50                Vector58
 *fill*         0x0000000008008c88        0x8 
 .text.Vector158
                0x0000000008008c90       0x38 /tmp/ccIvFPVD.ltrans9.ltrans.o
                0x0000000008008c90                Vector158
 *fill*         0x0000000008008cc8        0x8 
 .text.Vector154
                0x0000000008008cd0       0x38 /tmp/ccIvFPVD.ltrans9.ltrans.o
                0x0000000008008cd0                Vector154
 *fill*         0x0000000008008d08        0x8 
 .text.Vector150
                0x0000000008008d10       0x38 /tmp/ccIvFPVD.ltrans9.ltrans.o
                0x0000000008008d10                Vector150
 *fill*         0x0000000008008d48        0x8 
 .text.Vector130
                0x0000000008008d50       0x34 /tmp/ccIvFPVD.ltrans9.ltrans.o
                0x0000000008008d50                Vector130
 *fill*         0x0000000008008d84        0xc 
 .text.Vector12C
                0x0000000008008d90       0x38 /tmp/ccIvFPVD.ltrans9.ltrans.o
                0x0000000008008d90                Vector12C
 *fill*         0x0000000008008dc8        0x8 
 .text.Vector128
                0x0000000008008dd0       0x38 /tmp/ccIvFPVD.ltrans9.ltrans.o
                0x0000000008008dd0                Vector128
 *fill*         0x0000000008008e08        0x8 
 .text.Vector124
                0x0000000008008e10       0x38 /tmp/ccIvFPVD.ltrans9.ltrans.o
                0x0000000008008e10                Vector124
 *fill*         0x0000000008008e48        0x8 
 .text.Vector120
                0x0000000008008e50       0x34 /tmp/ccIvFPVD.ltrans9.ltrans.o
                0x0000000008008e50                Vector120
 *fill*         0x0000000008008e84        0xc 
 .text.VectorFC
                0x0000000008008e90       0x38 /tmp/ccIvFPVD.ltrans9.ltrans.o
                0x0000000008008e90                VectorFC
 *fill*         0x0000000008008ec8        0x8 
 .text.Vector84
                0x0000000008008ed0       0x38 /tmp/ccIvFPVD.ltrans9.ltrans.o
                0x0000000008008ed0                Vector84
 *fill*         0x0000000008008f08        0x8 
 .text.Vector80
                0x0000000008008f10       0x38 /tmp/ccIvFPVD.ltrans9.ltrans.o
                0x0000000008008f10                Vector80
 *fill*         0x0000000008008f48        0x8 
 .text.Vector7C
                0x0000000008008f50       0x34 /tmp/ccIvFPVD.ltrans9.ltrans.o
                0x0000000008008f50                Vector7C
 *fill*         0x0000000008008f84        0xc 
 .text.Vector78
                0x0000000008008f90       0x38 /tmp/ccIvFPVD.ltrans9.ltrans.o
                0x0000000008008f90                Vector78
 *fill*         0x0000000008008fc8        0x8 
 .text.Vector74
                0x0000000008008fd0       0x38 /tmp/ccIvFPVD.ltrans9.ltrans.o
                0x0000000008008fd0                Vector74
 *fill*         0x0000000008009008        0x8 
 .text.Vector70
                0x0000000008009010       0x38 /tmp/ccIvFPVD.ltrans9.ltrans.o
                0x0000000008009010                Vector70
 *fill*         0x0000000008009048        0x8 
 .text.Vector6C
                0x0000000008009050       0x34 /tmp/ccIvFPVD.ltrans9.ltrans.o
                0x0000000008009050                Vector6C
 *fill*         0x0000000008009084        0xc 
 .text.can_lld_sce_handler
                0x0000000008009090       0x74 /tmp/ccIvFPVD.ltrans9.ltrans.o
 *fill*         0x0000000008009104        0xc 
 .text.Vector148
                0x0000000008009110       0x20 /tmp/ccIvFPVD.ltrans9.ltrans.o
                0x0000000008009110                Vector148
 .text.Vector98
                0x0000000008009130       0x20 /tmp/ccIvFPVD.ltrans9.ltrans.o
                0x0000000008009130                Vector98
 .text.can_lld_rx1_handler
                0x0000000008009150       0x78 /tmp/ccIvFPVD.ltrans9.ltrans.o
 *fill*         0x00000000080091c8        0x8 
 .text.Vector144
                0x00000000080091d0       0x20 /tmp/ccIvFPVD.ltrans9.ltrans.o
                0x00000000080091d0                Vector144
 .text.Vector94
                0x00000000080091f0       0x20 /tmp/ccIvFPVD.ltrans9.ltrans.o
                0x00000000080091f0                Vector94
 .text.can_lld_rx0_handler
                0x0000000008009210       0x78 /tmp/ccIvFPVD.ltrans9.ltrans.o
 *fill*         0x0000000008009288        0x8 
 .text.Vector140
                0x0000000008009290       0x20 /tmp/ccIvFPVD.ltrans9.ltrans.o
                0x0000000008009290                Vector140
 .text.Vector90
                0x00000000080092b0       0x20 /tmp/ccIvFPVD.ltrans9.ltrans.o
                0x00000000080092b0                Vector90
 .text.can_lld_tx_handler
                0x00000000080092d0       0x74 /tmp/ccIvFPVD.ltrans9.ltrans.o
 *fill*         0x0000000008009344        0xc 
 .text.Vector13C
                0x0000000008009350       0x20 /tmp/ccIvFPVD.ltrans9.ltrans.o
                0x0000000008009350                Vector13C
 .text.Vector8C
                0x0000000008009370       0x20 /tmp/ccIvFPVD.ltrans9.ltrans.o
                0x0000000008009370                Vector8C
 .text.VectorB0
                0x0000000008009390       0xf4 /tmp/ccIvFPVD.ltrans9.ltrans.o
                0x0000000008009390                VectorB0
 *fill*         0x0000000008009484        0xc 
 .text._usb_ep0out
                0x0000000008009490       0xa8 /tmp/ccIvFPVD.ltrans9.ltrans.o
                0x0000000008009490                _usb_ep0out
 *fill*         0x0000000008009538        0x8 
 .text._usb_ep0in
                0x0000000008009540       0xf0 /tmp/ccIvFPVD.ltrans9.ltrans.o
                0x0000000008009540                _usb_ep0in
 .text.dmaStreamAllocate
                0x0000000008009630       0xd0 /tmp/ccIvFPVD.ltrans9.ltrans.o
                0x0000000008009630                dmaStreamAllocate
 .text.rxend.lto_priv.153
                0x0000000008009700       0x3c /tmp/ccIvFPVD.ltrans10.ltrans.o
                0x0000000008009700                rxend.lto_priv.153
 *fill*         0x000000000800973c        0x4 
 .text.cmd_temp
                0x0000000008009740       0x40 /tmp/ccIvFPVD.ltrans10.ltrans.o
                0x0000000008009740                cmd_temp
 .text.RC_reset.lto_priv.114
                0x0000000008009780       0x30 /tmp/ccIvFPVD.ltrans10.ltrans.o
                0x0000000008009780                RC_reset.lto_priv.114
 .text.lpfilter_apply
                0x00000000080097b0       0x68 /tmp/ccIvFPVD.ltrans10.ltrans.o
                0x00000000080097b0                lpfilter_apply
 *fill*         0x0000000008009818        0x8 
 .text.imuGetDataRaw
                0x0000000008009820      0x190 /tmp/ccIvFPVD.ltrans10.ltrans.o
                0x0000000008009820                imuGetDataRaw
 .text.imuGetData
                0x00000000080099b0      0x20c /tmp/ccIvFPVD.ltrans10.ltrans.o
                0x00000000080099b0                imuGetData
 *fill*         0x0000000008009bbc        0x4 
 .text.flashWrite.part.5.lto_priv.125
                0x0000000008009bc0       0xa8 /tmp/ccIvFPVD.ltrans10.ltrans.o
                0x0000000008009bc0                flashWrite.part.5.lto_priv.125
 *fill*         0x0000000008009c68        0x8 
 .text.flashUnlock.part.1.lto_priv.126
                0x0000000008009c70       0x20 /tmp/ccIvFPVD.ltrans10.ltrans.o
                0x0000000008009c70                flashUnlock.part.1.lto_priv.126
 .text.flashRead
                0x0000000008009c90       0x58 /tmp/ccIvFPVD.ltrans10.ltrans.o
                0x0000000008009c90                flashRead
 *fill*         0x0000000008009ce8        0x8 
 .text.can_rx.lto_priv.96
                0x0000000008009cf0      0x534 /tmp/ccIvFPVD.ltrans10.ltrans.o
                0x0000000008009cf0                can_rx.lto_priv.96
 *fill*         0x000000000800a224        0xc 
 .text.cmd_param_scale
                0x000000000800a230       0x40 /tmp/ccIvFPVD.ltrans11.ltrans.o
                0x000000000800a230                cmd_param_scale
 .text.cmd_param_update
                0x000000000800a270       0x1c /tmp/ccIvFPVD.ltrans11.ltrans.o
                0x000000000800a270                cmd_param_update
 *fill*         0x000000000800a28c        0x4 
 .text.sendLine
                0x000000000800a290       0x4c /tmp/ccIvFPVD.ltrans11.ltrans.o
 *fill*         0x000000000800a2dc        0x4 
 .text.cmd_param_tx
                0x000000000800a2e0      0x1a4 /tmp/ccIvFPVD.ltrans11.ltrans.o
                0x000000000800a2e0                cmd_param_tx
 *fill*         0x000000000800a484        0xc 
 .text.cmd_param_rx
                0x000000000800a490       0xbc /tmp/ccIvFPVD.ltrans11.ltrans.o
                0x000000000800a490                cmd_param_rx
 *fill*         0x000000000800a54c        0x4 
 .text.gimbal_init_thread.lto_priv.93
                0x000000000800a550      0x388 /tmp/ccIvFPVD.ltrans11.ltrans.o
                0x000000000800a550                gimbal_init_thread.lto_priv.93
 *fill*         0x000000000800a8d8        0x8 
 .text.gimbal_thread.lto_priv.94
                0x000000000800a8e0      0x758 /tmp/ccIvFPVD.ltrans11.ltrans.o
                0x000000000800a8e0                gimbal_thread.lto_priv.94
 *fill*         0x000000000800b038        0x8 
 .text.sduRequestsHook
                0x000000000800b040       0x40 /tmp/ccIvFPVD.ltrans12.ltrans.o
                0x000000000800b040                sduRequestsHook
 .text.sdcGetInfo
                0x000000000800b080       0x30 /tmp/ccIvFPVD.ltrans12.ltrans.o
                0x000000000800b080                sdcGetInfo
 .text.sdcSync  0x000000000800b0b0       0x20 /tmp/ccIvFPVD.ltrans12.ltrans.o
                0x000000000800b0b0                sdcSync
 .text.sduDataTransmitted
                0x000000000800b0d0       0xf0 /tmp/ccIvFPVD.ltrans12.ltrans.o
                0x000000000800b0d0                sduDataTransmitted
 .text.obnotify.lto_priv.99
                0x000000000800b1c0       0x48 /tmp/ccIvFPVD.ltrans12.ltrans.o
                0x000000000800b1c0                obnotify.lto_priv.99
 *fill*         0x000000000800b208        0x8 
 .text.readt.lto_priv.111
                0x000000000800b210       0x20 /tmp/ccIvFPVD.ltrans12.ltrans.o
                0x000000000800b210                readt.lto_priv.111
 .text.read.lto_priv.105
                0x000000000800b230       0x1c /tmp/ccIvFPVD.ltrans12.ltrans.o
                0x000000000800b230                read.lto_priv.105
 *fill*         0x000000000800b24c        0x4 
 .text.writet.lto_priv.110
                0x000000000800b250       0x20 /tmp/ccIvFPVD.ltrans12.ltrans.o
                0x000000000800b250                writet.lto_priv.110
 .text.write.lto_priv.104
                0x000000000800b270       0x1c /tmp/ccIvFPVD.ltrans12.ltrans.o
                0x000000000800b270                write.lto_priv.104
 *fill*         0x000000000800b28c        0x4 
 .text.gett.lto_priv.109
                0x000000000800b290       0x18 /tmp/ccIvFPVD.ltrans12.ltrans.o
                0x000000000800b290                gett.lto_priv.109
 *fill*         0x000000000800b2a8        0x8 
 .text.get.lto_priv.107
                0x000000000800b2b0       0x1c /tmp/ccIvFPVD.ltrans12.ltrans.o
                0x000000000800b2b0                get.lto_priv.107
 *fill*         0x000000000800b2cc        0x4 
 .text.putt.lto_priv.108
                0x000000000800b2d0       0x18 /tmp/ccIvFPVD.ltrans12.ltrans.o
                0x000000000800b2d0                putt.lto_priv.108
 *fill*         0x000000000800b2e8        0x8 
 .text.put.lto_priv.106
                0x000000000800b2f0       0x1c /tmp/ccIvFPVD.ltrans12.ltrans.o
                0x000000000800b2f0                put.lto_priv.106
 *fill*         0x000000000800b30c        0x4 
 .text.sdcWrite
                0x000000000800b310       0xd4 /tmp/ccIvFPVD.ltrans12.ltrans.o
                0x000000000800b310                sdcWrite
 *fill*         0x000000000800b3e4        0xc 
 .text.sdcRead  0x000000000800b3f0       0xdc /tmp/ccIvFPVD.ltrans12.ltrans.o
                0x000000000800b3f0                sdcRead
 *fill*         0x000000000800b4cc        0x4 
 .text.sdu_start_receive.lto_priv.124
                0x000000000800b4d0       0x50 /tmp/ccIvFPVD.ltrans12.ltrans.o
                0x000000000800b4d0                sdu_start_receive.lto_priv.124
 .text.sduDataReceived
                0x000000000800b520       0xc8 /tmp/ccIvFPVD.ltrans12.ltrans.o
                0x000000000800b520                sduDataReceived
 *fill*         0x000000000800b5e8        0x8 
 .text.ibnotify.lto_priv.98
                0x000000000800b5f0        0x8 /tmp/ccIvFPVD.ltrans12.ltrans.o
                0x000000000800b5f0                ibnotify.lto_priv.98
 *fill*         0x000000000800b5f8        0x8 
 .text.sdcDisconnect
                0x000000000800b600       0xb4 /tmp/ccIvFPVD.ltrans12.ltrans.o
                0x000000000800b600                sdcDisconnect
 *fill*         0x000000000800b6b4        0xc 
 .text.gimbal_encoderUpdate.lto_priv.113
                0x000000000800b6c0      0x1d8 /tmp/ccIvFPVD.ltrans13.ltrans.o
                0x000000000800b6c0                gimbal_encoderUpdate.lto_priv.113
 *fill*         0x000000000800b898        0x8 
 .text.gimbal_kill
                0x000000000800b8a0       0x24 /tmp/ccIvFPVD.ltrans13.ltrans.o
                0x000000000800b8a0                gimbal_kill
 *fill*         0x000000000800b8c4        0xc 
 .text.uart_dbus_thread.lto_priv.95
                0x000000000800b8d0      0x6bc /tmp/ccIvFPVD.ltrans13.ltrans.o
                0x000000000800b8d0                uart_dbus_thread.lto_priv.95
 *fill*         0x000000000800bf8c        0x4 
 .text.chSchWakeupS.constprop.77
                0x000000000800bf90       0x90 /tmp/ccIvFPVD.ltrans14.ltrans.o
                0x000000000800bf90                chSchWakeupS.constprop.77
 .text.chThdResumeS.constprop.74
                0x000000000800c020       0x2c /tmp/ccIvFPVD.ltrans14.ltrans.o
                0x000000000800c020                chThdResumeS.constprop.74
 *fill*         0x000000000800c04c        0x4 
 .text.can_lld_set_filters.constprop.67
                0x000000000800c050      0x114 /tmp/ccIvFPVD.ltrans14.ltrans.o
                0x000000000800c050                can_lld_set_filters.constprop.67
 *fill*         0x000000000800c164        0xc 
 .text._strtok.constprop.21
                0x000000000800c170       0x40 /tmp/ccIvFPVD.ltrans14.ltrans.o
                0x000000000800c170                _strtok.constprop.21
 .text.lpfilter_init.constprop.11
                0x000000000800c1b0       0x7c /tmp/ccIvFPVD.ltrans14.ltrans.o
                0x000000000800c1b0                lpfilter_init.constprop.11
 *fill*         0x000000000800c22c        0x4 
 .text.pwmEnableChannel.constprop.47
                0x000000000800c230       0x7c /tmp/ccIvFPVD.ltrans14.ltrans.o
                0x000000000800c230                pwmEnableChannel.constprop.47
 *fill*         0x000000000800c2ac        0x4 
 .text.can_motorSetCurrent.constprop.4
                0x000000000800c2b0      0x164 /tmp/ccIvFPVD.ltrans14.ltrans.o
                0x000000000800c2b0                can_motorSetCurrent.constprop.4
 *fill*         0x000000000800c414        0xc 
 .text.__fpclassifyf
                0x000000000800c420       0x38 /usr/lib/gcc/arm-none-eabi/4.9.3/../../../arm-none-eabi/lib/armv7e-m/fpu/libm.a(lib_a-sf_fpclassify.o)
                0x000000000800c420                __fpclassifyf
 *fill*         0x000000000800c458        0x8 
 .text.cosf     0x000000000800c460       0x78 /usr/lib/gcc/arm-none-eabi/4.9.3/../../../arm-none-eabi/lib/armv7e-m/fpu/libm.a(lib_a-sf_cos.o)
                0x000000000800c460                cosf
 *fill*         0x000000000800c4d8        0x8 
 .text.sinf     0x000000000800c4e0       0x7c /usr/lib/gcc/arm-none-eabi/4.9.3/../../../arm-none-eabi/lib/armv7e-m/fpu/libm.a(lib_a-sf_sin.o)
                0x000000000800c4e0                sinf
 *fill*         0x000000000800c55c        0x4 
 .text.tanf     0x000000000800c560       0x5c /usr/lib/gcc/arm-none-eabi/4.9.3/../../../arm-none-eabi/lib/armv7e-m/fpu/libm.a(lib_a-sf_tan.o)
                0x000000000800c560                tanf
 *fill*         0x000000000800c5bc        0x4 
 .text.asinf    0x000000000800c5c0       0xbc /usr/lib/gcc/arm-none-eabi/4.9.3/../../../arm-none-eabi/lib/armv7e-m/fpu/libm.a(lib_a-wf_asin.o)
                0x000000000800c5c0                asinf
 *fill*         0x000000000800c67c        0x4 
 .text.atan2f   0x000000000800c680        0x4 /usr/lib/gcc/arm-none-eabi/4.9.3/../../../arm-none-eabi/lib/armv7e-m/fpu/libm.a(lib_a-wf_atan2.o)
                0x000000000800c680                atan2f
 *fill*         0x000000000800c684        0xc 
 .text.sqrtf    0x000000000800c690       0xb8 /usr/lib/gcc/arm-none-eabi/4.9.3/../../../arm-none-eabi/lib/armv7e-m/fpu/libm.a(lib_a-wf_sqrt.o)
                0x000000000800c690                sqrtf
 *fill*         0x000000000800c748        0x8 
 .text.__ieee754_asinf
                0x000000000800c750      0x1f8 /usr/lib/gcc/arm-none-eabi/4.9.3/../../../arm-none-eabi/lib/armv7e-m/fpu/libm.a(lib_a-ef_asin.o)
                0x000000000800c750                __ieee754_asinf
 *fill*         0x000000000800c948        0x8 
 .text.__ieee754_atan2f
                0x000000000800c950      0x16c /usr/lib/gcc/arm-none-eabi/4.9.3/../../../arm-none-eabi/lib/armv7e-m/fpu/libm.a(lib_a-ef_atan2.o)
                0x000000000800c950                __ieee754_atan2f
 *fill*         0x000000000800cabc        0x4 
 .text.__ieee754_rem_pio2f
                0x000000000800cac0      0x290 /usr/lib/gcc/arm-none-eabi/4.9.3/../../../arm-none-eabi/lib/armv7e-m/fpu/libm.a(lib_a-ef_rem_pio2.o)
                0x000000000800cac0                __ieee754_rem_pio2f
 .text.__ieee754_sqrtf
                0x000000000800cd50       0xa4 /usr/lib/gcc/arm-none-eabi/4.9.3/../../../arm-none-eabi/lib/armv7e-m/fpu/libm.a(lib_a-ef_sqrt.o)
                0x000000000800cd50                __ieee754_sqrtf
 *fill*         0x000000000800cdf4        0xc 
 .text.__kernel_cosf
                0x000000000800ce00      0x104 /usr/lib/gcc/arm-none-eabi/4.9.3/../../../arm-none-eabi/lib/armv7e-m/fpu/libm.a(lib_a-kf_cos.o)
                0x000000000800ce00                __kernel_cosf
 *fill*         0x000000000800cf04        0xc 
 .text.__kernel_rem_pio2f
                0x000000000800cf10      0x5e4 /usr/lib/gcc/arm-none-eabi/4.9.3/../../../arm-none-eabi/lib/armv7e-m/fpu/libm.a(lib_a-kf_rem_pio2.o)
                0x000000000800cf10                __kernel_rem_pio2f
 *fill*         0x000000000800d4f4        0xc 
 .text.__kernel_sinf
                0x000000000800d500       0x90 /usr/lib/gcc/arm-none-eabi/4.9.3/../../../arm-none-eabi/lib/armv7e-m/fpu/libm.a(lib_a-kf_sin.o)
                0x000000000800d500                __kernel_sinf
 .text.__kernel_tanf
                0x000000000800d590      0x1d0 /usr/lib/gcc/arm-none-eabi/4.9.3/../../../arm-none-eabi/lib/armv7e-m/fpu/libm.a(lib_a-kf_tan.o)
                0x000000000800d590                __kernel_tanf
 .text.matherr  0x000000000800d760        0x4 /usr/lib/gcc/arm-none-eabi/4.9.3/../../../arm-none-eabi/lib/armv7e-m/fpu/libm.a(lib_a-s_matherr.o)
                0x000000000800d760                matherr
 *fill*         0x000000000800d764        0xc 
 .text.nan      0x000000000800d770       0x10 /usr/lib/gcc/arm-none-eabi/4.9.3/../../../arm-none-eabi/lib/armv7e-m/fpu/libm.a(lib_a-s_nan.o)
                0x000000000800d770                nan
 .text.atanf    0x000000000800d780      0x1b8 /usr/lib/gcc/arm-none-eabi/4.9.3/../../../arm-none-eabi/lib/armv7e-m/fpu/libm.a(lib_a-sf_atan.o)
                0x000000000800d780                atanf
 *fill*         0x000000000800d938        0x8 
 .text.fabsf    0x000000000800d940       0x10 /usr/lib/gcc/arm-none-eabi/4.9.3/../../../arm-none-eabi/lib/armv7e-m/fpu/libm.a(lib_a-sf_fabs.o)
                0x000000000800d940                fabsf
 .text.floorf   0x000000000800d950       0x90 /usr/lib/gcc/arm-none-eabi/4.9.3/../../../arm-none-eabi/lib/armv7e-m/fpu/libm.a(lib_a-sf_floor.o)
                0x000000000800d950                floorf
 .text.scalbnf  0x000000000800d9e0       0xd0 /usr/lib/gcc/arm-none-eabi/4.9.3/../../../arm-none-eabi/lib/armv7e-m/fpu/libm.a(lib_a-sf_scalbn.o)
                0x000000000800d9e0                scalbnf
 .text.copysignf
                0x000000000800dab0       0x18 /usr/lib/gcc/arm-none-eabi/4.9.3/../../../arm-none-eabi/lib/armv7e-m/fpu/libm.a(lib_a-sf_copysign.o)
                0x000000000800dab0                copysignf
 *fill*         0x000000000800dac8        0x8 
 .text.__errno  0x000000000800dad0        0xc /usr/lib/gcc/arm-none-eabi/4.9.3/../../../arm-none-eabi/lib/armv7e-m/fpu/libg.a(lib_a-errno.o)
                0x000000000800dad0                __errno
 *fill*         0x000000000800dadc        0x4 
 .text.memset   0x000000000800dae0       0x9c /usr/lib/gcc/arm-none-eabi/4.9.3/../../../arm-none-eabi/lib/armv7e-m/fpu/libg.a(lib_a-memset.o)
                0x000000000800dae0                memset
 *fill*         0x000000000800db7c        0x4 
 .text.strlen   0x000000000800db80       0x5c /usr/lib/gcc/arm-none-eabi/4.9.3/../../../arm-none-eabi/lib/armv7e-m/fpu/libg.a(lib_a-strlen.o)
                0x000000000800db80                strlen
 *fill*         0x000000000800dbdc        0x4 
 .text.strpbrk  0x000000000800dbe0       0x48 /usr/lib/gcc/arm-none-eabi/4.9.3/../../../arm-none-eabi/lib/armv7e-m/fpu/libg.a(lib_a-strpbrk.o)
                0x000000000800dbe0                strpbrk
 *fill*         0x000000000800dc28        0x8 
 .text.strspn   0x000000000800dc30       0x34 /usr/lib/gcc/arm-none-eabi/4.9.3/../../../arm-none-eabi/lib/armv7e-m/fpu/libg.a(lib_a-strspn.o)
                0x000000000800dc30                strspn
 *(.rodata)
 *(.rodata.*)
 *fill*         0x000000000800dc64        0xc 
 .rodata.vmt    0x000000000800dc70       0x20 /tmp/ccIvFPVD.ltrans0.ltrans.o
 .rodata.subname_axis
                0x000000000800dc90        0xa /tmp/ccIvFPVD.ltrans0.ltrans.o
 *fill*         0x000000000800dc9a        0x6 
 .rodata.shell_cfg1
                0x000000000800dca0        0x8 /tmp/ccIvFPVD.ltrans0.ltrans.o
 *fill*         0x000000000800dca8        0x8 
 .rodata.__func__.8763
                0x000000000800dcb0        0x9 /tmp/ccIvFPVD.ltrans0.ltrans.o
 *fill*         0x000000000800dcb9        0x7 
 .rodata._yaw_atti_name
                0x000000000800dcc0       0x10 /tmp/ccIvFPVD.ltrans0.ltrans.o
 .rodata.axis_ff_name
                0x000000000800dcd0        0xf /tmp/ccIvFPVD.ltrans0.ltrans.o
 *fill*         0x000000000800dcdf        0x1 
 .rodata.limit_subname
                0x000000000800dce0       0x24 /tmp/ccIvFPVD.ltrans0.ltrans.o
 *fill*         0x000000000800dd04        0xc 
 .rodata.commands
                0x000000000800dd10       0x48 /tmp/ccIvFPVD.ltrans0.ltrans.o
 *fill*         0x000000000800dd58        0x8 
 .rodata.__func__.8459
                0x000000000800dd60        0x9 /tmp/ccIvFPVD.ltrans0.ltrans.o
 *fill*         0x000000000800dd69        0x7 
 .rodata.__func__.6506
                0x000000000800dd70        0xc /tmp/ccIvFPVD.ltrans0.ltrans.o
 *fill*         0x000000000800dd7c        0x4 
 .rodata._stm32_dma_streams
                0x000000000800dd80       0xc0 /tmp/ccIvFPVD.ltrans0.ltrans.o
 .rodata.__func__.6336
                0x000000000800de40        0xc /tmp/ccIvFPVD.ltrans0.ltrans.o
 *fill*         0x000000000800de4c        0x4 
 .rodata._pitch_vel_name
                0x000000000800de50       0x11 /tmp/ccIvFPVD.ltrans0.ltrans.o
 *fill*         0x000000000800de61        0xf 
 .rodata.__func__.6022.lto_priv.89
                0x000000000800de70        0xc /tmp/ccIvFPVD.ltrans0.ltrans.o
 *fill*         0x000000000800de7c        0x4 
 .rodata.str1.4
                0x000000000800de80       0x4f /tmp/ccIvFPVD.ltrans0.ltrans.o
 *fill*         0x000000000800decf        0x1 
 .rodata.usbcfg
                0x000000000800ded0       0x10 /tmp/ccIvFPVD.ltrans0.ltrans.o
 .rodata.subname_PI
                0x000000000800dee0        0x6 /tmp/ccIvFPVD.ltrans0.ltrans.o
 *fill*         0x000000000800dee6        0xa 
 .rodata.subname_feeder_PID
                0x000000000800def0        0x9 /tmp/ccIvFPVD.ltrans0.ltrans.o
 *fill*         0x000000000800def9        0x7 
 .rodata.serusbcfg
                0x000000000800df00        0x8 /tmp/ccIvFPVD.ltrans0.ltrans.o
 *fill*         0x000000000800df08        0x8 
 .rodata.__func__.6022.lto_priv.88
                0x000000000800df10        0xc /tmp/ccIvFPVD.ltrans0.ltrans.o
 *fill*         0x000000000800df1c        0x4 
 .rodata.hsparams
                0x000000000800df20        0xc /tmp/ccIvFPVD.ltrans0.ltrans.o
 *fill*         0x000000000800df2c        0x4 
 .rodata._yaw_vel_name
                0x000000000800df30        0xf /tmp/ccIvFPVD.ltrans0.ltrans.o
 *fill*         0x000000000800df3f        0x1 
 .rodata.sdc_vmt
                0x000000000800df40       0x20 /tmp/ccIvFPVD.ltrans0.ltrans.o
 .rodata.fsparams
                0x000000000800df60        0xc /tmp/ccIvFPVD.ltrans0.ltrans.o
 *fill*         0x000000000800df6c        0x4 
 .rodata.FEEDER_VEL
                0x000000000800df70        0x4 /tmp/ccIvFPVD.ltrans0.ltrans.o
 *fill*         0x000000000800df74        0xc 
 .rodata.limit_name
                0x000000000800df80       0x12 /tmp/ccIvFPVD.ltrans0.ltrans.o
 *fill*         0x000000000800df92        0xe 
 .rodata.pitch_pos_name
                0x000000000800dfa0       0x11 /tmp/ccIvFPVD.ltrans0.ltrans.o
 *fill*         0x000000000800dfb1        0xf 
 .rodata.__func__.8518
                0x000000000800dfc0       0x13 /tmp/ccIvFPVD.ltrans0.ltrans.o
 *fill*         0x000000000800dfd3        0xd 
 .rodata._ZL6wdgcfg
                0x000000000800dfe0        0x8 /tmp/ccIvFPVD.ltrans0.ltrans.o
 *fill*         0x000000000800dfe8        0x8 
 .rodata.ff_int_name
                0x000000000800dff0        0xe /tmp/ccIvFPVD.ltrans0.ltrans.o
 *fill*         0x000000000800dffe        0x2 
 .rodata.accl_name
                0x000000000800e000        0xf /tmp/ccIvFPVD.ltrans0.ltrans.o
 *fill*         0x000000000800e00f        0x1 
 .rodata._pitch_atti_name
                0x000000000800e010       0x12 /tmp/ccIvFPVD.ltrans0.ltrans.o
 *fill*         0x000000000800e022        0xe 
 .rodata.yaw_pos_name
                0x000000000800e030        0xf /tmp/ccIvFPVD.ltrans0.ltrans.o
 *fill*         0x000000000800e03f        0x1 
 .rodata.init_pos_name
                0x000000000800e040       0x10 /tmp/ccIvFPVD.ltrans0.ltrans.o
 .rodata.subname_accl
                0x000000000800e050       0x24 /tmp/ccIvFPVD.ltrans0.ltrans.o
 *fill*         0x000000000800e074        0xc 
 .rodata.subname_ff
                0x000000000800e080       0x2c /tmp/ccIvFPVD.ltrans0.ltrans.o
 *fill*         0x000000000800e0ac        0x4 
 .rodata.__func__.8401
                0x000000000800e0b0        0x9 /tmp/ccIvFPVD.ltrans0.ltrans.o
 *fill*         0x000000000800e0b9        0x7 
 .rodata.__func__.8404
                0x000000000800e0c0        0x9 /tmp/ccIvFPVD.ltrans0.ltrans.o
 *fill*         0x000000000800e0c9        0x7 
 .rodata.cancfg
                0x000000000800e0d0        0x8 /tmp/ccIvFPVD.ltrans0.ltrans.o
 *fill*         0x000000000800e0d8        0x8 
 .rodata.ch_debug
                0x000000000800e0e0       0x16 /tmp/ccIvFPVD.ltrans0.ltrans.o
 *fill*         0x000000000800e0f6        0xa 
 .rodata.__func__.8409
                0x000000000800e100        0x9 /tmp/ccIvFPVD.ltrans0.ltrans.o
 *fill*         0x000000000800e109        0x7 
 .rodata.FEEDER_POS
                0x000000000800e110        0x4 /tmp/ccIvFPVD.ltrans0.ltrans.o
 *fill*         0x000000000800e114        0xc 
 .rodata.subname_PID
                0x000000000800e120        0x9 /tmp/ccIvFPVD.ltrans0.ltrans.o
 *fill*         0x000000000800e129        0x7 
 .rodata.MPU6500_SPI_cfg
                0x000000000800e130        0xc /tmp/ccIvFPVD.ltrans1.ltrans.o
 *fill*         0x000000000800e13c        0x4 
 .rodata.axisName
                0x000000000800e140        0x6 /tmp/ccIvFPVD.ltrans1.ltrans.o
 *fill*         0x000000000800e146        0xa 
 .rodata.accelBiasName
                0x000000000800e150        0xa /tmp/ccIvFPVD.ltrans1.ltrans.o
 *fill*         0x000000000800e15a        0x6 
 .rodata._ZZL11chSysUnlockvE8__func__
                0x000000000800e160        0xc /tmp/ccIvFPVD.ltrans1.ltrans.o
 *fill*         0x000000000800e16c        0x4 
 .rodata.__func__.8419
                0x000000000800e170        0xe /tmp/ccIvFPVD.ltrans1.ltrans.o
 *fill*         0x000000000800e17e        0x2 
 .rodata.__func__.6022.lto_priv.172
                0x000000000800e180        0xc /tmp/ccIvFPVD.ltrans1.ltrans.o
                0x000000000800e180                __func__.6022.lto_priv.172
 *fill*         0x000000000800e18c        0x4 
 .rodata.accelTNameSub1
                0x000000000800e190        0xc /tmp/ccIvFPVD.ltrans1.ltrans.o
 *fill*         0x000000000800e19c        0x4 
 .rodata.accelTNameSub2
                0x000000000800e1a0        0x6 /tmp/ccIvFPVD.ltrans1.ltrans.o
 *fill*         0x000000000800e1a6        0xa 
 .rodata.str1.4
                0x000000000800e1b0       0x17 /tmp/ccIvFPVD.ltrans1.ltrans.o
 *fill*         0x000000000800e1c7        0x9 
 .rodata.accelTName1
                0x000000000800e1d0        0x8 /tmp/ccIvFPVD.ltrans1.ltrans.o
 *fill*         0x000000000800e1d8        0x8 
 .rodata.accelTName2
                0x000000000800e1e0        0x8 /tmp/ccIvFPVD.ltrans1.ltrans.o
 *fill*         0x000000000800e1e8        0x8 
 .rodata.__func__.8404.lto_priv.116
                0x000000000800e1f0        0x9 /tmp/ccIvFPVD.ltrans1.ltrans.o
 *fill*         0x000000000800e1f9        0x7 
 .rodata.__func__.8404.lto_priv.117
                0x000000000800e200        0x9 /tmp/ccIvFPVD.ltrans1.ltrans.o
 *fill*         0x000000000800e209        0x7 
 .rodata.__func__.8424
                0x000000000800e210        0xe /tmp/ccIvFPVD.ltrans1.ltrans.o
 *fill*         0x000000000800e21e        0x2 
 .rodata.gyroBiasName
                0x000000000800e220        0x9 /tmp/ccIvFPVD.ltrans1.ltrans.o
 *fill*         0x000000000800e229        0x7 
 .rodata.__func__.8400
                0x000000000800e230        0xd /tmp/ccIvFPVD.ltrans2.ltrans.o
 *fill*         0x000000000800e23d        0x3 
 .rodata.__func__.6781
                0x000000000800e240        0xb /tmp/ccIvFPVD.ltrans2.ltrans.o
 *fill*         0x000000000800e24b        0x5 
 .rodata.__func__.6803
                0x000000000800e250        0xd /tmp/ccIvFPVD.ltrans2.ltrans.o
 *fill*         0x000000000800e25d        0x3 
 .rodata.__func__.6791
                0x000000000800e260        0xe /tmp/ccIvFPVD.ltrans2.ltrans.o
 *fill*         0x000000000800e26e        0x2 
 .rodata.__func__.6022.lto_priv.181
                0x000000000800e270        0xc /tmp/ccIvFPVD.ltrans2.ltrans.o
 *fill*         0x000000000800e27c        0x4 
 .rodata.__func__.6728
                0x000000000800e280        0xb /tmp/ccIvFPVD.ltrans2.ltrans.o
 *fill*         0x000000000800e28b        0x5 
 .rodata.str1.4
                0x000000000800e290       0x4d /tmp/ccIvFPVD.ltrans2.ltrans.o
 *fill*         0x000000000800e2dd        0x3 
 .rodata.ram_areas
                0x000000000800e2e0       0x80 /tmp/ccIvFPVD.ltrans2.ltrans.o
 .rodata.__func__.6737
                0x000000000800e360        0xd /tmp/ccIvFPVD.ltrans2.ltrans.o
 *fill*         0x000000000800e36d        0x3 
 .rodata.__func__.8741
                0x000000000800e370       0x19 /tmp/ccIvFPVD.ltrans2.ltrans.o
 *fill*         0x000000000800e389        0x7 
 .rodata.__func__.6745
                0x000000000800e390       0x15 /tmp/ccIvFPVD.ltrans2.ltrans.o
 *fill*         0x000000000800e3a5        0xb 
 .rodata.__func__.8407
                0x000000000800e3b0        0xb /tmp/ccIvFPVD.ltrans2.ltrans.o
 *fill*         0x000000000800e3bb        0x5 
 .rodata.__func__.6725
                0x000000000800e3c0        0xc /tmp/ccIvFPVD.ltrans2.ltrans.o
 *fill*         0x000000000800e3cc        0x4 
 .rodata.__func__.8748
                0x000000000800e3d0       0x17 /tmp/ccIvFPVD.ltrans2.ltrans.o
 *fill*         0x000000000800e3e7        0x9 
 .rodata.__func__.6196
                0x000000000800e3f0        0xc /tmp/ccIvFPVD.ltrans2.ltrans.o
 *fill*         0x000000000800e3fc        0x4 
 .rodata.__func__.6762
                0x000000000800e400        0xd /tmp/ccIvFPVD.ltrans2.ltrans.o
 *fill*         0x000000000800e40d        0x3 
 .rodata.__func__.8416
                0x000000000800e410        0xc /tmp/ccIvFPVD.ltrans3.ltrans.o
 *fill*         0x000000000800e41c        0x4 
 .rodata.zero_status
                0x000000000800e420        0x2 /tmp/ccIvFPVD.ltrans3.ltrans.o
 *fill*         0x000000000800e422        0xe 
 .rodata.__func__.8780
                0x000000000800e430       0x11 /tmp/ccIvFPVD.ltrans3.ltrans.o
 *fill*         0x000000000800e441        0xf 
 .rodata.__func__.8458
                0x000000000800e450        0x8 /tmp/ccIvFPVD.ltrans3.ltrans.o
 *fill*         0x000000000800e458        0x8 
 .rodata.__func__.8785
                0x000000000800e460       0x15 /tmp/ccIvFPVD.ltrans3.ltrans.o
 *fill*         0x000000000800e475        0xb 
 .rodata.active_status
                0x000000000800e480        0x2 /tmp/ccIvFPVD.ltrans3.ltrans.o
 *fill*         0x000000000800e482        0xe 
 .rodata.__func__.6728
                0x000000000800e490        0xb /tmp/ccIvFPVD.ltrans3.ltrans.o
 *fill*         0x000000000800e49b        0x5 
 .rodata.__func__.8412
                0x000000000800e4a0        0xa /tmp/ccIvFPVD.ltrans3.ltrans.o
 *fill*         0x000000000800e4aa        0x6 
 .rodata.__func__.8796
                0x000000000800e4b0       0x11 /tmp/ccIvFPVD.ltrans3.ltrans.o
 *fill*         0x000000000800e4c1        0xf 
 .rodata.__func__.8464
                0x000000000800e4d0        0xb /tmp/ccIvFPVD.ltrans3.ltrans.o
 *fill*         0x000000000800e4db        0x5 
 .rodata.__func__.6022.lto_priv.171
                0x000000000800e4e0        0xc /tmp/ccIvFPVD.ltrans3.ltrans.o
 *fill*         0x000000000800e4ec        0x4 
 .rodata.__func__.8472
                0x000000000800e4f0        0xe /tmp/ccIvFPVD.ltrans3.ltrans.o
 *fill*         0x000000000800e4fe        0x2 
 .rodata.__func__.8468
                0x000000000800e500        0xe /tmp/ccIvFPVD.ltrans3.ltrans.o
 *fill*         0x000000000800e50e        0x2 
 .rodata.halted_status
                0x000000000800e510        0x2 /tmp/ccIvFPVD.ltrans3.ltrans.o
 *fill*         0x000000000800e512        0xe 
 .rodata.__func__.8804
                0x000000000800e520       0x12 /tmp/ccIvFPVD.ltrans3.ltrans.o
 *fill*         0x000000000800e532        0xe 
 .rodata.__func__.6751
                0x000000000800e540        0xc /tmp/ccIvFPVD.ltrans3.ltrans.o
 *fill*         0x000000000800e54c        0x4 
 .rodata.__func__.8808
                0x000000000800e550       0x13 /tmp/ccIvFPVD.ltrans4.ltrans.o
 *fill*         0x000000000800e563        0xd 
 .rodata.__func__.8817
                0x000000000800e570       0x12 /tmp/ccIvFPVD.ltrans4.ltrans.o
 *fill*         0x000000000800e582        0xe 
 .rodata.__func__.6336.lto_priv.179
                0x000000000800e590        0xc /tmp/ccIvFPVD.ltrans4.ltrans.o
                0x000000000800e590                __func__.6336.lto_priv.179
 *fill*         0x000000000800e59c        0x4 
 .rodata.__func__.8403
                0x000000000800e5a0       0x11 /tmp/ccIvFPVD.ltrans4.ltrans.o
 *fill*         0x000000000800e5b1        0xf 
 .rodata.__func__.8410
                0x000000000800e5c0       0x14 /tmp/ccIvFPVD.ltrans4.ltrans.o
 *fill*         0x000000000800e5d4        0xc 
 .rodata.__func__.8799
                0x000000000800e5e0       0x1a /tmp/ccIvFPVD.ltrans4.ltrans.o
 *fill*         0x000000000800e5fa        0x6 
 .rodata.__func__.8849
                0x000000000800e600        0xb /tmp/ccIvFPVD.ltrans4.ltrans.o
 *fill*         0x000000000800e60b        0x5 
 .rodata.__func__.8765
                0x000000000800e610       0x1b /tmp/ccIvFPVD.ltrans5.ltrans.o
 *fill*         0x000000000800e62b        0x5 
 .rodata.__func__.8759.lto_priv.168
                0x000000000800e630        0xe /tmp/ccIvFPVD.ltrans5.ltrans.o
                0x000000000800e630                __func__.8759.lto_priv.168
 *fill*         0x000000000800e63e        0x2 
 .rodata.__func__.6336.lto_priv.164
                0x000000000800e640        0xc /tmp/ccIvFPVD.ltrans5.ltrans.o
 *fill*         0x000000000800e64c        0x4 
 .rodata.__func__.6336.lto_priv.165
                0x000000000800e650        0xc /tmp/ccIvFPVD.ltrans5.ltrans.o
 *fill*         0x000000000800e65c        0x4 
 .rodata.str1.4
                0x000000000800e660        0xd /tmp/ccIvFPVD.ltrans5.ltrans.o
 *fill*         0x000000000800e66d        0x3 
 .rodata.ep0config
                0x000000000800e670       0x24 /tmp/ccIvFPVD.ltrans5.ltrans.o
 *fill*         0x000000000800e694        0xc 
 .rodata.__func__.6336
                0x000000000800e6a0        0xc /tmp/ccIvFPVD.ltrans6.ltrans.o
 *fill*         0x000000000800e6ac        0x4 
 .rodata.__func__.8719
                0x000000000800e6b0       0x1b /tmp/ccIvFPVD.ltrans6.ltrans.o
 *fill*         0x000000000800e6cb        0x5 
 .rodata.str1.4
                0x000000000800e6d0      0x206 /tmp/ccIvFPVD.ltrans6.ltrans.o
                                        0x20a (size before relaxing)
 *fill*         0x000000000800e8d6        0xa 
 .rodata.local_commands
                0x000000000800e8e0       0x18 /tmp/ccIvFPVD.ltrans6.ltrans.o
 *fill*         0x000000000800e8f8        0x8 
 .rodata.__func__.6022.lto_priv.180
                0x000000000800e900        0xc /tmp/ccIvFPVD.ltrans7.ltrans.o
                0x000000000800e900                __func__.6022.lto_priv.180
 *fill*         0x000000000800e90c        0x4 
 .rodata.str1.4
                0x000000000800e910      0x43b /tmp/ccIvFPVD.ltrans7.ltrans.o
 *fill*         0x000000000800ed4b        0x5 
 .rodata.pow10  0x000000000800ed50       0x24 /tmp/ccIvFPVD.ltrans7.ltrans.o
 *fill*         0x000000000800ed74        0xc 
 .rodata.vcom_configuration_descriptor_data
                0x000000000800ed80       0x43 /tmp/ccIvFPVD.ltrans8.ltrans.o
 *fill*         0x000000000800edc3        0xd 
 .rodata.vcom_string0
                0x000000000800edd0        0x4 /tmp/ccIvFPVD.ltrans8.ltrans.o
 *fill*         0x000000000800edd4        0xc 
 .rodata.ep2config
                0x000000000800ede0       0x24 /tmp/ccIvFPVD.ltrans8.ltrans.o
 *fill*         0x000000000800ee04        0xc 
 .rodata.vcom_string1
                0x000000000800ee10       0x26 /tmp/ccIvFPVD.ltrans8.ltrans.o
 *fill*         0x000000000800ee36        0xa 
 .rodata.vcom_strings
                0x000000000800ee40       0x20 /tmp/ccIvFPVD.ltrans8.ltrans.o
 .rodata.vcom_string3
                0x000000000800ee60        0x8 /tmp/ccIvFPVD.ltrans8.ltrans.o
 *fill*         0x000000000800ee68        0x8 
 .rodata.vcom_string2
                0x000000000800ee70       0x38 /tmp/ccIvFPVD.ltrans8.ltrans.o
 *fill*         0x000000000800eea8        0x8 
 .rodata.__func__.8483
                0x000000000800eeb0        0xc /tmp/ccIvFPVD.ltrans8.ltrans.o
 *fill*         0x000000000800eebc        0x4 
 .rodata.__func__.6022
                0x000000000800eec0        0xc /tmp/ccIvFPVD.ltrans8.ltrans.o
 *fill*         0x000000000800eecc        0x4 
 .rodata.vcom_device_descriptor
                0x000000000800eed0        0x8 /tmp/ccIvFPVD.ltrans8.ltrans.o
 *fill*         0x000000000800eed8        0x8 
 .rodata.vcom_device_descriptor_data
                0x000000000800eee0       0x12 /tmp/ccIvFPVD.ltrans8.ltrans.o
 *fill*         0x000000000800eef2        0xe 
 .rodata.vcom_configuration_descriptor
                0x000000000800ef00        0x8 /tmp/ccIvFPVD.ltrans8.ltrans.o
 *fill*         0x000000000800ef08        0x8 
 .rodata.str1.4
                0x000000000800ef10       0x2a /tmp/ccIvFPVD.ltrans8.ltrans.o
 *fill*         0x000000000800ef3a        0x6 
 .rodata.ep1config
                0x000000000800ef40       0x24 /tmp/ccIvFPVD.ltrans8.ltrans.o
 *fill*         0x000000000800ef64        0xc 
 .rodata.__func__.6111
                0x000000000800ef70        0xc /tmp/ccIvFPVD.ltrans9.ltrans.o
 *fill*         0x000000000800ef7c        0x4 
 .rodata.__func__.8844
                0x000000000800ef80        0xb /tmp/ccIvFPVD.ltrans9.ltrans.o
 *fill*         0x000000000800ef8b        0x5 
 .rodata.__func__.8858
                0x000000000800ef90        0xc /tmp/ccIvFPVD.ltrans9.ltrans.o
 *fill*         0x000000000800ef9c        0x4 
 .rodata.__func__.8478
                0x000000000800efa0       0x12 /tmp/ccIvFPVD.ltrans9.ltrans.o
 *fill*         0x000000000800efb2        0xe 
 .rodata.__func__.8438
                0x000000000800efc0        0xb /tmp/ccIvFPVD.ltrans10.ltrans.o
 *fill*         0x000000000800efcb        0x5 
 .rodata.__func__.6723
                0x000000000800efd0       0x1b /tmp/ccIvFPVD.ltrans10.ltrans.o
 *fill*         0x000000000800efeb        0x5 
 .rodata.str1.4
                0x000000000800eff0       0x31 /tmp/ccIvFPVD.ltrans10.ltrans.o
 *fill*         0x000000000800f021        0xf 
 .rodata.__func__.6022
                0x000000000800f030        0xc /tmp/ccIvFPVD.ltrans10.ltrans.o
 *fill*         0x000000000800f03c        0x4 
 .rodata.str1.4
                0x000000000800f040       0x3a /tmp/ccIvFPVD.ltrans11.ltrans.o
 *fill*         0x000000000800f07a        0x6 
 .rodata.__func__.6022.lto_priv.135
                0x000000000800f080        0xc /tmp/ccIvFPVD.ltrans11.ltrans.o
 *fill*         0x000000000800f08c        0x4 
 .rodata.__func__.6022.lto_priv.136
                0x000000000800f090        0xc /tmp/ccIvFPVD.ltrans11.ltrans.o
 *fill*         0x000000000800f09c        0x4 
 .rodata.__func__.6208.lto_priv.184
                0x000000000800f0a0       0x14 /tmp/ccIvFPVD.ltrans12.ltrans.o
                0x000000000800f0a0                __func__.6208.lto_priv.184
 *fill*         0x000000000800f0b4        0xc 
 .rodata.__func__.8876
                0x000000000800f0c0        0x9 /tmp/ccIvFPVD.ltrans12.ltrans.o
 *fill*         0x000000000800f0c9        0x7 
 .rodata.__func__.8891
                0x000000000800f0d0        0xb /tmp/ccIvFPVD.ltrans12.ltrans.o
 *fill*         0x000000000800f0db        0x5 
 .rodata.__func__.6336
                0x000000000800f0e0        0xc /tmp/ccIvFPVD.ltrans12.ltrans.o
 *fill*         0x000000000800f0ec        0x4 
 .rodata.__func__.8785
                0x000000000800f0f0       0x17 /tmp/ccIvFPVD.ltrans12.ltrans.o
 *fill*         0x000000000800f107        0x9 
 .rodata.__func__.8841
                0x000000000800f110       0x15 /tmp/ccIvFPVD.ltrans12.ltrans.o
 *fill*         0x000000000800f125        0xb 
 .rodata.__func__.8727
                0x000000000800f130       0x13 /tmp/ccIvFPVD.ltrans12.ltrans.o
 *fill*         0x000000000800f143        0xd 
 .rodata.__func__.8850
                0x000000000800f150       0x16 /tmp/ccIvFPVD.ltrans12.ltrans.o
 *fill*         0x000000000800f166        0xa 
 .rodata.__func__.8886
                0x000000000800f170        0x8 /tmp/ccIvFPVD.ltrans12.ltrans.o
 *fill*         0x000000000800f178        0x8 
 .rodata.__func__.8860
                0x000000000800f180        0xe /tmp/ccIvFPVD.ltrans12.ltrans.o
 *fill*         0x000000000800f18e        0x2 
 .rodata.__func__.8868
                0x000000000800f190        0x8 /tmp/ccIvFPVD.ltrans12.ltrans.o
 *fill*         0x000000000800f198        0x8 
 .rodata.__func__.6022.lto_priv.149
                0x000000000800f1a0        0xc /tmp/ccIvFPVD.ltrans13.ltrans.o
 *fill*         0x000000000800f1ac        0x4 
 .rodata.__func__.8485
                0x000000000800f1b0       0x11 /tmp/ccIvFPVD.ltrans13.ltrans.o
 *fill*         0x000000000800f1c1        0xf 
 .rodata.__func__.8436
                0x000000000800f1d0       0x11 /tmp/ccIvFPVD.ltrans13.ltrans.o
 *fill*         0x000000000800f1e1        0xf 
 .rodata.__func__.8447
                0x000000000800f1f0       0x10 /tmp/ccIvFPVD.ltrans13.ltrans.o
 .rodata.__func__.8449
                0x000000000800f200        0xf /tmp/ccIvFPVD.ltrans13.ltrans.o
 *fill*         0x000000000800f20f        0x1 
 .rodata.str1.4
                0x000000000800f210       0x13 /tmp/ccIvFPVD.ltrans13.ltrans.o
 *fill*         0x000000000800f223        0xd 
 .rodata.__func__.8404
                0x000000000800f230        0xa /tmp/ccIvFPVD.ltrans13.ltrans.o
 *fill*         0x000000000800f23a        0x6 
 .rodata.__func__.6022.lto_priv.148
                0x000000000800f240        0xc /tmp/ccIvFPVD.ltrans13.ltrans.o
 *fill*         0x000000000800f24c        0x4 
 .rodata.__func__.6797
                0x000000000800f250       0x15 /tmp/ccIvFPVD.ltrans13.ltrans.o
 *fill*         0x000000000800f265        0xb 
 .rodata.__func__.6809
                0x000000000800f270        0xd /tmp/ccIvFPVD.ltrans14.ltrans.o
 *fill*         0x000000000800f27d        0x3 
 .rodata.__func__.8427
                0x000000000800f280        0xc /tmp/ccIvFPVD.ltrans14.ltrans.o
 *fill*         0x000000000800f28c        0x4 
 .rodata.__func__.8419
                0x000000000800f290       0x11 /tmp/ccIvFPVD.ltrans14.ltrans.o
 *fill*         0x000000000800f2a1        0xf 
 .rodata.__func__.6022.lto_priv.81
                0x000000000800f2b0        0xc /tmp/ccIvFPVD.ltrans14.ltrans.o
                0x000000000800f2b0                __func__.6022.lto_priv.81
 *fill*         0x000000000800f2bc        0x4 
 .rodata.__func__.6022.lto_priv.83
                0x000000000800f2c0        0xc /tmp/ccIvFPVD.ltrans14.ltrans.o
                0x000000000800f2c0                __func__.6022.lto_priv.83
 *fill*         0x000000000800f2cc        0x4 
 .rodata.str1.4
                0x000000000800f2d0        0x3 /tmp/ccIvFPVD.ltrans14.ltrans.o
                                         0x13 (size before relaxing)
 *fill*         0x000000000800f2d3        0xd 
 .rodata.__func__.6022.lto_priv.82
                0x000000000800f2e0        0xc /tmp/ccIvFPVD.ltrans14.ltrans.o
                0x000000000800f2e0                __func__.6022.lto_priv.82
 *fill*         0x000000000800f2ec        0x4 
 .rodata.__func__.6753
                0x000000000800f2f0        0xd /tmp/ccIvFPVD.ltrans14.ltrans.o
 *fill*         0x000000000800f2fd        0x3 
 .rodata.str1.4
                0x000000000800f300        0x6 /usr/lib/gcc/arm-none-eabi/4.9.3/../../../arm-none-eabi/lib/armv7e-m/fpu/libm.a(lib_a-wf_asin.o)
                                          0xc (size before relaxing)
 *fill*         0x000000000800f306        0xa 
 .rodata.str1.4
                0x000000000800f310        0x6 /usr/lib/gcc/arm-none-eabi/4.9.3/../../../arm-none-eabi/lib/armv7e-m/fpu/libm.a(lib_a-wf_sqrt.o)
                                          0x8 (size before relaxing)
 *fill*         0x000000000800f316        0xa 
 .rodata.npio2_hw
                0x000000000800f320       0x80 /usr/lib/gcc/arm-none-eabi/4.9.3/../../../arm-none-eabi/lib/armv7e-m/fpu/libm.a(lib_a-ef_rem_pio2.o)
 .rodata.two_over_pi
                0x000000000800f3a0      0x318 /usr/lib/gcc/arm-none-eabi/4.9.3/../../../arm-none-eabi/lib/armv7e-m/fpu/libm.a(lib_a-ef_rem_pio2.o)
 *fill*         0x000000000800f6b8        0x8 
 .rodata.init_jk
                0x000000000800f6c0        0xc /usr/lib/gcc/arm-none-eabi/4.9.3/../../../arm-none-eabi/lib/armv7e-m/fpu/libm.a(lib_a-kf_rem_pio2.o)
 *fill*         0x000000000800f6cc        0x4 
 .rodata.PIo2   0x000000000800f6d0       0x2c /usr/lib/gcc/arm-none-eabi/4.9.3/../../../arm-none-eabi/lib/armv7e-m/fpu/libm.a(lib_a-kf_rem_pio2.o)
 *fill*         0x000000000800f6fc        0x4 
 .rodata.atanlo
                0x000000000800f700       0x10 /usr/lib/gcc/arm-none-eabi/4.9.3/../../../arm-none-eabi/lib/armv7e-m/fpu/libm.a(lib_a-sf_atan.o)
 .rodata.atanhi
                0x000000000800f710       0x10 /usr/lib/gcc/arm-none-eabi/4.9.3/../../../arm-none-eabi/lib/armv7e-m/fpu/libm.a(lib_a-sf_atan.o)
 .rodata.str1.4
                0x000000000800f720        0x4 /usr/lib/gcc/arm-none-eabi/4.9.3/../../../arm-none-eabi/lib/armv7e-m/fpu/libg.a(lib_a-impure.o)
 *(.glue_7t)
 .glue_7t       0x000000000800f724        0x0 linker stubs
 *(.glue_7)
 .glue_7        0x000000000800f724        0x0 linker stubs
 *(.gcc*)

.vfp11_veneer   0x000000000800f724        0x0
 .vfp11_veneer  0x000000000800f724        0x0 linker stubs

.v4_bx          0x000000000800f724        0x0
 .v4_bx         0x000000000800f724        0x0 linker stubs

.iplt           0x000000000800f724        0x0
 .iplt          0x000000000800f724        0x0 build/obj/crt0_v7m.o

.ARM.extab
 *(.ARM.extab* .gnu.linkonce.armextab.*)

.ARM.exidx      0x000000000800f724        0x8
                0x000000000800f724                __exidx_start = .
 *(.ARM.exidx* .gnu.linkonce.armexidx.*)
 .ARM.exidx.text.startup.main
                0x000000000800f724        0x8 /tmp/ccIvFPVD.ltrans0.ltrans.o
 .ARM.exidx.text.Attitude_thread.lto_priv.84
                0x000000000800f72c        0x0 /tmp/ccIvFPVD.ltrans1.ltrans.o
                                          0x8 (size before relaxing)
 .ARM.exidx.text.SVC_Handler
                0x000000000800f72c        0x0 /tmp/ccIvFPVD.ltrans2.ltrans.o
                                          0x8 (size before relaxing)
 .ARM.exidx.text._idle_thread.lto_priv.100
                0x000000000800f72c        0x0 /tmp/ccIvFPVD.ltrans2.ltrans.o
                                          0x8 (size before relaxing)
 .ARM.exidx.text.stSetAlarm
                0x000000000800f72c        0x0 /tmp/ccIvFPVD.ltrans2.ltrans.o
                                          0x8 (size before relaxing)
 .ARM.exidx.text._port_irq_epilogue
                0x000000000800f72c        0x0 /tmp/ccIvFPVD.ltrans2.ltrans.o
                                          0x8 (size before relaxing)
 .ARM.exidx.text._stats_increase_irq
                0x000000000800f72c        0x0 /tmp/ccIvFPVD.ltrans2.ltrans.o
                                          0x8 (size before relaxing)
 .ARM.exidx.text.chTMChainMeasurementToX
                0x000000000800f72c        0x0 /tmp/ccIvFPVD.ltrans2.ltrans.o
                                          0x8 (size before relaxing)
 .ARM.exidx.text.chTMStopMeasurementX
                0x000000000800f72c        0x0 /tmp/ccIvFPVD.ltrans2.ltrans.o
                                          0x8 (size before relaxing)
 .ARM.exidx.text._stats_stop_measure_crit_isr
                0x000000000800f72c        0x0 /tmp/ccIvFPVD.ltrans2.ltrans.o
                                          0x8 (size before relaxing)
 .ARM.exidx.text._stats_stop_measure_crit_thd
                0x000000000800f72c        0x0 /tmp/ccIvFPVD.ltrans2.ltrans.o
                                          0x8 (size before relaxing)
 .ARM.exidx.text.chTMStartMeasurementX
                0x000000000800f72c        0x0 /tmp/ccIvFPVD.ltrans2.ltrans.o
                                          0x8 (size before relaxing)
 .ARM.exidx.text._stats_start_measure_crit_isr
                0x000000000800f72c        0x0 /tmp/ccIvFPVD.ltrans2.ltrans.o
                                          0x8 (size before relaxing)
 .ARM.exidx.text._stats_start_measure_crit_thd
                0x000000000800f72c        0x0 /tmp/ccIvFPVD.ltrans2.ltrans.o
                                          0x8 (size before relaxing)
 .ARM.exidx.text._dbg_trace
                0x000000000800f72c        0x0 /tmp/ccIvFPVD.ltrans2.ltrans.o
                                          0x8 (size before relaxing)
 .ARM.exidx.text.chSchDoRescheduleAhead
                0x000000000800f72c        0x0 /tmp/ccIvFPVD.ltrans2.ltrans.o
                                          0x8 (size before relaxing)
 .ARM.exidx.text.chSchDoReschedule
                0x000000000800f72c        0x0 /tmp/ccIvFPVD.ltrans2.ltrans.o
                                          0x8 (size before relaxing)
 .ARM.exidx.text.chDbgCheckClassS
                0x000000000800f72c        0x0 /tmp/ccIvFPVD.ltrans2.ltrans.o
                                          0x8 (size before relaxing)
 .ARM.exidx.text.ibqReleaseEmptyBufferS
                0x000000000800f72c        0x0 /tmp/ccIvFPVD.ltrans2.ltrans.o
                                          0x8 (size before relaxing)
 .ARM.exidx.text.chSchGoSleepS
                0x000000000800f72c        0x0 /tmp/ccIvFPVD.ltrans2.ltrans.o
                                          0x8 (size before relaxing)
 .ARM.exidx.text.chThdSuspendS
                0x000000000800f72c        0x0 /tmp/ccIvFPVD.ltrans2.ltrans.o
                                          0x8 (size before relaxing)
 .ARM.exidx.text.chDbgCheckClassI
                0x000000000800f72c        0x0 /tmp/ccIvFPVD.ltrans2.ltrans.o
                                          0x8 (size before relaxing)
 .ARM.exidx.text.chThdCreateI
                0x000000000800f72c        0x0 /tmp/ccIvFPVD.ltrans2.ltrans.o
                                          0x8 (size before relaxing)
 .ARM.exidx.text.chSchRescheduleS
                0x000000000800f72c        0x0 /tmp/ccIvFPVD.ltrans2.ltrans.o
                                          0x8 (size before relaxing)
 .ARM.exidx.text.chSchGoSleepTimeoutS
                0x000000000800f72c        0x0 /tmp/ccIvFPVD.ltrans2.ltrans.o
                                          0x8 (size before relaxing)
 .ARM.exidx.text.chThdEnqueueTimeoutS
                0x000000000800f72c        0x0 /tmp/ccIvFPVD.ltrans2.ltrans.o
                                          0x8 (size before relaxing)
 .ARM.exidx.text.ibqGetFullBufferTimeoutS
                0x000000000800f72c        0x0 /tmp/ccIvFPVD.ltrans2.ltrans.o
                                          0x8 (size before relaxing)
 .ARM.exidx.text.chSchReadyI
                0x000000000800f72c        0x0 /tmp/ccIvFPVD.ltrans2.ltrans.o
                                          0x8 (size before relaxing)
 .ARM.exidx.text.chEvtBroadcastFlagsI
                0x000000000800f72c        0x0 /tmp/ccIvFPVD.ltrans2.ltrans.o
                                          0x8 (size before relaxing)
 .ARM.exidx.text.chThdDequeueAllI
                0x000000000800f72c        0x0 /tmp/ccIvFPVD.ltrans2.ltrans.o
                                          0x8 (size before relaxing)
 .ARM.exidx.text.chThdResumeI
                0x000000000800f72c        0x0 /tmp/ccIvFPVD.ltrans2.ltrans.o
                                          0x8 (size before relaxing)
 .ARM.exidx.text.chThdExitS
                0x000000000800f72c        0x0 /tmp/ccIvFPVD.ltrans2.ltrans.o
                                          0x8 (size before relaxing)
 .ARM.exidx.text._dbg_check_leave_isr
                0x000000000800f72c        0x0 /tmp/ccIvFPVD.ltrans2.ltrans.o
                                          0x8 (size before relaxing)
 .ARM.exidx.text._dbg_check_enter_isr
                0x000000000800f72c        0x0 /tmp/ccIvFPVD.ltrans2.ltrans.o
                                          0x8 (size before relaxing)
 .ARM.exidx.text._dbg_check_unlock_from_isr
                0x000000000800f72c        0x0 /tmp/ccIvFPVD.ltrans2.ltrans.o
                                          0x8 (size before relaxing)
 .ARM.exidx.text._dbg_check_lock_from_isr
                0x000000000800f72c        0x0 /tmp/ccIvFPVD.ltrans2.ltrans.o
                                          0x8 (size before relaxing)
 .ARM.exidx.text.wakeup
                0x000000000800f72c        0x0 /tmp/ccIvFPVD.ltrans2.ltrans.o
                                          0x8 (size before relaxing)
 .ARM.exidx.text._dbg_check_unlock
                0x000000000800f72c        0x0 /tmp/ccIvFPVD.ltrans2.ltrans.o
                                          0x8 (size before relaxing)
 .ARM.exidx.text._dbg_check_lock