Archive member included to satisfy reference by file (symbol)

/usr/lib/gcc/arm-none-eabi/4.9.3/../../../arm-none-eabi/lib/armv7e-m/fpu/libm.a(lib_a-sf_fpclassify.o)
                              build/obj/attitude.o (symbol from plugin) (__fpclassifyf)
/usr/lib/gcc/arm-none-eabi/4.9.3/../../../arm-none-eabi/lib/armv7e-m/fpu/libm.a(lib_a-sf_cos.o)
                              /tmp/ccs9n3m2.ltrans1.ltrans.o (cosf)
/usr/lib/gcc/arm-none-eabi/4.9.3/../../../arm-none-eabi/lib/armv7e-m/fpu/libm.a(lib_a-sf_sin.o)
                              /tmp/ccs9n3m2.ltrans1.ltrans.o (sinf)
/usr/lib/gcc/arm-none-eabi/4.9.3/../../../arm-none-eabi/lib/armv7e-m/fpu/libm.a(lib_a-sf_tan.o)
                              /tmp/ccs9n3m2.ltrans13.ltrans.o (tanf)
/usr/lib/gcc/arm-none-eabi/4.9.3/../../../arm-none-eabi/lib/armv7e-m/fpu/libm.a(lib_a-wf_asin.o)
                              /tmp/ccs9n3m2.ltrans1.ltrans.o (asinf)
/usr/lib/gcc/arm-none-eabi/4.9.3/../../../arm-none-eabi/lib/armv7e-m/fpu/libm.a(lib_a-wf_atan2.o)
                              /tmp/ccs9n3m2.ltrans1.ltrans.o (atan2f)
/usr/lib/gcc/arm-none-eabi/4.9.3/../../../arm-none-eabi/lib/armv7e-m/fpu/libm.a(lib_a-wf_sqrt.o)
                              /tmp/ccs9n3m2.ltrans1.ltrans.o (sqrtf)
/usr/lib/gcc/arm-none-eabi/4.9.3/../../../arm-none-eabi/lib/armv7e-m/fpu/libm.a(lib_a-ef_asin.o)
                              /usr/lib/gcc/arm-none-eabi/4.9.3/../../../arm-none-eabi/lib/armv7e-m/fpu/libm.a(lib_a-wf_asin.o) (__ieee754_asinf)
/usr/lib/gcc/arm-none-eabi/4.9.3/../../../arm-none-eabi/lib/armv7e-m/fpu/libm.a(lib_a-ef_atan2.o)
                              /usr/lib/gcc/arm-none-eabi/4.9.3/../../../arm-none-eabi/lib/armv7e-m/fpu/libm.a(lib_a-wf_atan2.o) (__ieee754_atan2f)
/usr/lib/gcc/arm-none-eabi/4.9.3/../../../arm-none-eabi/lib/armv7e-m/fpu/libm.a(lib_a-ef_rem_pio2.o)
                              /usr/lib/gcc/arm-none-eabi/4.9.3/../../../arm-none-eabi/lib/armv7e-m/fpu/libm.a(lib_a-sf_cos.o) (__ieee754_rem_pio2f)
/usr/lib/gcc/arm-none-eabi/4.9.3/../../../arm-none-eabi/lib/armv7e-m/fpu/libm.a(lib_a-ef_sqrt.o)
                              /usr/lib/gcc/arm-none-eabi/4.9.3/../../../arm-none-eabi/lib/armv7e-m/fpu/libm.a(lib_a-wf_sqrt.o) (__ieee754_sqrtf)
/usr/lib/gcc/arm-none-eabi/4.9.3/../../../arm-none-eabi/lib/armv7e-m/fpu/libm.a(lib_a-kf_cos.o)
                              /usr/lib/gcc/arm-none-eabi/4.9.3/../../../arm-none-eabi/lib/armv7e-m/fpu/libm.a(lib_a-sf_cos.o) (__kernel_cosf)
/usr/lib/gcc/arm-none-eabi/4.9.3/../../../arm-none-eabi/lib/armv7e-m/fpu/libm.a(lib_a-kf_rem_pio2.o)
                              /usr/lib/gcc/arm-none-eabi/4.9.3/../../../arm-none-eabi/lib/armv7e-m/fpu/libm.a(lib_a-ef_rem_pio2.o) (__kernel_rem_pio2f)
/usr/lib/gcc/arm-none-eabi/4.9.3/../../../arm-none-eabi/lib/armv7e-m/fpu/libm.a(lib_a-kf_sin.o)
                              /usr/lib/gcc/arm-none-eabi/4.9.3/../../../arm-none-eabi/lib/armv7e-m/fpu/libm.a(lib_a-sf_cos.o) (__kernel_sinf)
/usr/lib/gcc/arm-none-eabi/4.9.3/../../../arm-none-eabi/lib/armv7e-m/fpu/libm.a(lib_a-kf_tan.o)
                              /usr/lib/gcc/arm-none-eabi/4.9.3/../../../arm-none-eabi/lib/armv7e-m/fpu/libm.a(lib_a-sf_tan.o) (__kernel_tanf)
/usr/lib/gcc/arm-none-eabi/4.9.3/../../../arm-none-eabi/lib/armv7e-m/fpu/libm.a(lib_a-s_lib_ver.o)
                              /usr/lib/gcc/arm-none-eabi/4.9.3/../../../arm-none-eabi/lib/armv7e-m/fpu/libm.a(lib_a-wf_asin.o) (__fdlib_version)
/usr/lib/gcc/arm-none-eabi/4.9.3/../../../arm-none-eabi/lib/armv7e-m/fpu/libm.a(lib_a-s_matherr.o)
                              /usr/lib/gcc/arm-none-eabi/4.9.3/../../../arm-none-eabi/lib/armv7e-m/fpu/libm.a(lib_a-wf_asin.o) (matherr)
/usr/lib/gcc/arm-none-eabi/4.9.3/../../../arm-none-eabi/lib/armv7e-m/fpu/libm.a(lib_a-s_nan.o)
                              /usr/lib/gcc/arm-none-eabi/4.9.3/../../../arm-none-eabi/lib/armv7e-m/fpu/libm.a(lib_a-wf_asin.o) (nan)
/usr/lib/gcc/arm-none-eabi/4.9.3/../../../arm-none-eabi/lib/armv7e-m/fpu/libm.a(lib_a-sf_atan.o)
                              /usr/lib/gcc/arm-none-eabi/4.9.3/../../../arm-none-eabi/lib/armv7e-m/fpu/libm.a(lib_a-ef_atan2.o) (atanf)
/usr/lib/gcc/arm-none-eabi/4.9.3/../../../arm-none-eabi/lib/armv7e-m/fpu/libm.a(lib_a-sf_fabs.o)
                              /usr/lib/gcc/arm-none-eabi/4.9.3/../../../arm-none-eabi/lib/armv7e-m/fpu/libm.a(lib_a-wf_asin.o) (fabsf)
/usr/lib/gcc/arm-none-eabi/4.9.3/../../../arm-none-eabi/lib/armv7e-m/fpu/libm.a(lib_a-sf_floor.o)
                              /usr/lib/gcc/arm-none-eabi/4.9.3/../../../arm-none-eabi/lib/armv7e-m/fpu/libm.a(lib_a-kf_rem_pio2.o) (floorf)
/usr/lib/gcc/arm-none-eabi/4.9.3/../../../arm-none-eabi/lib/armv7e-m/fpu/libm.a(lib_a-sf_scalbn.o)
                              /usr/lib/gcc/arm-none-eabi/4.9.3/../../../arm-none-eabi/lib/armv7e-m/fpu/libm.a(lib_a-kf_rem_pio2.o) (scalbnf)
/usr/lib/gcc/arm-none-eabi/4.9.3/../../../arm-none-eabi/lib/armv7e-m/fpu/libm.a(lib_a-sf_copysign.o)
[...]
Memory Configuration

Name             Origin             Length             Attributes
flash            0x0000000008000000 0x0000000000200000
ram0             0x0000000020000000 0x0000000000030000
ram1             0x0000000020000000 0x000000000001c000
ram2             0x000000002001c000 0x0000000000004000
ram3             0x0000000020020000 0x0000000000010000
ram4             0x0000000010000000 0x0000000000010000
ram5             0x0000000040024000 0x0000000000001000
ram6             0x0000000000000000 0x0000000000000000
ram7             0x0000000000000000 0x0000000000000000
*default*        0x0000000000000000 0xffffffffffffffff

Linker script and memory map

LOAD build/obj/crt0_v7m.o
LOAD build/obj/chcoreasm_v7m.o
LOAD build/obj/crt1.o
LOAD /tmp/ccs9n3m2.ltrans0.ltrans.o
LOAD /tmp/ccs9n3m2.ltrans1.ltrans.o
LOAD /tmp/ccs9n3m2.ltrans2.ltrans.o
LOAD /tmp/ccs9n3m2.ltrans3.ltrans.o
LOAD /tmp/ccs9n3m2.ltrans4.ltrans.o
LOAD /tmp/ccs9n3m2.ltrans5.ltrans.o
LOAD /tmp/ccs9n3m2.ltrans6.ltrans.o
LOAD /tmp/ccs9n3m2.ltrans7.ltrans.o
LOAD /tmp/ccs9n3m2.ltrans8.ltrans.o
LOAD /tmp/ccs9n3m2.ltrans9.ltrans.o
LOAD /tmp/ccs9n3m2.ltrans10.ltrans.o
LOAD /tmp/ccs9n3m2.ltrans11.ltrans.o
LOAD /tmp/ccs9n3m2.ltrans12.ltrans.o
LOAD /tmp/ccs9n3m2.ltrans13.ltrans.o
LOAD /tmp/ccs9n3m2.ltrans14.ltrans.o
LOAD /tmp/ccs9n3m2.ltrans15.ltrans.o
LOAD build/obj/vectors.o
LOAD build/obj/chsys.o
LOAD build/obj/chdebug.o
LOAD build/obj/chvt.o
LOAD build/obj/chschd.o
LOAD build/obj/chthreads.o
LOAD build/obj/chtm.o
LOAD build/obj/chstats.o
LOAD build/obj/chdynamic.o
LOAD build/obj/chregistry.o
LOAD build/obj/chsem.o
LOAD build/obj/chmtx.o
LOAD build/obj/chcond.o
LOAD build/obj/chevents.o
LOAD build/obj/chmsg.o
LOAD build/obj/chmboxes.o
LOAD build/obj/chqueues.o
LOAD build/obj/chmemcore.o
LOAD build/obj/chheap.o
LOAD build/obj/chmempools.o
LOAD build/obj/chcore.o
LOAD build/obj/chcore_v7m.o
LOAD build/obj/osal.o
LOAD build/obj/hal.o
LOAD build/obj/st.o
LOAD build/obj/hal_buffers.o
LOAD build/obj/hal_queues.o
LOAD build/obj/hal_mmcsd.o
LOAD build/obj/can.o
LOAD build/obj/ext.o
LOAD build/obj/pal.o
LOAD build/obj/pwm.o
LOAD build/obj/sdc.o
LOAD build/obj/serial_usb.o
LOAD build/obj/spi.o
LOAD build/obj/uart.o
LOAD build/obj/usb.o
LOAD build/obj/wdg.o
LOAD build/obj/nvic.o
LOAD build/obj/hal_lld.o
LOAD build/obj/stm32_dma.o
LOAD build/obj/st_lld.o
LOAD build/obj/can_lld.o
LOAD build/obj/ext_lld.o
LOAD build/obj/ext_lld_isr.o
LOAD build/obj/pal_lld.o
LOAD build/obj/usb_lld.o
LOAD build/obj/sdc_lld.o
LOAD build/obj/spi_lld.o
LOAD build/obj/pwm_lld.o
LOAD build/obj/uart_lld.o
LOAD build/obj/wdg_lld.o
LOAD build/obj/board.o
LOAD build/obj/fatfs_diskio.o
LOAD build/obj/fatfs_syscall.o
LOAD build/obj/ff.o
LOAD build/obj/unicode.o
LOAD build/obj/shell.o
LOAD build/obj/evtimer.o
LOAD build/obj/syscalls.o
LOAD build/obj/memstreams.o
LOAD build/obj/chprintf.o
LOAD build/obj/flash.o
LOAD build/obj/sdlog.o
LOAD build/obj/shellcfg.o
LOAD build/obj/mpu6500.o
LOAD build/obj/attitude.o
LOAD build/obj/ist8310.o
LOAD build/obj/math_misc.o
LOAD build/obj/canBusProcess.o
LOAD build/obj/dbus.o
LOAD build/obj/gimbal.o
LOAD build/obj/params.o
LOAD build/obj/usbcfg.o
LOAD build/obj/calibrate_sensor.o
LOAD build/obj/shoot_pwm.o
LOAD build/obj/feeder.o
LOAD build/obj/exti.o
LOAD build/obj/imu_temp.o
LOAD build/obj/main.o
LOAD build/obj/dji_bridge.o
LOAD build/obj/dji_driver.o
LOAD build/obj/cppforstm32.o
LOAD build/obj/Activate.o
LOAD build/obj/dji_ack.o
LOAD build/obj/dji_broadcast.o
LOAD build/obj/dji_command.o
LOAD build/obj/dji_error.o
LOAD build/obj/dji_hardware_sync.o
LOAD build/obj/dji_mfio.o
LOAD build/obj/dji_subscription.o
LOAD build/obj/dji_vehicle.o
LOAD build/obj/dji_version.o
LOAD build/obj/dji_virtual_rc.o
LOAD build/obj/dji_hard_driver.o
LOAD build/obj/dji_memory.o
LOAD build/obj/dji_platform_manager.o
LOAD build/obj/dji_thread_manager.o
LOAD build/obj/dji_aes.o
LOAD build/obj/dji_open_protocol.o
LOAD build/obj/dji_protocol_base.o
LOAD build/obj/dji_circular_buffer.o
LOAD build/obj/dji_singleton.o
                0x0000000020000000                __ram0_start__ = ORIGIN (ram0)
                0x0000000000030000                __ram0_size__ = LENGTH (ram0)
                0x0000000020030000                __ram0_end__ = (__ram0_start__ + __ram0_size__)
                0x0000000020000000                __ram1_start__ = ORIGIN (ram1)
                0x000000000001c000                __ram1_size__ = LENGTH (ram1)
                0x000000002001c000                __ram1_end__ = (__ram1_start__ + __ram1_size__)
                0x000000002001c000                __ram2_start__ = ORIGIN (ram2)
                0x0000000000004000                __ram2_size__ = LENGTH (ram2)
                0x0000000020020000                __ram2_end__ = (__ram2_start__ + __ram2_size__)
                0x0000000020020000                __ram3_start__ = ORIGIN (ram3)
                0x0000000000010000                __ram3_size__ = LENGTH (ram3)
                0x0000000020030000                __ram3_end__ = (__ram3_start__ + __ram3_size__)
                0x0000000010000000                __ram4_start__ = ORIGIN (ram4)
                0x0000000000010000                __ram4_size__ = LENGTH (ram4)
                0x0000000010010000                __ram4_end__ = (__ram4_start__ + __ram4_size__)
                0x0000000040024000                __ram5_start__ = ORIGIN (ram5)
                0x0000000000001000                __ram5_size__ = LENGTH (ram5)
                0x0000000040025000                __ram5_end__ = (__ram5_start__ + __ram5_size__)
                0x0000000000000000                __ram6_start__ = ORIGIN (ram6)
                0x0000000000000000                __ram6_size__ = LENGTH (ram6)
                0x0000000000000000                __ram6_end__ = (__ram6_start__ + __ram6_size__)
                0x0000000000000000                __ram7_start__ = ORIGIN (ram7)
                0x0000000000000000                __ram7_size__ = LENGTH (ram7)
                0x0000000000000000                __ram7_end__ = (__ram7_start__ + __ram7_size__)
                0x0000000000000000                . = 0x0
                0x0000000000000000                _text = .

startup         0x0000000008000000      0x1c0
 *(.vectors)
 .vectors       0x0000000008000000      0x1c0 /tmp/ccs9n3m2.ltrans6.ltrans.o
                0x0000000008000000                _vectors

constructors    0x00000000080001c0        0x4
                0x00000000080001c0                __init_array_start = .
 *(SORT(.init_array.*))
 *(.init_array)
 .init_array    0x00000000080001c0        0x4 /tmp/ccs9n3m2.ltrans8.ltrans.o
                0x00000000080001c4                __init_array_end = .

destructors     0x00000000080001c4        0x0
                0x00000000080001c4                __fini_array_start = .
 *(.fini_array)
 *(SORT(.fini_array.*))
                0x00000000080001c4                __fini_array_end = .

.text           0x00000000080001e0    0x10fb4
 *(.text)
 .text          0x00000000080001e0      0x108 build/obj/crt0_v7m.o
                0x00000000080001e0                Reset_Handler
 *fill*         0x00000000080002e8        0x8 
 .text          0x00000000080002f0       0x48 build/obj/chcoreasm_v7m.o
                0x00000000080002f0                _port_switch
                0x0000000008000308                _port_thread_start
                0x0000000008000320                _port_switch_from_isr
                0x0000000008000334                _port_exit_from_isr
 *fill*         0x0000000008000338        0x8 
 .text          0x0000000008000340      0x370 /usr/lib/gcc/arm-none-eabi/4.9.3/armv7e-m/fpu/libgcc.a(_arm_addsubdf3.o)
                0x0000000008000340                __aeabi_drsub
                0x0000000008000348                __aeabi_dsub
                0x0000000008000348                __subdf3
                0x000000000800034c                __adddf3
                0x000000000800034c                __aeabi_dadd
                0x00000000080005c4                __aeabi_ui2d
                0x00000000080005c4                __floatunsidf
                0x00000000080005e4                __floatsidf
                0x00000000080005e4                __aeabi_i2d
                0x0000000008000608                __extendsfdf2
                0x0000000008000608                __aeabi_f2d
                0x0000000008000644                __aeabi_ul2d
                0x0000000008000644                __floatundidf
                0x0000000008000654                __floatdidf
                0x0000000008000654                __aeabi_l2d
 .text          0x00000000080006b0      0x424 /usr/lib/gcc/arm-none-eabi/4.9.3/armv7e-m/fpu/libgcc.a(_arm_muldivdf3.o)
                0x00000000080006b0                __aeabi_dmul
                0x00000000080006b0                __muldf3
                0x0000000008000904                __aeabi_ddiv
                0x0000000008000904                __divdf3
 *fill*         0x0000000008000ad4        0xc 
 .text          0x0000000008000ae0       0x50 /usr/lib/gcc/arm-none-eabi/4.9.3/armv7e-m/fpu/libgcc.a(_arm_fixdfsi.o)
                0x0000000008000ae0                __fixdfsi
                0x0000000008000ae0                __aeabi_d2iz
 .text          0x0000000008000b30       0xa0 /usr/lib/gcc/arm-none-eabi/4.9.3/armv7e-m/fpu/libgcc.a(_arm_truncdfsf2.o)
                0x0000000008000b30                __aeabi_d2f
                0x0000000008000b30                __truncdfsf2
 .text          0x0000000008000bd0      0x134 /usr/lib/gcc/arm-none-eabi/4.9.3/../../../arm-none-eabi/lib/armv7e-m/fpu/libg.a(lib_a-memcpy.o)
                0x0000000008000bd0                memcpy
 *fill*         0x0000000008000d04        0xc 
 .text          0x0000000008000d10      0x2e0 /usr/lib/gcc/arm-none-eabi/4.9.3/../../../arm-none-eabi/lib/armv7e-m/fpu/libg.a(lib_a-strcmp.o)
                0x0000000008000d18                strcmp
 *(.text.*)
 .text.startup.main
                0x0000000008000ff0     0x11f4 /tmp/ccs9n3m2.ltrans0.ltrans.o
                0x0000000008000ff0                main
 *fill*         0x00000000080021e4        0xc 
 .text._ZL15Attitude_threadPv.lto_priv.142
                0x00000000080021f0      0xfc0 /tmp/ccs9n3m2.ltrans1.ltrans.o
                0x00000000080021f0                Attitude_thread(void*) [clone .lto_priv.142]
 .text.SVC_Handler
                0x00000000080031b0       0x20 /tmp/ccs9n3m2.ltrans2.ltrans.o
                0x00000000080031b0                SVC_Handler
 .text._idle_thread.lto_priv.158
                0x00000000080031d0        0x4 /tmp/ccs9n3m2.ltrans2.ltrans.o
                0x00000000080031d0                _idle_thread.lto_priv.158
 *fill*         0x00000000080031d4        0xc 
 .text.stSetAlarm
                0x00000000080031e0       0x20 /tmp/ccs9n3m2.ltrans2.ltrans.o
                0x00000000080031e0                stSetAlarm
 .text._port_irq_epilogue
                0x0000000008003200       0x64 /tmp/ccs9n3m2.ltrans2.ltrans.o
                0x0000000008003200                _port_irq_epilogue
 *fill*         0x0000000008003264        0xc 
 .text._stats_increase_irq
                0x0000000008003270       0x20 /tmp/ccs9n3m2.ltrans2.ltrans.o
                0x0000000008003270                _stats_increase_irq
 .text.chTMChainMeasurementToX
                0x0000000008003290       0x3c /tmp/ccs9n3m2.ltrans2.ltrans.o
                0x0000000008003290                chTMChainMeasurementToX
 *fill*         0x00000000080032cc        0x4 
 .text.chTMStopMeasurementX
                0x00000000080032d0       0x48 /tmp/ccs9n3m2.ltrans2.ltrans.o
                0x00000000080032d0                chTMStopMeasurementX
 *fill*         0x0000000008003318        0x8 
 .text._stats_stop_measure_crit_isr
                0x0000000008003320        0xc /tmp/ccs9n3m2.ltrans2.ltrans.o
                0x0000000008003320                _stats_stop_measure_crit_isr
 *fill*         0x000000000800332c        0x4 
 .text._stats_stop_measure_crit_thd
                0x0000000008003330        0xc /tmp/ccs9n3m2.ltrans2.ltrans.o
                0x0000000008003330                _stats_stop_measure_crit_thd
 *fill*         0x000000000800333c        0x4 
 .text.chTMStartMeasurementX
                0x0000000008003340        0xc /tmp/ccs9n3m2.ltrans2.ltrans.o
                0x0000000008003340                chTMStartMeasurementX
 *fill*         0x000000000800334c        0x4 
 .text._stats_start_measure_crit_isr
                0x0000000008003350        0xc /tmp/ccs9n3m2.ltrans2.ltrans.o
                0x0000000008003350                _stats_start_measure_crit_isr
 *fill*         0x000000000800335c        0x4 
 .text._stats_start_measure_crit_thd
                0x0000000008003360        0xc /tmp/ccs9n3m2.ltrans2.ltrans.o
                0x0000000008003360                _stats_start_measure_crit_thd
 *fill*         0x000000000800336c        0x4 
 .text._dbg_trace
                0x0000000008003370       0x38 /tmp/ccs9n3m2.ltrans2.ltrans.o
                0x0000000008003370                _dbg_trace
 *fill*         0x00000000080033a8        0x8 
 .text.chSchDoRescheduleAhead
                0x00000000080033b0       0x78 /tmp/ccs9n3m2.ltrans2.ltrans.o
 *fill*         0x0000000008003428        0x8 
 .text.chSchDoReschedule
                0x0000000008003430        0x4 /tmp/ccs9n3m2.ltrans2.ltrans.o
                0x0000000008003430                chSchDoReschedule
 *fill*         0x0000000008003434        0xc 
 .text.chDbgCheckClassS
                0x0000000008003440       0x20 /tmp/ccs9n3m2.ltrans2.ltrans.o
                0x0000000008003440                chDbgCheckClassS
 .text.ibqReleaseEmptyBufferS
                0x0000000008003460       0x48 /tmp/ccs9n3m2.ltrans2.ltrans.o
                0x0000000008003460                ibqReleaseEmptyBufferS
 *fill*         0x00000000080034a8        0x8 
 .text.chSchGoSleepS
                0x00000000080034b0       0x64 /tmp/ccs9n3m2.ltrans2.ltrans.o
                0x00000000080034b0                chSchGoSleepS
 *fill*         0x0000000008003514        0xc 
 .text.chThdSuspendS
                0x0000000008003520       0x2c /tmp/ccs9n3m2.ltrans2.ltrans.o
                0x0000000008003520                chThdSuspendS
 *fill*         0x000000000800354c        0x4 
 .text.chDbgCheckClassI
                0x0000000008003550       0x20 /tmp/ccs9n3m2.ltrans2.ltrans.o
                0x0000000008003550                chDbgCheckClassI
 .text.chThdCreateI
                0x0000000008003570       0xb8 /tmp/ccs9n3m2.ltrans2.ltrans.o
                0x0000000008003570                chThdCreateI
 *fill*         0x0000000008003628        0x8 
 .text.chSchRescheduleS
                0x0000000008003630       0x28 /tmp/ccs9n3m2.ltrans2.ltrans.o
                0x0000000008003630                chSchRescheduleS
 *fill*         0x0000000008003658        0x8 
 .text.chSchGoSleepTimeoutS
                0x0000000008003660      0x170 /tmp/ccs9n3m2.ltrans2.ltrans.o
                0x0000000008003660                chSchGoSleepTimeoutS
 .text.chThdEnqueueTimeoutS
                0x00000000080037d0       0x28 /tmp/ccs9n3m2.ltrans2.ltrans.o
                0x00000000080037d0                chThdEnqueueTimeoutS
 *fill*         0x00000000080037f8        0x8 
 .text.ibqGetFullBufferTimeoutS
                0x0000000008003800       0x44 /tmp/ccs9n3m2.ltrans2.ltrans.o
                0x0000000008003800                ibqGetFullBufferTimeoutS
 *fill*         0x0000000008003844        0xc 
 .text.chSchReadyI
                0x0000000008003850       0x50 /tmp/ccs9n3m2.ltrans2.ltrans.o
                0x0000000008003850                chSchReadyI
 .text.chEvtBroadcastFlagsI
                0x00000000080038a0       0x9c /tmp/ccs9n3m2.ltrans2.ltrans.o
                0x00000000080038a0                chEvtBroadcastFlagsI
 *fill*         0x000000000800393c        0x4 
 .text.chThdDequeueAllI
                0x0000000008003940       0x3c /tmp/ccs9n3m2.ltrans2.ltrans.o
                0x0000000008003940                chThdDequeueAllI
 *fill*         0x000000000800397c        0x4 
 .text.chThdResumeI
                0x0000000008003980       0x2c /tmp/ccs9n3m2.ltrans2.ltrans.o
                0x0000000008003980                chThdResumeI
 *fill*         0x00000000080039ac        0x4 
 .text.chThdExitS
                0x00000000080039b0       0x4c /tmp/ccs9n3m2.ltrans2.ltrans.o
                0x00000000080039b0                chThdExitS
 *fill*         0x00000000080039fc        0x4 
 .text._dbg_check_leave_isr
                0x0000000008003a00       0x2c /tmp/ccs9n3m2.ltrans2.ltrans.o
                0x0000000008003a00                _dbg_check_leave_isr
 *fill*         0x0000000008003a2c        0x4 
 .text._dbg_check_enter_isr
                0x0000000008003a30       0x2c /tmp/ccs9n3m2.ltrans2.ltrans.o
                0x0000000008003a30                _dbg_check_enter_isr
 *fill*         0x0000000008003a5c        0x4 
 .text._dbg_check_unlock_from_isr
                0x0000000008003a60       0x24 /tmp/ccs9n3m2.ltrans2.ltrans.o
                0x0000000008003a60                _dbg_check_unlock_from_isr
 *fill*         0x0000000008003a84        0xc 
 .text._dbg_check_lock_from_isr
                0x0000000008003a90       0x24 /tmp/ccs9n3m2.ltrans2.ltrans.o
                0x0000000008003a90                _dbg_check_lock_from_isr
 *fill*         0x0000000008003ab4        0xc 
 .text.wakeup   0x0000000008003ac0       0x6c /tmp/ccs9n3m2.ltrans2.ltrans.o
 *fill*         0x0000000008003b2c        0x4 
 .text._dbg_check_unlock
                0x0000000008003b30       0x20 /tmp/ccs9n3m2.ltrans2.ltrans.o
                0x0000000008003b30                _dbg_check_unlock
 .text._dbg_check_lock
                0x0000000008003b50       0x20 /tmp/ccs9n3m2.ltrans2.ltrans.o
                0x0000000008003b50                _dbg_check_lock
 .text.ibqGetTimeout
                0x0000000008003b70       0x90 /tmp/ccs9n3m2.ltrans2.ltrans.o
                0x0000000008003b70                ibqGetTimeout
 .text.chCoreAlloc
                0x0000000008003c00       0x70 /tmp/ccs9n3m2.ltrans2.ltrans.o
                0x0000000008003c00                chCoreAlloc
 .text.chThdExit
                0x0000000008003c70       0x18 /tmp/ccs9n3m2.ltrans2.ltrans.o
                0x0000000008003c70                chThdExit
 *fill*         0x0000000008003c88        0x8 
 .text.chThdSleepUntil
                0x0000000008003c90       0x54 /tmp/ccs9n3m2.ltrans2.ltrans.o
                0x0000000008003c90                chThdSleepUntil
 *fill*         0x0000000008003ce4        0xc 
 .text.chThdSleep
                0x0000000008003cf0       0x5c /tmp/ccs9n3m2.ltrans2.ltrans.o
                0x0000000008003cf0                chThdSleep
 *fill*         0x0000000008003d4c        0x4 
 .text.chThdCreateStatic
                0x0000000008003d50       0x90 /tmp/ccs9n3m2.ltrans2.ltrans.o
                0x0000000008003d50                chThdCreateStatic
 .text.chSysPolledDelayX
                0x0000000008003de0       0x14 /tmp/ccs9n3m2.ltrans2.ltrans.o
                0x0000000008003de0                chSysPolledDelayX
 *fill*         0x0000000008003df4        0xc 
 .text._unhandled_exception
                0x0000000008003e00        0x4 /tmp/ccs9n3m2.ltrans2.ltrans.o
                0x0000000008003e00                DebugMon_Handler
                0x0000000008003e00                Vector1A0
                0x0000000008003e00                Vector11C
                0x0000000008003e00                HardFault_Handler
                0x0000000008003e00                Vector1B8
                0x0000000008003e00                Vector19C
                0x0000000008003e00                SysTick_Handler
                0x0000000008003e00                VectorDC
                0x0000000008003e00                PendSV_Handler
                0x0000000008003e00                Vector168
                0x0000000008003e00                NMI_Handler
                0x0000000008003e00                VectorC8
                0x0000000008003e00                VectorA8
                0x0000000008003e00                Vector160
                0x0000000008003e00                Vector1B0
                0x0000000008003e00                UsageFault_Handler
                0x0000000008003e00                VectorEC
                0x0000000008003e00                Vector40
                0x0000000008003e00                Vector108
                0x0000000008003e00                VectorBC
                0x0000000008003e00                Vector190
                0x0000000008003e00                Vector188
                0x0000000008003e00                Vector198
                0x0000000008003e00                Vector118
                0x0000000008003e00                VectorCC
                0x0000000008003e00                Vector54
                0x0000000008003e00                VectorD8
                0x0000000008003e00                Vector24
                0x0000000008003e00                Vector1AC
                0x0000000008003e00                Vector178
                0x0000000008003e00                Vector1A4
                0x0000000008003e00                VectorD0
                0x0000000008003e00                Vector1B4
                0x0000000008003e00                VectorC0
                0x0000000008003e00                Vector134
                0x0000000008003e00                Vector100
                0x0000000008003e00                VectorF4
                0x0000000008003e00                MemManage_Handler
                0x0000000008003e00                VectorA0
                0x0000000008003e00                VectorC4
                0x0000000008003e00                Vector180
                0x0000000008003e00                Vector114
                0x0000000008003e00                Vector164
                0x0000000008003e00                Vector1C
                0x0000000008003e00                Vector1BC
                0x0000000008003e00                Vector17C
                0x0000000008003e00                Vector1A8
                0x0000000008003e00                Vector16C
                0x0000000008003e00                Vector15C
                0x0000000008003e00                Vector88
                0x0000000008003e00                Vector184
                0x0000000008003e00                Vector10C
                0x0000000008003e00                BusFault_Handler
                0x0000000008003e00                Vector50
                0x0000000008003e00                Vector194
                0x0000000008003e00                Vector28
                0x0000000008003e00                Vector34
                0x0000000008003e00                Vector20
                0x0000000008003e00                Vector18C
 *fill*         0x0000000008003e04        0xc 
 .text.__init_ram_areas
                0x0000000008003e10       0x4c /tmp/ccs9n3m2.ltrans2.ltrans.o
                0x0000000008003e10                __init_ram_areas
 *fill*         0x0000000008003e5c        0x4 
 .text.__default_exit
                0x0000000008003e60        0x4 /tmp/ccs9n3m2.ltrans2.ltrans.o
                0x0000000008003e60                __default_exit
 *fill*         0x0000000008003e64        0xc 
 .text.__late_init
                0x0000000008003e70        0x4 /tmp/ccs9n3m2.ltrans2.ltrans.o
                0x0000000008003e70                __late_init
 *fill*         0x0000000008003e74        0xc 
 .text.__core_init
                0x0000000008003e80        0x4 /tmp/ccs9n3m2.ltrans2.ltrans.o
                0x0000000008003e80                __core_init
 *fill*         0x0000000008003e84        0xc 
 .text.sduInterruptTransmitted
                0x0000000008003e90        0x4 /tmp/ccs9n3m2.ltrans3.ltrans.o
                0x0000000008003e90                sduInterruptTransmitted
 *fill*         0x0000000008003e94        0xc 
 .text.usbStartTransmitI
                0x0000000008003ea0       0x64 /tmp/ccs9n3m2.ltrans3.ltrans.o
                0x0000000008003ea0                usbStartTransmitI
 *fill*         0x0000000008003f04        0xc 
 .text.usbStartReceiveI
                0x0000000008003f10       0x64 /tmp/ccs9n3m2.ltrans3.ltrans.o
                0x0000000008003f10                usbStartReceiveI
 *fill*         0x0000000008003f74        0xc 
 .text._usb_ep0setup
                0x0000000008003f80      0x434 /tmp/ccs9n3m2.ltrans3.ltrans.o
                0x0000000008003f80                _usb_ep0setup
 *fill*         0x00000000080043b4        0xc 
 .text.usbInitEndpointI
                0x00000000080043c0      0x1c4 /tmp/ccs9n3m2.ltrans3.ltrans.o
                0x00000000080043c0                usbInitEndpointI
 *fill*         0x0000000008004584        0xc 
 .text.spiReleaseBus
                0x0000000008004590       0xe4 /tmp/ccs9n3m2.ltrans3.ltrans.o
                0x0000000008004590                spiReleaseBus
 *fill*         0x0000000008004674        0xc 
 .text.spiAcquireBus
                0x0000000008004680      0x144 /tmp/ccs9n3m2.ltrans3.ltrans.o
                0x0000000008004680                spiAcquireBus
 *fill*         0x00000000080047c4        0xc 
 .text.spiReceive
                0x00000000080047d0       0xc0 /tmp/ccs9n3m2.ltrans3.ltrans.o
                0x00000000080047d0                spiReceive
 .text.spiSend  0x0000000008004890       0xc0 /tmp/ccs9n3m2.ltrans3.ltrans.o
                0x0000000008004890                spiSend
 .text.spiUnselect
                0x0000000008004950       0x74 /tmp/ccs9n3m2.ltrans3.ltrans.o
                0x0000000008004950                spiUnselect
 *fill*         0x00000000080049c4        0xc 
 .text.spiSelect
                0x00000000080049d0       0x74 /tmp/ccs9n3m2.ltrans3.ltrans.o
                0x00000000080049d0                spiSelect
 *fill*         0x0000000008004a44        0xc 
 .text._mmcsd_get_slice
                0x0000000008004a50       0x60 /tmp/ccs9n3m2.ltrans4.ltrans.o
 .text.unlikely._mmcsd_get_capacity
                0x0000000008004ab0       0x6c /tmp/ccs9n3m2.ltrans4.ltrans.o
 *fill*         0x0000000008004b1c        0x4 
 .text.sdcConnect
                0x0000000008004b20      0x3f8 /tmp/ccs9n3m2.ltrans4.ltrans.o
                0x0000000008004b20                sdcConnect
 *fill*         0x0000000008004f18        0x8 
 .text.obqPostFullBufferS
                0x0000000008004f20       0x60 /tmp/ccs9n3m2.ltrans4.ltrans.o
 .text.obqGetEmptyBufferTimeoutS
                0x0000000008004f80       0x44 /tmp/ccs9n3m2.ltrans4.ltrans.o
 *fill*         0x0000000008004fc4        0xc 
 .text._sdc_wait_for_transfer_state
                0x0000000008004fd0       0x40 /tmp/ccs9n3m2.ltrans4.ltrans.o
                0x0000000008004fd0                _sdc_wait_for_transfer_state
 .text.obqGetFullBufferI
                0x0000000008005010       0x28 /tmp/ccs9n3m2.ltrans4.ltrans.o
                0x0000000008005010                obqGetFullBufferI
 *fill*         0x0000000008005038        0x8 
 .text.obqWriteTimeout
                0x0000000008005040      0x17c /tmp/ccs9n3m2.ltrans4.ltrans.o
                0x0000000008005040                obqWriteTimeout
 *fill*         0x00000000080051bc        0x4 
 .text.obqPutTimeout
                0x00000000080051c0       0xa0 /tmp/ccs9n3m2.ltrans4.ltrans.o
                0x00000000080051c0                obqPutTimeout
 .text.ibqReadTimeout
                0x0000000008005260      0x168 /tmp/ccs9n3m2.ltrans4.ltrans.o
                0x0000000008005260                ibqReadTimeout
 *fill*         0x00000000080053c8        0x8 
 .text.matlab_thread
                0x00000000080053d0       0xa0 /tmp/ccs9n3m2.ltrans5.ltrans.o
 .text.flashWrite.part.5.lto_priv.183
                0x0000000008005470       0xa8 /tmp/ccs9n3m2.ltrans5.ltrans.o
                0x0000000008005470                flashWrite.part.5.lto_priv.183
 *fill*         0x0000000008005518        0x8 
 .text.flashUnlock.part.1.lto_priv.184
                0x0000000008005520       0x20 /tmp/ccs9n3m2.ltrans5.ltrans.o
                0x0000000008005520                flashUnlock.part.1.lto_priv.184
 .text.flashRead
                0x0000000008005540       0x58 /tmp/ccs9n3m2.ltrans5.ltrans.o
                0x0000000008005540                flashRead
 *fill*         0x0000000008005598        0x8 
 .text.chprintf
                0x00000000080055a0      0x414 /tmp/ccs9n3m2.ltrans5.ltrans.o
                0x00000000080055a0                chprintf
 *fill*         0x00000000080059b4        0xc 
 .text.cmd_test
                0x00000000080059c0       0x50 /tmp/ccs9n3m2.ltrans5.ltrans.o
                0x00000000080059c0                cmd_test
 .text.cmd_calibrate
                0x0000000008005a10      0x9a4 /tmp/ccs9n3m2.ltrans5.ltrans.o
                0x0000000008005a10                cmd_calibrate
 *fill*         0x00000000080063b4        0xc 
 .text.cmd_data
                0x00000000080063c0       0xd8 /tmp/ccs9n3m2.ltrans5.ltrans.o
                0x00000000080063c0                cmd_data
 *fill*         0x0000000008006498        0x8 
 .text.sdc_lld_is_write_protected
                0x00000000080064a0        0x4 /tmp/ccs9n3m2.ltrans6.ltrans.o
                0x00000000080064a0                sdc_lld_is_write_protected
 *fill*         0x00000000080064a4        0xc 
 .text.sdc_lld_is_card_inserted
                0x00000000080064b0        0x4 /tmp/ccs9n3m2.ltrans6.ltrans.o
                0x00000000080064b0                sdc_lld_is_card_inserted
 *fill*         0x00000000080064b4        0xc 
 .text.pwm_lld_serve_interrupt
                0x00000000080064c0       0x5c /tmp/ccs9n3m2.ltrans6.ltrans.o
 *fill*         0x000000000800651c        0x4 
 .text.spi_lld_serve_tx_interrupt.lto_priv.177
                0x0000000008006520       0x1c /tmp/ccs9n3m2.ltrans6.ltrans.o
                0x0000000008006520                spi_lld_serve_tx_interrupt.lto_priv.177
 *fill*         0x000000000800653c        0x4 
 .text.cmd_info
                0x0000000008006540       0xbc /tmp/ccs9n3m2.ltrans6.ltrans.o
 *fill*         0x00000000080065fc        0x4 
 .text.VectorF8
                0x0000000008006600       0x20 /tmp/ccs9n3m2.ltrans6.ltrans.o
 .text.VectorF0
                0x0000000008006620       0x20 /tmp/ccs9n3m2.ltrans6.ltrans.o
 .text.VectorB8
                0x0000000008006640       0x20 /tmp/ccs9n3m2.ltrans6.ltrans.o
 .text.VectorB4
                0x0000000008006660       0x20 /tmp/ccs9n3m2.ltrans6.ltrans.o
 .text.VectorAC
                0x0000000008006680       0x20 /tmp/ccs9n3m2.ltrans6.ltrans.o
 .text.VectorA4
                0x00000000080066a0       0x20 /tmp/ccs9n3m2.ltrans6.ltrans.o
 .text.serve_usart_irq
                0x00000000080066c0       0xc4 /tmp/ccs9n3m2.ltrans6.ltrans.o
 *fill*         0x0000000008006784        0xc 
 .text.Vector110
                0x0000000008006790       0x20 /tmp/ccs9n3m2.ltrans6.ltrans.o
 .text.VectorD4
                0x00000000080067b0       0x20 /tmp/ccs9n3m2.ltrans6.ltrans.o
 .text.uart_lld_serve_tx_end_irq.lto_priv.210
                0x00000000080067d0       0x80 /tmp/ccs9n3m2.ltrans6.ltrans.o
                0x00000000080067d0                uart_lld_serve_tx_end_irq.lto_priv.210
 .text.uart_lld_serve_rx_end_irq.lto_priv.209
                0x0000000008006850       0xbc /tmp/ccs9n3m2.ltrans6.ltrans.o
                0x0000000008006850                uart_lld_serve_rx_end_irq.lto_priv.209
 *fill*         0x000000000800690c        0x4 
 .text.spi_lld_serve_rx_interrupt.lto_priv.176
                0x0000000008006910       0x98 /tmp/ccs9n3m2.ltrans6.ltrans.o
                0x0000000008006910                spi_lld_serve_rx_interrupt.lto_priv.176
 *fill*         0x00000000080069a8        0x8 
 .text.Vector104
                0x00000000080069b0       0x48 /tmp/ccs9n3m2.ltrans6.ltrans.o
 *fill*         0x00000000080069f8        0x8 
 .text.long_to_string_with_divisor.lto_priv.217
                0x0000000008006a00       0x48 /tmp/ccs9n3m2.ltrans6.ltrans.o
                0x0000000008006a00                long_to_string_with_divisor.lto_priv.217
 *fill*         0x0000000008006a48        0x8 
 .text.__early_init
                0x0000000008006a50       0xc8 /tmp/ccs9n3m2.ltrans6.ltrans.o
                0x0000000008006a50                __early_init
 *fill*         0x0000000008006b18        0x8 
 .text.sdc_lld_collect_errors.isra.0.lto_priv.224
                0x0000000008006b20       0x3c /tmp/ccs9n3m2.ltrans6.ltrans.o
                0x0000000008006b20                sdc_lld_collect_errors.isra.0.lto_priv.224
 *fill*         0x0000000008006b5c        0x4 
 .text.sdc_lld_send_cmd_long_crc
                0x0000000008006b60       0x3c /tmp/ccs9n3m2.ltrans6.ltrans.o
                0x0000000008006b60                sdc_lld_send_cmd_long_crc
 *fill*         0x0000000008006b9c        0x4 
 .text.sdc_lld_send_cmd_short_crc
                0x0000000008006ba0       0x30 /tmp/ccs9n3m2.ltrans6.ltrans.o
                0x0000000008006ba0                sdc_lld_send_cmd_short_crc
 .text.sdc_lld_write_aligned.part.5.lto_priv.232
                0x0000000008006bd0       0xa8 /tmp/ccs9n3m2.ltrans6.ltrans.o
                0x0000000008006bd0                sdc_lld_write_aligned.part.5.lto_priv.232
 *fill*         0x0000000008006c78        0x8 
 .text.sdc_lld_read_aligned.part.4.lto_priv.233
                0x0000000008006c80       0xa4 /tmp/ccs9n3m2.ltrans6.ltrans.o
                0x0000000008006c80                sdc_lld_read_aligned.part.4.lto_priv.233
 *fill*         0x0000000008006d24        0xc 
 .text.sdc_lld_read_special
                0x0000000008006d30       0xb4 /tmp/ccs9n3m2.ltrans6.ltrans.o
                0x0000000008006d30                sdc_lld_read_special
 *fill*         0x0000000008006de4        0xc 
 .text.shell_thread.lto_priv.155
                0x0000000008006df0      0x224 /tmp/ccs9n3m2.ltrans6.ltrans.o
                0x0000000008006df0                shell_thread.lto_priv.155
 *fill*         0x0000000008007014        0xc 
 .text.cmd_systime
                0x0000000008007020       0x70 /tmp/ccs9n3m2.ltrans6.ltrans.o
 .text.Vector4C
                0x0000000008007090       0x3c /tmp/ccs9n3m2.ltrans7.ltrans.o
                0x0000000008007090                Vector4C
 *fill*         0x00000000080070cc        0x4 
 .text.Vector48
                0x00000000080070d0       0x3c /tmp/ccs9n3m2.ltrans7.ltrans.o
                0x00000000080070d0                Vector48
 *fill*         0x000000000800710c        0x4 
 .text.Vector170
                0x0000000008007110       0x3c /tmp/ccs9n3m2.ltrans7.ltrans.o
                0x0000000008007110                Vector170
 *fill*         0x000000000800714c        0x4 
 .text.Vector138
                0x0000000008007150       0x3c /tmp/ccs9n3m2.ltrans7.ltrans.o
                0x0000000008007150                Vector138
 *fill*         0x000000000800718c        0x4 
 .text.VectorE8
                0x0000000008007190       0x3c /tmp/ccs9n3m2.ltrans7.ltrans.o
                0x0000000008007190                VectorE8
 *fill*         0x00000000080071cc        0x4 
 .text.VectorE4
                0x00000000080071d0       0x3c /tmp/ccs9n3m2.ltrans7.ltrans.o
                0x00000000080071d0                VectorE4
 *fill*         0x000000000800720c        0x4 
 .text.Vector44
                0x0000000008007210       0x3c /tmp/ccs9n3m2.ltrans7.ltrans.o
                0x0000000008007210                Vector44
 *fill*         0x000000000800724c        0x4 
 .text.VectorE0
                0x0000000008007250       0x8c /tmp/ccs9n3m2.ltrans7.ltrans.o
                0x0000000008007250                VectorE0
 *fill*         0x00000000080072dc        0x4 
 .text.sdc_lld_error_cleanup.lto_priv.219
                0x00000000080072e0       0x6c /tmp/ccs9n3m2.ltrans7.ltrans.o
                0x00000000080072e0                sdc_lld_error_cleanup.lto_priv.219
 *fill*         0x000000000800734c        0x4 
 .text.usb_lld_start_in
                0x0000000008007350       0xac /tmp/ccs9n3m2.ltrans7.ltrans.o
                0x0000000008007350                usb_lld_start_in
 *fill*         0x00000000080073fc        0x4 
 .text.otg_epin_handler
                0x0000000008007400       0xd4 /tmp/ccs9n3m2.ltrans7.ltrans.o
 *fill*         0x00000000080074d4        0xc 
 .text.usb_lld_start_out
                0x00000000080074e0       0x84 /tmp/ccs9n3m2.ltrans7.ltrans.o
                0x00000000080074e0                usb_lld_start_out
 *fill*         0x0000000008007564        0xc 
 .text.otg_epout_handler
                0x0000000008007570       0xac /tmp/ccs9n3m2.ltrans7.ltrans.o
 *fill*         0x000000000800761c        0x4 
 .text.usb_lld_serve_interrupt
                0x0000000008007620      0x408 /tmp/ccs9n3m2.ltrans7.ltrans.o
 *fill*         0x0000000008007a28        0x8 
 .text.Vector174
                0x0000000008007a30       0x20 /tmp/ccs9n3m2.ltrans7.ltrans.o
                0x0000000008007a30                Vector174
 .text.Vector14C
                0x0000000008007a50       0x20 /tmp/ccs9n3m2.ltrans7.ltrans.o
                0x0000000008007a50                Vector14C
 .text.sdc_lld_wait_transaction_end.lto_priv.218
                0x0000000008007a70       0xcc /tmp/ccs9n3m2.ltrans7.ltrans.o
                0x0000000008007a70                sdc_lld_wait_transaction_end.lto_priv.218
 *fill*         0x0000000008007b3c        0x4 
 .text.usb_lld_pump
                0x0000000008007b40      0x298 /tmp/ccs9n3m2.ltrans7.ltrans.o
                0x0000000008007b40                usb_lld_pump
 *fill*         0x0000000008007dd8        0x8 
 .text.startup._GLOBAL__I_65535_0_crt1.o.32958
                0x0000000008007de0      0x9b8 /tmp/ccs9n3m2.ltrans8.ltrans.o
 *fill*         0x0000000008008798        0x8 
 .text.PID_VEL  0x00000000080087a0       0xcc /tmp/ccs9n3m2.ltrans9.ltrans.o
 *fill*         0x000000000800886c        0x4 
 .text.turn_angle
                0x0000000008008870       0xd4 /tmp/ccs9n3m2.ltrans9.ltrans.o
 *fill*         0x0000000008008944        0xc 
 .text.get_descriptor.lto_priv.160
                0x0000000008008950       0x30 /tmp/ccs9n3m2.ltrans9.ltrans.o
                0x0000000008008950                get_descriptor.lto_priv.160
 .text.pwm_thd.lto_priv.150
                0x0000000008008980       0xf0 /tmp/ccs9n3m2.ltrans9.ltrans.o
                0x0000000008008980                pwm_thd.lto_priv.150
 .text.sof_handler.lto_priv.161
                0x0000000008008a70       0xb8 /tmp/ccs9n3m2.ltrans9.ltrans.o
                0x0000000008008a70                sof_handler.lto_priv.161
 *fill*         0x0000000008008b28        0x8 
 .text.usb_event.lto_priv.159
                0x0000000008008b30      0x100 /tmp/ccs9n3m2.ltrans9.ltrans.o
                0x0000000008008b30                usb_event.lto_priv.159
 .text.params_set.part.0.lto_priv.170
                0x0000000008008c30      0x158 /tmp/ccs9n3m2.ltrans9.ltrans.o
                0x0000000008008c30                params_set.part.0.lto_priv.170
 *fill*         0x0000000008008d88        0x8 
 .text.param_save_flash
                0x0000000008008d90      0x160 /tmp/ccs9n3m2.ltrans9.ltrans.o
                0x0000000008008d90                param_save_flash
 .text.Temperature_thread.lto_priv.173
                0x0000000008008ef0      0x154 /tmp/ccs9n3m2.ltrans9.ltrans.o
                0x0000000008008ef0                Temperature_thread.lto_priv.173
 *fill*         0x0000000008009044        0xc 
 .text.feeder_control.lto_priv.148
                0x0000000008009050      0x5d4 /tmp/ccs9n3m2.ltrans9.ltrans.o
                0x0000000008009050                feeder_control.lto_priv.148
 *fill*         0x0000000008009624        0xc 
 .text.Vector9C
                0x0000000008009630       0x7c /tmp/ccs9n3m2.ltrans10.ltrans.o
                0x0000000008009630                Vector9C
 *fill*         0x00000000080096ac        0x4 
 .text.Vector68
                0x00000000080096b0       0x38 /tmp/ccs9n3m2.ltrans10.ltrans.o
                0x00000000080096b0                Vector68
 *fill*         0x00000000080096e8        0x8 
 .text.Vector64
                0x00000000080096f0       0x38 /tmp/ccs9n3m2.ltrans10.ltrans.o
                0x00000000080096f0                Vector64
 *fill*         0x0000000008009728        0x8 
 .text.Vector60
                0x0000000008009730       0x38 /tmp/ccs9n3m2.ltrans10.ltrans.o
                0x0000000008009730                Vector60
 *fill*         0x0000000008009768        0x8 
 .text.Vector5C
                0x0000000008009770       0x38 /tmp/ccs9n3m2.ltrans10.ltrans.o
                0x0000000008009770                Vector5C
 *fill*         0x00000000080097a8        0x8 
 .text.Vector58
                0x00000000080097b0       0x38 /tmp/ccs9n3m2.ltrans10.ltrans.o
                0x00000000080097b0                Vector58
 *fill*         0x00000000080097e8        0x8 
 .text.Vector158
                0x00000000080097f0       0x38 /tmp/ccs9n3m2.ltrans10.ltrans.o
                0x00000000080097f0                Vector158
 *fill*         0x0000000008009828        0x8 
 .text.Vector154
                0x0000000008009830       0x38 /tmp/ccs9n3m2.ltrans10.ltrans.o
                0x0000000008009830                Vector154
 *fill*         0x0000000008009868        0x8 
 .text.Vector150
                0x0000000008009870       0x38 /tmp/ccs9n3m2.ltrans10.ltrans.o
                0x0000000008009870                Vector150
 *fill*         0x00000000080098a8        0x8 
 .text.Vector130
                0x00000000080098b0       0x34 /tmp/ccs9n3m2.ltrans10.ltrans.o
                0x00000000080098b0                Vector130
 *fill*         0x00000000080098e4        0xc 
 .text.Vector12C
                0x00000000080098f0       0x38 /tmp/ccs9n3m2.ltrans10.ltrans.o
                0x00000000080098f0                Vector12C
 *fill*         0x0000000008009928        0x8 
 .text.Vector128
                0x0000000008009930       0x38 /tmp/ccs9n3m2.ltrans10.ltrans.o
                0x0000000008009930                Vector128
 *fill*         0x0000000008009968        0x8 
 .text.Vector124
                0x0000000008009970       0x38 /tmp/ccs9n3m2.ltrans10.ltrans.o
                0x0000000008009970                Vector124
 *fill*         0x00000000080099a8        0x8 
 .text.Vector120
                0x00000000080099b0       0x34 /tmp/ccs9n3m2.ltrans10.ltrans.o
                0x00000000080099b0                Vector120
 *fill*         0x00000000080099e4        0xc 
 .text.VectorFC
                0x00000000080099f0       0x38 /tmp/ccs9n3m2.ltrans10.ltrans.o
                0x00000000080099f0                VectorFC
 *fill*         0x0000000008009a28        0x8 
 .text.Vector84
                0x0000000008009a30       0x38 /tmp/ccs9n3m2.ltrans10.ltrans.o
                0x0000000008009a30                Vector84
 *fill*         0x0000000008009a68        0x8 
 .text.Vector80
                0x0000000008009a70       0x38 /tmp/ccs9n3m2.ltrans10.ltrans.o
                0x0000000008009a70                Vector80
 *fill*         0x0000000008009aa8        0x8 
 .text.Vector7C
                0x0000000008009ab0       0x34 /tmp/ccs9n3m2.ltrans10.ltrans.o
                0x0000000008009ab0                Vector7C
 *fill*         0x0000000008009ae4        0xc 
 .text.Vector78
                0x0000000008009af0       0x38 /tmp/ccs9n3m2.ltrans10.ltrans.o
                0x0000000008009af0                Vector78
 *fill*         0x0000000008009b28        0x8 
 .text.Vector74
                0x0000000008009b30       0x38 /tmp/ccs9n3m2.ltrans10.ltrans.o
                0x0000000008009b30                Vector74
 *fill*         0x0000000008009b68        0x8 
 .text.Vector70
                0x0000000008009b70       0x38 /tmp/ccs9n3m2.ltrans10.ltrans.o
                0x0000000008009b70                Vector70
 *fill*         0x0000000008009ba8        0x8 
 .text.Vector6C
                0x0000000008009bb0       0x34 /tmp/ccs9n3m2.ltrans10.ltrans.o
                0x0000000008009bb0                Vector6C
 *fill*         0x0000000008009be4        0xc 
 .text.can_lld_sce_handler
                0x0000000008009bf0       0x74 /tmp/ccs9n3m2.ltrans10.ltrans.o
 *fill*         0x0000000008009c64        0xc 
 .text.Vector148
                0x0000000008009c70       0x20 /tmp/ccs9n3m2.ltrans10.ltrans.o
                0x0000000008009c70                Vector148
 .text.Vector98
                0x0000000008009c90       0x20 /tmp/ccs9n3m2.ltrans10.ltrans.o
                0x0000000008009c90                Vector98
 .text.can_lld_rx1_handler
                0x0000000008009cb0       0x78 /tmp/ccs9n3m2.ltrans10.ltrans.o
 *fill*         0x0000000008009d28        0x8 
 .text.Vector144
                0x0000000008009d30       0x20 /tmp/ccs9n3m2.ltrans10.ltrans.o
                0x0000000008009d30                Vector144
 .text.Vector94
                0x0000000008009d50       0x20 /tmp/ccs9n3m2.ltrans10.ltrans.o
                0x0000000008009d50                Vector94
 .text.can_lld_rx0_handler
                0x0000000008009d70       0x78 /tmp/ccs9n3m2.ltrans10.ltrans.o
 *fill*         0x0000000008009de8        0x8 
 .text.Vector140
                0x0000000008009df0       0x20 /tmp/ccs9n3m2.ltrans10.ltrans.o
                0x0000000008009df0                Vector140
 .text.Vector90
                0x0000000008009e10       0x20 /tmp/ccs9n3m2.ltrans10.ltrans.o
                0x0000000008009e10                Vector90
 .text.can_lld_tx_handler
                0x0000000008009e30       0x74 /tmp/ccs9n3m2.ltrans10.ltrans.o
 *fill*         0x0000000008009ea4        0xc 
 .text.Vector13C
                0x0000000008009eb0       0x20 /tmp/ccs9n3m2.ltrans10.ltrans.o
                0x0000000008009eb0                Vector13C
 .text.Vector8C
                0x0000000008009ed0       0x20 /tmp/ccs9n3m2.ltrans10.ltrans.o
                0x0000000008009ed0                Vector8C
 .text.VectorB0
                0x0000000008009ef0       0xf4 /tmp/ccs9n3m2.ltrans10.ltrans.o
                0x0000000008009ef0                VectorB0
 *fill*         0x0000000008009fe4        0xc 
 .text._usb_ep0out
                0x0000000008009ff0       0xa8 /tmp/ccs9n3m2.ltrans10.ltrans.o
                0x0000000008009ff0                _usb_ep0out
 *fill*         0x000000000800a098        0x8 
 .text._usb_ep0in
                0x000000000800a0a0       0xf0 /tmp/ccs9n3m2.ltrans10.ltrans.o
                0x000000000800a0a0                _usb_ep0in
 .text.dmaStreamAllocate
                0x000000000800a190       0xd0 /tmp/ccs9n3m2.ltrans10.ltrans.o
                0x000000000800a190                dmaStreamAllocate
 .text.rxend.lto_priv.211
                0x000000000800a260       0x3c /tmp/ccs9n3m2.ltrans11.ltrans.o
                0x000000000800a260                rxend.lto_priv.211
 *fill*         0x000000000800a29c        0x4 
 .text.cmd_temp
                0x000000000800a2a0       0x40 /tmp/ccs9n3m2.ltrans11.ltrans.o
                0x000000000800a2a0                cmd_temp
 .text.RC_reset.lto_priv.172
                0x000000000800a2e0       0x30 /tmp/ccs9n3m2.ltrans11.ltrans.o
                0x000000000800a2e0                RC_reset.lto_priv.172
 .text.lpfilter_apply
                0x000000000800a310       0x68 /tmp/ccs9n3m2.ltrans11.ltrans.o
                0x000000000800a310                lpfilter_apply
 *fill*         0x000000000800a378        0x8 
 .text.imuGetDataRaw
                0x000000000800a380      0x190 /tmp/ccs9n3m2.ltrans11.ltrans.o
                0x000000000800a380                imuGetDataRaw
 .text.imuGetData
                0x000000000800a510      0x20c /tmp/ccs9n3m2.ltrans11.ltrans.o
                0x000000000800a510                imuGetData
 *fill*         0x000000000800a71c        0x4 
 .text.can_rx.lto_priv.154
                0x000000000800a720      0x534 /tmp/ccs9n3m2.ltrans11.ltrans.o
                0x000000000800a720                can_rx.lto_priv.154
 *fill*         0x000000000800ac54        0xc 
 .text.gimbal_encoderUpdate.lto_priv.171
                0x000000000800ac60      0x1d8 /tmp/ccs9n3m2.ltrans12.ltrans.o
                0x000000000800ac60                gimbal_encoderUpdate.lto_priv.171
 *fill*         0x000000000800ae38        0x8 
 .text.gimbal_kill
                0x000000000800ae40       0x24 /tmp/ccs9n3m2.ltrans12.ltrans.o
                0x000000000800ae40                gimbal_kill
 *fill*         0x000000000800ae64        0xc 
 .text.uart_dbus_thread.lto_priv.153
                0x000000000800ae70      0x6bc /tmp/ccs9n3m2.ltrans12.ltrans.o
                0x000000000800ae70                uart_dbus_thread.lto_priv.153
 *fill*         0x000000000800b52c        0x4 
 .text.cmd_param_scale
                0x000000000800b530       0x40 /tmp/ccs9n3m2.ltrans13.ltrans.o
                0x000000000800b530                cmd_param_scale
 .text.cmd_param_update
                0x000000000800b570       0x1c /tmp/ccs9n3m2.ltrans13.ltrans.o
                0x000000000800b570                cmd_param_update
 *fill*         0x000000000800b58c        0x4 
 .text.sendLine
                0x000000000800b590       0x4c /tmp/ccs9n3m2.ltrans13.ltrans.o
 *fill*         0x000000000800b5dc        0x4 
 .text.cmd_param_tx
                0x000000000800b5e0      0x1a4 /tmp/ccs9n3m2.ltrans13.ltrans.o
                0x000000000800b5e0                cmd_param_tx
 *fill*         0x000000000800b784        0xc 
 .text.cmd_param_rx
                0x000000000800b790       0xbc /tmp/ccs9n3m2.ltrans13.ltrans.o
                0x000000000800b790                cmd_param_rx
 *fill*         0x000000000800b84c        0x4 
 .text.gimbal_init_thread.lto_priv.151
                0x000000000800b850      0x388 /tmp/ccs9n3m2.ltrans13.ltrans.o
                0x000000000800b850                gimbal_init_thread.lto_priv.151
 *fill*         0x000000000800bbd8        0x8 
 .text.gimbal_thread.lto_priv.152
                0x000000000800bbe0      0x758 /tmp/ccs9n3m2.ltrans13.ltrans.o
                0x000000000800bbe0                gimbal_thread.lto_priv.152
 *fill*         0x000000000800c338        0x8 
 .text.sduRequestsHook
                0x000000000800c340       0x40 /tmp/ccs9n3m2.ltrans14.ltrans.o
                0x000000000800c340                sduRequestsHook
 .text.sdcGetInfo
                0x000000000800c380       0x30 /tmp/ccs9n3m2.ltrans14.ltrans.o
                0x000000000800c380                sdcGetInfo
 .text.sdcSync  0x000000000800c3b0       0x20 /tmp/ccs9n3m2.ltrans14.ltrans.o
                0x000000000800c3b0                sdcSync
 .text.sduDataTransmitted
                0x000000000800c3d0       0xf0 /tmp/ccs9n3m2.ltrans14.ltrans.o
                0x000000000800c3d0                sduDataTransmitted
 .text.obnotify.lto_priv.157
                0x000000000800c4c0       0x48 /tmp/ccs9n3m2.ltrans14.ltrans.o
                0x000000000800c4c0                obnotify.lto_priv.157
 *fill*         0x000000000800c508        0x8 
 .text.readt.lto_priv.169
                0x000000000800c510       0x20 /tmp/ccs9n3m2.ltrans14.ltrans.o
                0x000000000800c510                readt.lto_priv.169
 .text.read.lto_priv.163
                0x000000000800c530       0x1c /tmp/ccs9n3m2.ltrans14.ltrans.o
                0x000000000800c530                read.lto_priv.163
 *fill*         0x000000000800c54c        0x4 
 .text.writet.lto_priv.168
                0x000000000800c550       0x20 /tmp/ccs9n3m2.ltrans14.ltrans.o
                0x000000000800c550                writet.lto_priv.168
 .text.write.lto_priv.162
                0x000000000800c570       0x1c /tmp/ccs9n3m2.ltrans14.ltrans.o
                0x000000000800c570                write.lto_priv.162
 *fill*         0x000000000800c58c        0x4 
 .text.gett.lto_priv.167
                0x000000000800c590       0x18 /tmp/ccs9n3m2.ltrans14.ltrans.o
                0x000000000800c590                gett.lto_priv.167
 *fill*         0x000000000800c5a8        0x8 
 .text.get.lto_priv.165
                0x000000000800c5b0       0x1c /tmp/ccs9n3m2.ltrans14.ltrans.o
                0x000000000800c5b0                get.lto_priv.165
 *fill*         0x000000000800c5cc        0x4 
 .text.putt.lto_priv.166
                0x000000000800c5d0       0x18 /tmp/ccs9n3m2.ltrans14.ltrans.o
                0x000000000800c5d0                putt.lto_priv.166
 *fill*         0x000000000800c5e8        0x8 
 .text.put.lto_priv.164
                0x000000000800c5f0       0x1c /tmp/ccs9n3m2.ltrans14.ltrans.o
                0x000000000800c5f0                put.lto_priv.164
 *fill*         0x000000000800c60c        0x4 
 .text.sdcWrite
                0x000000000800c610       0xd4 /tmp/ccs9n3m2.ltrans14.ltrans.o
                0x000000000800c610                sdcWrite
 *fill*         0x000000000800c6e4        0xc 
 .text.sdcRead  0x000000000800c6f0       0xdc /tmp/ccs9n3m2.ltrans14.ltrans.o
                0x000000000800c6f0                sdcRead
 *fill*         0x000000000800c7cc        0x4 
 .text.sdu_start_receive.lto_priv.182
                0x000000000800c7d0       0x50 /tmp/ccs9n3m2.ltrans14.ltrans.o
                0x000000000800c7d0                sdu_start_receive.lto_priv.182
 .text.sduDataReceived
                0x000000000800c820       0xc8 /tmp/ccs9n3m2.ltrans14.ltrans.o
                0x000000000800c820                sduDataReceived
 *fill*         0x000000000800c8e8        0x8 
 .text.ibnotify.lto_priv.156
                0x000000000800c8f0        0x8 /tmp/ccs9n3m2.ltrans14.ltrans.o
                0x000000000800c8f0                ibnotify.lto_priv.156
 *fill*         0x000000000800c8f8        0x8 
 .text.sdcDisconnect
                0x000000000800c900       0xb4 /tmp/ccs9n3m2.ltrans14.ltrans.o
                0x000000000800c900                sdcDisconnect
 *fill*         0x000000000800c9b4        0xc 
 .text.chSchWakeupS.constprop.91
                0x000000000800c9c0       0x90 /tmp/ccs9n3m2.ltrans15.ltrans.o
                0x000000000800c9c0                chSchWakeupS.constprop.91
 .text.chThdResumeS.constprop.88
                0x000000000800ca50       0x2c /tmp/ccs9n3m2.ltrans15.ltrans.o
                0x000000000800ca50                chThdResumeS.constprop.88
 *fill*         0x000000000800ca7c        0x4 
 .text.can_lld_set_filters.constprop.81
                0x000000000800ca80      0x114 /tmp/ccs9n3m2.ltrans15.ltrans.o
                0x000000000800ca80                can_lld_set_filters.constprop.81
 *fill*         0x000000000800cb94        0xc 
 .text._strtok.constprop.36
                0x000000000800cba0       0x40 /tmp/ccs9n3m2.ltrans15.ltrans.o
                0x000000000800cba0                _strtok.constprop.36
 .text.lpfilter_init.constprop.26
                0x000000000800cbe0       0x7c /tmp/ccs9n3m2.ltrans15.ltrans.o
                0x000000000800cbe0                lpfilter_init.constprop.26
 *fill*         0x000000000800cc5c        0x4 
 .text.pwmEnableChannel.constprop.61
                0x000000000800cc60       0x7c /tmp/ccs9n3m2.ltrans15.ltrans.o
                0x000000000800cc60                pwmEnableChannel.constprop.61
 *fill*         0x000000000800ccdc        0x4 
 .text.can_motorSetCurrent.constprop.19
                0x000000000800cce0      0x164 /tmp/ccs9n3m2.ltrans15.ltrans.o
                0x000000000800cce0                can_motorSetCurrent.constprop.19
 *fill*         0x000000000800ce44        0xc 
 .text.__fpclassifyf
                0x000000000800ce50       0x38 /usr/lib/gcc/arm-none-eabi/4.9.3/../../../arm-none-eabi/lib/armv7e-m/fpu/libm.a(lib_a-sf_fpclassify.o)
                0x000000000800ce50                __fpclassifyf
 *fill*         0x000000000800ce88        0x8 
 .text.cosf     0x000000000800ce90       0x78 /usr/lib/gcc/arm-none-eabi/4.9.3/../../../arm-none-eabi/lib/armv7e-m/fpu/libm.a(lib_a-sf_cos.o)
                0x000000000800ce90                cosf
 *fill*         0x000000000800cf08        0x8 
 .text.sinf     0x000000000800cf10       0x7c /usr/lib/gcc/arm-none-eabi/4.9.3/../../../arm-none-eabi/lib/armv7e-m/fpu/libm.a(lib_a-sf_sin.o)
                0x000000000800cf10                sinf
 *fill*         0x000000000800cf8c        0x4 
 .text.tanf     0x000000000800cf90       0x5c /usr/lib/gcc/arm-none-eabi/4.9.3/../../../arm-none-eabi/lib/armv7e-m/fpu/libm.a(lib_a-sf_tan.o)
                0x000000000800cf90                tanf
 *fill*         0x000000000800cfec        0x4 
 .text.asinf    0x000000000800cff0       0xbc /usr/lib/gcc/arm-none-eabi/4.9.3/../../../arm-none-eabi/lib/armv7e-m/fpu/libm.a(lib_a-wf_asin.o)
                0x000000000800cff0                asinf
 *fill*         0x000000000800d0ac        0x4 
 .text.atan2f   0x000000000800d0b0        0x4 /usr/lib/gcc/arm-none-eabi/4.9.3/../../../arm-none-eabi/lib/armv7e-m/fpu/libm.a(lib_a-wf_atan2.o)
                0x000000000800d0b0                atan2f
 *fill*         0x000000000800d0b4        0xc 
 .text.sqrtf    0x000000000800d0c0       0xb8 /usr/lib/gcc/arm-none-eabi/4.9.3/../../../arm-none-eabi/lib/armv7e-m/fpu/libm.a(lib_a-wf_sqrt.o)
                0x000000000800d0c0                sqrtf
 *fill*         0x000000000800d178        0x8 
 .text.__ieee754_asinf
                0x000000000800d180      0x1f8 /usr/lib/gcc/arm-none-eabi/4.9.3/../../../arm-none-eabi/lib/armv7e-m/fpu/libm.a(lib_a-ef_asin.o)
                0x000000000800d180                __ieee754_asinf
 *fill*         0x000000000800d378        0x8 
 .text.__ieee754_atan2f
                0x000000000800d380      0x16c /usr/lib/gcc/arm-none-eabi/4.9.3/../../../arm-none-eabi/lib/armv7e-m/fpu/libm.a(lib_a-ef_atan2.o)
                0x000000000800d380                __ieee754_atan2f
 *fill*         0x000000000800d4ec        0x4 
 .text.__ieee754_rem_pio2f
                0x000000000800d4f0      0x290 /usr/lib/gcc/arm-none-eabi/4.9.3/../../../arm-none-eabi/lib/armv7e-m/fpu/libm.a(lib_a-ef_rem_pio2.o)
                0x000000000800d4f0                __ieee754_rem_pio2f
 .text.__ieee754_sqrtf
                0x000000000800d780       0xa4 /usr/lib/gcc/arm-none-eabi/4.9.3/../../../arm-none-eabi/lib/armv7e-m/fpu/libm.a(lib_a-ef_sqrt.o)
                0x000000000800d780                __ieee754_sqrtf
 *fill*         0x000000000800d824        0xc 
 .text.__kernel_cosf
                0x000000000800d830      0x104 /usr/lib/gcc/arm-none-eabi/4.9.3/../../../arm-none-eabi/lib/armv7e-m/fpu/libm.a(lib_a-kf_cos.o)
                0x000000000800d830                __kernel_cosf
 *fill*         0x000000000800d934        0xc 
 .text.__kernel_rem_pio2f
                0x000000000800d940      0x5e4 /usr/lib/gcc/arm-none-eabi/4.9.3/../../../arm-none-eabi/lib/armv7e-m/fpu/libm.a(lib_a-kf_rem_pio2.o)
                0x000000000800d940                __kernel_rem_pio2f
 *fill*         0x000000000800df24        0xc 
 .text.__kernel_sinf
                0x000000000800df30       0x90 /usr/lib/gcc/arm-none-eabi/4.9.3/../../../arm-none-eabi/lib/armv7e-m/fpu/libm.a(lib_a-kf_sin.o)
                0x000000000800df30                __kernel_sinf
 .text.__kernel_tanf
                0x000000000800dfc0      0x1d0 /usr/lib/gcc/arm-none-eabi/4.9.3/../../../arm-none-eabi/lib/armv7e-m/fpu/libm.a(lib_a-kf_tan.o)
                0x000000000800dfc0                __kernel_tanf
 .text.matherr  0x000000000800e190        0x4 /usr/lib/gcc/arm-none-eabi/4.9.3/../../../arm-none-eabi/lib/armv7e-m/fpu/libm.a(lib_a-s_matherr.o)
                0x000000000800e190                matherr
 *fill*         0x000000000800e194        0xc 
 .text.nan      0x000000000800e1a0       0x10 /usr/lib/gcc/arm-none-eabi/4.9.3/../../../arm-none-eabi/lib/armv7e-m/fpu/libm.a(lib_a-s_nan.o)
                0x000000000800e1a0                nan
 .text.atanf    0x000000000800e1b0      0x1b8 /usr/lib/gcc/arm-none-eabi/4.9.3/../../../arm-none-eabi/lib/armv7e-m/fpu/libm.a(lib_a-sf_atan.o)
                0x000000000800e1b0                atanf
 *fill*         0x000000000800e368        0x8 
 .text.fabsf    0x000000000800e370       0x10 /usr/lib/gcc/arm-none-eabi/4.9.3/../../../arm-none-eabi/lib/armv7e-m/fpu/libm.a(lib_a-sf_fabs.o)
                0x000000000800e370                fabsf
 .text.floorf   0x000000000800e380       0x90 /usr/lib/gcc/arm-none-eabi/4.9.3/../../../arm-none-eabi/lib/armv7e-m/fpu/libm.a(lib_a-sf_floor.o)
                0x000000000800e380                floorf
 .text.scalbnf  0x000000000800e410       0xd0 /usr/lib/gcc/arm-none-eabi/4.9.3/../../../arm-none-eabi/lib/armv7e-m/fpu/libm.a(lib_a-sf_scalbn.o)
                0x000000000800e410                scalbnf
 .text.copysignf
                0x000000000800e4e0       0x18 /usr/lib/gcc/arm-none-eabi/4.9.3/../../../arm-none-eabi/lib/armv7e-m/fpu/libm.a(lib_a-sf_copysign.o)
                0x000000000800e4e0                copysignf
 *fill*         0x000000000800e4f8        0x8 
 .text.__errno  0x000000000800e500        0xc /usr/lib/gcc/arm-none-eabi/4.9.3/../../../arm-none-eabi/lib/armv7e-m/fpu/libg.a(lib_a-errno.o)
                0x000000000800e500                __errno
 *fill*         0x000000000800e50c        0x4 
 .text.memset   0x000000000800e510       0x9c /usr/lib/gcc/arm-none-eabi/4.9.3/../../../arm-none-eabi/lib/armv7e-m/fpu/libg.a(lib_a-memset.o)
                0x000000000800e510                memset
 *fill*         0x000000000800e5ac        0x4 
 .text.strlen   0x000000000800e5b0       0x5c /usr/lib/gcc/arm-none-eabi/4.9.3/../../../arm-none-eabi/lib/armv7e-m/fpu/libg.a(lib_a-strlen.o)
                0x000000000800e5b0                strlen
 *fill*         0x000000000800e60c        0x4 
 .text.strpbrk  0x000000000800e610       0x48 /usr/lib/gcc/arm-none-eabi/4.9.3/../../../arm-none-eabi/lib/armv7e-m/fpu/libg.a(lib_a-strpbrk.o)
                0x000000000800e610                strpbrk
 *fill*         0x000000000800e658        0x8 
 .text.strspn   0x000000000800e660       0x34 /usr/lib/gcc/arm-none-eabi/4.9.3/../../../arm-none-eabi/lib/armv7e-m/fpu/libg.a(lib_a-strspn.o)
                0x000000000800e660                strspn
 *(.rodata)
 *(.rodata.*)
 *fill*         0x000000000800e694        0xc 
 .rodata.vmt    0x000000000800e6a0       0x20 /tmp/ccs9n3m2.ltrans0.ltrans.o
 .rodata.subname_axis
                0x000000000800e6c0        0xa /tmp/ccs9n3m2.ltrans0.ltrans.o
 *fill*         0x000000000800e6ca        0x6 
 .rodata.shell_cfg1
                0x000000000800e6d0        0x8 /tmp/ccs9n3m2.ltrans0.ltrans.o
 *fill*         0x000000000800e6d8        0x8 
 .rodata.commands
                0x000000000800e6e0       0x48 /tmp/ccs9n3m2.ltrans0.ltrans.o
 *fill*         0x000000000800e728        0x8 
 .rodata.__func__.8410
                0x000000000800e730        0x9 /tmp/ccs9n3m2.ltrans0.ltrans.o
 *fill*         0x000000000800e739        0x7 
 .rodata.__func__.8764
                0x000000000800e740        0x9 /tmp/ccs9n3m2.ltrans0.ltrans.o
 *fill*         0x000000000800e749        0x7 
 .rodata._yaw_atti_name
                0x000000000800e750       0x10 /tmp/ccs9n3m2.ltrans0.ltrans.o
 .rodata.axis_ff_name
                0x000000000800e760        0xf /tmp/ccs9n3m2.ltrans0.ltrans.o
 *fill*         0x000000000800e76f        0x1 
 .rodata.__func__.6022.lto_priv.146
                0x000000000800e770        0xc /tmp/ccs9n3m2.ltrans0.ltrans.o
 *fill*         0x000000000800e77c        0x4 
 .rodata.__func__.6022.lto_priv.147
                0x000000000800e780        0xc /tmp/ccs9n3m2.ltrans0.ltrans.o
 *fill*         0x000000000800e78c        0x4 
 .rodata.FEEDER_VEL
                0x000000000800e790        0x4 /tmp/ccs9n3m2.ltrans0.ltrans.o
 *fill*         0x000000000800e794        0xc 
 .rodata.limit_subname
                0x000000000800e7a0       0x24 /tmp/ccs9n3m2.ltrans0.ltrans.o
 *fill*         0x000000000800e7c4        0xc 
 .rodata.__func__.6506
                0x000000000800e7d0        0xc /tmp/ccs9n3m2.ltrans0.ltrans.o
 *fill*         0x000000000800e7dc        0x4 
 .rodata._stm32_dma_streams
                0x000000000800e7e0       0xc0 /tmp/ccs9n3m2.ltrans0.ltrans.o
 .rodata.__func__.6336
                0x000000000800e8a0        0xc /tmp/ccs9n3m2.ltrans0.ltrans.o
 *fill*         0x000000000800e8ac        0x4 
 .rodata._pitch_vel_name
                0x000000000800e8b0       0x11 /tmp/ccs9n3m2.ltrans0.ltrans.o
 *fill*         0x000000000800e8c1        0xf 
 .rodata.str1.4
                0x000000000800e8d0       0x4f /tmp/ccs9n3m2.ltrans0.ltrans.o
 *fill*         0x000000000800e91f        0x1 
 .rodata.usbcfg
                0x000000000800e920       0x10 /tmp/ccs9n3m2.ltrans0.ltrans.o
 .rodata.__func__.8519
                0x000000000800e930       0x13 /tmp/ccs9n3m2.ltrans0.ltrans.o
 *fill*         0x000000000800e943        0xd 
 .rodata.subname_PI
                0x000000000800e950        0x6 /tmp/ccs9n3m2.ltrans0.ltrans.o
 *fill*         0x000000000800e956        0xa 
 .rodata.subname_feeder_PID
                0x000000000800e960        0x9 /tmp/ccs9n3m2.ltrans0.ltrans.o
 *fill*         0x000000000800e969        0x7 
 .rodata.accl_name
                0x000000000800e970        0xf /tmp/ccs9n3m2.ltrans0.ltrans.o
 *fill*         0x000000000800e97f        0x1 
 .rodata.serusbcfg
                0x000000000800e980        0x8 /tmp/ccs9n3m2.ltrans0.ltrans.o
 *fill*         0x000000000800e988        0x8 
 .rodata.ff_int_name
                0x000000000800e990        0xe /tmp/ccs9n3m2.ltrans0.ltrans.o
 *fill*         0x000000000800e99e        0x2 
 .rodata.hsparams
                0x000000000800e9a0        0xc /tmp/ccs9n3m2.ltrans0.ltrans.o
 *fill*         0x000000000800e9ac        0x4 
 .rodata._yaw_vel_name
                0x000000000800e9b0        0xf /tmp/ccs9n3m2.ltrans0.ltrans.o
 *fill*         0x000000000800e9bf        0x1 
 .rodata.sdc_vmt
                0x000000000800e9c0       0x20 /tmp/ccs9n3m2.ltrans0.ltrans.o
 .rodata.limit_name
                0x000000000800e9e0       0x12 /tmp/ccs9n3m2.ltrans0.ltrans.o
 *fill*         0x000000000800e9f2        0xe 
 .rodata.fsparams
                0x000000000800ea00        0xc /tmp/ccs9n3m2.ltrans0.ltrans.o
 *fill*         0x000000000800ea0c        0x4 
 .rodata.__func__.8460
                0x000000000800ea10        0x9 /tmp/ccs9n3m2.ltrans0.ltrans.o
 *fill*         0x000000000800ea19        0x7 
 .rodata._ZL6wdgcfg
                0x000000000800ea20        0x8 /tmp/ccs9n3m2.ltrans0.ltrans.o
 *fill*         0x000000000800ea28        0x8 
 .rodata._pitch_atti_name
                0x000000000800ea30       0x12 /tmp/ccs9n3m2.ltrans0.ltrans.o
 *fill*         0x000000000800ea42        0xe 
 .rodata.yaw_pos_name
                0x000000000800ea50        0xf /tmp/ccs9n3m2.ltrans0.ltrans.o
 *fill*         0x000000000800ea5f        0x1 
 .rodata.init_pos_name
                0x000000000800ea60       0x10 /tmp/ccs9n3m2.ltrans0.ltrans.o
 .rodata.subname_accl
                0x000000000800ea70       0x24 /tmp/ccs9n3m2.ltrans0.ltrans.o
 *fill*         0x000000000800ea94        0xc 
 .rodata.subname_ff
                0x000000000800eaa0       0x2c /tmp/ccs9n3m2.ltrans0.ltrans.o
 *fill*         0x000000000800eacc        0x4 
 .rodata.__func__.8402
                0x000000000800ead0        0x9 /tmp/ccs9n3m2.ltrans0.ltrans.o
 *fill*         0x000000000800ead9        0x7 
 .rodata.pitch_pos_name
                0x000000000800eae0       0x11 /tmp/ccs9n3m2.ltrans0.ltrans.o
 *fill*         0x000000000800eaf1        0xf 
 .rodata.__func__.8405
                0x000000000800eb00        0x9 /tmp/ccs9n3m2.ltrans0.ltrans.o
 *fill*         0x000000000800eb09        0x7 
 .rodata.cancfg
                0x000000000800eb10        0x8 /tmp/ccs9n3m2.ltrans0.ltrans.o
 *fill*         0x000000000800eb18        0x8 
 .rodata.ch_debug
                0x000000000800eb20       0x16 /tmp/ccs9n3m2.ltrans0.ltrans.o
 *fill*         0x000000000800eb36        0xa 
 .rodata.FEEDER_POS
                0x000000000800eb40        0x4 /tmp/ccs9n3m2.ltrans0.ltrans.o
 *fill*         0x000000000800eb44        0xc 
 .rodata.subname_PID
                0x000000000800eb50        0x9 /tmp/ccs9n3m2.ltrans0.ltrans.o
 *fill*         0x000000000800eb59        0x7 
 .rodata.MPU6500_SPI_cfg
                0x000000000800eb60        0xc /tmp/ccs9n3m2.ltrans1.ltrans.o
 *fill*         0x000000000800eb6c        0x4 
 .rodata.axisName
                0x000000000800eb70        0x6 /tmp/ccs9n3m2.ltrans1.ltrans.o
 *fill*         0x000000000800eb76        0xa 
 .rodata.accelBiasName
                0x000000000800eb80        0xa /tmp/ccs9n3m2.ltrans1.ltrans.o
 *fill*         0x000000000800eb8a        0x6 
 .rodata.__func__.8405.lto_priv.174
                0x000000000800eb90        0x9 /tmp/ccs9n3m2.ltrans1.ltrans.o
 *fill*         0x000000000800eb99        0x7 
 .rodata.__func__.6022.lto_priv.230
                0x000000000800eba0        0xc /tmp/ccs9n3m2.ltrans1.ltrans.o
                0x000000000800eba0                __func__.6022.lto_priv.230
 *fill*         0x000000000800ebac        0x4 
 .rodata.__func__.8425
                0x000000000800ebb0        0xe /tmp/ccs9n3m2.ltrans1.ltrans.o
 *fill*         0x000000000800ebbe        0x2 
 .rodata.accelTNameSub1
                0x000000000800ebc0        0xc /tmp/ccs9n3m2.ltrans1.ltrans.o
 *fill*         0x000000000800ebcc        0x4 
 .rodata.accelTNameSub2
                0x000000000800ebd0        0x6 /tmp/ccs9n3m2.ltrans1.ltrans.o
 *fill*         0x000000000800ebd6        0xa 
 .rodata.str1.4
                0x000000000800ebe0       0x17 /tmp/ccs9n3m2.ltrans1.ltrans.o
 *fill*         0x000000000800ebf7        0x9 
 .rodata.accelTName1
                0x000000000800ec00        0x8 /tmp/ccs9n3m2.ltrans1.ltrans.o
 *fill*         0x000000000800ec08        0x8 
 .rodata.accelTName2
                0x000000000800ec10        0x8 /tmp/ccs9n3m2.ltrans1.ltrans.o
 *fill*         0x000000000800ec18        0x8 
 .rodata._ZZL11chSysUnlockvE8__func__
                0x000000000800ec20        0xc /tmp/ccs9n3m2.ltrans1.ltrans.o
 *fill*         0x000000000800ec2c        0x4 
 .rodata.__func__.8420
                0x000000000800ec30        0xe /tmp/ccs9n3m2.ltrans1.ltrans.o
 *fill*         0x000000000800ec3e        0x2 
 .rodata.gyroBiasName
                0x000000000800ec40        0x9 /tmp/ccs9n3m2.ltrans1.ltrans.o
 *fill*         0x000000000800ec49        0x7 
 .rodata.__func__.8405.lto_priv.175
                0x000000000800ec50        0x9 /tmp/ccs9n3m2.ltrans1.ltrans.o
 *fill*         0x000000000800ec59        0x7 
 .rodata.__func__.6196
                0x000000000800ec60        0xc /tmp/ccs9n3m2.ltrans2.ltrans.o
 *fill*         0x000000000800ec6c        0x4 
 .rodata.__func__.6725
                0x000000000800ec70        0xc /tmp/ccs9n3m2.ltrans2.ltrans.o
 *fill*         0x000000000800ec7c        0x4 
 .rodata.__func__.6803
                0x000000000800ec80        0xd /tmp/ccs9n3m2.ltrans2.ltrans.o
 *fill*         0x000000000800ec8d        0x3 
 .rodata.__func__.6791
                0x000000000800ec90        0xe /tmp/ccs9n3m2.ltrans2.ltrans.o
 *fill*         0x000000000800ec9e        0x2 
 .rodata.__func__.6728
                0x000000000800eca0        0xb /tmp/ccs9n3m2.ltrans2.ltrans.o
 *fill*         0x000000000800ecab        0x5 
 .rodata.str1.4
                0x000000000800ecb0       0x4d /tmp/ccs9n3m2.ltrans2.ltrans.o
 *fill*         0x000000000800ecfd        0x3 
 .rodata.__func__.8401
                0x000000000800ed00        0xd /tmp/ccs9n3m2.ltrans2.ltrans.o
 *fill*         0x000000000800ed0d        0x3 
 .rodata.__func__.6737
                0x000000000800ed10        0xd /tmp/ccs9n3m2.ltrans2.ltrans.o
 *fill*         0x000000000800ed1d        0x3 
 .rodata.ram_areas
                0x000000000800ed20       0x80 /tmp/ccs9n3m2.ltrans2.ltrans.o
 .rodata.__func__.8742
                0x000000000800eda0       0x19 /tmp/ccs9n3m2.ltrans2.ltrans.o
 *fill*         0x000000000800edb9        0x7 
 .rodata.__func__.6745
                0x000000000800edc0       0x15 /tmp/ccs9n3m2.ltrans2.ltrans.o
 *fill*         0x000000000800edd5        0xb 
 .rodata.__func__.8408
                0x000000000800ede0        0xb /tmp/ccs9n3m2.ltrans2.ltrans.o
 *fill*         0x000000000800edeb        0x5 
 .rodata.__func__.6781
                0x000000000800edf0        0xb /tmp/ccs9n3m2.ltrans2.ltrans.o
 *fill*         0x000000000800edfb        0x5 
 .rodata.__func__.8749
                0x000000000800ee00       0x17 /tmp/ccs9n3m2.ltrans2.ltrans.o
 *fill*         0x000000000800ee17        0x9 
 .rodata.__func__.6762
                0x000000000800ee20        0xd /tmp/ccs9n3m2.ltrans2.ltrans.o
 *fill*         0x000000000800ee2d        0x3 
 .rodata.__func__.6022.lto_priv.239
                0x000000000800ee30        0xc /tmp/ccs9n3m2.ltrans2.ltrans.o
 *fill*         0x000000000800ee3c        0x4 
 .rodata.__func__.8459
                0x000000000800ee40        0x8 /tmp/ccs9n3m2.ltrans3.ltrans.o
 *fill*         0x000000000800ee48        0x8 
 .rodata.__func__.8417
                0x000000000800ee50        0xc /tmp/ccs9n3m2.ltrans3.ltrans.o
 *fill*         0x000000000800ee5c        0x4 
 .rodata.__func__.8781
                0x000000000800ee60       0x11 /tmp/ccs9n3m2.ltrans3.ltrans.o
 *fill*         0x000000000800ee71        0xf 
 .rodata.zero_status
                0x000000000800ee80        0x2 /tmp/ccs9n3m2.ltrans3.ltrans.o
 *fill*         0x000000000800ee82        0xe 
 .rodata.__func__.8786
                0x000000000800ee90       0x15 /tmp/ccs9n3m2.ltrans3.ltrans.o
 *fill*         0x000000000800eea5        0xb 
 .rodata.__func__.6728
                0x000000000800eeb0        0xb /tmp/ccs9n3m2.ltrans3.ltrans.o
 *fill*         0x000000000800eebb        0x5 
 .rodata.__func__.6022.lto_priv.229
                0x000000000800eec0        0xc /tmp/ccs9n3m2.ltrans3.ltrans.o
 *fill*         0x000000000800eecc        0x4 
 .rodata.__func__.8473
                0x000000000800eed0        0xe /tmp/ccs9n3m2.ltrans3.ltrans.o
 *fill*         0x000000000800eede        0x2 
 .rodata.__func__.8797
                0x000000000800eee0       0x11 /tmp/ccs9n3m2.ltrans3.ltrans.o
 *fill*         0x000000000800eef1        0xf 
 .rodata.__func__.8465
                0x000000000800ef00        0xb /tmp/ccs9n3m2.ltrans3.ltrans.o
 *fill*         0x000000000800ef0b        0x5 
 .rodata.__func__.8413
                0x000000000800ef10        0xa /tmp/ccs9n3m2.ltrans3.ltrans.o
 *fill*         0x000000000800ef1a        0x6 
 .rodata.__func__.6751
                0x000000000800ef20        0xc /tmp/ccs9n3m2.ltrans3.ltrans.o
 *fill*         0x000000000800ef2c        0x4 
 .rodata.active_status
                0x000000000800ef30        0x2 /tmp/ccs9n3m2.ltrans3.ltrans.o
 *fill*         0x000000000800ef32        0xe 
 .rodata.__func__.8469
                0x000000000800ef40        0xe /tmp/ccs9n3m2.ltrans3.ltrans.o
 *fill*         0x000000000800ef4e        0x2 
 .rodata.halted_status
                0x000000000800ef50        0x2 /tmp/ccs9n3m2.ltrans3.ltrans.o
 *fill*         0x000000000800ef52        0xe 
 .rodata.__func__.8805
                0x000000000800ef60       0x12 /tmp/ccs9n3m2.ltrans3.ltrans.o
 *fill*         0x000000000800ef72        0xe 
 .rodata.__func__.8809
                0x000000000800ef80       0x13 /tmp/ccs9n3m2.ltrans4.ltrans.o
 *fill*         0x000000000800ef93        0xd 
 .rodata.__func__.8818
                0x000000000800efa0       0x12 /tmp/ccs9n3m2.ltrans4.ltrans.o
 *fill*         0x000000000800efb2        0xe 
 .rodata.__func__.8850
                0x000000000800efc0        0xb /tmp/ccs9n3m2.ltrans4.ltrans.o
 *fill*         0x000000000800efcb        0x5 
 .rodata.__func__.6336.lto_priv.237
                0x000000000800efd0        0xc /tmp/ccs9n3m2.ltrans4.ltrans.o
                0x000000000800efd0                __func__.6336.lto_priv.237
 *fill*         0x000000000800efdc        0x4 
 .rodata.__func__.8404
                0x000000000800efe0       0x11 /tmp/ccs9n3m2.ltrans4.ltrans.o
 *fill*         0x000000000800eff1        0xf 
 .rodata.__func__.8411
                0x000000000800f000       0x14 /tmp/ccs9n3m2.ltrans4.ltrans.o
 *fill*         0x000000000800f014        0xc 
 .rodata.__func__.8800
                0x000000000800f020       0x1a /tmp/ccs9n3m2.ltrans4.ltrans.o
 *fill*         0x000000000800f03a        0x6 
 .rodata.str1.4
                0x000000000800f040      0x43b /tmp/ccs9n3m2.ltrans5.ltrans.o
 *fill*         0x000000000800f47b        0x5 
 .rodata.__func__.6022.lto_priv.238
                0x000000000800f480        0xc /tmp/ccs9n3m2.ltrans5.ltrans.o
                0x000000000800f480                __func__.6022.lto_priv.238
 *fill*         0x000000000800f48c        0x4 
 .rodata.pow10  0x000000000800f490       0x24 /tmp/ccs9n3m2.ltrans5.ltrans.o
 *fill*         0x000000000800f4b4        0xc 
 .rodata.__func__.8720
                0x000000000800f4c0       0x1b /tmp/ccs9n3m2.ltrans6.ltrans.o
 *fill*         0x000000000800f4db        0x5 
 .rodata.__func__.6336
                0x000000000800f4e0        0xc /tmp/ccs9n3m2.ltrans6.ltrans.o
 *fill*         0x000000000800f4ec        0x4 
 .rodata.str1.4
                0x000000000800f4f0      0x206 /tmp/ccs9n3m2.ltrans6.ltrans.o
                                        0x20a (size before relaxing)
 *fill*         0x000000000800f6f6        0xa 
 .rodata.local_commands
                0x000000000800f700       0x18 /tmp/ccs9n3m2.ltrans6.ltrans.o
 *fill*         0x000000000800f718        0x8 
 .rodata.__func__.8766
                0x000000000800f720       0x1b /tmp/ccs9n3m2.ltrans7.ltrans.o
 *fill*         0x000000000800f73b        0x5 
 .rodata.__func__.6336.lto_priv.222
                0x000000000800f740        0xc /tmp/ccs9n3m2.ltrans7.ltrans.o
 *fill*         0x000000000800f74c        0x4 
 .rodata.__func__.6336.lto_priv.223
                0x000000000800f750        0xc /tmp/ccs9n3m2.ltrans7.ltrans.o
 *fill*         0x000000000800f75c        0x4 
 .rodata.str1.4
                0x000000000800f760        0xd /tmp/ccs9n3m2.ltrans7.ltrans.o
 *fill*         0x000000000800f76d        0x3 
 .rodata.__func__.8760.lto_priv.226
                0x000000000800f770        0xe /tmp/ccs9n3m2.ltrans7.ltrans.o
                0x000000000800f770                __func__.8760.lto_priv.226
 *fill*         0x000000000800f77e        0x2 
 .rodata.ep0config
                0x000000000800f780       0x24 /tmp/ccs9n3m2.ltrans7.ltrans.o
 *fill*         0x000000000800f7a4        0xc 
 .rodata.str1.4
                0x000000000800f7b0     0x103e /tmp/ccs9n3m2.ltrans8.ltrans.o
 *fill*         0x00000000080107ee        0x2 
 .rodata.vcom_configuration_descriptor_data
                0x00000000080107f0       0x43 /tmp/ccs9n3m2.ltrans9.ltrans.o
 *fill*         0x0000000008010833        0xd 
 .rodata.vcom_string0
                0x0000000008010840        0x4 /tmp/ccs9n3m2.ltrans9.ltrans.o
 *fill*         0x0000000008010844        0xc 
 .rodata.ep2config
                0x0000000008010850       0x24 /tmp/ccs9n3m2.ltrans9.ltrans.o
 *fill*         0x0000000008010874        0xc 
 .rodata.vcom_string2
                0x0000000008010880       0x38 /tmp/ccs9n3m2.ltrans9.ltrans.o
 *fill*         0x00000000080108b8        0x8 
 .rodata.vcom_string3
                0x00000000080108c0        0x8 /tmp/ccs9n3m2.ltrans9.ltrans.o
 *fill*         0x00000000080108c8        0x8 
 .rodata.vcom_string1
                0x00000000080108d0       0x26 /tmp/ccs9n3m2.ltrans9.ltrans.o
 *fill*         0x00000000080108f6        0xa 
 .rodata.vcom_strings
                0x0000000008010900       0x20 /tmp/ccs9n3m2.ltrans9.ltrans.o
 .rodata.vcom_device_descriptor
                0x0000000008010920        0x8 /tmp/ccs9n3m2.ltrans9.ltrans.o
 *fill*         0x0000000008010928        0x8 
 .rodata.vcom_device_descriptor_data
                0x0000000008010930       0x12 /tmp/ccs9n3m2.ltrans9.ltrans.o
 *fill*         0x0000000008010942        0xe 
 .rodata.__func__.6022
                0x0000000008010950        0xc /tmp/ccs9n3m2.ltrans9.ltrans.o
 *fill*         0x000000000801095c        0x4 
 .rodata.__func__.8484
                0x0000000008010960        0xc /tmp/ccs9n3m2.ltrans9.ltrans.o
 *fill*         0x000000000801096c        0x4 
 .rodata.vcom_configuration_descriptor
                0x0000000008010970        0x8 /tmp/ccs9n3m2.ltrans9.ltrans.o
 *fill*         0x0000000008010978        0x8 
 .rodata.str1.4
                0x0000000008010980       0x2a /tmp/ccs9n3m2.ltrans9.ltrans.o
 *fill*         0x00000000080109aa        0x6 
 .rodata.ep1config
                0x00000000080109b0       0x24 /tmp/ccs9n3m2.ltrans9.ltrans.o
 *fill*         0x00000000080109d4        0xc 
 .rodata.__func__.6111
                0x00000000080109e0        0xc /tmp/ccs9n3m2.ltrans10.ltrans.o
 *fill*         0x00000000080109ec        0x4 
 .rodata.__func__.8845
                0x00000000080109f0        0xb /tmp/ccs9n3m2.ltrans10.ltrans.o
 *fill*         0x00000000080109fb        0x5 
 .rodata.__func__.8859
                0x0000000008010a00        0xc /tmp/ccs9n3m2.ltrans10.ltrans.o
 *fill*         0x0000000008010a0c        0x4 
 .rodata.__func__.8479
                0x0000000008010a10       0x12 /tmp/ccs9n3m2.ltrans10.ltrans.o
 *fill*         0x0000000008010a22        0xe 
 .rodata.__func__.6723
                0x0000000008010a30       0x1b /tmp/ccs9n3m2.ltrans11.ltrans.o
 *fill*         0x0000000008010a4b        0x5 
 .rodata.str1.4
                0x0000000008010a50       0x31 /tmp/ccs9n3m2.ltrans11.ltrans.o
 *fill*         0x0000000008010a81        0xf 
 .rodata.__func__.6022
                0x0000000008010a90        0xc /tmp/ccs9n3m2.ltrans11.ltrans.o
 *fill*         0x0000000008010a9c        0x4 
 .rodata.__func__.8439
                0x0000000008010aa0        0xb /tmp/ccs9n3m2.ltrans11.ltrans.o
 *fill*         0x0000000008010aab        0x5 
 .rodata.__func__.8486
                0x0000000008010ab0       0x11 /tmp/ccs9n3m2.ltrans12.ltrans.o
 *fill*         0x0000000008010ac1        0xf 
 .rodata.__func__.6022.lto_priv.206
                0x0000000008010ad0        0xc /tmp/ccs9n3m2.ltrans12.ltrans.o
 *fill*         0x0000000008010adc        0x4 
 .rodata.__func__.6797
                0x0000000008010ae0       0x15 /tmp/ccs9n3m2.ltrans12.ltrans.o
 *fill*         0x0000000008010af5        0xb 
 .rodata.__func__.8437
                0x0000000008010b00       0x11 /tmp/ccs9n3m2.ltrans12.ltrans.o
 *fill*         0x0000000008010b11        0xf 
 .rodata.__func__.6022.lto_priv.207
                0x0000000008010b20        0xc /tmp/ccs9n3m2.ltrans12.ltrans.o
 *fill*         0x0000000008010b2c        0x4 
 .rodata.__func__.8448
                0x0000000008010b30       0x10 /tmp/ccs9n3m2.ltrans12.ltrans.o
 .rodata.__func__.8454
                0x0000000008010b40        0xf /tmp/ccs9n3m2.ltrans12.ltrans.o
 *fill*         0x0000000008010b4f        0x1 
 .rodata.str1.4
                0x0000000008010b50       0x13 /tmp/ccs9n3m2.ltrans12.ltrans.o
 *fill*         0x0000000008010b63        0xd 
 .rodata.__func__.8405
                0x0000000008010b70        0xa /tmp/ccs9n3m2.ltrans12.ltrans.o
 *fill*         0x0000000008010b7a        0x6 
 .rodata.str1.4
                0x0000000008010b80       0x3a /tmp/ccs9n3m2.ltrans13.ltrans.o
 *fill*         0x0000000008010bba        0x6 
 .rodata.__func__.6022.lto_priv.193
                0x0000000008010bc0        0xc /tmp/ccs9n3m2.ltrans13.ltrans.o
 *fill*         0x0000000008010bcc        0x4 
 .rodata.__func__.6022.lto_priv.194
                0x0000000008010bd0        0xc /tmp/ccs9n3m2.ltrans13.ltrans.o
 *fill*         0x0000000008010bdc        0x4 
 .rodata.__func__.8869
                0x0000000008010be0        0x8 /tmp/ccs9n3m2.ltrans14.ltrans.o
 *fill*         0x0000000008010be8        0x8 
 .rodata.__func__.6208.lto_priv.242
                0x0000000008010bf0       0x14 /tmp/ccs9n3m2.ltrans14.ltrans.o
                0x0000000008010bf0                __func__.6208.lto_priv.242
 *fill*         0x0000000008010c04        0xc 
 .rodata.__func__.8877
                0x0000000008010c10        0x9 /tmp/ccs9n3m2.ltrans14.ltrans.o
 *fill*         0x0000000008010c19        0x7 
 .rodata.__func__.8892
                0x0000000008010c20        0xb /tmp/ccs9n3m2.ltrans14.ltrans.o
 *fill*         0x0000000008010c2b        0x5 
 .rodata.__func__.6336
                0x0000000008010c30        0xc /tmp/ccs9n3m2.ltrans14.ltrans.o
 *fill*         0x0000000008010c3c        0x4 
 .rodata.__func__.8786
                0x0000000008010c40       0x17 /tmp/ccs9n3m2.ltrans14.ltrans.o
 *fill*         0x0000000008010c57        0x9 
 .rodata.__func__.8842
                0x0000000008010c60       0x15 /tmp/ccs9n3m2.ltrans14.ltrans.o
 *fill*         0x0000000008010c75        0xb 
 .rodata.__func__.8728
                0x0000000008010c80       0x13 /tmp/ccs9n3m2.ltrans14.ltrans.o
 *fill*         0x0000000008010c93        0xd 
 .rodata.__func__.8851
                0x0000000008010ca0       0x16 /tmp/ccs9n3m2.ltrans14.ltrans.o
 *fill*         0x0000000008010cb6        0xa 
 .rodata.__func__.8887
                0x0000000008010cc0        0x8 /tmp/ccs9n3m2.ltrans14.ltrans.o
 *fill*         0x0000000008010cc8        0x8 
 .rodata.__func__.8861
                0x0000000008010cd0        0xe /tmp/ccs9n3m2.ltrans14.ltrans.o
 *fill*         0x0000000008010cde        0x2 
 .rodata.__func__.6809
                0x0000000008010ce0        0xd /tmp/ccs9n3m2.ltrans15.ltrans.o
 *fill*         0x0000000008010ced        0x3 
 .rodata.__func__.8428
                0x0000000008010cf0        0xc /tmp/ccs9n3m2.ltrans15.ltrans.o
 *fill*         0x0000000008010cfc        0x4 
 .rodata.str1.4
                0x0000000008010d00        0x3 /tmp/ccs9n3m2.ltrans15.ltrans.o
                                         0x13 (size before relaxing)
 *fill*         0x0000000008010d03        0xd 
 .rodata.__func__.6022.lto_priv.140
                0x0000000008010d10        0xc /tmp/ccs9n3m2.ltrans15.ltrans.o
                0x0000000008010d10                __func__.6022.lto_priv.140
 *fill*         0x0000000008010d1c        0x4 
 .rodata.__func__.6022.lto_priv.141
                0x0000000008010d20        0xc /tmp/ccs9n3m2.ltrans15.ltrans.o
                0x0000000008010d20                __func__.6022.lto_priv.141
 *fill*         0x0000000008010d2c        0x4 
 .rodata.__func__.6753
                0x0000000008010d30        0xd /tmp/ccs9n3m2.ltrans15.ltrans.o
 *fill*         0x0000000008010d3d        0x3 
 .rodata.__func__.6022.lto_priv.139
                0x0000000008010d40        0xc /tmp/ccs9n3m2.ltrans15.ltrans.o
                0x0000000008010d40                __func__.6022.lto_priv.139
 *fill*         0x0000000008010d4c        0x4 
 .rodata.__func__.8420
                0x0000000008010d50       0x11 /tmp/ccs9n3m2.ltrans15.ltrans.o
 *fill*         0x0000000008010d61        0xf 
 .rodata.str1.4
                0x0000000008010d70        0x6 /usr/lib/gcc/arm-none-eabi/4.9.3/../../../arm-none-eabi/lib/armv7e-m/fpu/libm.a(lib_a-wf_asin.o)
                                          0xc (size before relaxing)
 *fill*         0x0000000008010d76        0xa 
 .rodata.str1.4
                0x0000000008010d80        0x6 /usr/lib/gcc/arm-none-eabi/4.9.3/../../../arm-none-eabi/lib/armv7e-m/fpu/libm.a(lib_a-wf_sqrt.o)
                                          0x8 (size before relaxing)
 *fill*         0x0000000008010d86        0xa 
 .rodata.npio2_hw
                0x0000000008010d90       0x80 /usr/lib/gcc/arm-none-eabi/4.9.3/../../../arm-none-eabi/lib/armv7e-m/fpu/libm.a(lib_a-ef_rem_pio2.o)
 .rodata.two_over_pi
                0x0000000008010e10      0x318 /usr/lib/gcc/arm-none-eabi/4.9.3/../../../arm-none-eabi/lib/armv7e-m/fpu/libm.a(lib_a-ef_rem_pio2.o)
 *fill*         0x0000000008011128        0x8 
 .rodata.init_jk
                0x0000000008011130        0xc /usr/lib/gcc/arm-none-eabi/4.9.3/../../../arm-none-eabi/lib/armv7e-m/fpu/libm.a(lib_a-kf_rem_pio2.o)
 *fill*         0x000000000801113c        0x4 
 .rodata.PIo2   0x0000000008011140       0x2c /usr/lib/gcc/arm-none-eabi/4.9.3/../../../arm-none-eabi/lib/armv7e-m/fpu/libm.a(lib_a-kf_rem_pio2.o)
 *fill*         0x000000000801116c        0x4 
 .rodata.atanlo
                0x0000000008011170       0x10 /usr/lib/gcc/arm-none-eabi/4.9.3/../../../arm-none-eabi/lib/armv7e-m/fpu/libm.a(lib_a-sf_atan.o)
 .rodata.atanhi
                0x0000000008011180       0x10 /usr/lib/gcc/arm-none-eabi/4.9.3/../../../arm-none-eabi/lib/armv7e-m/fpu/libm.a(lib_a-sf_atan.o)
 .rodata.str1.4
                0x0000000008011190        0x4 /usr/lib/gcc/arm-none-eabi/4.9.3/../../../arm-none-eabi/lib/armv7e-m/fpu/libg.a(lib_a-impure.o)
 *(.glue_7t)
 .glue_7t       0x0000000008011194        0x0 linker stubs
 *(.glue_7)
 .glue_7        0x0000000008011194        0x0 linker stubs
 *(.gcc*)

.vfp11_veneer   0x0000000008011194        0x0
 .vfp11_veneer  0x0000000008011194        0x0 linker stubs

.v4_bx          0x0000000008011194        0x0
 .v4_bx         0x0000000008011194        0x0 linker stubs

.iplt           0x0000000008011194        0x0
 .iplt          0x0000000008011194        0x0 build/obj/crt0_v7m.o

.ARM.extab
 *(.ARM.extab* .gnu.linkonce.armextab.*)

.ARM.exidx      0x0000000008011194        0x8
                0x0000000008011194                __exidx_start = .
 *(.ARM.exidx* .gnu.linkonce.armexidx.*)
 .ARM.exidx.text.startup.main
                0x0000000008011194        0x8 /tmp/ccs9n3m2.ltrans0.ltrans.o
 .ARM.exidx.text._ZL15Attitude_threadPv.lto_priv.142
                0x000000000801119c        0x0 /tmp/ccs9n3m2.ltrans1.ltrans.o
                                          0x8 (size before relaxing)
 .ARM.exidx.text.SVC_Handler
                0x000000000801119c        0x0 /tmp/ccs9n3m2.ltrans2.ltrans.o
                                          0x8 (size before relaxing)
 .ARM.exidx.text._idle_thread.lto_priv.158
                0x000000000801119c        0x0 /tmp/ccs9n3m2.ltrans2.ltrans.o
                                          0x8 (size before relaxing)
 .ARM.exidx.text.stSetAlarm
                0x000000000801119c        0x0 /tmp/ccs9n3m2.ltrans2.ltrans.o
                                          0x8 (size before relaxing)
 .ARM.exidx.text._port_irq_epilogue
                0x000000000801119c        0x0 /tmp/ccs9n3m2.ltrans2.ltrans.o
                                          0x8 (size before relaxing)
 .ARM.exidx.text._stats_increase_irq
                0x000000000801119c        0x0 /tmp/ccs9n3m2.ltrans2.ltrans.o
                                          0x8 (size before relaxing)
 .ARM.exidx.text.chTMChainMeasurementToX
                0x000000000801119c        0x0 /tmp/ccs9n3m2.ltrans2.ltrans.o
                                          0x8 (size before relaxing)
 .ARM.exidx.text.chTMStopMeasurementX
                0x000000000801119c        0x0 /tmp/ccs9n3m2.ltrans2.ltrans.o
                                          0x8 (size before relaxing)
 .ARM.exidx.text._stats_stop_measure_crit_isr
                0x000000000801119c        0x0 /tmp/ccs9n3m2.ltrans2.ltrans.o
                                          0x8 (size before relaxing)
 .ARM.exidx.text._stats_stop_measure_crit_thd
                0x000000000801119c        0x0 /tmp/ccs9n3m2.ltrans2.ltrans.o
                                          0x8 (size before relaxing)
 .ARM.exidx.text.chTMStartMeasurementX
                0x000000000801119c        0x0 /tmp/ccs9n3m2.ltrans2.ltrans.o
                                          0x8 (size before relaxing)
 .ARM.exidx.text._stats_start_measure_crit_isr
                0x000000000801119c        0x0 /tmp/ccs9n3m2.ltrans2.ltrans.o
                                          0x8 (size before relaxing)
 .ARM.exidx.text._stats_start_measure_crit_thd
                0x000000000801119c        0x0 /tmp/ccs9n3m2.ltrans2.ltrans.o
                                          0x8 (size before relaxing)
 .ARM.exidx.text._dbg_trace
                0x000000000801119c        0x0 /tmp/ccs9n3m2.ltrans2.ltrans.o
                                          0x8 (size before relaxing)
 .ARM.exidx.text.chSchDoRescheduleAhead
                0x000000000801119c        0x0 /tmp/ccs9n3m2.ltrans2.ltrans.o
                                          0x8 (size before relaxing)
 .ARM.exidx.text.chSchDoReschedule
                0x000000000801119c        0x0 /tmp/ccs9n3m2.ltrans2.ltrans.o
                                          0x8 (size before relaxing)
 .ARM.exidx.text.chDbgCheckClassS
                0x000000000801119c        0x0 /tmp/ccs9n3m2.ltrans2.ltrans.o
                                          0x8 (size before relaxing)
 .ARM.exidx.text.ibqReleaseEmptyBufferS
                0x000000000801119c        0x0 /tmp/ccs9n3m2.ltrans2.ltrans.o
                                          0x8 (size before relaxing)
 .ARM.exidx.text.chSchGoSleepS
                0x000000000801119c        0x0 /tmp/ccs9n3m2.ltrans2.ltrans.o
                                          0x8 (size before relaxing)
 .ARM.exidx.text.chThdSuspendS
                0x000000000801119c        0x0 /tmp/ccs9n3m2.ltrans2.ltrans.o
                                          0x8 (size before relaxing)
 .ARM.exidx.text.chDbgCheckClassI
                0x000000000801119c        0x0 /tmp/ccs9n3m2.ltrans2.ltrans.o
                                          0x8 (size before relaxing)
 .ARM.exidx.text.chThdCreateI
                0x000000000801119c        0x0 /tmp/ccs9n3m2.ltrans2.ltrans.o
                                          0x8 (size before relaxing)
 .ARM.exidx.text.chSchRescheduleS
                0x000000000801119c        0x0 /tmp/ccs9n3m2.ltrans2.ltrans.o
                                          0x8 (size before relaxing)
 .ARM.exidx.text.chSchGoSleepTimeoutS
                0x000000000801119c        0x0 /tmp/ccs9n3m2.ltrans2.ltrans.o
                                          0x8 (size before relaxing)
 .ARM.exidx.text.chThdEnqueueTimeoutS
                0x000000000801119c        0x0 /tmp/ccs9n3m2.ltrans2.ltrans.o
                                          0x8 (size before relaxing)
 .ARM.exidx.text.ibqGetFullBufferTimeoutS
                0x000000000801119c        0x0 /tmp/ccs9n3m2.ltrans2.ltrans.o
                                          0x8 (size before relaxing)
 .ARM.exidx.text.chSchReadyI
                0x000000000801119c        0x0 /tmp/ccs9n3m2.ltrans2.ltrans.o
                                          0x8 (size before relaxing)
 .ARM.exidx.text.chEvtBroadcastFlagsI
                0x000000000801119c        0x0 /tmp/ccs9n3m2.ltrans2.ltrans.o
                                          0x8 (size before relaxing)
 .ARM.exidx.text.chThdDequeueAllI
                0x000000000801119c        0x0 /tmp/ccs9n3m2.ltrans2.ltrans.o
                                          0x8 (size before relaxing)
 .ARM.exidx.text.chThdResumeI
                0x000000000801119c        0x0 /tmp/ccs9n3m2.ltrans2.ltrans.o