Archive member included to satisfy reference by file (symbol)

/usr/lib/gcc/arm-none-eabi/4.9.3/../../../arm-none-eabi/lib/armv7e-m/fpu/libm.a(lib_a-sf_fpclassify.o)
                              build/obj/attitude.o (symbol from plugin) (__fpclassifyf)
/usr/lib/gcc/arm-none-eabi/4.9.3/../../../arm-none-eabi/lib/armv7e-m/fpu/libm.a(lib_a-sf_cos.o)
                              /tmp/ccJoaNGu.ltrans1.ltrans.o (cosf)
/usr/lib/gcc/arm-none-eabi/4.9.3/../../../arm-none-eabi/lib/armv7e-m/fpu/libm.a(lib_a-sf_sin.o)
                              /tmp/ccJoaNGu.ltrans1.ltrans.o (sinf)
/usr/lib/gcc/arm-none-eabi/4.9.3/../../../arm-none-eabi/lib/armv7e-m/fpu/libm.a(lib_a-sf_tan.o)
                              /tmp/ccJoaNGu.ltrans11.ltrans.o (tanf)
/usr/lib/gcc/arm-none-eabi/4.9.3/../../../arm-none-eabi/lib/armv7e-m/fpu/libm.a(lib_a-wf_asin.o)
                              /tmp/ccJoaNGu.ltrans1.ltrans.o (asinf)
/usr/lib/gcc/arm-none-eabi/4.9.3/../../../arm-none-eabi/lib/armv7e-m/fpu/libm.a(lib_a-wf_atan2.o)
                              /tmp/ccJoaNGu.ltrans1.ltrans.o (atan2f)
/usr/lib/gcc/arm-none-eabi/4.9.3/../../../arm-none-eabi/lib/armv7e-m/fpu/libm.a(lib_a-wf_sqrt.o)
                              /tmp/ccJoaNGu.ltrans1.ltrans.o (sqrtf)
/usr/lib/gcc/arm-none-eabi/4.9.3/../../../arm-none-eabi/lib/armv7e-m/fpu/libm.a(lib_a-ef_asin.o)
                              /usr/lib/gcc/arm-none-eabi/4.9.3/../../../arm-none-eabi/lib/armv7e-m/fpu/libm.a(lib_a-wf_asin.o) (__ieee754_asinf)
/usr/lib/gcc/arm-none-eabi/4.9.3/../../../arm-none-eabi/lib/armv7e-m/fpu/libm.a(lib_a-ef_atan2.o)
                              /usr/lib/gcc/arm-none-eabi/4.9.3/../../../arm-none-eabi/lib/armv7e-m/fpu/libm.a(lib_a-wf_atan2.o) (__ieee754_atan2f)
/usr/lib/gcc/arm-none-eabi/4.9.3/../../../arm-none-eabi/lib/armv7e-m/fpu/libm.a(lib_a-ef_rem_pio2.o)
                              /usr/lib/gcc/arm-none-eabi/4.9.3/../../../arm-none-eabi/lib/armv7e-m/fpu/libm.a(lib_a-sf_cos.o) (__ieee754_rem_pio2f)
/usr/lib/gcc/arm-none-eabi/4.9.3/../../../arm-none-eabi/lib/armv7e-m/fpu/libm.a(lib_a-ef_sqrt.o)
                              /usr/lib/gcc/arm-none-eabi/4.9.3/../../../arm-none-eabi/lib/armv7e-m/fpu/libm.a(lib_a-wf_sqrt.o) (__ieee754_sqrtf)
/usr/lib/gcc/arm-none-eabi/4.9.3/../../../arm-none-eabi/lib/armv7e-m/fpu/libm.a(lib_a-kf_cos.o)
                              /usr/lib/gcc/arm-none-eabi/4.9.3/../../../arm-none-eabi/lib/armv7e-m/fpu/libm.a(lib_a-sf_cos.o) (__kernel_cosf)
/usr/lib/gcc/arm-none-eabi/4.9.3/../../../arm-none-eabi/lib/armv7e-m/fpu/libm.a(lib_a-kf_rem_pio2.o)
                              /usr/lib/gcc/arm-none-eabi/4.9.3/../../../arm-none-eabi/lib/armv7e-m/fpu/libm.a(lib_a-ef_rem_pio2.o) (__kernel_rem_pio2f)
/usr/lib/gcc/arm-none-eabi/4.9.3/../../../arm-none-eabi/lib/armv7e-m/fpu/libm.a(lib_a-kf_sin.o)
                              /usr/lib/gcc/arm-none-eabi/4.9.3/../../../arm-none-eabi/lib/armv7e-m/fpu/libm.a(lib_a-sf_cos.o) (__kernel_sinf)
/usr/lib/gcc/arm-none-eabi/4.9.3/../../../arm-none-eabi/lib/armv7e-m/fpu/libm.a(lib_a-kf_tan.o)
                              /usr/lib/gcc/arm-none-eabi/4.9.3/../../../arm-none-eabi/lib/armv7e-m/fpu/libm.a(lib_a-sf_tan.o) (__kernel_tanf)
/usr/lib/gcc/arm-none-eabi/4.9.3/../../../arm-none-eabi/lib/armv7e-m/fpu/libm.a(lib_a-s_lib_ver.o)
                              /usr/lib/gcc/arm-none-eabi/4.9.3/../../../arm-none-eabi/lib/armv7e-m/fpu/libm.a(lib_a-wf_asin.o) (__fdlib_version)
/usr/lib/gcc/arm-none-eabi/4.9.3/../../../arm-none-eabi/lib/armv7e-m/fpu/libm.a(lib_a-s_matherr.o)
                              /usr/lib/gcc/arm-none-eabi/4.9.3/../../../arm-none-eabi/lib/armv7e-m/fpu/libm.a(lib_a-wf_asin.o) (matherr)
/usr/lib/gcc/arm-none-eabi/4.9.3/../../../arm-none-eabi/lib/armv7e-m/fpu/libm.a(lib_a-s_nan.o)
                              /usr/lib/gcc/arm-none-eabi/4.9.3/../../../arm-none-eabi/lib/armv7e-m/fpu/libm.a(lib_a-wf_asin.o) (nan)
/usr/lib/gcc/arm-none-eabi/4.9.3/../../../arm-none-eabi/lib/armv7e-m/fpu/libm.a(lib_a-sf_atan.o)
                              /usr/lib/gcc/arm-none-eabi/4.9.3/../../../arm-none-eabi/lib/armv7e-m/fpu/libm.a(lib_a-ef_atan2.o) (atanf)
/usr/lib/gcc/arm-none-eabi/4.9.3/../../../arm-none-eabi/lib/armv7e-m/fpu/libm.a(lib_a-sf_fabs.o)
                              /usr/lib/gcc/arm-none-eabi/4.9.3/../../../arm-none-eabi/lib/armv7e-m/fpu/libm.a(lib_a-wf_asin.o) (fabsf)
/usr/lib/gcc/arm-none-eabi/4.9.3/../../../arm-none-eabi/lib/armv7e-m/fpu/libm.a(lib_a-sf_floor.o)
                              /usr/lib/gcc/arm-none-eabi/4.9.3/../../../arm-none-eabi/lib/armv7e-m/fpu/libm.a(lib_a-kf_rem_pio2.o) (floorf)
/usr/lib/gcc/arm-none-eabi/4.9.3/../../../arm-none-eabi/lib/armv7e-m/fpu/libm.a(lib_a-sf_scalbn.o)
                              /usr/lib/gcc/arm-none-eabi/4.9.3/../../../arm-none-eabi/lib/armv7e-m/fpu/libm.a(lib_a-kf_rem_pio2.o) (scalbnf)
/usr/lib/gcc/arm-none-eabi/4.9.3/../../../arm-none-eabi/lib/armv7e-m/fpu/libm.a(lib_a-sf_copysign.o)
[...]
Memory Configuration

Name             Origin             Length             Attributes
flash            0x0000000008000000 0x0000000000200000
ram0             0x0000000020000000 0x0000000000030000
ram1             0x0000000020000000 0x000000000001c000
ram2             0x000000002001c000 0x0000000000004000
ram3             0x0000000020020000 0x0000000000010000
ram4             0x0000000010000000 0x0000000000010000
ram5             0x0000000040024000 0x0000000000001000
ram6             0x0000000000000000 0x0000000000000000
ram7             0x0000000000000000 0x0000000000000000
*default*        0x0000000000000000 0xffffffffffffffff

Linker script and memory map

LOAD build/obj/crt0_v7m.o
LOAD build/obj/chcoreasm_v7m.o
LOAD build/obj/crt1.o
LOAD /tmp/ccJoaNGu.ltrans0.ltrans.o
LOAD /tmp/ccJoaNGu.ltrans1.ltrans.o
LOAD /tmp/ccJoaNGu.ltrans2.ltrans.o
LOAD /tmp/ccJoaNGu.ltrans3.ltrans.o
LOAD /tmp/ccJoaNGu.ltrans4.ltrans.o
LOAD /tmp/ccJoaNGu.ltrans5.ltrans.o
LOAD /tmp/ccJoaNGu.ltrans6.ltrans.o
LOAD /tmp/ccJoaNGu.ltrans7.ltrans.o
LOAD /tmp/ccJoaNGu.ltrans8.ltrans.o
LOAD /tmp/ccJoaNGu.ltrans9.ltrans.o
LOAD /tmp/ccJoaNGu.ltrans10.ltrans.o
LOAD /tmp/ccJoaNGu.ltrans11.ltrans.o
LOAD /tmp/ccJoaNGu.ltrans12.ltrans.o
LOAD /tmp/ccJoaNGu.ltrans13.ltrans.o
LOAD /tmp/ccJoaNGu.ltrans14.ltrans.o
LOAD build/obj/vectors.o
LOAD build/obj/chsys.o
LOAD build/obj/chdebug.o
LOAD build/obj/chvt.o
LOAD build/obj/chschd.o
LOAD build/obj/chthreads.o
LOAD build/obj/chtm.o
LOAD build/obj/chstats.o
LOAD build/obj/chdynamic.o
LOAD build/obj/chregistry.o
LOAD build/obj/chsem.o
LOAD build/obj/chmtx.o
LOAD build/obj/chcond.o
LOAD build/obj/chevents.o
LOAD build/obj/chmsg.o
LOAD build/obj/chmboxes.o
LOAD build/obj/chqueues.o
LOAD build/obj/chmemcore.o
LOAD build/obj/chheap.o
LOAD build/obj/chmempools.o
LOAD build/obj/chcore.o
LOAD build/obj/chcore_v7m.o
LOAD build/obj/osal.o
LOAD build/obj/hal.o
LOAD build/obj/st.o
LOAD build/obj/hal_buffers.o
LOAD build/obj/hal_queues.o
LOAD build/obj/hal_mmcsd.o
LOAD build/obj/can.o
LOAD build/obj/ext.o
LOAD build/obj/pal.o
LOAD build/obj/pwm.o
LOAD build/obj/sdc.o
LOAD build/obj/serial_usb.o
LOAD build/obj/spi.o
LOAD build/obj/uart.o
LOAD build/obj/usb.o
LOAD build/obj/wdg.o
LOAD build/obj/nvic.o
LOAD build/obj/hal_lld.o
LOAD build/obj/stm32_dma.o
LOAD build/obj/st_lld.o
LOAD build/obj/can_lld.o
LOAD build/obj/ext_lld.o
LOAD build/obj/ext_lld_isr.o
LOAD build/obj/pal_lld.o
LOAD build/obj/usb_lld.o
LOAD build/obj/sdc_lld.o
LOAD build/obj/spi_lld.o
LOAD build/obj/pwm_lld.o
LOAD build/obj/uart_lld.o
LOAD build/obj/wdg_lld.o
LOAD build/obj/board.o
LOAD build/obj/fatfs_diskio.o
LOAD build/obj/fatfs_syscall.o
LOAD build/obj/ff.o
LOAD build/obj/unicode.o
LOAD build/obj/shell.o
LOAD build/obj/evtimer.o
LOAD build/obj/syscalls.o
LOAD build/obj/memstreams.o
LOAD build/obj/chprintf.o
LOAD build/obj/shellcfg.o
LOAD build/obj/flash.o
LOAD build/obj/sdlog.o
LOAD build/obj/mpu6500.o
LOAD build/obj/attitude.o
LOAD build/obj/ist8310.o
LOAD build/obj/math_misc.o
LOAD build/obj/canBusProcess.o
LOAD build/obj/dbus.o
LOAD build/obj/gimbal.o
LOAD build/obj/params.o
LOAD build/obj/usbcfg.o
LOAD build/obj/calibrate_sensor.o
LOAD build/obj/shoot_pwm.o
LOAD build/obj/feeder.o
LOAD build/obj/exti.o
LOAD build/obj/imu_temp.o
LOAD build/obj/main.o
                0x0000000020000000                __ram0_start__ = ORIGIN (ram0)
                0x0000000000030000                __ram0_size__ = LENGTH (ram0)
                0x0000000020030000                __ram0_end__ = (__ram0_start__ + __ram0_size__)
                0x0000000020000000                __ram1_start__ = ORIGIN (ram1)
                0x000000000001c000                __ram1_size__ = LENGTH (ram1)
                0x000000002001c000                __ram1_end__ = (__ram1_start__ + __ram1_size__)
                0x000000002001c000                __ram2_start__ = ORIGIN (ram2)
                0x0000000000004000                __ram2_size__ = LENGTH (ram2)
                0x0000000020020000                __ram2_end__ = (__ram2_start__ + __ram2_size__)
                0x0000000020020000                __ram3_start__ = ORIGIN (ram3)
                0x0000000000010000                __ram3_size__ = LENGTH (ram3)
                0x0000000020030000                __ram3_end__ = (__ram3_start__ + __ram3_size__)
                0x0000000010000000                __ram4_start__ = ORIGIN (ram4)
                0x0000000000010000                __ram4_size__ = LENGTH (ram4)
                0x0000000010010000                __ram4_end__ = (__ram4_start__ + __ram4_size__)
                0x0000000040024000                __ram5_start__ = ORIGIN (ram5)
                0x0000000000001000                __ram5_size__ = LENGTH (ram5)
                0x0000000040025000                __ram5_end__ = (__ram5_start__ + __ram5_size__)
                0x0000000000000000                __ram6_start__ = ORIGIN (ram6)
                0x0000000000000000                __ram6_size__ = LENGTH (ram6)
                0x0000000000000000                __ram6_end__ = (__ram6_start__ + __ram6_size__)
                0x0000000000000000                __ram7_start__ = ORIGIN (ram7)
                0x0000000000000000                __ram7_size__ = LENGTH (ram7)
                0x0000000000000000                __ram7_end__ = (__ram7_start__ + __ram7_size__)
                0x0000000000000000                . = 0x0
                0x0000000000000000                _text = .

startup         0x0000000008000000      0x1c0
 *(.vectors)
 .vectors       0x0000000008000000      0x1c0 /tmp/ccJoaNGu.ltrans6.ltrans.o
                0x0000000008000000                _vectors

constructors    0x00000000080001c0        0x0
                0x00000000080001c0                __init_array_start = .
 *(SORT(.init_array.*))
 *(.init_array)
                0x00000000080001c0                __init_array_end = .

destructors     0x00000000080001c0        0x0
                0x00000000080001c0                __fini_array_start = .
 *(.fini_array)
 *(SORT(.fini_array.*))
                0x00000000080001c0                __fini_array_end = .

.text           0x00000000080001c0     0xf534
 *(.text)
 .text          0x00000000080001c0      0x108 build/obj/crt0_v7m.o
                0x00000000080001c0                Reset_Handler
 *fill*         0x00000000080002c8        0x8 
 .text          0x00000000080002d0       0x48 build/obj/chcoreasm_v7m.o
                0x00000000080002d0                _port_switch
                0x00000000080002e8                _port_thread_start
                0x0000000008000300                _port_switch_from_isr
                0x0000000008000314                _port_exit_from_isr
 *fill*         0x0000000008000318        0x8 
 .text          0x0000000008000320      0x370 /usr/lib/gcc/arm-none-eabi/4.9.3/armv7e-m/fpu/libgcc.a(_arm_addsubdf3.o)
                0x0000000008000320                __aeabi_drsub
                0x0000000008000328                __aeabi_dsub
                0x0000000008000328                __subdf3
                0x000000000800032c                __adddf3
                0x000000000800032c                __aeabi_dadd
                0x00000000080005a4                __aeabi_ui2d
                0x00000000080005a4                __floatunsidf
                0x00000000080005c4                __floatsidf
                0x00000000080005c4                __aeabi_i2d
                0x00000000080005e8                __extendsfdf2
                0x00000000080005e8                __aeabi_f2d
                0x0000000008000624                __aeabi_ul2d
                0x0000000008000624                __floatundidf
                0x0000000008000634                __floatdidf
                0x0000000008000634                __aeabi_l2d
 .text          0x0000000008000690      0x424 /usr/lib/gcc/arm-none-eabi/4.9.3/armv7e-m/fpu/libgcc.a(_arm_muldivdf3.o)
                0x0000000008000690                __aeabi_dmul
                0x0000000008000690                __muldf3
                0x00000000080008e4                __aeabi_ddiv
                0x00000000080008e4                __divdf3
 *fill*         0x0000000008000ab4        0xc 
 .text          0x0000000008000ac0       0x50 /usr/lib/gcc/arm-none-eabi/4.9.3/armv7e-m/fpu/libgcc.a(_arm_fixdfsi.o)
                0x0000000008000ac0                __fixdfsi
                0x0000000008000ac0                __aeabi_d2iz
 .text          0x0000000008000b10       0xa0 /usr/lib/gcc/arm-none-eabi/4.9.3/armv7e-m/fpu/libgcc.a(_arm_truncdfsf2.o)
                0x0000000008000b10                __aeabi_d2f
                0x0000000008000b10                __truncdfsf2
 .text          0x0000000008000bb0      0x134 /usr/lib/gcc/arm-none-eabi/4.9.3/../../../arm-none-eabi/lib/armv7e-m/fpu/libg.a(lib_a-memcpy.o)
                0x0000000008000bb0                memcpy
 *fill*         0x0000000008000ce4        0xc 
 .text          0x0000000008000cf0      0x2e0 /usr/lib/gcc/arm-none-eabi/4.9.3/../../../arm-none-eabi/lib/armv7e-m/fpu/libg.a(lib_a-strcmp.o)
                0x0000000008000cf8                strcmp
 *(.text.*)
 .text.startup.main
                0x0000000008000fd0     0x119c /tmp/ccJoaNGu.ltrans0.ltrans.o
                0x0000000008000fd0                main
 *fill*         0x000000000800216c        0x4 
 .text.Attitude_thread.lto_priv.84
                0x0000000008002170      0xfc0 /tmp/ccJoaNGu.ltrans1.ltrans.o
                0x0000000008002170                Attitude_thread.lto_priv.84
 .text.SVC_Handler
                0x0000000008003130       0x20 /tmp/ccJoaNGu.ltrans2.ltrans.o
                0x0000000008003130                SVC_Handler
 .text._idle_thread.lto_priv.100
                0x0000000008003150        0x4 /tmp/ccJoaNGu.ltrans2.ltrans.o
                0x0000000008003150                _idle_thread.lto_priv.100
 *fill*         0x0000000008003154        0xc 
 .text.stSetAlarm
                0x0000000008003160       0x20 /tmp/ccJoaNGu.ltrans2.ltrans.o
                0x0000000008003160                stSetAlarm
 .text._port_irq_epilogue
                0x0000000008003180       0x64 /tmp/ccJoaNGu.ltrans2.ltrans.o
                0x0000000008003180                _port_irq_epilogue
 *fill*         0x00000000080031e4        0xc 
 .text._stats_increase_irq
                0x00000000080031f0       0x20 /tmp/ccJoaNGu.ltrans2.ltrans.o
                0x00000000080031f0                _stats_increase_irq
 .text.chTMChainMeasurementToX
                0x0000000008003210       0x3c /tmp/ccJoaNGu.ltrans2.ltrans.o
                0x0000000008003210                chTMChainMeasurementToX
 *fill*         0x000000000800324c        0x4 
 .text.chTMStopMeasurementX
                0x0000000008003250       0x48 /tmp/ccJoaNGu.ltrans2.ltrans.o
                0x0000000008003250                chTMStopMeasurementX
 *fill*         0x0000000008003298        0x8 
 .text._stats_stop_measure_crit_isr
                0x00000000080032a0        0xc /tmp/ccJoaNGu.ltrans2.ltrans.o
                0x00000000080032a0                _stats_stop_measure_crit_isr
 *fill*         0x00000000080032ac        0x4 
 .text._stats_stop_measure_crit_thd
                0x00000000080032b0        0xc /tmp/ccJoaNGu.ltrans2.ltrans.o
                0x00000000080032b0                _stats_stop_measure_crit_thd
 *fill*         0x00000000080032bc        0x4 
 .text.chTMStartMeasurementX
                0x00000000080032c0        0xc /tmp/ccJoaNGu.ltrans2.ltrans.o
                0x00000000080032c0                chTMStartMeasurementX
 *fill*         0x00000000080032cc        0x4 
 .text._stats_start_measure_crit_isr
                0x00000000080032d0        0xc /tmp/ccJoaNGu.ltrans2.ltrans.o
                0x00000000080032d0                _stats_start_measure_crit_isr
 *fill*         0x00000000080032dc        0x4 
 .text._stats_start_measure_crit_thd
                0x00000000080032e0        0xc /tmp/ccJoaNGu.ltrans2.ltrans.o
                0x00000000080032e0                _stats_start_measure_crit_thd
 *fill*         0x00000000080032ec        0x4 
 .text._dbg_trace
                0x00000000080032f0       0x38 /tmp/ccJoaNGu.ltrans2.ltrans.o
                0x00000000080032f0                _dbg_trace
 *fill*         0x0000000008003328        0x8 
 .text.chSchDoRescheduleAhead
                0x0000000008003330       0x78 /tmp/ccJoaNGu.ltrans2.ltrans.o
 *fill*         0x00000000080033a8        0x8 
 .text.chSchDoReschedule
                0x00000000080033b0        0x4 /tmp/ccJoaNGu.ltrans2.ltrans.o
                0x00000000080033b0                chSchDoReschedule
 *fill*         0x00000000080033b4        0xc 
 .text.chDbgCheckClassS
                0x00000000080033c0       0x20 /tmp/ccJoaNGu.ltrans2.ltrans.o
                0x00000000080033c0                chDbgCheckClassS
 .text.ibqReleaseEmptyBufferS
                0x00000000080033e0       0x48 /tmp/ccJoaNGu.ltrans2.ltrans.o
                0x00000000080033e0                ibqReleaseEmptyBufferS
 *fill*         0x0000000008003428        0x8 
 .text.chSchGoSleepS
                0x0000000008003430       0x64 /tmp/ccJoaNGu.ltrans2.ltrans.o
                0x0000000008003430                chSchGoSleepS
 *fill*         0x0000000008003494        0xc 
 .text.chThdSuspendS
                0x00000000080034a0       0x2c /tmp/ccJoaNGu.ltrans2.ltrans.o
                0x00000000080034a0                chThdSuspendS
 *fill*         0x00000000080034cc        0x4 
 .text.chDbgCheckClassI
                0x00000000080034d0       0x20 /tmp/ccJoaNGu.ltrans2.ltrans.o
                0x00000000080034d0                chDbgCheckClassI
 .text.chThdCreateI
                0x00000000080034f0       0xb8 /tmp/ccJoaNGu.ltrans2.ltrans.o
                0x00000000080034f0                chThdCreateI
 *fill*         0x00000000080035a8        0x8 
 .text.chSchRescheduleS
                0x00000000080035b0       0x28 /tmp/ccJoaNGu.ltrans2.ltrans.o
                0x00000000080035b0                chSchRescheduleS
 *fill*         0x00000000080035d8        0x8 
 .text.chSchGoSleepTimeoutS
                0x00000000080035e0      0x170 /tmp/ccJoaNGu.ltrans2.ltrans.o
                0x00000000080035e0                chSchGoSleepTimeoutS
 .text.chThdEnqueueTimeoutS
                0x0000000008003750       0x28 /tmp/ccJoaNGu.ltrans2.ltrans.o
                0x0000000008003750                chThdEnqueueTimeoutS
 *fill*         0x0000000008003778        0x8 
 .text.ibqGetFullBufferTimeoutS
                0x0000000008003780       0x44 /tmp/ccJoaNGu.ltrans2.ltrans.o
                0x0000000008003780                ibqGetFullBufferTimeoutS
 *fill*         0x00000000080037c4        0xc 
 .text.chSchReadyI
                0x00000000080037d0       0x50 /tmp/ccJoaNGu.ltrans2.ltrans.o
                0x00000000080037d0                chSchReadyI
 .text.chEvtBroadcastFlagsI
                0x0000000008003820       0x9c /tmp/ccJoaNGu.ltrans2.ltrans.o
                0x0000000008003820                chEvtBroadcastFlagsI
 *fill*         0x00000000080038bc        0x4 
 .text.chThdDequeueAllI
                0x00000000080038c0       0x3c /tmp/ccJoaNGu.ltrans2.ltrans.o
                0x00000000080038c0                chThdDequeueAllI
 *fill*         0x00000000080038fc        0x4 
 .text.chThdResumeI
                0x0000000008003900       0x2c /tmp/ccJoaNGu.ltrans2.ltrans.o
                0x0000000008003900                chThdResumeI
 *fill*         0x000000000800392c        0x4 
 .text.chThdExitS
                0x0000000008003930       0x4c /tmp/ccJoaNGu.ltrans2.ltrans.o
                0x0000000008003930                chThdExitS
 *fill*         0x000000000800397c        0x4 
 .text._dbg_check_leave_isr
                0x0000000008003980       0x2c /tmp/ccJoaNGu.ltrans2.ltrans.o
                0x0000000008003980                _dbg_check_leave_isr
 *fill*         0x00000000080039ac        0x4 
 .text._dbg_check_enter_isr
                0x00000000080039b0       0x2c /tmp/ccJoaNGu.ltrans2.ltrans.o
                0x00000000080039b0                _dbg_check_enter_isr
 *fill*         0x00000000080039dc        0x4 
 .text._dbg_check_unlock_from_isr
                0x00000000080039e0       0x24 /tmp/ccJoaNGu.ltrans2.ltrans.o
                0x00000000080039e0                _dbg_check_unlock_from_isr
 *fill*         0x0000000008003a04        0xc 
 .text._dbg_check_lock_from_isr
                0x0000000008003a10       0x24 /tmp/ccJoaNGu.ltrans2.ltrans.o
                0x0000000008003a10                _dbg_check_lock_from_isr
 *fill*         0x0000000008003a34        0xc 
 .text.wakeup   0x0000000008003a40       0x6c /tmp/ccJoaNGu.ltrans2.ltrans.o
 *fill*         0x0000000008003aac        0x4 
 .text._dbg_check_unlock
                0x0000000008003ab0       0x20 /tmp/ccJoaNGu.ltrans2.ltrans.o
                0x0000000008003ab0                _dbg_check_unlock
 .text._dbg_check_lock
                0x0000000008003ad0       0x20 /tmp/ccJoaNGu.ltrans2.ltrans.o
                0x0000000008003ad0                _dbg_check_lock
 .text.ibqGetTimeout
                0x0000000008003af0       0x90 /tmp/ccJoaNGu.ltrans2.ltrans.o
                0x0000000008003af0                ibqGetTimeout
 .text.chCoreAlloc
                0x0000000008003b80       0x70 /tmp/ccJoaNGu.ltrans2.ltrans.o
                0x0000000008003b80                chCoreAlloc
 .text.chThdExit
                0x0000000008003bf0       0x18 /tmp/ccJoaNGu.ltrans2.ltrans.o
                0x0000000008003bf0                chThdExit
 *fill*         0x0000000008003c08        0x8 
 .text.chThdSleepUntil
                0x0000000008003c10       0x54 /tmp/ccJoaNGu.ltrans2.ltrans.o
                0x0000000008003c10                chThdSleepUntil
 *fill*         0x0000000008003c64        0xc 
 .text.chThdSleep
                0x0000000008003c70       0x5c /tmp/ccJoaNGu.ltrans2.ltrans.o
                0x0000000008003c70                chThdSleep
 *fill*         0x0000000008003ccc        0x4 
 .text.chThdCreateStatic
                0x0000000008003cd0       0x90 /tmp/ccJoaNGu.ltrans2.ltrans.o
                0x0000000008003cd0                chThdCreateStatic
 .text.chSysPolledDelayX
                0x0000000008003d60       0x14 /tmp/ccJoaNGu.ltrans2.ltrans.o
                0x0000000008003d60                chSysPolledDelayX
 *fill*         0x0000000008003d74        0xc 
 .text._unhandled_exception
                0x0000000008003d80        0x4 /tmp/ccJoaNGu.ltrans2.ltrans.o
                0x0000000008003d80                DebugMon_Handler
                0x0000000008003d80                Vector1A0
                0x0000000008003d80                Vector11C
                0x0000000008003d80                HardFault_Handler
                0x0000000008003d80                Vector1B8
                0x0000000008003d80                Vector19C
                0x0000000008003d80                SysTick_Handler
                0x0000000008003d80                VectorDC
                0x0000000008003d80                PendSV_Handler
                0x0000000008003d80                Vector168
                0x0000000008003d80                NMI_Handler
                0x0000000008003d80                Vector110
                0x0000000008003d80                VectorC8
                0x0000000008003d80                VectorA8
                0x0000000008003d80                Vector160
                0x0000000008003d80                Vector1B0
                0x0000000008003d80                UsageFault_Handler
                0x0000000008003d80                VectorEC
                0x0000000008003d80                Vector40
                0x0000000008003d80                Vector108
                0x0000000008003d80                VectorBC
                0x0000000008003d80                Vector190
                0x0000000008003d80                Vector188
                0x0000000008003d80                Vector198
                0x0000000008003d80                Vector118
                0x0000000008003d80                VectorCC
                0x0000000008003d80                Vector54
                0x0000000008003d80                VectorD8
                0x0000000008003d80                Vector24
                0x0000000008003d80                Vector1AC
                0x0000000008003d80                Vector178
                0x0000000008003d80                Vector1A4
                0x0000000008003d80                VectorD0
                0x0000000008003d80                Vector1B4
                0x0000000008003d80                VectorC0
                0x0000000008003d80                Vector134
                0x0000000008003d80                Vector100
                0x0000000008003d80                VectorF4
                0x0000000008003d80                MemManage_Handler
                0x0000000008003d80                VectorA0
                0x0000000008003d80                VectorC4
                0x0000000008003d80                Vector180
                0x0000000008003d80                Vector114
                0x0000000008003d80                Vector164
                0x0000000008003d80                Vector1C
                0x0000000008003d80                Vector1BC
                0x0000000008003d80                Vector17C
                0x0000000008003d80                Vector1A8
                0x0000000008003d80                Vector16C
                0x0000000008003d80                Vector15C
                0x0000000008003d80                Vector88
                0x0000000008003d80                Vector184
                0x0000000008003d80                Vector10C
                0x0000000008003d80                BusFault_Handler
                0x0000000008003d80                Vector50
                0x0000000008003d80                Vector194
                0x0000000008003d80                Vector28
                0x0000000008003d80                Vector34
                0x0000000008003d80                Vector20
                0x0000000008003d80                Vector18C
 *fill*         0x0000000008003d84        0xc 
 .text.__init_ram_areas
                0x0000000008003d90       0x4c /tmp/ccJoaNGu.ltrans2.ltrans.o
                0x0000000008003d90                __init_ram_areas
 *fill*         0x0000000008003ddc        0x4 
 .text.__default_exit
                0x0000000008003de0        0x4 /tmp/ccJoaNGu.ltrans2.ltrans.o
                0x0000000008003de0                __default_exit
 *fill*         0x0000000008003de4        0xc 
 .text.__late_init
                0x0000000008003df0        0x4 /tmp/ccJoaNGu.ltrans2.ltrans.o
                0x0000000008003df0                __late_init
 *fill*         0x0000000008003df4        0xc 
 .text.__core_init
                0x0000000008003e00        0x4 /tmp/ccJoaNGu.ltrans2.ltrans.o
                0x0000000008003e00                __core_init
 *fill*         0x0000000008003e04        0xc 
 .text.sduInterruptTransmitted
                0x0000000008003e10        0x4 /tmp/ccJoaNGu.ltrans3.ltrans.o
                0x0000000008003e10                sduInterruptTransmitted
 *fill*         0x0000000008003e14        0xc 
 .text.usbStartTransmitI
                0x0000000008003e20       0x64 /tmp/ccJoaNGu.ltrans3.ltrans.o
                0x0000000008003e20                usbStartTransmitI
 *fill*         0x0000000008003e84        0xc 
 .text.usbStartReceiveI
                0x0000000008003e90       0x64 /tmp/ccJoaNGu.ltrans3.ltrans.o
                0x0000000008003e90                usbStartReceiveI
 *fill*         0x0000000008003ef4        0xc 
 .text._usb_ep0setup
                0x0000000008003f00      0x434 /tmp/ccJoaNGu.ltrans3.ltrans.o
                0x0000000008003f00                _usb_ep0setup
 *fill*         0x0000000008004334        0xc 
 .text.usbInitEndpointI
                0x0000000008004340      0x1c4 /tmp/ccJoaNGu.ltrans3.ltrans.o
                0x0000000008004340                usbInitEndpointI
 *fill*         0x0000000008004504        0xc 
 .text.spiReleaseBus
                0x0000000008004510       0xe4 /tmp/ccJoaNGu.ltrans3.ltrans.o
                0x0000000008004510                spiReleaseBus
 *fill*         0x00000000080045f4        0xc 
 .text.spiAcquireBus
                0x0000000008004600      0x144 /tmp/ccJoaNGu.ltrans3.ltrans.o
                0x0000000008004600                spiAcquireBus
 *fill*         0x0000000008004744        0xc 
 .text.spiReceive
                0x0000000008004750       0xc0 /tmp/ccJoaNGu.ltrans3.ltrans.o
                0x0000000008004750                spiReceive
 .text.spiSend  0x0000000008004810       0xc0 /tmp/ccJoaNGu.ltrans3.ltrans.o
                0x0000000008004810                spiSend
 .text.spiUnselect
                0x00000000080048d0       0x74 /tmp/ccJoaNGu.ltrans3.ltrans.o
                0x00000000080048d0                spiUnselect
 *fill*         0x0000000008004944        0xc 
 .text.spiSelect
                0x0000000008004950       0x74 /tmp/ccJoaNGu.ltrans3.ltrans.o
                0x0000000008004950                spiSelect
 *fill*         0x00000000080049c4        0xc 
 .text._mmcsd_get_slice
                0x00000000080049d0       0x60 /tmp/ccJoaNGu.ltrans4.ltrans.o
 .text.unlikely._mmcsd_get_capacity
                0x0000000008004a30       0x6c /tmp/ccJoaNGu.ltrans4.ltrans.o
 *fill*         0x0000000008004a9c        0x4 
 .text.sdcConnect
                0x0000000008004aa0      0x3f8 /tmp/ccJoaNGu.ltrans4.ltrans.o
                0x0000000008004aa0                sdcConnect
 *fill*         0x0000000008004e98        0x8 
 .text.obqPostFullBufferS
                0x0000000008004ea0       0x60 /tmp/ccJoaNGu.ltrans4.ltrans.o
 .text.obqGetEmptyBufferTimeoutS
                0x0000000008004f00       0x44 /tmp/ccJoaNGu.ltrans4.ltrans.o
 *fill*         0x0000000008004f44        0xc 
 .text._sdc_wait_for_transfer_state
                0x0000000008004f50       0x40 /tmp/ccJoaNGu.ltrans4.ltrans.o
                0x0000000008004f50                _sdc_wait_for_transfer_state
 .text.obqGetFullBufferI
                0x0000000008004f90       0x28 /tmp/ccJoaNGu.ltrans4.ltrans.o
                0x0000000008004f90                obqGetFullBufferI
 *fill*         0x0000000008004fb8        0x8 
 .text.obqWriteTimeout
                0x0000000008004fc0      0x17c /tmp/ccJoaNGu.ltrans4.ltrans.o
                0x0000000008004fc0                obqWriteTimeout
 *fill*         0x000000000800513c        0x4 
 .text.obqPutTimeout
                0x0000000008005140       0xa0 /tmp/ccJoaNGu.ltrans4.ltrans.o
                0x0000000008005140                obqPutTimeout
 .text.ibqReadTimeout
                0x00000000080051e0      0x168 /tmp/ccJoaNGu.ltrans4.ltrans.o
                0x00000000080051e0                ibqReadTimeout
 *fill*         0x0000000008005348        0x8 
 .text.Vector4C
                0x0000000008005350       0x3c /tmp/ccJoaNGu.ltrans5.ltrans.o
                0x0000000008005350                Vector4C
 *fill*         0x000000000800538c        0x4 
 .text.Vector48
                0x0000000008005390       0x3c /tmp/ccJoaNGu.ltrans5.ltrans.o
                0x0000000008005390                Vector48
 *fill*         0x00000000080053cc        0x4 
 .text.Vector170
                0x00000000080053d0       0x3c /tmp/ccJoaNGu.ltrans5.ltrans.o
                0x00000000080053d0                Vector170
 *fill*         0x000000000800540c        0x4 
 .text.Vector138
                0x0000000008005410       0x3c /tmp/ccJoaNGu.ltrans5.ltrans.o
                0x0000000008005410                Vector138
 *fill*         0x000000000800544c        0x4 
 .text.VectorE8
                0x0000000008005450       0x3c /tmp/ccJoaNGu.ltrans5.ltrans.o
                0x0000000008005450                VectorE8
 *fill*         0x000000000800548c        0x4 
 .text.VectorE4
                0x0000000008005490       0x3c /tmp/ccJoaNGu.ltrans5.ltrans.o
                0x0000000008005490                VectorE4
 *fill*         0x00000000080054cc        0x4 
 .text.Vector44
                0x00000000080054d0       0x3c /tmp/ccJoaNGu.ltrans5.ltrans.o
                0x00000000080054d0                Vector44
 *fill*         0x000000000800550c        0x4 
 .text.VectorE0
                0x0000000008005510       0x8c /tmp/ccJoaNGu.ltrans5.ltrans.o
                0x0000000008005510                VectorE0
 *fill*         0x000000000800559c        0x4 
 .text.sdc_lld_error_cleanup.lto_priv.161
                0x00000000080055a0       0x6c /tmp/ccJoaNGu.ltrans5.ltrans.o
                0x00000000080055a0                sdc_lld_error_cleanup.lto_priv.161
 *fill*         0x000000000800560c        0x4 
 .text.usb_lld_start_in
                0x0000000008005610       0xac /tmp/ccJoaNGu.ltrans5.ltrans.o
                0x0000000008005610                usb_lld_start_in
 *fill*         0x00000000080056bc        0x4 
 .text.otg_epin_handler
                0x00000000080056c0       0xd4 /tmp/ccJoaNGu.ltrans5.ltrans.o
 *fill*         0x0000000008005794        0xc 
 .text.usb_lld_start_out
                0x00000000080057a0       0x84 /tmp/ccJoaNGu.ltrans5.ltrans.o
                0x00000000080057a0                usb_lld_start_out
 *fill*         0x0000000008005824        0xc 
 .text.otg_epout_handler
                0x0000000008005830       0xac /tmp/ccJoaNGu.ltrans5.ltrans.o
 *fill*         0x00000000080058dc        0x4 
 .text.usb_lld_serve_interrupt
                0x00000000080058e0      0x408 /tmp/ccJoaNGu.ltrans5.ltrans.o
 *fill*         0x0000000008005ce8        0x8 
 .text.Vector174
                0x0000000008005cf0       0x20 /tmp/ccJoaNGu.ltrans5.ltrans.o
                0x0000000008005cf0                Vector174
 .text.Vector14C
                0x0000000008005d10       0x20 /tmp/ccJoaNGu.ltrans5.ltrans.o
                0x0000000008005d10                Vector14C
 .text.sdc_lld_wait_transaction_end.lto_priv.160
                0x0000000008005d30       0xcc /tmp/ccJoaNGu.ltrans5.ltrans.o
                0x0000000008005d30                sdc_lld_wait_transaction_end.lto_priv.160
 *fill*         0x0000000008005dfc        0x4 
 .text.usb_lld_pump
                0x0000000008005e00      0x298 /tmp/ccJoaNGu.ltrans5.ltrans.o
                0x0000000008005e00                usb_lld_pump
 *fill*         0x0000000008006098        0x8 
 .text.sdc_lld_is_write_protected
                0x00000000080060a0        0x4 /tmp/ccJoaNGu.ltrans6.ltrans.o
                0x00000000080060a0                sdc_lld_is_write_protected
 *fill*         0x00000000080060a4        0xc 
 .text.sdc_lld_is_card_inserted
                0x00000000080060b0        0x4 /tmp/ccJoaNGu.ltrans6.ltrans.o
                0x00000000080060b0                sdc_lld_is_card_inserted
 *fill*         0x00000000080060b4        0xc 
 .text.pwm_lld_serve_interrupt
                0x00000000080060c0       0x5c /tmp/ccJoaNGu.ltrans6.ltrans.o
 *fill*         0x000000000800611c        0x4 
 .text.spi_lld_serve_tx_interrupt.lto_priv.119
                0x0000000008006120       0x1c /tmp/ccJoaNGu.ltrans6.ltrans.o
                0x0000000008006120                spi_lld_serve_tx_interrupt.lto_priv.119
 *fill*         0x000000000800613c        0x4 
 .text.cmd_info
                0x0000000008006140       0xbc /tmp/ccJoaNGu.ltrans6.ltrans.o
 *fill*         0x00000000080061fc        0x4 
 .text.VectorF8
                0x0000000008006200       0x20 /tmp/ccJoaNGu.ltrans6.ltrans.o
 .text.VectorF0
                0x0000000008006220       0x20 /tmp/ccJoaNGu.ltrans6.ltrans.o
 .text.VectorB8
                0x0000000008006240       0x20 /tmp/ccJoaNGu.ltrans6.ltrans.o
 .text.VectorB4
                0x0000000008006260       0x20 /tmp/ccJoaNGu.ltrans6.ltrans.o
 .text.VectorAC
                0x0000000008006280       0x20 /tmp/ccJoaNGu.ltrans6.ltrans.o
 .text.VectorA4
                0x00000000080062a0       0x20 /tmp/ccJoaNGu.ltrans6.ltrans.o
 .text.VectorD4
                0x00000000080062c0       0xe8 /tmp/ccJoaNGu.ltrans6.ltrans.o
 *fill*         0x00000000080063a8        0x8 
 .text.uart_lld_serve_tx_end_irq.lto_priv.152
                0x00000000080063b0       0x80 /tmp/ccJoaNGu.ltrans6.ltrans.o
                0x00000000080063b0                uart_lld_serve_tx_end_irq.lto_priv.152
 .text.uart_lld_serve_rx_end_irq.lto_priv.151
                0x0000000008006430       0xbc /tmp/ccJoaNGu.ltrans6.ltrans.o
                0x0000000008006430                uart_lld_serve_rx_end_irq.lto_priv.151
 *fill*         0x00000000080064ec        0x4 
 .text.spi_lld_serve_rx_interrupt.lto_priv.118
                0x00000000080064f0       0x98 /tmp/ccJoaNGu.ltrans6.ltrans.o
                0x00000000080064f0                spi_lld_serve_rx_interrupt.lto_priv.118
 *fill*         0x0000000008006588        0x8 
 .text.Vector104
                0x0000000008006590       0x48 /tmp/ccJoaNGu.ltrans6.ltrans.o
 *fill*         0x00000000080065d8        0x8 
 .text.long_to_string_with_divisor.lto_priv.159
                0x00000000080065e0       0x48 /tmp/ccJoaNGu.ltrans6.ltrans.o
                0x00000000080065e0                long_to_string_with_divisor.lto_priv.159
 *fill*         0x0000000008006628        0x8 
 .text.__early_init
                0x0000000008006630       0xc8 /tmp/ccJoaNGu.ltrans6.ltrans.o
                0x0000000008006630                __early_init
 *fill*         0x00000000080066f8        0x8 
 .text.sdc_lld_collect_errors.isra.0.lto_priv.166
                0x0000000008006700       0x3c /tmp/ccJoaNGu.ltrans6.ltrans.o
                0x0000000008006700                sdc_lld_collect_errors.isra.0.lto_priv.166
 *fill*         0x000000000800673c        0x4 
 .text.sdc_lld_send_cmd_long_crc
                0x0000000008006740       0x3c /tmp/ccJoaNGu.ltrans6.ltrans.o
                0x0000000008006740                sdc_lld_send_cmd_long_crc
 *fill*         0x000000000800677c        0x4 
 .text.sdc_lld_send_cmd_short_crc
                0x0000000008006780       0x30 /tmp/ccJoaNGu.ltrans6.ltrans.o
                0x0000000008006780                sdc_lld_send_cmd_short_crc
 .text.sdc_lld_write_aligned.part.5.lto_priv.174
                0x00000000080067b0       0xa8 /tmp/ccJoaNGu.ltrans6.ltrans.o
                0x00000000080067b0                sdc_lld_write_aligned.part.5.lto_priv.174
 *fill*         0x0000000008006858        0x8 
 .text.sdc_lld_read_aligned.part.4.lto_priv.175
                0x0000000008006860       0xa4 /tmp/ccJoaNGu.ltrans6.ltrans.o
                0x0000000008006860                sdc_lld_read_aligned.part.4.lto_priv.175
 *fill*         0x0000000008006904        0xc 
 .text.sdc_lld_read_special
                0x0000000008006910       0xb4 /tmp/ccJoaNGu.ltrans6.ltrans.o
                0x0000000008006910                sdc_lld_read_special
 *fill*         0x00000000080069c4        0xc 
 .text.shell_thread.lto_priv.97
                0x00000000080069d0      0x224 /tmp/ccJoaNGu.ltrans6.ltrans.o
                0x00000000080069d0                shell_thread.lto_priv.97
 *fill*         0x0000000008006bf4        0xc 
 .text.cmd_systime
                0x0000000008006c00       0x70 /tmp/ccJoaNGu.ltrans6.ltrans.o
 .text.matlab_thread
                0x0000000008006c70       0xa0 /tmp/ccJoaNGu.ltrans7.ltrans.o
 .text.chprintf
                0x0000000008006d10      0x414 /tmp/ccJoaNGu.ltrans7.ltrans.o
                0x0000000008006d10                chprintf
 *fill*         0x0000000008007124        0xc 
 .text.cmd_test
                0x0000000008007130       0x50 /tmp/ccJoaNGu.ltrans7.ltrans.o
                0x0000000008007130                cmd_test
 .text.cmd_calibrate
                0x0000000008007180      0x9a4 /tmp/ccJoaNGu.ltrans7.ltrans.o
                0x0000000008007180                cmd_calibrate
 *fill*         0x0000000008007b24        0xc 
 .text.cmd_data
                0x0000000008007b30       0xd8 /tmp/ccJoaNGu.ltrans7.ltrans.o
                0x0000000008007b30                cmd_data
 *fill*         0x0000000008007c08        0x8 
 .text.PID_VEL  0x0000000008007c10       0xcc /tmp/ccJoaNGu.ltrans8.ltrans.o
 *fill*         0x0000000008007cdc        0x4 
 .text.turn_angle
                0x0000000008007ce0       0xd4 /tmp/ccJoaNGu.ltrans8.ltrans.o
 *fill*         0x0000000008007db4        0xc 
 .text.get_descriptor.lto_priv.102
                0x0000000008007dc0       0x30 /tmp/ccJoaNGu.ltrans8.ltrans.o
                0x0000000008007dc0                get_descriptor.lto_priv.102
 .text.pwm_thd.lto_priv.92
                0x0000000008007df0       0xf0 /tmp/ccJoaNGu.ltrans8.ltrans.o
                0x0000000008007df0                pwm_thd.lto_priv.92
 .text.sof_handler.lto_priv.103
                0x0000000008007ee0       0xb8 /tmp/ccJoaNGu.ltrans8.ltrans.o
                0x0000000008007ee0                sof_handler.lto_priv.103
 *fill*         0x0000000008007f98        0x8 
 .text.usb_event.lto_priv.101
                0x0000000008007fa0      0x100 /tmp/ccJoaNGu.ltrans8.ltrans.o
                0x0000000008007fa0                usb_event.lto_priv.101
 .text.params_set.part.0.lto_priv.112
                0x00000000080080a0      0x158 /tmp/ccJoaNGu.ltrans8.ltrans.o
                0x00000000080080a0                params_set.part.0.lto_priv.112
 *fill*         0x00000000080081f8        0x8 
 .text.param_save_flash
                0x0000000008008200      0x160 /tmp/ccJoaNGu.ltrans8.ltrans.o
                0x0000000008008200                param_save_flash
 .text.Temperature_thread.lto_priv.115
                0x0000000008008360      0x154 /tmp/ccJoaNGu.ltrans8.ltrans.o
                0x0000000008008360                Temperature_thread.lto_priv.115
 *fill*         0x00000000080084b4        0xc 
 .text.feeder_control.lto_priv.90
                0x00000000080084c0      0x5d4 /tmp/ccJoaNGu.ltrans8.ltrans.o
                0x00000000080084c0                feeder_control.lto_priv.90
 *fill*         0x0000000008008a94        0xc 
 .text.Vector9C
                0x0000000008008aa0       0x7c /tmp/ccJoaNGu.ltrans9.ltrans.o
                0x0000000008008aa0                Vector9C
 *fill*         0x0000000008008b1c        0x4 
 .text.Vector68
                0x0000000008008b20       0x38 /tmp/ccJoaNGu.ltrans9.ltrans.o
                0x0000000008008b20                Vector68
 *fill*         0x0000000008008b58        0x8 
 .text.Vector64
                0x0000000008008b60       0x38 /tmp/ccJoaNGu.ltrans9.ltrans.o
                0x0000000008008b60                Vector64
 *fill*         0x0000000008008b98        0x8 
 .text.Vector60
                0x0000000008008ba0       0x38 /tmp/ccJoaNGu.ltrans9.ltrans.o
                0x0000000008008ba0                Vector60
 *fill*         0x0000000008008bd8        0x8 
 .text.Vector5C
                0x0000000008008be0       0x38 /tmp/ccJoaNGu.ltrans9.ltrans.o
                0x0000000008008be0                Vector5C
 *fill*         0x0000000008008c18        0x8 
 .text.Vector58
                0x0000000008008c20       0x38 /tmp/ccJoaNGu.ltrans9.ltrans.o
                0x0000000008008c20                Vector58
 *fill*         0x0000000008008c58        0x8 
 .text.Vector158
                0x0000000008008c60       0x38 /tmp/ccJoaNGu.ltrans9.ltrans.o
                0x0000000008008c60                Vector158
 *fill*         0x0000000008008c98        0x8 
 .text.Vector154
                0x0000000008008ca0       0x38 /tmp/ccJoaNGu.ltrans9.ltrans.o
                0x0000000008008ca0                Vector154
 *fill*         0x0000000008008cd8        0x8 
 .text.Vector150
                0x0000000008008ce0       0x38 /tmp/ccJoaNGu.ltrans9.ltrans.o
                0x0000000008008ce0                Vector150
 *fill*         0x0000000008008d18        0x8 
 .text.Vector130
                0x0000000008008d20       0x34 /tmp/ccJoaNGu.ltrans9.ltrans.o
                0x0000000008008d20                Vector130
 *fill*         0x0000000008008d54        0xc 
 .text.Vector12C
                0x0000000008008d60       0x38 /tmp/ccJoaNGu.ltrans9.ltrans.o
                0x0000000008008d60                Vector12C
 *fill*         0x0000000008008d98        0x8 
 .text.Vector128
                0x0000000008008da0       0x38 /tmp/ccJoaNGu.ltrans9.ltrans.o
                0x0000000008008da0                Vector128
 *fill*         0x0000000008008dd8        0x8 
 .text.Vector124
                0x0000000008008de0       0x38 /tmp/ccJoaNGu.ltrans9.ltrans.o
                0x0000000008008de0                Vector124
 *fill*         0x0000000008008e18        0x8 
 .text.Vector120
                0x0000000008008e20       0x34 /tmp/ccJoaNGu.ltrans9.ltrans.o
                0x0000000008008e20                Vector120
 *fill*         0x0000000008008e54        0xc 
 .text.VectorFC
                0x0000000008008e60       0x38 /tmp/ccJoaNGu.ltrans9.ltrans.o
                0x0000000008008e60                VectorFC
 *fill*         0x0000000008008e98        0x8 
 .text.Vector84
                0x0000000008008ea0       0x38 /tmp/ccJoaNGu.ltrans9.ltrans.o
                0x0000000008008ea0                Vector84
 *fill*         0x0000000008008ed8        0x8 
 .text.Vector80
                0x0000000008008ee0       0x38 /tmp/ccJoaNGu.ltrans9.ltrans.o
                0x0000000008008ee0                Vector80
 *fill*         0x0000000008008f18        0x8 
 .text.Vector7C
                0x0000000008008f20       0x34 /tmp/ccJoaNGu.ltrans9.ltrans.o
                0x0000000008008f20                Vector7C
 *fill*         0x0000000008008f54        0xc 
 .text.Vector78
                0x0000000008008f60       0x38 /tmp/ccJoaNGu.ltrans9.ltrans.o
                0x0000000008008f60                Vector78
 *fill*         0x0000000008008f98        0x8 
 .text.Vector74
                0x0000000008008fa0       0x38 /tmp/ccJoaNGu.ltrans9.ltrans.o
                0x0000000008008fa0                Vector74
 *fill*         0x0000000008008fd8        0x8 
 .text.Vector70
                0x0000000008008fe0       0x38 /tmp/ccJoaNGu.ltrans9.ltrans.o
                0x0000000008008fe0                Vector70
 *fill*         0x0000000008009018        0x8 
 .text.Vector6C
                0x0000000008009020       0x34 /tmp/ccJoaNGu.ltrans9.ltrans.o
                0x0000000008009020                Vector6C
 *fill*         0x0000000008009054        0xc 
 .text.can_lld_sce_handler
                0x0000000008009060       0x74 /tmp/ccJoaNGu.ltrans9.ltrans.o
 *fill*         0x00000000080090d4        0xc 
 .text.Vector148
                0x00000000080090e0       0x20 /tmp/ccJoaNGu.ltrans9.ltrans.o
                0x00000000080090e0                Vector148
 .text.Vector98
                0x0000000008009100       0x20 /tmp/ccJoaNGu.ltrans9.ltrans.o
                0x0000000008009100                Vector98
 .text.can_lld_rx1_handler
                0x0000000008009120       0x78 /tmp/ccJoaNGu.ltrans9.ltrans.o
 *fill*         0x0000000008009198        0x8 
 .text.Vector144
                0x00000000080091a0       0x20 /tmp/ccJoaNGu.ltrans9.ltrans.o
                0x00000000080091a0                Vector144
 .text.Vector94
                0x00000000080091c0       0x20 /tmp/ccJoaNGu.ltrans9.ltrans.o
                0x00000000080091c0                Vector94
 .text.can_lld_rx0_handler
                0x00000000080091e0       0x78 /tmp/ccJoaNGu.ltrans9.ltrans.o
 *fill*         0x0000000008009258        0x8 
 .text.Vector140
                0x0000000008009260       0x20 /tmp/ccJoaNGu.ltrans9.ltrans.o
                0x0000000008009260                Vector140
 .text.Vector90
                0x0000000008009280       0x20 /tmp/ccJoaNGu.ltrans9.ltrans.o
                0x0000000008009280                Vector90
 .text.can_lld_tx_handler
                0x00000000080092a0       0x74 /tmp/ccJoaNGu.ltrans9.ltrans.o
 *fill*         0x0000000008009314        0xc 
 .text.Vector13C
                0x0000000008009320       0x20 /tmp/ccJoaNGu.ltrans9.ltrans.o
                0x0000000008009320                Vector13C
 .text.Vector8C
                0x0000000008009340       0x20 /tmp/ccJoaNGu.ltrans9.ltrans.o
                0x0000000008009340                Vector8C
 .text.VectorB0
                0x0000000008009360       0xf4 /tmp/ccJoaNGu.ltrans9.ltrans.o
                0x0000000008009360                VectorB0
 *fill*         0x0000000008009454        0xc 
 .text._usb_ep0out
                0x0000000008009460       0xa8 /tmp/ccJoaNGu.ltrans9.ltrans.o
                0x0000000008009460                _usb_ep0out
 *fill*         0x0000000008009508        0x8 
 .text._usb_ep0in
                0x0000000008009510       0xf0 /tmp/ccJoaNGu.ltrans9.ltrans.o
                0x0000000008009510                _usb_ep0in
 .text.dmaStreamAllocate
                0x0000000008009600       0xd0 /tmp/ccJoaNGu.ltrans9.ltrans.o
                0x0000000008009600                dmaStreamAllocate
 .text.rxend.lto_priv.153
                0x00000000080096d0       0x3c /tmp/ccJoaNGu.ltrans10.ltrans.o
                0x00000000080096d0                rxend.lto_priv.153
 *fill*         0x000000000800970c        0x4 
 .text.cmd_temp
                0x0000000008009710       0x40 /tmp/ccJoaNGu.ltrans10.ltrans.o
                0x0000000008009710                cmd_temp
 .text.RC_reset.lto_priv.114
                0x0000000008009750       0x30 /tmp/ccJoaNGu.ltrans10.ltrans.o
                0x0000000008009750                RC_reset.lto_priv.114
 .text.lpfilter_apply
                0x0000000008009780       0x68 /tmp/ccJoaNGu.ltrans10.ltrans.o
                0x0000000008009780                lpfilter_apply
 *fill*         0x00000000080097e8        0x8 
 .text.imuGetDataRaw
                0x00000000080097f0      0x190 /tmp/ccJoaNGu.ltrans10.ltrans.o
                0x00000000080097f0                imuGetDataRaw
 .text.imuGetData
                0x0000000008009980      0x20c /tmp/ccJoaNGu.ltrans10.ltrans.o
                0x0000000008009980                imuGetData
 *fill*         0x0000000008009b8c        0x4 
 .text.flashWrite.part.5.lto_priv.125
                0x0000000008009b90       0xa8 /tmp/ccJoaNGu.ltrans10.ltrans.o
                0x0000000008009b90                flashWrite.part.5.lto_priv.125
 *fill*         0x0000000008009c38        0x8 
 .text.flashUnlock.part.1.lto_priv.126
                0x0000000008009c40       0x20 /tmp/ccJoaNGu.ltrans10.ltrans.o
                0x0000000008009c40                flashUnlock.part.1.lto_priv.126
 .text.flashRead
                0x0000000008009c60       0x58 /tmp/ccJoaNGu.ltrans10.ltrans.o
                0x0000000008009c60                flashRead
 *fill*         0x0000000008009cb8        0x8 
 .text.can_rx.lto_priv.96
                0x0000000008009cc0      0x534 /tmp/ccJoaNGu.ltrans10.ltrans.o
                0x0000000008009cc0                can_rx.lto_priv.96
 *fill*         0x000000000800a1f4        0xc 
 .text.cmd_param_scale
                0x000000000800a200       0x40 /tmp/ccJoaNGu.ltrans11.ltrans.o
                0x000000000800a200                cmd_param_scale
 .text.cmd_param_update
                0x000000000800a240       0x1c /tmp/ccJoaNGu.ltrans11.ltrans.o
                0x000000000800a240                cmd_param_update
 *fill*         0x000000000800a25c        0x4 
 .text.sendLine
                0x000000000800a260       0x4c /tmp/ccJoaNGu.ltrans11.ltrans.o
 *fill*         0x000000000800a2ac        0x4 
 .text.cmd_param_tx
                0x000000000800a2b0      0x1a4 /tmp/ccJoaNGu.ltrans11.ltrans.o
                0x000000000800a2b0                cmd_param_tx
 *fill*         0x000000000800a454        0xc 
 .text.cmd_param_rx
                0x000000000800a460       0xbc /tmp/ccJoaNGu.ltrans11.ltrans.o
                0x000000000800a460                cmd_param_rx
 *fill*         0x000000000800a51c        0x4 
 .text.gimbal_init_thread.lto_priv.93
                0x000000000800a520      0x388 /tmp/ccJoaNGu.ltrans11.ltrans.o
                0x000000000800a520                gimbal_init_thread.lto_priv.93
 *fill*         0x000000000800a8a8        0x8 
 .text.gimbal_thread.lto_priv.94
                0x000000000800a8b0      0x758 /tmp/ccJoaNGu.ltrans11.ltrans.o
                0x000000000800a8b0                gimbal_thread.lto_priv.94
 *fill*         0x000000000800b008        0x8 
 .text.sduRequestsHook
                0x000000000800b010       0x40 /tmp/ccJoaNGu.ltrans12.ltrans.o
                0x000000000800b010                sduRequestsHook
 .text.sdcGetInfo
                0x000000000800b050       0x30 /tmp/ccJoaNGu.ltrans12.ltrans.o
                0x000000000800b050                sdcGetInfo
 .text.sdcSync  0x000000000800b080       0x20 /tmp/ccJoaNGu.ltrans12.ltrans.o
                0x000000000800b080                sdcSync
 .text.sduDataTransmitted
                0x000000000800b0a0       0xf0 /tmp/ccJoaNGu.ltrans12.ltrans.o
                0x000000000800b0a0                sduDataTransmitted
 .text.obnotify.lto_priv.99
                0x000000000800b190       0x48 /tmp/ccJoaNGu.ltrans12.ltrans.o
                0x000000000800b190                obnotify.lto_priv.99
 *fill*         0x000000000800b1d8        0x8 
 .text.readt.lto_priv.111
                0x000000000800b1e0       0x20 /tmp/ccJoaNGu.ltrans12.ltrans.o
                0x000000000800b1e0                readt.lto_priv.111
 .text.read.lto_priv.105
                0x000000000800b200       0x1c /tmp/ccJoaNGu.ltrans12.ltrans.o
                0x000000000800b200                read.lto_priv.105
 *fill*         0x000000000800b21c        0x4 
 .text.writet.lto_priv.110
                0x000000000800b220       0x20 /tmp/ccJoaNGu.ltrans12.ltrans.o
                0x000000000800b220                writet.lto_priv.110
 .text.write.lto_priv.104
                0x000000000800b240       0x1c /tmp/ccJoaNGu.ltrans12.ltrans.o
                0x000000000800b240                write.lto_priv.104
 *fill*         0x000000000800b25c        0x4 
 .text.gett.lto_priv.109
                0x000000000800b260       0x18 /tmp/ccJoaNGu.ltrans12.ltrans.o
                0x000000000800b260                gett.lto_priv.109
 *fill*         0x000000000800b278        0x8 
 .text.get.lto_priv.107
                0x000000000800b280       0x1c /tmp/ccJoaNGu.ltrans12.ltrans.o
                0x000000000800b280                get.lto_priv.107
 *fill*         0x000000000800b29c        0x4 
 .text.putt.lto_priv.108
                0x000000000800b2a0       0x18 /tmp/ccJoaNGu.ltrans12.ltrans.o
                0x000000000800b2a0                putt.lto_priv.108
 *fill*         0x000000000800b2b8        0x8 
 .text.put.lto_priv.106
                0x000000000800b2c0       0x1c /tmp/ccJoaNGu.ltrans12.ltrans.o
                0x000000000800b2c0                put.lto_priv.106
 *fill*         0x000000000800b2dc        0x4 
 .text.sdcWrite
                0x000000000800b2e0       0xd4 /tmp/ccJoaNGu.ltrans12.ltrans.o
                0x000000000800b2e0                sdcWrite
 *fill*         0x000000000800b3b4        0xc 
 .text.sdcRead  0x000000000800b3c0       0xdc /tmp/ccJoaNGu.ltrans12.ltrans.o
                0x000000000800b3c0                sdcRead
 *fill*         0x000000000800b49c        0x4 
 .text.sdu_start_receive.lto_priv.124
                0x000000000800b4a0       0x50 /tmp/ccJoaNGu.ltrans12.ltrans.o
                0x000000000800b4a0                sdu_start_receive.lto_priv.124
 .text.sduDataReceived
                0x000000000800b4f0       0xc8 /tmp/ccJoaNGu.ltrans12.ltrans.o
                0x000000000800b4f0                sduDataReceived
 *fill*         0x000000000800b5b8        0x8 
 .text.ibnotify.lto_priv.98
                0x000000000800b5c0        0x8 /tmp/ccJoaNGu.ltrans12.ltrans.o
                0x000000000800b5c0                ibnotify.lto_priv.98
 *fill*         0x000000000800b5c8        0x8 
 .text.sdcDisconnect
                0x000000000800b5d0       0xb4 /tmp/ccJoaNGu.ltrans12.ltrans.o
                0x000000000800b5d0                sdcDisconnect
 *fill*         0x000000000800b684        0xc 
 .text.gimbal_encoderUpdate.lto_priv.113
                0x000000000800b690      0x1d8 /tmp/ccJoaNGu.ltrans13.ltrans.o
                0x000000000800b690                gimbal_encoderUpdate.lto_priv.113
 *fill*         0x000000000800b868        0x8 
 .text.gimbal_kill
                0x000000000800b870       0x24 /tmp/ccJoaNGu.ltrans13.ltrans.o
                0x000000000800b870                gimbal_kill
 *fill*         0x000000000800b894        0xc 
 .text.uart_dbus_thread.lto_priv.95
                0x000000000800b8a0      0x6bc /tmp/ccJoaNGu.ltrans13.ltrans.o
                0x000000000800b8a0                uart_dbus_thread.lto_priv.95
 *fill*         0x000000000800bf5c        0x4 
 .text.chSchWakeupS.constprop.77
                0x000000000800bf60       0x90 /tmp/ccJoaNGu.ltrans14.ltrans.o
                0x000000000800bf60                chSchWakeupS.constprop.77
 .text.chThdResumeS.constprop.74
                0x000000000800bff0       0x2c /tmp/ccJoaNGu.ltrans14.ltrans.o
                0x000000000800bff0                chThdResumeS.constprop.74
 *fill*         0x000000000800c01c        0x4 
 .text.can_lld_set_filters.constprop.67
                0x000000000800c020      0x114 /tmp/ccJoaNGu.ltrans14.ltrans.o
                0x000000000800c020                can_lld_set_filters.constprop.67
 *fill*         0x000000000800c134        0xc 
 .text._strtok.constprop.21
                0x000000000800c140       0x40 /tmp/ccJoaNGu.ltrans14.ltrans.o
                0x000000000800c140                _strtok.constprop.21
 .text.lpfilter_init.constprop.11
                0x000000000800c180       0x7c /tmp/ccJoaNGu.ltrans14.ltrans.o
                0x000000000800c180                lpfilter_init.constprop.11
 *fill*         0x000000000800c1fc        0x4 
 .text.pwmEnableChannel.constprop.47
                0x000000000800c200       0x7c /tmp/ccJoaNGu.ltrans14.ltrans.o
                0x000000000800c200                pwmEnableChannel.constprop.47
 *fill*         0x000000000800c27c        0x4 
 .text.can_motorSetCurrent.constprop.4
                0x000000000800c280      0x164 /tmp/ccJoaNGu.ltrans14.ltrans.o
                0x000000000800c280                can_motorSetCurrent.constprop.4
 *fill*         0x000000000800c3e4        0xc 
 .text.__fpclassifyf
                0x000000000800c3f0       0x38 /usr/lib/gcc/arm-none-eabi/4.9.3/../../../arm-none-eabi/lib/armv7e-m/fpu/libm.a(lib_a-sf_fpclassify.o)
                0x000000000800c3f0                __fpclassifyf
 *fill*         0x000000000800c428        0x8 
 .text.cosf     0x000000000800c430       0x78 /usr/lib/gcc/arm-none-eabi/4.9.3/../../../arm-none-eabi/lib/armv7e-m/fpu/libm.a(lib_a-sf_cos.o)
                0x000000000800c430                cosf
 *fill*         0x000000000800c4a8        0x8 
 .text.sinf     0x000000000800c4b0       0x7c /usr/lib/gcc/arm-none-eabi/4.9.3/../../../arm-none-eabi/lib/armv7e-m/fpu/libm.a(lib_a-sf_sin.o)
                0x000000000800c4b0                sinf
 *fill*         0x000000000800c52c        0x4 
 .text.tanf     0x000000000800c530       0x5c /usr/lib/gcc/arm-none-eabi/4.9.3/../../../arm-none-eabi/lib/armv7e-m/fpu/libm.a(lib_a-sf_tan.o)
                0x000000000800c530                tanf
 *fill*         0x000000000800c58c        0x4 
 .text.asinf    0x000000000800c590       0xbc /usr/lib/gcc/arm-none-eabi/4.9.3/../../../arm-none-eabi/lib/armv7e-m/fpu/libm.a(lib_a-wf_asin.o)
                0x000000000800c590                asinf
 *fill*         0x000000000800c64c        0x4 
 .text.atan2f   0x000000000800c650        0x4 /usr/lib/gcc/arm-none-eabi/4.9.3/../../../arm-none-eabi/lib/armv7e-m/fpu/libm.a(lib_a-wf_atan2.o)
                0x000000000800c650                atan2f
 *fill*         0x000000000800c654        0xc 
 .text.sqrtf    0x000000000800c660       0xb8 /usr/lib/gcc/arm-none-eabi/4.9.3/../../../arm-none-eabi/lib/armv7e-m/fpu/libm.a(lib_a-wf_sqrt.o)
                0x000000000800c660                sqrtf
 *fill*         0x000000000800c718        0x8 
 .text.__ieee754_asinf
                0x000000000800c720      0x1f8 /usr/lib/gcc/arm-none-eabi/4.9.3/../../../arm-none-eabi/lib/armv7e-m/fpu/libm.a(lib_a-ef_asin.o)
                0x000000000800c720                __ieee754_asinf
 *fill*         0x000000000800c918        0x8 
 .text.__ieee754_atan2f
                0x000000000800c920      0x16c /usr/lib/gcc/arm-none-eabi/4.9.3/../../../arm-none-eabi/lib/armv7e-m/fpu/libm.a(lib_a-ef_atan2.o)
                0x000000000800c920                __ieee754_atan2f
 *fill*         0x000000000800ca8c        0x4 
 .text.__ieee754_rem_pio2f
                0x000000000800ca90      0x290 /usr/lib/gcc/arm-none-eabi/4.9.3/../../../arm-none-eabi/lib/armv7e-m/fpu/libm.a(lib_a-ef_rem_pio2.o)
                0x000000000800ca90                __ieee754_rem_pio2f
 .text.__ieee754_sqrtf
                0x000000000800cd20       0xa4 /usr/lib/gcc/arm-none-eabi/4.9.3/../../../arm-none-eabi/lib/armv7e-m/fpu/libm.a(lib_a-ef_sqrt.o)
                0x000000000800cd20                __ieee754_sqrtf
 *fill*         0x000000000800cdc4        0xc 
 .text.__kernel_cosf
                0x000000000800cdd0      0x104 /usr/lib/gcc/arm-none-eabi/4.9.3/../../../arm-none-eabi/lib/armv7e-m/fpu/libm.a(lib_a-kf_cos.o)
                0x000000000800cdd0                __kernel_cosf
 *fill*         0x000000000800ced4        0xc 
 .text.__kernel_rem_pio2f
                0x000000000800cee0      0x5e4 /usr/lib/gcc/arm-none-eabi/4.9.3/../../../arm-none-eabi/lib/armv7e-m/fpu/libm.a(lib_a-kf_rem_pio2.o)
                0x000000000800cee0                __kernel_rem_pio2f
 *fill*         0x000000000800d4c4        0xc 
 .text.__kernel_sinf
                0x000000000800d4d0       0x90 /usr/lib/gcc/arm-none-eabi/4.9.3/../../../arm-none-eabi/lib/armv7e-m/fpu/libm.a(lib_a-kf_sin.o)
                0x000000000800d4d0                __kernel_sinf
 .text.__kernel_tanf
                0x000000000800d560      0x1d0 /usr/lib/gcc/arm-none-eabi/4.9.3/../../../arm-none-eabi/lib/armv7e-m/fpu/libm.a(lib_a-kf_tan.o)
                0x000000000800d560                __kernel_tanf
 .text.matherr  0x000000000800d730        0x4 /usr/lib/gcc/arm-none-eabi/4.9.3/../../../arm-none-eabi/lib/armv7e-m/fpu/libm.a(lib_a-s_matherr.o)
                0x000000000800d730                matherr
 *fill*         0x000000000800d734        0xc 
 .text.nan      0x000000000800d740       0x10 /usr/lib/gcc/arm-none-eabi/4.9.3/../../../arm-none-eabi/lib/armv7e-m/fpu/libm.a(lib_a-s_nan.o)
                0x000000000800d740                nan
 .text.atanf    0x000000000800d750      0x1b8 /usr/lib/gcc/arm-none-eabi/4.9.3/../../../arm-none-eabi/lib/armv7e-m/fpu/libm.a(lib_a-sf_atan.o)
                0x000000000800d750                atanf
 *fill*         0x000000000800d908        0x8 
 .text.fabsf    0x000000000800d910       0x10 /usr/lib/gcc/arm-none-eabi/4.9.3/../../../arm-none-eabi/lib/armv7e-m/fpu/libm.a(lib_a-sf_fabs.o)
                0x000000000800d910                fabsf
 .text.floorf   0x000000000800d920       0x90 /usr/lib/gcc/arm-none-eabi/4.9.3/../../../arm-none-eabi/lib/armv7e-m/fpu/libm.a(lib_a-sf_floor.o)
                0x000000000800d920                floorf
 .text.scalbnf  0x000000000800d9b0       0xd0 /usr/lib/gcc/arm-none-eabi/4.9.3/../../../arm-none-eabi/lib/armv7e-m/fpu/libm.a(lib_a-sf_scalbn.o)
                0x000000000800d9b0                scalbnf
 .text.copysignf
                0x000000000800da80       0x18 /usr/lib/gcc/arm-none-eabi/4.9.3/../../../arm-none-eabi/lib/armv7e-m/fpu/libm.a(lib_a-sf_copysign.o)
                0x000000000800da80                copysignf
 *fill*         0x000000000800da98        0x8 
 .text.__errno  0x000000000800daa0        0xc /usr/lib/gcc/arm-none-eabi/4.9.3/../../../arm-none-eabi/lib/armv7e-m/fpu/libg.a(lib_a-errno.o)
                0x000000000800daa0                __errno
 *fill*         0x000000000800daac        0x4 
 .text.memset   0x000000000800dab0       0x9c /usr/lib/gcc/arm-none-eabi/4.9.3/../../../arm-none-eabi/lib/armv7e-m/fpu/libg.a(lib_a-memset.o)
                0x000000000800dab0                memset
 *fill*         0x000000000800db4c        0x4 
 .text.strlen   0x000000000800db50       0x5c /usr/lib/gcc/arm-none-eabi/4.9.3/../../../arm-none-eabi/lib/armv7e-m/fpu/libg.a(lib_a-strlen.o)
                0x000000000800db50                strlen
 *fill*         0x000000000800dbac        0x4 
 .text.strpbrk  0x000000000800dbb0       0x48 /usr/lib/gcc/arm-none-eabi/4.9.3/../../../arm-none-eabi/lib/armv7e-m/fpu/libg.a(lib_a-strpbrk.o)
                0x000000000800dbb0                strpbrk
 *fill*         0x000000000800dbf8        0x8 
 .text.strspn   0x000000000800dc00       0x34 /usr/lib/gcc/arm-none-eabi/4.9.3/../../../arm-none-eabi/lib/armv7e-m/fpu/libg.a(lib_a-strspn.o)
                0x000000000800dc00                strspn
 *(.rodata)
 *(.rodata.*)
 *fill*         0x000000000800dc34        0xc 
 .rodata.vmt    0x000000000800dc40       0x20 /tmp/ccJoaNGu.ltrans0.ltrans.o
 .rodata.__func__.8517
                0x000000000800dc60       0x13 /tmp/ccJoaNGu.ltrans0.ltrans.o
 *fill*         0x000000000800dc73        0xd 
 .rodata.subname_axis
                0x000000000800dc80        0xa /tmp/ccJoaNGu.ltrans0.ltrans.o
 *fill*         0x000000000800dc8a        0x6 
 .rodata.shell_cfg1
                0x000000000800dc90        0x8 /tmp/ccJoaNGu.ltrans0.ltrans.o
 *fill*         0x000000000800dc98        0x8 
 .rodata.commands
                0x000000000800dca0       0x48 /tmp/ccJoaNGu.ltrans0.ltrans.o
 *fill*         0x000000000800dce8        0x8 
 .rodata.__func__.8762
                0x000000000800dcf0        0x9 /tmp/ccJoaNGu.ltrans0.ltrans.o
 *fill*         0x000000000800dcf9        0x7 
 .rodata._yaw_atti_name
                0x000000000800dd00       0x10 /tmp/ccJoaNGu.ltrans0.ltrans.o
 .rodata.axis_ff_name
                0x000000000800dd10        0xf /tmp/ccJoaNGu.ltrans0.ltrans.o
 *fill*         0x000000000800dd1f        0x1 
 .rodata.limit_subname
                0x000000000800dd20       0x24 /tmp/ccJoaNGu.ltrans0.ltrans.o
 *fill*         0x000000000800dd44        0xc 
 .rodata.__func__.8458
                0x000000000800dd50        0x9 /tmp/ccJoaNGu.ltrans0.ltrans.o
 *fill*         0x000000000800dd59        0x7 
 .rodata.__func__.6506
                0x000000000800dd60        0xc /tmp/ccJoaNGu.ltrans0.ltrans.o
 *fill*         0x000000000800dd6c        0x4 
 .rodata._stm32_dma_streams
                0x000000000800dd70       0xc0 /tmp/ccJoaNGu.ltrans0.ltrans.o
 .rodata.__func__.6336
                0x000000000800de30        0xc /tmp/ccJoaNGu.ltrans0.ltrans.o
 *fill*         0x000000000800de3c        0x4 
 .rodata._pitch_vel_name
                0x000000000800de40       0x11 /tmp/ccJoaNGu.ltrans0.ltrans.o
 *fill*         0x000000000800de51        0xf 
 .rodata.__func__.6022.lto_priv.89
                0x000000000800de60        0xc /tmp/ccJoaNGu.ltrans0.ltrans.o
 *fill*         0x000000000800de6c        0x4 
 .rodata.str1.4
                0x000000000800de70       0x4f /tmp/ccJoaNGu.ltrans0.ltrans.o
 *fill*         0x000000000800debf        0x1 
 .rodata.subname_PI
                0x000000000800dec0        0x6 /tmp/ccJoaNGu.ltrans0.ltrans.o
 *fill*         0x000000000800dec6        0xa 
 .rodata.subname_feeder_PID
                0x000000000800ded0        0x9 /tmp/ccJoaNGu.ltrans0.ltrans.o
 *fill*         0x000000000800ded9        0x7 
 .rodata.serusbcfg
                0x000000000800dee0        0x8 /tmp/ccJoaNGu.ltrans0.ltrans.o
 *fill*         0x000000000800dee8        0x8 
 .rodata.usbcfg
                0x000000000800def0       0x10 /tmp/ccJoaNGu.ltrans0.ltrans.o
 .rodata.hsparams
                0x000000000800df00        0xc /tmp/ccJoaNGu.ltrans0.ltrans.o
 *fill*         0x000000000800df0c        0x4 
 .rodata._yaw_vel_name
                0x000000000800df10        0xf /tmp/ccJoaNGu.ltrans0.ltrans.o
 *fill*         0x000000000800df1f        0x1 
 .rodata.fsparams
                0x000000000800df20        0xc /tmp/ccJoaNGu.ltrans0.ltrans.o
 *fill*         0x000000000800df2c        0x4 
 .rodata.FEEDER_VEL
                0x000000000800df30        0x4 /tmp/ccJoaNGu.ltrans0.ltrans.o
 *fill*         0x000000000800df34        0xc 
 .rodata.limit_name
                0x000000000800df40       0x12 /tmp/ccJoaNGu.ltrans0.ltrans.o
 *fill*         0x000000000800df52        0xe 
 .rodata._ZL6wdgcfg
                0x000000000800df60        0x8 /tmp/ccJoaNGu.ltrans0.ltrans.o
 *fill*         0x000000000800df68        0x8 
 .rodata.ff_int_name
                0x000000000800df70        0xe /tmp/ccJoaNGu.ltrans0.ltrans.o
 *fill*         0x000000000800df7e        0x2 
 .rodata.accl_name
                0x000000000800df80        0xf /tmp/ccJoaNGu.ltrans0.ltrans.o
 *fill*         0x000000000800df8f        0x1 
 .rodata.sdc_vmt
                0x000000000800df90       0x20 /tmp/ccJoaNGu.ltrans0.ltrans.o
 .rodata._pitch_atti_name
                0x000000000800dfb0       0x12 /tmp/ccJoaNGu.ltrans0.ltrans.o
 *fill*         0x000000000800dfc2        0xe 
 .rodata.yaw_pos_name
                0x000000000800dfd0        0xf /tmp/ccJoaNGu.ltrans0.ltrans.o
 *fill*         0x000000000800dfdf        0x1 
 .rodata.init_pos_name
                0x000000000800dfe0       0x10 /tmp/ccJoaNGu.ltrans0.ltrans.o
 .rodata.subname_accl
                0x000000000800dff0       0x24 /tmp/ccJoaNGu.ltrans0.ltrans.o
 *fill*         0x000000000800e014        0xc 
 .rodata.subname_ff
                0x000000000800e020       0x2c /tmp/ccJoaNGu.ltrans0.ltrans.o
 *fill*         0x000000000800e04c        0x4 
 .rodata.__func__.8400
                0x000000000800e050        0x9 /tmp/ccJoaNGu.ltrans0.ltrans.o
 *fill*         0x000000000800e059        0x7 
 .rodata.__func__.6022.lto_priv.88
                0x000000000800e060        0xc /tmp/ccJoaNGu.ltrans0.ltrans.o
 *fill*         0x000000000800e06c        0x4 
 .rodata.__func__.8403
                0x000000000800e070        0x9 /tmp/ccJoaNGu.ltrans0.ltrans.o
 *fill*         0x000000000800e079        0x7 
 .rodata.pitch_pos_name
                0x000000000800e080       0x11 /tmp/ccJoaNGu.ltrans0.ltrans.o
 *fill*         0x000000000800e091        0xf 
 .rodata.cancfg
                0x000000000800e0a0        0x8 /tmp/ccJoaNGu.ltrans0.ltrans.o
 *fill*         0x000000000800e0a8        0x8 
 .rodata.__func__.8408
                0x000000000800e0b0        0x9 /tmp/ccJoaNGu.ltrans0.ltrans.o
 *fill*         0x000000000800e0b9        0x7 
 .rodata.ch_debug
                0x000000000800e0c0       0x16 /tmp/ccJoaNGu.ltrans0.ltrans.o
 *fill*         0x000000000800e0d6        0xa 
 .rodata.FEEDER_POS
                0x000000000800e0e0        0x4 /tmp/ccJoaNGu.ltrans0.ltrans.o
 *fill*         0x000000000800e0e4        0xc 
 .rodata.subname_PID
                0x000000000800e0f0        0x9 /tmp/ccJoaNGu.ltrans0.ltrans.o
 *fill*         0x000000000800e0f9        0x7 
 .rodata.MPU6500_SPI_cfg
                0x000000000800e100        0xc /tmp/ccJoaNGu.ltrans1.ltrans.o
 *fill*         0x000000000800e10c        0x4 
 .rodata.axisName
                0x000000000800e110        0x6 /tmp/ccJoaNGu.ltrans1.ltrans.o
 *fill*         0x000000000800e116        0xa 
 .rodata.accelBiasName
                0x000000000800e120        0xa /tmp/ccJoaNGu.ltrans1.ltrans.o
 *fill*         0x000000000800e12a        0x6 
 .rodata._ZZL11chSysUnlockvE8__func__
                0x000000000800e130        0xc /tmp/ccJoaNGu.ltrans1.ltrans.o
 *fill*         0x000000000800e13c        0x4 
 .rodata.__func__.6022.lto_priv.172
                0x000000000800e140        0xc /tmp/ccJoaNGu.ltrans1.ltrans.o
                0x000000000800e140                __func__.6022.lto_priv.172
 *fill*         0x000000000800e14c        0x4 
 .rodata.accelTNameSub1
                0x000000000800e150        0xc /tmp/ccJoaNGu.ltrans1.ltrans.o
 *fill*         0x000000000800e15c        0x4 
 .rodata.accelTNameSub2
                0x000000000800e160        0x6 /tmp/ccJoaNGu.ltrans1.ltrans.o
 *fill*         0x000000000800e166        0xa 
 .rodata.__func__.8423
                0x000000000800e170        0xe /tmp/ccJoaNGu.ltrans1.ltrans.o
 *fill*         0x000000000800e17e        0x2 
 .rodata.__func__.8403.lto_priv.116
                0x000000000800e180        0x9 /tmp/ccJoaNGu.ltrans1.ltrans.o
 *fill*         0x000000000800e189        0x7 
 .rodata.str1.4
                0x000000000800e190       0x17 /tmp/ccJoaNGu.ltrans1.ltrans.o
 *fill*         0x000000000800e1a7        0x9 
 .rodata.accelTName1
                0x000000000800e1b0        0x8 /tmp/ccJoaNGu.ltrans1.ltrans.o
 *fill*         0x000000000800e1b8        0x8 
 .rodata.accelTName2
                0x000000000800e1c0        0x8 /tmp/ccJoaNGu.ltrans1.ltrans.o
 *fill*         0x000000000800e1c8        0x8 
 .rodata.__func__.8403.lto_priv.117
                0x000000000800e1d0        0x9 /tmp/ccJoaNGu.ltrans1.ltrans.o
 *fill*         0x000000000800e1d9        0x7 
 .rodata.gyroBiasName
                0x000000000800e1e0        0x9 /tmp/ccJoaNGu.ltrans1.ltrans.o
 *fill*         0x000000000800e1e9        0x7 
 .rodata.__func__.8418
                0x000000000800e1f0        0xe /tmp/ccJoaNGu.ltrans1.ltrans.o
 *fill*         0x000000000800e1fe        0x2 
 .rodata.__func__.6196
                0x000000000800e200        0xc /tmp/ccJoaNGu.ltrans2.ltrans.o
 *fill*         0x000000000800e20c        0x4 
 .rodata.__func__.6781
                0x000000000800e210        0xb /tmp/ccJoaNGu.ltrans2.ltrans.o
 *fill*         0x000000000800e21b        0x5 
 .rodata.__func__.8399
                0x000000000800e220        0xd /tmp/ccJoaNGu.ltrans2.ltrans.o
 *fill*         0x000000000800e22d        0x3 
 .rodata.__func__.6803
                0x000000000800e230        0xd /tmp/ccJoaNGu.ltrans2.ltrans.o
 *fill*         0x000000000800e23d        0x3 
 .rodata.__func__.6791
                0x000000000800e240        0xe /tmp/ccJoaNGu.ltrans2.ltrans.o
 *fill*         0x000000000800e24e        0x2 
 .rodata.__func__.6022.lto_priv.181
                0x000000000800e250        0xc /tmp/ccJoaNGu.ltrans2.ltrans.o
 *fill*         0x000000000800e25c        0x4 
 .rodata.__func__.6728
                0x000000000800e260        0xb /tmp/ccJoaNGu.ltrans2.ltrans.o
 *fill*         0x000000000800e26b        0x5 
 .rodata.str1.4
                0x000000000800e270       0x4d /tmp/ccJoaNGu.ltrans2.ltrans.o
 *fill*         0x000000000800e2bd        0x3 
 .rodata.ram_areas
                0x000000000800e2c0       0x80 /tmp/ccJoaNGu.ltrans2.ltrans.o
 .rodata.__func__.6737
                0x000000000800e340        0xd /tmp/ccJoaNGu.ltrans2.ltrans.o
 *fill*         0x000000000800e34d        0x3 
 .rodata.__func__.6745
                0x000000000800e350       0x15 /tmp/ccJoaNGu.ltrans2.ltrans.o
 *fill*         0x000000000800e365        0xb 
 .rodata.__func__.8406
                0x000000000800e370        0xb /tmp/ccJoaNGu.ltrans2.ltrans.o
 *fill*         0x000000000800e37b        0x5 
 .rodata.__func__.8740
                0x000000000800e380       0x19 /tmp/ccJoaNGu.ltrans2.ltrans.o
 *fill*         0x000000000800e399        0x7 
 .rodata.__func__.6725
                0x000000000800e3a0        0xc /tmp/ccJoaNGu.ltrans2.ltrans.o
 *fill*         0x000000000800e3ac        0x4 
 .rodata.__func__.8747
                0x000000000800e3b0       0x17 /tmp/ccJoaNGu.ltrans2.ltrans.o
 *fill*         0x000000000800e3c7        0x9 
 .rodata.__func__.6762
                0x000000000800e3d0        0xd /tmp/ccJoaNGu.ltrans2.ltrans.o
 *fill*         0x000000000800e3dd        0x3 
 .rodata.__func__.8411
                0x000000000800e3e0        0xa /tmp/ccJoaNGu.ltrans3.ltrans.o
 *fill*         0x000000000800e3ea        0x6 
 .rodata.halted_status
                0x000000000800e3f0        0x2 /tmp/ccJoaNGu.ltrans3.ltrans.o
 *fill*         0x000000000800e3f2        0xe 
 .rodata.__func__.6022.lto_priv.171
                0x000000000800e400        0xc /tmp/ccJoaNGu.ltrans3.ltrans.o
 *fill*         0x000000000800e40c        0x4 
 .rodata.__func__.8467
                0x000000000800e410        0xe /tmp/ccJoaNGu.ltrans3.ltrans.o
 *fill*         0x000000000800e41e        0x2 
 .rodata.__func__.8784
                0x000000000800e420       0x15 /tmp/ccJoaNGu.ltrans3.ltrans.o
 *fill*         0x000000000800e435        0xb 
 .rodata.zero_status
                0x000000000800e440        0x2 /tmp/ccJoaNGu.ltrans3.ltrans.o
 *fill*         0x000000000800e442        0xe 
 .rodata.active_status
                0x000000000800e450        0x2 /tmp/ccJoaNGu.ltrans3.ltrans.o
 *fill*         0x000000000800e452        0xe 
 .rodata.__func__.6728
                0x000000000800e460        0xb /tmp/ccJoaNGu.ltrans3.ltrans.o
 *fill*         0x000000000800e46b        0x5 
 .rodata.__func__.8795
                0x000000000800e470       0x11 /tmp/ccJoaNGu.ltrans3.ltrans.o
 *fill*         0x000000000800e481        0xf 
 .rodata.__func__.8463
                0x000000000800e490        0xb /tmp/ccJoaNGu.ltrans3.ltrans.o
 *fill*         0x000000000800e49b        0x5 
 .rodata.__func__.8471
                0x000000000800e4a0        0xe /tmp/ccJoaNGu.ltrans3.ltrans.o
 *fill*         0x000000000800e4ae        0x2 
 .rodata.__func__.6751
                0x000000000800e4b0        0xc /tmp/ccJoaNGu.ltrans3.ltrans.o
 *fill*         0x000000000800e4bc        0x4 
 .rodata.__func__.8779
                0x000000000800e4c0       0x11 /tmp/ccJoaNGu.ltrans3.ltrans.o
 *fill*         0x000000000800e4d1        0xf 
 .rodata.__func__.8803
                0x000000000800e4e0       0x12 /tmp/ccJoaNGu.ltrans3.ltrans.o
 *fill*         0x000000000800e4f2        0xe 
 .rodata.__func__.8457
                0x000000000800e500        0x8 /tmp/ccJoaNGu.ltrans3.ltrans.o
 *fill*         0x000000000800e508        0x8 
 .rodata.__func__.8415
                0x000000000800e510        0xc /tmp/ccJoaNGu.ltrans3.ltrans.o
 *fill*         0x000000000800e51c        0x4 
 .rodata.__func__.8807
                0x000000000800e520       0x13 /tmp/ccJoaNGu.ltrans4.ltrans.o
 *fill*         0x000000000800e533        0xd 
 .rodata.__func__.8816
                0x000000000800e540       0x12 /tmp/ccJoaNGu.ltrans4.ltrans.o
 *fill*         0x000000000800e552        0xe 
 .rodata.__func__.6336.lto_priv.179
                0x000000000800e560        0xc /tmp/ccJoaNGu.ltrans4.ltrans.o
                0x000000000800e560                __func__.6336.lto_priv.179
 *fill*         0x000000000800e56c        0x4 
 .rodata.__func__.8798
                0x000000000800e570       0x1a /tmp/ccJoaNGu.ltrans4.ltrans.o
 *fill*         0x000000000800e58a        0x6 
 .rodata.__func__.8402
                0x000000000800e590       0x11 /tmp/ccJoaNGu.ltrans4.ltrans.o
 *fill*         0x000000000800e5a1        0xf 
 .rodata.__func__.8848
                0x000000000800e5b0        0xb /tmp/ccJoaNGu.ltrans4.ltrans.o
 *fill*         0x000000000800e5bb        0x5 
 .rodata.__func__.8409
                0x000000000800e5c0       0x14 /tmp/ccJoaNGu.ltrans4.ltrans.o
 *fill*         0x000000000800e5d4        0xc 
 .rodata.__func__.8764
                0x000000000800e5e0       0x1b /tmp/ccJoaNGu.ltrans5.ltrans.o
 *fill*         0x000000000800e5fb        0x5 
 .rodata.__func__.6336.lto_priv.164
                0x000000000800e600        0xc /tmp/ccJoaNGu.ltrans5.ltrans.o
 *fill*         0x000000000800e60c        0x4 
 .rodata.__func__.6336.lto_priv.165
                0x000000000800e610        0xc /tmp/ccJoaNGu.ltrans5.ltrans.o
 *fill*         0x000000000800e61c        0x4 
 .rodata.str1.4
                0x000000000800e620        0xd /tmp/ccJoaNGu.ltrans5.ltrans.o
 *fill*         0x000000000800e62d        0x3 
 .rodata.ep0config
                0x000000000800e630       0x24 /tmp/ccJoaNGu.ltrans5.ltrans.o
 *fill*         0x000000000800e654        0xc 
 .rodata.__func__.8758.lto_priv.168
                0x000000000800e660        0xe /tmp/ccJoaNGu.ltrans5.ltrans.o
                0x000000000800e660                __func__.8758.lto_priv.168
 *fill*         0x000000000800e66e        0x2 
 .rodata.__func__.6336
                0x000000000800e670        0xc /tmp/ccJoaNGu.ltrans6.ltrans.o
 *fill*         0x000000000800e67c        0x4 
 .rodata.__func__.8718
                0x000000000800e680       0x1b /tmp/ccJoaNGu.ltrans6.ltrans.o
 *fill*         0x000000000800e69b        0x5 
 .rodata.str1.4
                0x000000000800e6a0      0x206 /tmp/ccJoaNGu.ltrans6.ltrans.o
                                        0x20a (size before relaxing)
 *fill*         0x000000000800e8a6        0xa 
 .rodata.local_commands
                0x000000000800e8b0       0x18 /tmp/ccJoaNGu.ltrans6.ltrans.o
 *fill*         0x000000000800e8c8        0x8 
 .rodata.__func__.6022.lto_priv.180
                0x000000000800e8d0        0xc /tmp/ccJoaNGu.ltrans7.ltrans.o
                0x000000000800e8d0                __func__.6022.lto_priv.180
 *fill*         0x000000000800e8dc        0x4 
 .rodata.str1.4
                0x000000000800e8e0      0x43b /tmp/ccJoaNGu.ltrans7.ltrans.o
 *fill*         0x000000000800ed1b        0x5 
 .rodata.pow10  0x000000000800ed20       0x24 /tmp/ccJoaNGu.ltrans7.ltrans.o
 *fill*         0x000000000800ed44        0xc 
 .rodata.vcom_configuration_descriptor_data
                0x000000000800ed50       0x43 /tmp/ccJoaNGu.ltrans8.ltrans.o
 *fill*         0x000000000800ed93        0xd 
 .rodata.vcom_string0
                0x000000000800eda0        0x4 /tmp/ccJoaNGu.ltrans8.ltrans.o
 *fill*         0x000000000800eda4        0xc 
 .rodata.ep2config
                0x000000000800edb0       0x24 /tmp/ccJoaNGu.ltrans8.ltrans.o
 *fill*         0x000000000800edd4        0xc 
 .rodata.vcom_string1
                0x000000000800ede0       0x26 /tmp/ccJoaNGu.ltrans8.ltrans.o
 *fill*         0x000000000800ee06        0xa 
 .rodata.vcom_strings
                0x000000000800ee10       0x20 /tmp/ccJoaNGu.ltrans8.ltrans.o
 .rodata.vcom_string3
                0x000000000800ee30        0x8 /tmp/ccJoaNGu.ltrans8.ltrans.o
 *fill*         0x000000000800ee38        0x8 
 .rodata.vcom_string2
                0x000000000800ee40       0x38 /tmp/ccJoaNGu.ltrans8.ltrans.o
 *fill*         0x000000000800ee78        0x8 
 .rodata.vcom_device_descriptor
                0x000000000800ee80        0x8 /tmp/ccJoaNGu.ltrans8.ltrans.o
 *fill*         0x000000000800ee88        0x8 
 .rodata.__func__.8482
                0x000000000800ee90        0xc /tmp/ccJoaNGu.ltrans8.ltrans.o
 *fill*         0x000000000800ee9c        0x4 
 .rodata.vcom_device_descriptor_data
                0x000000000800eea0       0x12 /tmp/ccJoaNGu.ltrans8.ltrans.o
 *fill*         0x000000000800eeb2        0xe 
 .rodata.str1.4
                0x000000000800eec0       0x2a /tmp/ccJoaNGu.ltrans8.ltrans.o
 *fill*         0x000000000800eeea        0x6 
 .rodata.vcom_configuration_descriptor
                0x000000000800eef0        0x8 /tmp/ccJoaNGu.ltrans8.ltrans.o
 *fill*         0x000000000800eef8        0x8 
 .rodata.__func__.6022
                0x000000000800ef00        0xc /tmp/ccJoaNGu.ltrans8.ltrans.o
 *fill*         0x000000000800ef0c        0x4 
 .rodata.ep1config
                0x000000000800ef10       0x24 /tmp/ccJoaNGu.ltrans8.ltrans.o
 *fill*         0x000000000800ef34        0xc 
 .rodata.__func__.6111
                0x000000000800ef40        0xc /tmp/ccJoaNGu.ltrans9.ltrans.o
 *fill*         0x000000000800ef4c        0x4 
 .rodata.__func__.8843
                0x000000000800ef50        0xb /tmp/ccJoaNGu.ltrans9.ltrans.o
 *fill*         0x000000000800ef5b        0x5 
 .rodata.__func__.8857
                0x000000000800ef60        0xc /tmp/ccJoaNGu.ltrans9.ltrans.o
 *fill*         0x000000000800ef6c        0x4 
 .rodata.__func__.8477
                0x000000000800ef70       0x12 /tmp/ccJoaNGu.ltrans9.ltrans.o
 *fill*         0x000000000800ef82        0xe 
 .rodata.__func__.8437
                0x000000000800ef90        0xb /tmp/ccJoaNGu.ltrans10.ltrans.o
 *fill*         0x000000000800ef9b        0x5 
 .rodata.__func__.6723
                0x000000000800efa0       0x1b /tmp/ccJoaNGu.ltrans10.ltrans.o
 *fill*         0x000000000800efbb        0x5 
 .rodata.str1.4
                0x000000000800efc0       0x31 /tmp/ccJoaNGu.ltrans10.ltrans.o
 *fill*         0x000000000800eff1        0xf 
 .rodata.__func__.6022
                0x000000000800f000        0xc /tmp/ccJoaNGu.ltrans10.ltrans.o
 *fill*         0x000000000800f00c        0x4 
 .rodata.str1.4
                0x000000000800f010       0x3a /tmp/ccJoaNGu.ltrans11.ltrans.o
 *fill*         0x000000000800f04a        0x6 
 .rodata.__func__.6022.lto_priv.135
                0x000000000800f050        0xc /tmp/ccJoaNGu.ltrans11.ltrans.o
 *fill*         0x000000000800f05c        0x4 
 .rodata.__func__.6022.lto_priv.136
                0x000000000800f060        0xc /tmp/ccJoaNGu.ltrans11.ltrans.o
 *fill*         0x000000000800f06c        0x4 
 .rodata.__func__.6208.lto_priv.184
                0x000000000800f070       0x14 /tmp/ccJoaNGu.ltrans12.ltrans.o
                0x000000000800f070                __func__.6208.lto_priv.184
 *fill*         0x000000000800f084        0xc 
 .rodata.__func__.8875
                0x000000000800f090        0x9 /tmp/ccJoaNGu.ltrans12.ltrans.o
 *fill*         0x000000000800f099        0x7 
 .rodata.__func__.8890
                0x000000000800f0a0        0xb /tmp/ccJoaNGu.ltrans12.ltrans.o
 *fill*         0x000000000800f0ab        0x5 
 .rodata.__func__.6336
                0x000000000800f0b0        0xc /tmp/ccJoaNGu.ltrans12.ltrans.o
 *fill*         0x000000000800f0bc        0x4 
 .rodata.__func__.8784
                0x000000000800f0c0       0x17 /tmp/ccJoaNGu.ltrans12.ltrans.o
 *fill*         0x000000000800f0d7        0x9 
 .rodata.__func__.8840
                0x000000000800f0e0       0x15 /tmp/ccJoaNGu.ltrans12.ltrans.o
 *fill*         0x000000000800f0f5        0xb 
 .rodata.__func__.8726
                0x000000000800f100       0x13 /tmp/ccJoaNGu.ltrans12.ltrans.o
 *fill*         0x000000000800f113        0xd 
 .rodata.__func__.8885
                0x000000000800f120        0x8 /tmp/ccJoaNGu.ltrans12.ltrans.o
 *fill*         0x000000000800f128        0x8 
 .rodata.__func__.8849
                0x000000000800f130       0x16 /tmp/ccJoaNGu.ltrans12.ltrans.o
 *fill*         0x000000000800f146        0xa 
 .rodata.__func__.8859
                0x000000000800f150        0xe /tmp/ccJoaNGu.ltrans12.ltrans.o
 *fill*         0x000000000800f15e        0x2 
 .rodata.__func__.8867
                0x000000000800f160        0x8 /tmp/ccJoaNGu.ltrans12.ltrans.o
 *fill*         0x000000000800f168        0x8 
 .rodata.__func__.6022.lto_priv.149
                0x000000000800f170        0xc /tmp/ccJoaNGu.ltrans13.ltrans.o
 *fill*         0x000000000800f17c        0x4 
 .rodata.__func__.8435
                0x000000000800f180       0x11 /tmp/ccJoaNGu.ltrans13.ltrans.o
 *fill*         0x000000000800f191        0xf 
 .rodata.__func__.6797
                0x000000000800f1a0       0x15 /tmp/ccJoaNGu.ltrans13.ltrans.o
 *fill*         0x000000000800f1b5        0xb 
 .rodata.__func__.8446
                0x000000000800f1c0       0x10 /tmp/ccJoaNGu.ltrans13.ltrans.o
 .rodata.__func__.8447
                0x000000000800f1d0        0xf /tmp/ccJoaNGu.ltrans13.ltrans.o
 *fill*         0x000000000800f1df        0x1 
 .rodata.str1.4
                0x000000000800f1e0       0x13 /tmp/ccJoaNGu.ltrans13.ltrans.o
 *fill*         0x000000000800f1f3        0xd 
 .rodata.__func__.8403
                0x000000000800f200        0xa /tmp/ccJoaNGu.ltrans13.ltrans.o
 *fill*         0x000000000800f20a        0x6 
 .rodata.__func__.6022.lto_priv.148
                0x000000000800f210        0xc /tmp/ccJoaNGu.ltrans13.ltrans.o
 *fill*         0x000000000800f21c        0x4 
 .rodata.__func__.8484
                0x000000000800f220       0x11 /tmp/ccJoaNGu.ltrans13.ltrans.o
 *fill*         0x000000000800f231        0xf 
 .rodata.__func__.6809
                0x000000000800f240        0xd /tmp/ccJoaNGu.ltrans14.ltrans.o
 *fill*         0x000000000800f24d        0x3 
 .rodata.__func__.8426
                0x000000000800f250        0xc /tmp/ccJoaNGu.ltrans14.ltrans.o
 *fill*         0x000000000800f25c        0x4 
 .rodata.__func__.6022.lto_priv.81
                0x000000000800f260        0xc /tmp/ccJoaNGu.ltrans14.ltrans.o
                0x000000000800f260                __func__.6022.lto_priv.81
 *fill*         0x000000000800f26c        0x4 
 .rodata.__func__.6022.lto_priv.83
                0x000000000800f270        0xc /tmp/ccJoaNGu.ltrans14.ltrans.o
                0x000000000800f270                __func__.6022.lto_priv.83
 *fill*         0x000000000800f27c        0x4 
 .rodata.str1.4
                0x000000000800f280        0x3 /tmp/ccJoaNGu.ltrans14.ltrans.o
                                         0x13 (size before relaxing)
 *fill*         0x000000000800f283        0xd 
 .rodata.__func__.6022.lto_priv.82
                0x000000000800f290        0xc /tmp/ccJoaNGu.ltrans14.ltrans.o
                0x000000000800f290                __func__.6022.lto_priv.82
 *fill*         0x000000000800f29c        0x4 
 .rodata.__func__.6753
                0x000000000800f2a0        0xd /tmp/ccJoaNGu.ltrans14.ltrans.o
 *fill*         0x000000000800f2ad        0x3 
 .rodata.__func__.8418
                0x000000000800f2b0       0x11 /tmp/ccJoaNGu.ltrans14.ltrans.o
 *fill*         0x000000000800f2c1        0xf 
 .rodata.str1.4
                0x000000000800f2d0        0x6 /usr/lib/gcc/arm-none-eabi/4.9.3/../../../arm-none-eabi/lib/armv7e-m/fpu/libm.a(lib_a-wf_asin.o)
                                          0xc (size before relaxing)
 *fill*         0x000000000800f2d6        0xa 
 .rodata.str1.4
                0x000000000800f2e0        0x6 /usr/lib/gcc/arm-none-eabi/4.9.3/../../../arm-none-eabi/lib/armv7e-m/fpu/libm.a(lib_a-wf_sqrt.o)
                                          0x8 (size before relaxing)
 *fill*         0x000000000800f2e6        0xa 
 .rodata.npio2_hw
                0x000000000800f2f0       0x80 /usr/lib/gcc/arm-none-eabi/4.9.3/../../../arm-none-eabi/lib/armv7e-m/fpu/libm.a(lib_a-ef_rem_pio2.o)
 .rodata.two_over_pi
                0x000000000800f370      0x318 /usr/lib/gcc/arm-none-eabi/4.9.3/../../../arm-none-eabi/lib/armv7e-m/fpu/libm.a(lib_a-ef_rem_pio2.o)
 *fill*         0x000000000800f688        0x8 
 .rodata.init_jk
                0x000000000800f690        0xc /usr/lib/gcc/arm-none-eabi/4.9.3/../../../arm-none-eabi/lib/armv7e-m/fpu/libm.a(lib_a-kf_rem_pio2.o)
 *fill*         0x000000000800f69c        0x4 
 .rodata.PIo2   0x000000000800f6a0       0x2c /usr/lib/gcc/arm-none-eabi/4.9.3/../../../arm-none-eabi/lib/armv7e-m/fpu/libm.a(lib_a-kf_rem_pio2.o)
 *fill*         0x000000000800f6cc        0x4 
 .rodata.atanlo
                0x000000000800f6d0       0x10 /usr/lib/gcc/arm-none-eabi/4.9.3/../../../arm-none-eabi/lib/armv7e-m/fpu/libm.a(lib_a-sf_atan.o)
 .rodata.atanhi
                0x000000000800f6e0       0x10 /usr/lib/gcc/arm-none-eabi/4.9.3/../../../arm-none-eabi/lib/armv7e-m/fpu/libm.a(lib_a-sf_atan.o)
 .rodata.str1.4
                0x000000000800f6f0        0x4 /usr/lib/gcc/arm-none-eabi/4.9.3/../../../arm-none-eabi/lib/armv7e-m/fpu/libg.a(lib_a-impure.o)
 *(.glue_7t)
 .glue_7t       0x000000000800f6f4        0x0 linker stubs
 *(.glue_7)
 .glue_7        0x000000000800f6f4        0x0 linker stubs
 *(.gcc*)

.vfp11_veneer   0x000000000800f6f4        0x0
 .vfp11_veneer  0x000000000800f6f4        0x0 linker stubs

.v4_bx          0x000000000800f6f4        0x0
 .v4_bx         0x000000000800f6f4        0x0 linker stubs

.iplt           0x000000000800f6f4        0x0
 .iplt          0x000000000800f6f4        0x0 build/obj/crt0_v7m.o

.ARM.extab
 *(.ARM.extab* .gnu.linkonce.armextab.*)

.ARM.exidx      0x000000000800f6f4        0x8
                0x000000000800f6f4                __exidx_start = .
 *(.ARM.exidx* .gnu.linkonce.armexidx.*)
 .ARM.exidx.text.startup.main
                0x000000000800f6f4        0x8 /tmp/ccJoaNGu.ltrans0.ltrans.o
 .ARM.exidx.text.Attitude_thread.lto_priv.84
                0x000000000800f6fc        0x0 /tmp/ccJoaNGu.ltrans1.ltrans.o
                                          0x8 (size before relaxing)
 .ARM.exidx.text.SVC_Handler
                0x000000000800f6fc        0x0 /tmp/ccJoaNGu.ltrans2.ltrans.o
                                          0x8 (size before relaxing)
 .ARM.exidx.text._idle_thread.lto_priv.100
                0x000000000800f6fc        0x0 /tmp/ccJoaNGu.ltrans2.ltrans.o
                                          0x8 (size before relaxing)
 .ARM.exidx.text.stSetAlarm
                0x000000000800f6fc        0x0 /tmp/ccJoaNGu.ltrans2.ltrans.o
                                          0x8 (size before relaxing)
 .ARM.exidx.text._port_irq_epilogue
                0x000000000800f6fc        0x0 /tmp/ccJoaNGu.ltrans2.ltrans.o
                                          0x8 (size before relaxing)
 .ARM.exidx.text._stats_increase_irq
                0x000000000800f6fc        0x0 /tmp/ccJoaNGu.ltrans2.ltrans.o
                                          0x8 (size before relaxing)
 .ARM.exidx.text.chTMChainMeasurementToX
                0x000000000800f6fc        0x0 /tmp/ccJoaNGu.ltrans2.ltrans.o
                                          0x8 (size before relaxing)
 .ARM.exidx.text.chTMStopMeasurementX
                0x000000000800f6fc        0x0 /tmp/ccJoaNGu.ltrans2.ltrans.o
                                          0x8 (size before relaxing)
 .ARM.exidx.text._stats_stop_measure_crit_isr
                0x000000000800f6fc        0x0 /tmp/ccJoaNGu.ltrans2.ltrans.o
                                          0x8 (size before relaxing)
 .ARM.exidx.text._stats_stop_measure_crit_thd
                0x000000000800f6fc        0x0 /tmp/ccJoaNGu.ltrans2.ltrans.o
                                          0x8 (size before relaxing)
 .ARM.exidx.text.chTMStartMeasurementX
                0x000000000800f6fc        0x0 /tmp/ccJoaNGu.ltrans2.ltrans.o
                                          0x8 (size before relaxing)
 .ARM.exidx.text._stats_start_measure_crit_isr
                0x000000000800f6fc        0x0 /tmp/ccJoaNGu.ltrans2.ltrans.o
                                          0x8 (size before relaxing)
 .ARM.exidx.text._stats_start_measure_crit_thd
                0x000000000800f6fc        0x0 /tmp/ccJoaNGu.ltrans2.ltrans.o
                                          0x8 (size before relaxing)
 .ARM.exidx.text._dbg_trace
                0x000000000800f6fc        0x0 /tmp/ccJoaNGu.ltrans2.ltrans.o
                                          0x8 (size before relaxing)
 .ARM.exidx.text.chSchDoRescheduleAhead
                0x000000000800f6fc        0x0 /tmp/ccJoaNGu.ltrans2.ltrans.o
                                          0x8 (size before relaxing)
 .ARM.exidx.text.chSchDoReschedule
                0x000000000800f6fc        0x0 /tmp/ccJoaNGu.ltrans2.ltrans.o
                                          0x8 (size before relaxing)
 .ARM.exidx.text.chDbgCheckClassS
                0x000000000800f6fc        0x0 /tmp/ccJoaNGu.ltrans2.ltrans.o
                                          0x8 (size before relaxing)
 .ARM.exidx.text.ibqReleaseEmptyBufferS
                0x000000000800f6fc        0x0 /tmp/ccJoaNGu.ltrans2.ltrans.o
                                          0x8 (size before relaxing)
 .ARM.exidx.text.chSchGoSleepS
                0x000000000800f6fc        0x0 /tmp/ccJoaNGu.ltrans2.ltrans.o
                                          0x8 (size before relaxing)
 .ARM.exidx.text.chThdSuspendS
                0x000000000800f6fc        0x0 /tmp/ccJoaNGu.ltrans2.ltrans.o
                                          0x8 (size before relaxing)
 .ARM.exidx.text.chDbgCheckClassI
                0x000000000800f6fc        0x0 /tmp/ccJoaNGu.ltrans2.ltrans.o
                                          0x8 (size before relaxing)
 .ARM.exidx.text.chThdCreateI
                0x000000000800f6fc        0x0 /tmp/ccJoaNGu.ltrans2.ltrans.o
                                          0x8 (size before relaxing)
 .ARM.exidx.text.chSchRescheduleS
                0x000000000800f6fc        0x0 /tmp/ccJoaNGu.ltrans2.ltrans.o
                                          0x8 (size before relaxing)
 .ARM.exidx.text.chSchGoSleepTimeoutS
                0x000000000800f6fc        0x0 /tmp/ccJoaNGu.ltrans2.ltrans.o
                                          0x8 (size before relaxing)
 .ARM.exidx.text.chThdEnqueueTimeoutS
                0x000000000800f6fc        0x0 /tmp/ccJoaNGu.ltrans2.ltrans.o
                                          0x8 (size before relaxing)
 .ARM.exidx.text.ibqGetFullBufferTimeoutS
                0x000000000800f6fc        0x0 /tmp/ccJoaNGu.ltrans2.ltrans.o
                                          0x8 (size before relaxing)
 .ARM.exidx.text.chSchReadyI
                0x000000000800f6fc        0x0 /tmp/ccJoaNGu.ltrans2.ltrans.o
                                          0x8 (size before relaxing)
 .ARM.exidx.text.chEvtBroadcastFlagsI
                0x000000000800f6fc        0x0 /tmp/ccJoaNGu.ltrans2.ltrans.o
                                          0x8 (size before relaxing)
 .ARM.exidx.text.chThdDequeueAllI
                0x000000000800f6fc        0x0 /tmp/ccJoaNGu.ltrans2.ltrans.o
                                          0x8 (size before relaxing)
 .ARM.exidx.text.chThdResumeI
                0x000000000800f6fc        0x0 /tmp/ccJoaNGu.ltrans2.ltrans.o
                                          0x8 (size before relaxing)
 .ARM.exidx.text.chThdExitS
                0x000000000800f6fc        0x0 /tmp/ccJoaNGu.ltrans2.ltrans.o
                                          0x8 (size before relaxing)
 .ARM.exidx.text._dbg_check_leave_isr
                0x000000000800f6fc        0x0 /tmp/ccJoaNGu.ltrans2.ltrans.o
                                          0x8 (size before relaxing)
 .ARM.exidx.text._dbg_check_enter_isr
                0x000000000800f6fc        0x0 /tmp/ccJoaNGu.ltrans2.ltrans.o
                                          0x8 (size before relaxing)
 .ARM.exidx.text._dbg_check_unlock_from_isr
                0x000000000800f6fc        0x0 /tmp/ccJoaNGu.ltrans2.ltrans.o
                                          0x8 (size before relaxing)
 .ARM.exidx.text._dbg_check_lock_from_isr
                0x000000000800f6fc        0x0 /tmp/ccJoaNGu.ltrans2.ltrans.o
                                          0x8 (size before relaxing)
 .ARM.exidx.text.wakeup
                0x000000000800f6fc        0x0 /tmp/ccJoaNGu.ltrans2.ltrans.o
                                          0x8 (size before relaxing)
 .ARM.exidx.text._dbg_check_unlock
                0x000000000800f6fc        0x0 /tmp/ccJoaNGu.ltrans2.ltrans.o
                                          0x8 (size before relaxing)
 .ARM.exidx.text._dbg_check_lock